

================================================================
== Vitis HLS Report for 'dense_layer_Pipeline_VITIS_LOOP_146_3'
================================================================
* Date:           Thu Dec 11 20:07:53 2025

* Version:        2022.2 (Build 3670227 on Oct 13 2022)
* Project:        vgg_accelerator
* Solution:       solution1 (Vivado IP Flow Target)
* Product family: zynquplus
* Target device:  xczu5eg-sfvc784-1-e


================================================================
== Performance Estimates
================================================================
+ Timing: 
    * Summary: 
    +--------+----------+----------+------------+
    |  Clock |  Target  | Estimated| Uncertainty|
    +--------+----------+----------+------------+
    |ap_clk  |  10.00 ns|  4.404 ns|     2.70 ns|
    +--------+----------+----------+------------+

+ Latency: 
    * Summary: 
    +---------+---------+-----------+-----------+------+------+---------+
    |  Latency (cycles) |   Latency (absolute)  |   Interval  | Pipeline|
    |   min   |   max   |    min    |    max    |  min |  max |   Type  |
    +---------+---------+-----------+-----------+------+------+---------+
    |     2050|     2050|  20.500 us|  20.500 us|  2050|  2050|       no|
    +---------+---------+-----------+-----------+------+------+---------+

    + Detail: 
        * Instance: 
        N/A

        * Loop: 
        +--------------------+---------+---------+----------+-----------+-----------+------+----------+
        |                    |  Latency (cycles) | Iteration|  Initiation Interval  | Trip |          |
        |      Loop Name     |   min   |   max   |  Latency |  achieved |   target  | Count| Pipelined|
        +--------------------+---------+---------+----------+-----------+-----------+------+----------+
        |- VITIS_LOOP_146_3  |     2048|     2048|         3|          2|          2|  1024|       yes|
        +--------------------+---------+---------+----------+-----------+-----------+------+----------+



================================================================
== Utilization Estimates
================================================================
* Summary: 
+-----------------+---------+------+--------+--------+-----+
|       Name      | BRAM_18K|  DSP |   FF   |   LUT  | URAM|
+-----------------+---------+------+--------+--------+-----+
|DSP              |        -|     -|       -|       -|    -|
|Expression       |        -|     -|       0|     316|    -|
|FIFO             |        -|     -|       -|       -|    -|
|Instance         |        -|     0|       0|      40|    -|
|Memory           |        1|     -|       0|       0|    -|
|Multiplexer      |        -|     -|       -|      86|    -|
|Register         |        -|     -|      62|       -|    -|
+-----------------+---------+------+--------+--------+-----+
|Total            |        1|     0|      62|     442|    0|
+-----------------+---------+------+--------+--------+-----+
|Available        |      288|  1248|  234240|  117120|   64|
+-----------------+---------+------+--------+--------+-----+
|Utilization (%)  |       ~0|     0|      ~0|      ~0|    0|
+-----------------+---------+------+--------+--------+-----+

+ Detail: 
    * Instance: 
    +------------------------+------------------+---------+----+---+----+-----+
    |        Instance        |      Module      | BRAM_18K| DSP| FF| LUT| URAM|
    +------------------------+------------------+---------+----+---+----+-----+
    |mul_8s_5s_12_1_1_U1401  |mul_8s_5s_12_1_1  |        0|   0|  0|  40|    0|
    +------------------------+------------------+---------+----+---+----+-----+
    |Total                   |                  |        0|   0|  0|  40|    0|
    +------------------------+------------------+---------+----+---+----+-----+

    * DSP: 
    N/A

    * Memory: 
    +-----------------+-----------------------------------------------------------------+---------+---+----+-----+------+-----+------+-------------+
    |      Memory     |                              Module                             | BRAM_18K| FF| LUT| URAM| Words| Bits| Banks| W*Bits*Banks|
    +-----------------+-----------------------------------------------------------------+---------+---+----+-----+------+-----+------+-------------+
    |dense_weights_U  |dense_layer_Pipeline_VITIS_LOOP_146_3_dense_weights_ROM_AUTO_1R  |        1|  0|   0|    0|  2048|    5|     1|        10240|
    +-----------------+-----------------------------------------------------------------+---------+---+----+-----+------+-----+------+-------------+
    |Total            |                                                                 |        1|  0|   0|    0|  2048|    5|     1|        10240|
    +-----------------+-----------------------------------------------------------------+---------+---+----+-----+------+-----+------+-------------+

    * FIFO: 
    N/A

    * Expression: 
    +----------------------------+----------+----+---+----+------------+------------+
    |        Variable Name       | Operation| DSP| FF| LUT| Bitwidth P0| Bitwidth P1|
    +----------------------------+----------+----+---+----+------------+------------+
    |acc_V_40_fu_322_p2          |         +|   0|  0|  39|          32|          32|
    |add_ln146_fu_217_p2         |         +|   0|  0|  18|          11|           1|
    |add_ln152_fu_245_p2         |         +|   0|  0|  18|          11|          11|
    |final_res_V_1_fu_408_p2     |         +|   0|  0|  15|           8|           8|
    |ret_V_fu_308_p2             |         +|   0|  0|  40|          33|          33|
    |and_ln890_fu_494_p2         |       and|   0|  0|   2|           1|           1|
    |and_ln891_fu_508_p2         |       and|   0|  0|   2|           1|           1|
    |ap_block_pp0_stage0_01001   |       and|   0|  0|   2|           1|           1|
    |ap_block_pp0_stage0_11001   |       and|   0|  0|   2|           1|           1|
    |ap_block_state3_io          |       and|   0|  0|   2|           1|           1|
    |carry_1_fu_428_p2           |       and|   0|  0|   2|           1|           1|
    |overflow_19_fu_532_p2       |       and|   0|  0|   2|           1|           1|
    |overflow_fu_342_p2          |       and|   0|  0|   2|           1|           1|
    |underflow_fu_556_p2         |       and|   0|  0|   2|           1|           1|
    |Range1_all_ones_fu_460_p2   |      icmp|   0|  0|  12|          12|           2|
    |Range1_all_zeros_fu_466_p2  |      icmp|   0|  0|  12|          12|           1|
    |Range2_all_ones_fu_444_p2   |      icmp|   0|  0|  11|          11|           2|
    |icmp_ln146_1_fu_261_p2      |      icmp|   0|  0|  12|          11|          12|
    |icmp_ln146_fu_211_p2        |      icmp|   0|  0|  12|          11|          12|
    |or_ln346_fu_570_p2          |        or|   0|  0|   2|           1|           1|
    |or_ln895_fu_520_p2          |        or|   0|  0|   2|           1|           1|
    |or_ln896_fu_544_p2          |        or|   0|  0|   2|           1|           1|
    |acc_V_fu_362_p3             |    select|   0|  0|  32|           1|          32|
    |deleted_ones_fu_500_p3      |    select|   0|  0|   2|           1|           1|
    |deleted_zeros_fu_472_p3     |    select|   0|  0|   2|           1|           1|
    |final_res_V_2_fu_576_p3     |    select|   0|  0|   8|           1|           8|
    |select_ln346_105_fu_562_p3  |    select|   0|  0|   8|           1|           7|
    |select_ln346_fu_354_p3      |    select|   0|  0|  33|           1|          31|
    |ap_enable_pp0               |       xor|   0|  0|   2|           1|           2|
    |xor_ln302_fu_348_p2         |       xor|   0|  0|   2|           1|           1|
    |xor_ln890_fu_488_p2         |       xor|   0|  0|   2|           1|           2|
    |xor_ln895_123_fu_514_p2     |       xor|   0|  0|   2|           1|           2|
    |xor_ln895_124_fu_526_p2     |       xor|   0|  0|   2|           1|           2|
    |xor_ln895_fu_336_p2         |       xor|   0|  0|   2|           1|           2|
    |xor_ln896_1_fu_538_p2       |       xor|   0|  0|   2|           1|           2|
    |xor_ln896_2_fu_550_p2       |       xor|   0|  0|   2|           1|           1|
    |xor_ln896_fu_422_p2         |       xor|   0|  0|   2|           1|           2|
    +----------------------------+----------+----+---+----+------------+------------+
    |Total                       |          |   0|  0| 316|         179|         222|
    +----------------------------+----------+----+---+----+------------+------------+

    * Multiplexer: 
    +-----------------------------+----+-----------+-----+-----------+
    |             Name            | LUT| Input Size| Bits| Total Bits|
    +-----------------------------+----+-----------+-----+-----------+
    |OUTPUT_STREAM_TDATA_blk_n    |   9|          2|    1|          2|
    |ap_NS_fsm                    |  14|          3|    1|          3|
    |ap_done_int                  |   9|          2|    1|          2|
    |ap_enable_reg_pp0_iter0      |   9|          2|    1|          2|
    |ap_enable_reg_pp0_iter0_reg  |   9|          2|    1|          2|
    |ap_enable_reg_pp0_iter1      |   9|          2|    1|          2|
    |ap_sig_allocacmp_i           |   9|          2|   11|         22|
    |i_2_fu_128                   |   9|          2|   11|         22|
    |lhs_fu_124                   |   9|          2|   32|         64|
    +-----------------------------+----+-----------+-----+-----------+
    |Total                        |  86|         19|   60|        121|
    +-----------------------------+----+-----------+-----+-----------+

    * Register: 
    +-----------------------------+----+----+-----+-----------+
    |             Name            | FF | LUT| Bits| Const Bits|
    +-----------------------------+----+----+-----+-----------+
    |ap_CS_fsm                    |   2|   0|    2|          0|
    |ap_done_reg                  |   1|   0|    1|          0|
    |ap_enable_reg_pp0_iter0_reg  |   1|   0|    1|          0|
    |ap_enable_reg_pp0_iter1      |   1|   0|    1|          0|
    |i_2_fu_128                   |  11|   0|   11|          0|
    |icmp_ln146_1_reg_627         |   1|   0|    1|          0|
    |icmp_ln146_reg_613           |   1|   0|    1|          0|
    |lhs_fu_124                   |  32|   0|   32|          0|
    |mul_ln1347_reg_631           |  12|   0|   12|          0|
    +-----------------------------+----+----+-----+-----------+
    |Total                        |  62|   0|   62|          0|
    +-----------------------------+----+----+-----+-----------+



================================================================
== Interface
================================================================
* Summary: 
+----------------------+-----+-----+------------+---------------------------------------+--------------+
|       RTL Ports      | Dir | Bits|  Protocol  |             Source Object             |    C Type    |
+----------------------+-----+-----+------------+---------------------------------------+--------------+
|ap_clk                |   in|    1|  ap_ctrl_hs|  dense_layer_Pipeline_VITIS_LOOP_146_3|  return value|
|ap_rst                |   in|    1|  ap_ctrl_hs|  dense_layer_Pipeline_VITIS_LOOP_146_3|  return value|
|ap_start              |   in|    1|  ap_ctrl_hs|  dense_layer_Pipeline_VITIS_LOOP_146_3|  return value|
|ap_done               |  out|    1|  ap_ctrl_hs|  dense_layer_Pipeline_VITIS_LOOP_146_3|  return value|
|ap_idle               |  out|    1|  ap_ctrl_hs|  dense_layer_Pipeline_VITIS_LOOP_146_3|  return value|
|ap_ready              |  out|    1|  ap_ctrl_hs|  dense_layer_Pipeline_VITIS_LOOP_146_3|  return value|
|OUTPUT_STREAM_TREADY  |   in|    1|        axis|                 OUTPUT_STREAM_V_data_V|       pointer|
|OUTPUT_STREAM_TDATA   |  out|   32|        axis|                 OUTPUT_STREAM_V_data_V|       pointer|
|sext_ln141            |   in|   14|     ap_none|                             sext_ln141|        scalar|
|shl_ln                |   in|   11|     ap_none|                                 shl_ln|        scalar|
|flat_img_V_address0   |  out|   10|   ap_memory|                             flat_img_V|         array|
|flat_img_V_ce0        |  out|    1|   ap_memory|                             flat_img_V|         array|
|flat_img_V_q0         |   in|    8|   ap_memory|                             flat_img_V|         array|
|output_packet_last_V  |   in|    1|     ap_none|                   output_packet_last_V|        scalar|
|OUTPUT_STREAM_TVALID  |  out|    1|        axis|                 OUTPUT_STREAM_V_last_V|       pointer|
|OUTPUT_STREAM_TLAST   |  out|    1|        axis|                 OUTPUT_STREAM_V_last_V|       pointer|
|OUTPUT_STREAM_TKEEP   |  out|    4|        axis|                 OUTPUT_STREAM_V_keep_V|       pointer|
|OUTPUT_STREAM_TSTRB   |  out|    4|        axis|                 OUTPUT_STREAM_V_strb_V|       pointer|
+----------------------+-----+-----+------------+---------------------------------------+--------------+

