

================================================================
== Vitis HLS Report for 'dense_layer'
================================================================
* Date:           Thu Dec 11 20:07:54 2025

* Version:        2022.2 (Build 3670227 on Oct 13 2022)
* Project:        vgg_accelerator
* Solution:       solution1 (Vivado IP Flow Target)
* Product family: zynquplus
* Target device:  xczu5eg-sfvc784-1-e


================================================================
== Performance Estimates
================================================================
+ Timing: 
    * Summary: 
    +--------+----------+----------+------------+
    |  Clock |  Target  | Estimated| Uncertainty|
    +--------+----------+----------+------------+
    |ap_clk  |  10.00 ns|  4.404 ns|     2.70 ns|
    +--------+----------+----------+------------+

+ Latency: 
    * Summary: 
    +---------+---------+-----------+-----------+------+------+---------+
    |  Latency (cycles) |   Latency (absolute)  |   Interval  | Pipeline|
    |   min   |   max   |    min    |    max    |  min |  max |   Type  |
    +---------+---------+-----------+-----------+------+------+---------+
    |     5136|     5136|  51.360 us|  51.360 us|  5136|  5136|       no|
    +---------+---------+-----------+-----------+------+------+---------+

    + Detail: 
        * Instance: 
        +-------------------------------------------------+---------------------------------------+---------+---------+-----------+-----------+------+------+---------+
        |                                                 |                                       |  Latency (cycles) |   Latency (absolute)  |   Interval  | Pipeline|
        |                     Instance                    |                 Module                |   min   |   max   |    min    |    max    |  min |  max |   Type  |
        +-------------------------------------------------+---------------------------------------+---------+---------+-----------+-----------+------+------+---------+
        |grp_dense_layer_Pipeline_VITIS_LOOP_135_1_fu_89  |dense_layer_Pipeline_VITIS_LOOP_135_1  |     1026|     1026|  10.260 us|  10.260 us|  1026|  1026|       no|
        |grp_dense_layer_Pipeline_VITIS_LOOP_146_3_fu_97  |dense_layer_Pipeline_VITIS_LOOP_146_3  |     2050|     2050|  20.500 us|  20.500 us|  2050|  2050|       no|
        +-------------------------------------------------+---------------------------------------+---------+---------+-----------+-----------+------+------+---------+

        * Loop: 
        +--------------------+---------+---------+----------+-----------+-----------+------+----------+
        |                    |  Latency (cycles) | Iteration|  Initiation Interval  | Trip |          |
        |      Loop Name     |   min   |   max   |  Latency |  achieved |   target  | Count| Pipelined|
        +--------------------+---------+---------+----------+-----------+-----------+------+----------+
        |- VITIS_LOOP_140_2  |     4106|     4106|      2053|          -|          -|     2|        no|
        +--------------------+---------+---------+----------+-----------+-----------+------+----------+



================================================================
== Utilization Estimates
================================================================
* Summary: 
+-----------------+---------+------+--------+--------+-----+
|       Name      | BRAM_18K|  DSP |   FF   |   LUT  | URAM|
+-----------------+---------+------+--------+--------+-----+
|DSP              |        -|     -|       -|       -|    -|
|Expression       |        -|     -|       0|      29|    -|
|FIFO             |        -|     -|       -|       -|    -|
|Instance         |        1|     0|      87|     521|    -|
|Memory           |        1|     -|       2|       1|    0|
|Multiplexer      |        -|     -|       -|     107|    -|
|Register         |        -|     -|      18|       -|    -|
+-----------------+---------+------+--------+--------+-----+
|Total            |        2|     0|     107|     658|    0|
+-----------------+---------+------+--------+--------+-----+
|Available        |      288|  1248|  234240|  117120|   64|
+-----------------+---------+------+--------+--------+-----+
|Utilization (%)  |       ~0|     0|      ~0|      ~0|    0|
+-----------------+---------+------+--------+--------+-----+

+ Detail: 
    * Instance: 
    +-------------------------------------------------+---------------------------------------+---------+----+----+-----+-----+
    |                     Instance                    |                 Module                | BRAM_18K| DSP| FF | LUT | URAM|
    +-------------------------------------------------+---------------------------------------+---------+----+----+-----+-----+
    |grp_dense_layer_Pipeline_VITIS_LOOP_135_1_fu_89  |dense_layer_Pipeline_VITIS_LOOP_135_1  |        0|   0|  25|   79|    0|
    |grp_dense_layer_Pipeline_VITIS_LOOP_146_3_fu_97  |dense_layer_Pipeline_VITIS_LOOP_146_3  |        1|   0|  62|  442|    0|
    +-------------------------------------------------+---------------------------------------+---------+----+----+-----+-----+
    |Total                                            |                                       |        1|   0|  87|  521|    0|
    +-------------------------------------------------+---------------------------------------+---------+----+----+-----+-----+

    * DSP: 
    N/A

    * Memory: 
    +--------------+--------------------------------------+---------+---+----+-----+------+-----+------+-------------+
    |    Memory    |                Module                | BRAM_18K| FF| LUT| URAM| Words| Bits| Banks| W*Bits*Banks|
    +--------------+--------------------------------------+---------+---+----+-----+------+-----+------+-------------+
    |dense_bias_U  |dense_layer_dense_bias_ROM_AUTO_1R    |        0|  2|   1|    0|     2|    2|     1|            4|
    |flat_img_V_U  |dense_layer_flat_img_V_RAM_AUTO_1R1W  |        1|  0|   0|    0|  1024|    8|     1|         8192|
    +--------------+--------------------------------------+---------+---+----+-----+------+-----+------+-------------+
    |Total         |                                      |        1|  2|   1|    0|  1026|   10|     2|         8196|
    +--------------+--------------------------------------+---------+---+----+-----+------+-----+------+-------------+

    * FIFO: 
    N/A

    * Expression: 
    +----------------------------------------------------------------------+----------+----+---+----+------------+------------+
    |                             Variable Name                            | Operation| DSP| FF| LUT| Bitwidth P0| Bitwidth P1|
    +----------------------------------------------------------------------+----------+----+---+----+------------+------------+
    |add_ln140_fu_129_p2                                                   |         +|   0|  0|   9|           2|           1|
    |grp_dense_layer_Pipeline_VITIS_LOOP_146_3_fu_97_OUTPUT_STREAM_TREADY  |       and|   0|  0|   2|           1|           1|
    |icmp_ln140_fu_123_p2                                                  |      icmp|   0|  0|   8|           2|           3|
    |icmp_ln161_fu_166_p2                                                  |      icmp|   0|  0|   8|           2|           1|
    |ap_block_state1                                                       |        or|   0|  0|   2|           1|           1|
    +----------------------------------------------------------------------+----------+----+---+----+------------+------------+
    |Total                                                                 |          |   0|  0|  29|           8|           7|
    +----------------------------------------------------------------------+----------+----+---+----+------------+------------+

    * Multiplexer: 
    +---------------------+----+-----------+-----+-----------+
    |         Name        | LUT| Input Size| Bits| Total Bits|
    +---------------------+----+-----------+-----+-----------+
    |ap_NS_fsm            |  43|          8|    1|          8|
    |ap_done              |   9|          2|    1|          2|
    |c_fu_68              |   9|          2|    2|          4|
    |flat_img_V_address0  |  14|          3|   10|         30|
    |flat_img_V_ce0       |  14|          3|    1|          3|
    |flat_img_V_we0       |   9|          2|    1|          2|
    |s_pool3_read         |   9|          2|    1|          2|
    +---------------------+----+-----------+-----+-----------+
    |Total                | 107|         22|   17|         51|
    +---------------------+----+-----------+-----+-----------+

    * Register: 
    +--------------------------------------------------------------+---+----+-----+-----------+
    |                             Name                             | FF| LUT| Bits| Const Bits|
    +--------------------------------------------------------------+---+----+-----+-----------+
    |acc_V_41_reg_193                                              |  2|   0|   14|         12|
    |ap_CS_fsm                                                     |  7|   0|    7|          0|
    |ap_done_reg                                                   |  1|   0|    1|          0|
    |c_1_reg_179                                                   |  2|   0|    2|          0|
    |c_fu_68                                                       |  2|   0|    2|          0|
    |grp_dense_layer_Pipeline_VITIS_LOOP_135_1_fu_89_ap_start_reg  |  1|   0|    1|          0|
    |grp_dense_layer_Pipeline_VITIS_LOOP_146_3_fu_97_ap_start_reg  |  1|   0|    1|          0|
    |icmp_ln161_reg_203                                            |  1|   0|    1|          0|
    |shl_ln_reg_198                                                |  1|   0|   11|         10|
    +--------------------------------------------------------------+---+----+-----+-----------+
    |Total                                                         | 18|   0|   40|         22|
    +--------------------------------------------------------------+---+----+-----+-----------+



================================================================
== Interface
================================================================
* Summary: 
+------------------------+-----+-----+------------+------------------------+--------------+
|        RTL Ports       | Dir | Bits|  Protocol  |      Source Object     |    C Type    |
+------------------------+-----+-----+------------+------------------------+--------------+
|ap_clk                  |   in|    1|  ap_ctrl_hs|             dense_layer|  return value|
|ap_rst                  |   in|    1|  ap_ctrl_hs|             dense_layer|  return value|
|ap_start                |   in|    1|  ap_ctrl_hs|             dense_layer|  return value|
|ap_done                 |  out|    1|  ap_ctrl_hs|             dense_layer|  return value|
|ap_continue             |   in|    1|  ap_ctrl_hs|             dense_layer|  return value|
|ap_idle                 |  out|    1|  ap_ctrl_hs|             dense_layer|  return value|
|ap_ready                |  out|    1|  ap_ctrl_hs|             dense_layer|  return value|
|OUTPUT_STREAM_TDATA     |  out|   32|        axis|  OUTPUT_STREAM_V_data_V|       pointer|
|OUTPUT_STREAM_TVALID    |  out|    1|        axis|  OUTPUT_STREAM_V_last_V|       pointer|
|OUTPUT_STREAM_TREADY    |   in|    1|        axis|  OUTPUT_STREAM_V_last_V|       pointer|
|OUTPUT_STREAM_TLAST     |  out|    1|        axis|  OUTPUT_STREAM_V_last_V|       pointer|
|OUTPUT_STREAM_TKEEP     |  out|    4|        axis|  OUTPUT_STREAM_V_keep_V|       pointer|
|OUTPUT_STREAM_TSTRB     |  out|    4|        axis|  OUTPUT_STREAM_V_strb_V|       pointer|
|s_pool3_dout            |   in|    8|     ap_fifo|                 s_pool3|       pointer|
|s_pool3_num_data_valid  |   in|    7|     ap_fifo|                 s_pool3|       pointer|
|s_pool3_fifo_cap        |   in|    7|     ap_fifo|                 s_pool3|       pointer|
|s_pool3_empty_n         |   in|    1|     ap_fifo|                 s_pool3|       pointer|
|s_pool3_read            |  out|    1|     ap_fifo|                 s_pool3|       pointer|
+------------------------+-----+-----+------------+------------------------+--------------+

