

================================================================
== Vitis HLS Report for 'dense_layer_Pipeline_VITIS_LOOP_135_1'
================================================================
* Date:           Thu Dec 11 20:07:52 2025

* Version:        2022.2 (Build 3670227 on Oct 13 2022)
* Project:        vgg_accelerator
* Solution:       solution1 (Vivado IP Flow Target)
* Product family: zynquplus
* Target device:  xczu5eg-sfvc784-1-e


================================================================
== Performance Estimates
================================================================
+ Timing: 
    * Summary: 
    +--------+----------+----------+------------+
    |  Clock |  Target  | Estimated| Uncertainty|
    +--------+----------+----------+------------+
    |ap_clk  |  10.00 ns|  3.677 ns|     2.70 ns|
    +--------+----------+----------+------------+

+ Latency: 
    * Summary: 
    +---------+---------+-----------+-----------+------+------+---------+
    |  Latency (cycles) |   Latency (absolute)  |   Interval  | Pipeline|
    |   min   |   max   |    min    |    max    |  min |  max |   Type  |
    +---------+---------+-----------+-----------+------+------+---------+
    |     1026|     1026|  10.260 us|  10.260 us|  1026|  1026|       no|
    +---------+---------+-----------+-----------+------+------+---------+

    + Detail: 
        * Instance: 
        N/A

        * Loop: 
        +--------------------+---------+---------+----------+-----------+-----------+------+----------+
        |                    |  Latency (cycles) | Iteration|  Initiation Interval  | Trip |          |
        |      Loop Name     |   min   |   max   |  Latency |  achieved |   target  | Count| Pipelined|
        +--------------------+---------+---------+----------+-----------+-----------+------+----------+
        |- VITIS_LOOP_135_1  |     1024|     1024|         2|          1|          1|  1024|       yes|
        +--------------------+---------+---------+----------+-----------+-----------+------+----------+



================================================================
== Utilization Estimates
================================================================
* Summary: 
+-----------------+---------+------+--------+--------+-----+
|       Name      | BRAM_18K|  DSP |   FF   |   LUT  | URAM|
+-----------------+---------+------+--------+--------+-----+
|DSP              |        -|     -|       -|       -|    -|
|Expression       |        -|     -|       0|      34|    -|
|FIFO             |        -|     -|       -|       -|    -|
|Instance         |        -|     -|       -|       -|    -|
|Memory           |        -|     -|       -|       -|    -|
|Multiplexer      |        -|     -|       -|      45|    -|
|Register         |        -|     -|      25|       -|    -|
+-----------------+---------+------+--------+--------+-----+
|Total            |        0|     0|      25|      79|    0|
+-----------------+---------+------+--------+--------+-----+
|Available        |      288|  1248|  234240|  117120|   64|
+-----------------+---------+------+--------+--------+-----+
|Utilization (%)  |        0|     0|      ~0|      ~0|    0|
+-----------------+---------+------+--------+--------+-----+

+ Detail: 
    * Instance: 
    N/A

    * DSP: 
    N/A

    * Memory: 
    N/A

    * FIFO: 
    N/A

    * Expression: 
    +---------------------------+----------+----+---+----+------------+------------+
    |       Variable Name       | Operation| DSP| FF| LUT| Bitwidth P0| Bitwidth P1|
    +---------------------------+----------+----+---+----+------------+------------+
    |add_ln135_fu_74_p2         |         +|   0|  0|  18|          11|           1|
    |ap_block_pp0_stage0_11001  |       and|   0|  0|   2|           1|           1|
    |icmp_ln135_fu_68_p2        |      icmp|   0|  0|  12|          11|          12|
    |ap_enable_pp0              |       xor|   0|  0|   2|           1|           2|
    +---------------------------+----------+----+---+----+------------+------------+
    |Total                      |          |   0|  0|  34|          24|          16|
    +---------------------------+----------+----+---+----+------------+------------+

    * Multiplexer: 
    +-------------------------+----+-----------+-----+-----------+
    |           Name          | LUT| Input Size| Bits| Total Bits|
    +-------------------------+----+-----------+-----+-----------+
    |ap_done_int              |   9|          2|    1|          2|
    |ap_enable_reg_pp0_iter1  |   9|          2|    1|          2|
    |ap_sig_allocacmp_i_3     |   9|          2|   11|         22|
    |i_fu_36                  |   9|          2|   11|         22|
    |s_pool3_blk_n            |   9|          2|    1|          2|
    +-------------------------+----+-----------+-----+-----------+
    |Total                    |  45|         10|   25|         50|
    +-------------------------+----+-----------+-----+-----------+

    * Register: 
    +-------------------------+----+----+-----+-----------+
    |           Name          | FF | LUT| Bits| Const Bits|
    +-------------------------+----+----+-----+-----------+
    |ap_CS_fsm                |   1|   0|    1|          0|
    |ap_done_reg              |   1|   0|    1|          0|
    |ap_enable_reg_pp0_iter1  |   1|   0|    1|          0|
    |i_3_reg_96               |  11|   0|   11|          0|
    |i_fu_36                  |  11|   0|   11|          0|
    +-------------------------+----+----+-----+-----------+
    |Total                    |  25|   0|   25|          0|
    +-------------------------+----+----+-----+-----------+



================================================================
== Interface
================================================================
* Summary: 
+------------------------+-----+-----+------------+---------------------------------------+--------------+
|        RTL Ports       | Dir | Bits|  Protocol  |             Source Object             |    C Type    |
+------------------------+-----+-----+------------+---------------------------------------+--------------+
|ap_clk                  |   in|    1|  ap_ctrl_hs|  dense_layer_Pipeline_VITIS_LOOP_135_1|  return value|
|ap_rst                  |   in|    1|  ap_ctrl_hs|  dense_layer_Pipeline_VITIS_LOOP_135_1|  return value|
|ap_start                |   in|    1|  ap_ctrl_hs|  dense_layer_Pipeline_VITIS_LOOP_135_1|  return value|
|ap_done                 |  out|    1|  ap_ctrl_hs|  dense_layer_Pipeline_VITIS_LOOP_135_1|  return value|
|ap_idle                 |  out|    1|  ap_ctrl_hs|  dense_layer_Pipeline_VITIS_LOOP_135_1|  return value|
|ap_ready                |  out|    1|  ap_ctrl_hs|  dense_layer_Pipeline_VITIS_LOOP_135_1|  return value|
|s_pool3_dout            |   in|    8|     ap_fifo|                                s_pool3|       pointer|
|s_pool3_num_data_valid  |   in|    7|     ap_fifo|                                s_pool3|       pointer|
|s_pool3_fifo_cap        |   in|    7|     ap_fifo|                                s_pool3|       pointer|
|s_pool3_empty_n         |   in|    1|     ap_fifo|                                s_pool3|       pointer|
|s_pool3_read            |  out|    1|     ap_fifo|                                s_pool3|       pointer|
|flat_img_V_address0     |  out|   10|   ap_memory|                             flat_img_V|         array|
|flat_img_V_ce0          |  out|    1|   ap_memory|                             flat_img_V|         array|
|flat_img_V_we0          |  out|    1|   ap_memory|                             flat_img_V|         array|
|flat_img_V_d0           |  out|    8|   ap_memory|                             flat_img_V|         array|
+------------------------+-----+-----+------------+---------------------------------------+--------------+

