

================================================================
== Vitis HLS Report for 'input_adapter'
================================================================
* Date:           Thu Dec 11 20:07:23 2025

* Version:        2022.2 (Build 3670227 on Oct 13 2022)
* Project:        vgg_accelerator
* Solution:       solution1 (Vivado IP Flow Target)
* Product family: zynquplus
* Target device:  xczu5eg-sfvc784-1-e


================================================================
== Performance Estimates
================================================================
+ Timing: 
    * Summary: 
    +--------+----------+----------+------------+
    |  Clock |  Target  | Estimated| Uncertainty|
    +--------+----------+----------+------------+
    |ap_clk  |  10.00 ns|  2.872 ns|     2.70 ns|
    +--------+----------+----------+------------+

+ Latency: 
    * Summary: 
    +---------+---------+-----------+-----------+------+------+---------+
    |  Latency (cycles) |   Latency (absolute)  |   Interval  | Pipeline|
    |   min   |   max   |    min    |    max    |  min |  max |   Type  |
    +---------+---------+-----------+-----------+------+------+---------+
    |     1026|     1026|  10.260 us|  10.260 us|  1026|  1026|       no|
    +---------+---------+-----------+-----------+------+------+---------+

    + Detail: 
        * Instance: 
        N/A

        * Loop: 
        +--------------------+---------+---------+----------+-----------+-----------+------+----------+
        |                    |  Latency (cycles) | Iteration|  Initiation Interval  | Trip |          |
        |      Loop Name     |   min   |   max   |  Latency |  achieved |   target  | Count| Pipelined|
        +--------------------+---------+---------+----------+-----------+-----------+------+----------+
        |- VITIS_LOOP_167_1  |     1024|     1024|         2|          1|          1|  1024|       yes|
        +--------------------+---------+---------+----------+-----------+-----------+------+----------+



================================================================
== Utilization Estimates
================================================================
* Summary: 
+-----------------+---------+------+--------+--------+-----+
|       Name      | BRAM_18K|  DSP |   FF   |   LUT  | URAM|
+-----------------+---------+------+--------+--------+-----+
|DSP              |        -|     -|       -|       -|    -|
|Expression       |        -|     -|       0|      53|    -|
|FIFO             |        -|     -|       -|       -|    -|
|Instance         |        -|     -|       -|       -|    -|
|Memory           |        -|     -|       -|       -|    -|
|Multiplexer      |        -|     -|       -|      63|    -|
|Register         |        -|     -|      19|       -|    -|
+-----------------+---------+------+--------+--------+-----+
|Total            |        0|     0|      19|     116|    0|
+-----------------+---------+------+--------+--------+-----+
|Available        |      288|  1248|  234240|  117120|   64|
+-----------------+---------+------+--------+--------+-----+
|Utilization (%)  |        0|     0|      ~0|      ~0|    0|
+-----------------+---------+------+--------+--------+-----+

+ Detail: 
    * Instance: 
    N/A

    * DSP: 
    N/A

    * Memory: 
    N/A

    * FIFO: 
    N/A

    * Expression: 
    +----------------------------------+----------+----+---+----+------------+------------+
    |           Variable Name          | Operation| DSP| FF| LUT| Bitwidth P0| Bitwidth P1|
    +----------------------------------+----------+----+---+----+------------+------------+
    |i_2_fu_97_p2                      |         +|   0|  0|  18|          11|           1|
    |rounded_fu_111_p2                 |         +|   0|  0|  15|           8|           4|
    |ap_condition_112                  |       and|   0|  0|   2|           1|           1|
    |icmp_ln167_fu_91_p2               |      icmp|   0|  0|  12|          11|          12|
    |ap_block_pp0_stage0_01001         |        or|   0|  0|   2|           1|           1|
    |ap_block_state1_pp0_stage0_iter0  |        or|   0|  0|   2|           1|           1|
    |ap_enable_pp0                     |       xor|   0|  0|   2|           1|           2|
    +----------------------------------+----------+----+---+----+------------+------------+
    |Total                             |          |   0|  0|  53|          34|          22|
    +----------------------------------+----------+----+---+----+------------+------------+

    * Multiplexer: 
    +--------------------------+----+-----------+-----+-----------+
    |           Name           | LUT| Input Size| Bits| Total Bits|
    +--------------------------+----+-----------+-----+-----------+
    |INPUT_STREAM_TDATA_blk_n  |   9|          2|    1|          2|
    |ap_done_int               |   9|          2|    1|          2|
    |ap_enable_reg_pp0_iter1   |   9|          2|    1|          2|
    |ap_sig_allocacmp_i_1      |   9|          2|   11|         22|
    |i_fu_60                   |   9|          2|   11|         22|
    |real_start                |   9|          2|    1|          2|
    |s_input_blk_n             |   9|          2|    1|          2|
    +--------------------------+----+-----------+-----+-----------+
    |Total                     |  63|         14|   27|         54|
    +--------------------------+----+-----------+-----+-----------+

    * Register: 
    +-------------------------+----+----+-----+-----------+
    |           Name          | FF | LUT| Bits| Const Bits|
    +-------------------------+----+----+-----+-----------+
    |ap_CS_fsm                |   1|   0|    1|          0|
    |ap_done_reg              |   1|   0|    1|          0|
    |ap_enable_reg_pp0_iter1  |   1|   0|    1|          0|
    |i_fu_60                  |  11|   0|   11|          0|
    |loc_reg_146              |   4|   0|    4|          0|
    |start_once_reg           |   1|   0|    1|          0|
    +-------------------------+----+----+-----+-----------+
    |Total                    |  19|   0|   19|          0|
    +-------------------------+----+----+-----+-----------+



================================================================
== Interface
================================================================
* Summary: 
+------------------------+-----+-----+------------+-----------------------+--------------+
|        RTL Ports       | Dir | Bits|  Protocol  |     Source Object     |    C Type    |
+------------------------+-----+-----+------------+-----------------------+--------------+
|ap_clk                  |   in|    1|  ap_ctrl_hs|          input_adapter|  return value|
|ap_rst                  |   in|    1|  ap_ctrl_hs|          input_adapter|  return value|
|ap_start                |   in|    1|  ap_ctrl_hs|          input_adapter|  return value|
|start_full_n            |   in|    1|  ap_ctrl_hs|          input_adapter|  return value|
|ap_done                 |  out|    1|  ap_ctrl_hs|          input_adapter|  return value|
|ap_continue             |   in|    1|  ap_ctrl_hs|          input_adapter|  return value|
|ap_idle                 |  out|    1|  ap_ctrl_hs|          input_adapter|  return value|
|ap_ready                |  out|    1|  ap_ctrl_hs|          input_adapter|  return value|
|start_out               |  out|    1|  ap_ctrl_hs|          input_adapter|  return value|
|start_write             |  out|    1|  ap_ctrl_hs|          input_adapter|  return value|
|INPUT_STREAM_TVALID     |   in|    1|        axis|  INPUT_STREAM_V_last_V|       pointer|
|INPUT_STREAM_TREADY     |  out|    1|        axis|  INPUT_STREAM_V_last_V|       pointer|
|INPUT_STREAM_TLAST      |   in|    1|        axis|  INPUT_STREAM_V_last_V|       pointer|
|s_input_din             |  out|    8|     ap_fifo|                s_input|       pointer|
|s_input_num_data_valid  |   in|    8|     ap_fifo|                s_input|       pointer|
|s_input_fifo_cap        |   in|    8|     ap_fifo|                s_input|       pointer|
|s_input_full_n          |   in|    1|     ap_fifo|                s_input|       pointer|
|s_input_write           |  out|    1|     ap_fifo|                s_input|       pointer|
|INPUT_STREAM_TDATA      |   in|   32|        axis|  INPUT_STREAM_V_data_V|       pointer|
|INPUT_STREAM_TKEEP      |   in|    4|        axis|  INPUT_STREAM_V_keep_V|       pointer|
|INPUT_STREAM_TSTRB      |   in|    4|        axis|  INPUT_STREAM_V_strb_V|       pointer|
+------------------------+-----+-----+------------+-----------------------+--------------+

