

================================================================
== Vitis HLS Report for 'layer_block_1_16_32_s'
================================================================
* Date:           Thu Dec 11 20:07:31 2025

* Version:        2022.2 (Build 3670227 on Oct 13 2022)
* Project:        vgg_accelerator
* Solution:       solution1 (Vivado IP Flow Target)
* Product family: zynquplus
* Target device:  xczu5eg-sfvc784-1-e


================================================================
== Performance Estimates
================================================================
+ Timing: 
    * Summary: 
    +--------+----------+----------+------------+
    |  Clock |  Target  | Estimated| Uncertainty|
    +--------+----------+----------+------------+
    |ap_clk  |  10.00 ns|  7.169 ns|     2.70 ns|
    +--------+----------+----------+------------+

+ Latency: 
    * Summary: 
    +---------+---------+----------+----------+-------+-------+---------+
    |  Latency (cycles) |  Latency (absolute) |    Interval   | Pipeline|
    |   min   |   max   |    min   |    max   |  min  |  max  |   Type  |
    +---------+---------+----------+----------+-------+-------+---------+
    |    16457|    16457|  0.165 ms|  0.165 ms|  16457|  16457|       no|
    +---------+---------+----------+----------+-------+-------+---------+

    + Detail: 
        * Instance: 
        +------------------------------------------------------------------------+--------------------------------------------------------------+---------+---------+----------+----------+-------+-------+---------+
        |                                                                        |                                                              |  Latency (cycles) |  Latency (absolute) |    Interval   | Pipeline|
        |                                Instance                                |                            Module                            |   min   |   max   |    min   |    max   |  min  |  max  |   Type  |
        +------------------------------------------------------------------------+--------------------------------------------------------------+---------+---------+----------+----------+-------+-------+---------+
        |grp_layer_block_1_16_32_Pipeline_VITIS_LOOP_32_2_VITIS_LOOP_33_3_fu_24  |layer_block_1_16_32_Pipeline_VITIS_LOOP_32_2_VITIS_LOOP_33_3  |       66|       66|  0.660 us|  0.660 us|     66|     66|       no|
        |grp_layer_block_1_16_32_Pipeline_VITIS_LOOP_36_4_VITIS_LOOP_37_5_fu_32  |layer_block_1_16_32_Pipeline_VITIS_LOOP_36_4_VITIS_LOOP_37_5  |    16388|    16388|  0.164 ms|  0.164 ms|  16388|  16388|       no|
        +------------------------------------------------------------------------+--------------------------------------------------------------+---------+---------+----------+----------+-------+-------+---------+

        * Loop: 
        N/A



================================================================
== Utilization Estimates
================================================================
* Summary: 
+-----------------+---------+------+--------+--------+-----+
|       Name      | BRAM_18K|  DSP |   FF   |   LUT  | URAM|
+-----------------+---------+------+--------+--------+-----+
|DSP              |        -|     -|       -|       -|    -|
|Expression       |        -|     -|       0|       2|    -|
|FIFO             |        -|     -|       -|       -|    -|
|Instance         |        -|     -|    1052|   17604|    -|
|Memory           |        0|     -|      16|       8|    0|
|Multiplexer      |        -|     -|       -|     174|    -|
|Register         |        -|     -|       8|       -|    -|
+-----------------+---------+------+--------+--------+-----+
|Total            |        0|     0|    1076|   17788|    0|
+-----------------+---------+------+--------+--------+-----+
|Available        |      288|  1248|  234240|  117120|   64|
+-----------------+---------+------+--------+--------+-----+
|Utilization (%)  |        0|     0|      ~0|      15|    0|
+-----------------+---------+------+--------+--------+-----+

+ Detail: 
    * Instance: 
    +------------------------------------------------------------------------+--------------------------------------------------------------+---------+----+------+-------+-----+
    |                                Instance                                |                            Module                            | BRAM_18K| DSP|  FF  |  LUT  | URAM|
    +------------------------------------------------------------------------+--------------------------------------------------------------+---------+----+------+-------+-----+
    |grp_layer_block_1_16_32_Pipeline_VITIS_LOOP_32_2_VITIS_LOOP_33_3_fu_24  |layer_block_1_16_32_Pipeline_VITIS_LOOP_32_2_VITIS_LOOP_33_3  |        0|   0|    17|    128|    0|
    |grp_layer_block_1_16_32_Pipeline_VITIS_LOOP_36_4_VITIS_LOOP_37_5_fu_32  |layer_block_1_16_32_Pipeline_VITIS_LOOP_36_4_VITIS_LOOP_37_5  |        0|   0|  1035|  17476|    0|
    +------------------------------------------------------------------------+--------------------------------------------------------------+---------+----+------+-------+-----+
    |Total                                                                   |                                                              |        0|   0|  1052|  17604|    0|
    +------------------------------------------------------------------------+--------------------------------------------------------------+---------+----+------+-------+-----+

    * DSP: 
    N/A

    * Memory: 
    +-----------------------------------------------------------------------------+----------------------------------------------------------------------------------+---------+---+----+-----+------+-----+------+-------------+
    |                                    Memory                                   |                                      Module                                      | BRAM_18K| FF| LUT| URAM| Words| Bits| Banks| W*Bits*Banks|
    +-----------------------------------------------------------------------------+----------------------------------------------------------------------------------+---------+---+----+-----+------+-----+------+-------------+
    |void_layer_block_stream_stream_signed_char_const_1_3_3_signed_char_cons_1_U  |layer_block_1_16_32_s_void_layer_block_stream_stream_signed_char_const_1_3_3_bkb  |        0|  8|   4|    0|    32|    8|     1|          256|
    |void_layer_block_stream_stream_signed_char_const_1_3_3_signed_char_cons_U    |layer_block_1_16_32_s_void_layer_block_stream_stream_signed_char_const_1_3_3_bkb  |        0|  8|   4|    0|    32|    8|     1|          256|
    +-----------------------------------------------------------------------------+----------------------------------------------------------------------------------+---------+---+----+-----+------+-----+------+-------------+
    |Total                                                                        |                                                                                  |        0| 16|   8|    0|    64|   16|     2|          512|
    +-----------------------------------------------------------------------------+----------------------------------------------------------------------------------+---------+---+----+-----+------+-----+------+-------------+

    * FIFO: 
    N/A

    * Expression: 
    +-----------------+----------+----+---+----+------------+------------+
    |  Variable Name  | Operation| DSP| FF| LUT| Bitwidth P0| Bitwidth P1|
    +-----------------+----------+----+---+----+------------+------------+
    |ap_block_state1  |        or|   0|  0|   2|           1|           1|
    +-----------------+----------+----+---+----+------------+------------+
    |Total            |          |   0|  0|   2|           1|           1|
    +-----------------+----------+----+---+----+------------+------------+

    * Multiplexer: 
    +------------------------------------------------------------------------------------+----+-----------+-----+-----------+
    |                                        Name                                        | LUT| Input Size| Bits| Total Bits|
    +------------------------------------------------------------------------------------+----+-----------+-----+-----------+
    |ap_NS_fsm                                                                           |  26|          5|    1|          5|
    |ap_done                                                                             |   9|          2|    1|          2|
    |real_start                                                                          |   9|          2|    1|          2|
    |s_conv1_write                                                                       |   9|          2|    1|          2|
    |s_input_read                                                                        |   9|          2|    1|          2|
    |void_layer_block_stream_stream_signed_char_const_1_3_3_signed_char_cons_1_address0  |  14|          3|    5|         15|
    |void_layer_block_stream_stream_signed_char_const_1_3_3_signed_char_cons_1_ce0       |  14|          3|    1|          3|
    |void_layer_block_stream_stream_signed_char_const_1_3_3_signed_char_cons_1_d0        |  14|          3|    8|         24|
    |void_layer_block_stream_stream_signed_char_const_1_3_3_signed_char_cons_1_we0       |  14|          3|    1|          3|
    |void_layer_block_stream_stream_signed_char_const_1_3_3_signed_char_cons_address0    |  14|          3|    5|         15|
    |void_layer_block_stream_stream_signed_char_const_1_3_3_signed_char_cons_ce0         |  14|          3|    1|          3|
    |void_layer_block_stream_stream_signed_char_const_1_3_3_signed_char_cons_d0          |  14|          3|    8|         24|
    |void_layer_block_stream_stream_signed_char_const_1_3_3_signed_char_cons_we0         |  14|          3|    1|          3|
    +------------------------------------------------------------------------------------+----+-----------+-----+-----------+
    |Total                                                                               | 174|         37|   35|        103|
    +------------------------------------------------------------------------------------+----+-----------+-----+-----------+

    * Register: 
    +-------------------------------------------------------------------------------------+---+----+-----+-----------+
    |                                         Name                                        | FF| LUT| Bits| Const Bits|
    +-------------------------------------------------------------------------------------+---+----+-----+-----------+
    |ap_CS_fsm                                                                            |  4|   0|    4|          0|
    |ap_done_reg                                                                          |  1|   0|    1|          0|
    |grp_layer_block_1_16_32_Pipeline_VITIS_LOOP_32_2_VITIS_LOOP_33_3_fu_24_ap_start_reg  |  1|   0|    1|          0|
    |grp_layer_block_1_16_32_Pipeline_VITIS_LOOP_36_4_VITIS_LOOP_37_5_fu_32_ap_start_reg  |  1|   0|    1|          0|
    |start_once_reg                                                                       |  1|   0|    1|          0|
    +-------------------------------------------------------------------------------------+---+----+-----+-----------+
    |Total                                                                                |  8|   0|    8|          0|
    +-------------------------------------------------------------------------------------+---+----+-----+-----------+



================================================================
== Interface
================================================================
* Summary: 
+------------------------+-----+-----+------------+------------------------+--------------+
|        RTL Ports       | Dir | Bits|  Protocol  |      Source Object     |    C Type    |
+------------------------+-----+-----+------------+------------------------+--------------+
|ap_clk                  |   in|    1|  ap_ctrl_hs|  layer_block<1, 16, 32>|  return value|
|ap_rst                  |   in|    1|  ap_ctrl_hs|  layer_block<1, 16, 32>|  return value|
|ap_start                |   in|    1|  ap_ctrl_hs|  layer_block<1, 16, 32>|  return value|
|start_full_n            |   in|    1|  ap_ctrl_hs|  layer_block<1, 16, 32>|  return value|
|ap_done                 |  out|    1|  ap_ctrl_hs|  layer_block<1, 16, 32>|  return value|
|ap_continue             |   in|    1|  ap_ctrl_hs|  layer_block<1, 16, 32>|  return value|
|ap_idle                 |  out|    1|  ap_ctrl_hs|  layer_block<1, 16, 32>|  return value|
|ap_ready                |  out|    1|  ap_ctrl_hs|  layer_block<1, 16, 32>|  return value|
|start_out               |  out|    1|  ap_ctrl_hs|  layer_block<1, 16, 32>|  return value|
|start_write             |  out|    1|  ap_ctrl_hs|  layer_block<1, 16, 32>|  return value|
|s_input_dout            |   in|    8|     ap_fifo|                 s_input|       pointer|
|s_input_num_data_valid  |   in|    8|     ap_fifo|                 s_input|       pointer|
|s_input_fifo_cap        |   in|    8|     ap_fifo|                 s_input|       pointer|
|s_input_empty_n         |   in|    1|     ap_fifo|                 s_input|       pointer|
|s_input_read            |  out|    1|     ap_fifo|                 s_input|       pointer|
|s_conv1_din             |  out|    8|     ap_fifo|                 s_conv1|       pointer|
|s_conv1_num_data_valid  |   in|    8|     ap_fifo|                 s_conv1|       pointer|
|s_conv1_fifo_cap        |   in|    8|     ap_fifo|                 s_conv1|       pointer|
|s_conv1_full_n          |   in|    1|     ap_fifo|                 s_conv1|       pointer|
|s_conv1_write           |  out|    1|     ap_fifo|                 s_conv1|       pointer|
+------------------------+-----+-----+------------+------------------------+--------------+

