

================================================================
== Vitis HLS Report for 'layer_block_1_16_32_Pipeline_VITIS_LOOP_32_2_VITIS_LOOP_33_3'
================================================================
* Date:           Thu Dec 11 20:07:24 2025

* Version:        2022.2 (Build 3670227 on Oct 13 2022)
* Project:        vgg_accelerator
* Solution:       solution1 (Vivado IP Flow Target)
* Product family: zynquplus
* Target device:  xczu5eg-sfvc784-1-e


================================================================
== Performance Estimates
================================================================
+ Timing: 
    * Summary: 
    +--------+----------+----------+------------+
    |  Clock |  Target  | Estimated| Uncertainty|
    +--------+----------+----------+------------+
    |ap_clk  |  10.00 ns|  2.686 ns|     2.70 ns|
    +--------+----------+----------+------------+

+ Latency: 
    * Summary: 
    +---------+---------+----------+----------+-----+-----+---------+
    |  Latency (cycles) |  Latency (absolute) |  Interval | Pipeline|
    |   min   |   max   |    min   |    max   | min | max |   Type  |
    +---------+---------+----------+----------+-----+-----+---------+
    |       66|       66|  0.660 us|  0.660 us|   66|   66|       no|
    +---------+---------+----------+----------+-----+-----+---------+

    + Detail: 
        * Instance: 
        N/A

        * Loop: 
        +-----------------------------------+---------+---------+----------+-----------+-----------+------+----------+
        |                                   |  Latency (cycles) | Iteration|  Initiation Interval  | Trip |          |
        |             Loop Name             |   min   |   max   |  Latency |  achieved |   target  | Count| Pipelined|
        +-----------------------------------+---------+---------+----------+-----------+-----------+------+----------+
        |- VITIS_LOOP_32_2_VITIS_LOOP_33_3  |       64|       64|         1|          1|          1|    64|       yes|
        +-----------------------------------+---------+---------+----------+-----------+-----------+------+----------+



================================================================
== Utilization Estimates
================================================================
* Summary: 
+-----------------+---------+------+--------+--------+-----+
|       Name      | BRAM_18K|  DSP |   FF   |   LUT  | URAM|
+-----------------+---------+------+--------+--------+-----+
|DSP              |        -|     -|       -|       -|    -|
|Expression       |        -|     -|       0|      65|    -|
|FIFO             |        -|     -|       -|       -|    -|
|Instance         |        -|     -|       -|       -|    -|
|Memory           |        -|     -|       -|       -|    -|
|Multiplexer      |        -|     -|       -|      63|    -|
|Register         |        -|     -|      17|       -|    -|
+-----------------+---------+------+--------+--------+-----+
|Total            |        0|     0|      17|     128|    0|
+-----------------+---------+------+--------+--------+-----+
|Available        |      288|  1248|  234240|  117120|   64|
+-----------------+---------+------+--------+--------+-----+
|Utilization (%)  |        0|     0|      ~0|      ~0|    0|
+-----------------+---------+------+--------+--------+-----+

+ Detail: 
    * Instance: 
    N/A

    * DSP: 
    N/A

    * Memory: 
    N/A

    * FIFO: 
    N/A

    * Expression: 
    +-------------------------+----------+----+---+----+------------+------------+
    |      Variable Name      | Operation| DSP| FF| LUT| Bitwidth P0| Bitwidth P1|
    +-------------------------+----------+----+---+----+------------+------------+
    |add_ln32_3_fu_108_p2     |         +|   0|  0|  14|           7|           1|
    |add_ln32_fu_120_p2       |         +|   0|  0|   9|           2|           1|
    |add_ln33_fu_158_p2       |         +|   0|  0|  13|           6|           1|
    |icmp_ln32_fu_102_p2      |      icmp|   0|  0|  11|           7|           8|
    |icmp_ln33_fu_126_p2      |      icmp|   0|  0|  10|           6|           7|
    |select_ln32_7_fu_140_p3  |    select|   0|  0|   2|           1|           2|
    |select_ln32_fu_132_p3    |    select|   0|  0|   6|           1|           1|
    +-------------------------+----------+----+---+----+------------+------------+
    |Total                    |          |   0|  0|  65|          30|          21|
    +-------------------------+----------+----+---+----+------------+------------+

    * Multiplexer: 
    +--------------------------------------+----+-----------+-----+-----------+
    |                 Name                 | LUT| Input Size| Bits| Total Bits|
    +--------------------------------------+----+-----------+-----+-----------+
    |ap_done_int                           |   9|          2|    1|          2|
    |ap_sig_allocacmp_h_load               |   9|          2|    2|          4|
    |ap_sig_allocacmp_indvar_flatten_load  |   9|          2|    7|         14|
    |ap_sig_allocacmp_w_load               |   9|          2|    6|         12|
    |h_fu_48                               |   9|          2|    2|          4|
    |indvar_flatten_fu_52                  |   9|          2|    7|         14|
    |w_fu_44                               |   9|          2|    6|         12|
    +--------------------------------------+----+-----------+-----+-----------+
    |Total                                 |  63|         14|   31|         62|
    +--------------------------------------+----+-----------+-----+-----------+

    * Register: 
    +----------------------+---+----+-----+-----------+
    |         Name         | FF| LUT| Bits| Const Bits|
    +----------------------+---+----+-----+-----------+
    |ap_CS_fsm             |  1|   0|    1|          0|
    |ap_done_reg           |  1|   0|    1|          0|
    |h_fu_48               |  2|   0|    2|          0|
    |indvar_flatten_fu_52  |  7|   0|    7|          0|
    |w_fu_44               |  6|   0|    6|          0|
    +----------------------+---+----+-----+-----------+
    |Total                 | 17|   0|   17|          0|
    +----------------------+---+----+-----+-----------+



================================================================
== Interface
================================================================
* Summary: 
+------------------------------------------------------------------------------------+-----+-----+------------+---------------------------------------------------------------------------+--------------+
|                                      RTL Ports                                     | Dir | Bits|  Protocol  |                               Source Object                               |    C Type    |
+------------------------------------------------------------------------------------+-----+-----+------------+---------------------------------------------------------------------------+--------------+
|ap_clk                                                                              |   in|    1|  ap_ctrl_hs|            layer_block<1, 16, 32>_Pipeline_VITIS_LOOP_32_2_VITIS_LOOP_33_3|  return value|
|ap_rst                                                                              |   in|    1|  ap_ctrl_hs|            layer_block<1, 16, 32>_Pipeline_VITIS_LOOP_32_2_VITIS_LOOP_33_3|  return value|
|ap_start                                                                            |   in|    1|  ap_ctrl_hs|            layer_block<1, 16, 32>_Pipeline_VITIS_LOOP_32_2_VITIS_LOOP_33_3|  return value|
|ap_done                                                                             |  out|    1|  ap_ctrl_hs|            layer_block<1, 16, 32>_Pipeline_VITIS_LOOP_32_2_VITIS_LOOP_33_3|  return value|
|ap_idle                                                                             |  out|    1|  ap_ctrl_hs|            layer_block<1, 16, 32>_Pipeline_VITIS_LOOP_32_2_VITIS_LOOP_33_3|  return value|
|ap_ready                                                                            |  out|    1|  ap_ctrl_hs|            layer_block<1, 16, 32>_Pipeline_VITIS_LOOP_32_2_VITIS_LOOP_33_3|  return value|
|void_layer_block_stream_stream_signed_char_const_1_3_3_signed_char_cons_1_address0  |  out|    5|   ap_memory|  void_layer_block_stream_stream_signed_char_const_1_3_3_signed_char_cons_1|         array|
|void_layer_block_stream_stream_signed_char_const_1_3_3_signed_char_cons_1_ce0       |  out|    1|   ap_memory|  void_layer_block_stream_stream_signed_char_const_1_3_3_signed_char_cons_1|         array|
|void_layer_block_stream_stream_signed_char_const_1_3_3_signed_char_cons_1_we0       |  out|    1|   ap_memory|  void_layer_block_stream_stream_signed_char_const_1_3_3_signed_char_cons_1|         array|
|void_layer_block_stream_stream_signed_char_const_1_3_3_signed_char_cons_1_d0        |  out|    8|   ap_memory|  void_layer_block_stream_stream_signed_char_const_1_3_3_signed_char_cons_1|         array|
|void_layer_block_stream_stream_signed_char_const_1_3_3_signed_char_cons_address0    |  out|    5|   ap_memory|    void_layer_block_stream_stream_signed_char_const_1_3_3_signed_char_cons|         array|
|void_layer_block_stream_stream_signed_char_const_1_3_3_signed_char_cons_ce0         |  out|    1|   ap_memory|    void_layer_block_stream_stream_signed_char_const_1_3_3_signed_char_cons|         array|
|void_layer_block_stream_stream_signed_char_const_1_3_3_signed_char_cons_we0         |  out|    1|   ap_memory|    void_layer_block_stream_stream_signed_char_const_1_3_3_signed_char_cons|         array|
|void_layer_block_stream_stream_signed_char_const_1_3_3_signed_char_cons_d0          |  out|    8|   ap_memory|    void_layer_block_stream_stream_signed_char_const_1_3_3_signed_char_cons|         array|
+------------------------------------------------------------------------------------+-----+-----+------------+---------------------------------------------------------------------------+--------------+

