

================================================================
== Vitis HLS Report for 'layer_block_32_64_8_Pipeline_VITIS_LOOP_71_8'
================================================================
* Date:           Thu Dec 11 20:07:45 2025

* Version:        2022.2 (Build 3670227 on Oct 13 2022)
* Project:        vgg_accelerator
* Solution:       solution1 (Vivado IP Flow Target)
* Product family: zynquplus
* Target device:  xczu5eg-sfvc784-1-e


================================================================
== Performance Estimates
================================================================
+ Timing: 
    * Summary: 
    +--------+----------+----------+------------+
    |  Clock |  Target  | Estimated| Uncertainty|
    +--------+----------+----------+------------+
    |ap_clk  |  10.00 ns|  8.115 ns|     2.70 ns|
    +--------+----------+----------+------------+

+ Latency: 
    * Summary: 
    +---------+---------+----------+----------+-----+-----+---------+
    |  Latency (cycles) |  Latency (absolute) |  Interval | Pipeline|
    |   min   |   max   |    min   |    max   | min | max |   Type  |
    +---------+---------+----------+----------+-----+-----+---------+
    |       68|       68|  0.680 us|  0.680 us|   68|   68|       no|
    +---------+---------+----------+----------+-----+-----+---------+

    + Detail: 
        * Instance: 
        N/A

        * Loop: 
        +-------------------+---------+---------+----------+-----------+-----------+------+----------+
        |                   |  Latency (cycles) | Iteration|  Initiation Interval  | Trip |          |
        |     Loop Name     |   min   |   max   |  Latency |  achieved |   target  | Count| Pipelined|
        +-------------------+---------+---------+----------+-----------+-----------+------+----------+
        |- VITIS_LOOP_71_8  |       66|       66|         5|          2|          2|    32|       yes|
        +-------------------+---------+---------+----------+-----------+-----------+------+----------+



================================================================
== Utilization Estimates
================================================================
* Summary: 
+-----------------+---------+------+--------+--------+-----+
|       Name      | BRAM_18K|  DSP |   FF   |   LUT  | URAM|
+-----------------+---------+------+--------+--------+-----+
|DSP              |        -|     -|       -|       -|    -|
|Expression       |        -|     -|       0|    1709|    -|
|FIFO             |        -|     -|       -|       -|    -|
|Instance         |        -|     0|       0|    1692|    -|
|Memory           |       24|     -|       0|       0|    -|
|Multiplexer      |        -|     -|       -|     151|    -|
|Register         |        -|     -|     309|       -|    -|
+-----------------+---------+------+--------+--------+-----+
|Total            |       24|     0|     309|    3552|    0|
+-----------------+---------+------+--------+--------+-----+
|Available        |      288|  1248|  234240|  117120|   64|
+-----------------+---------+------+--------+--------+-----+
|Utilization (%)  |        8|     0|      ~0|       3|    0|
+-----------------+---------+------+--------+--------+-----+

+ Detail: 
    * Instance: 
    +------------------------+------------------+---------+----+---+-----+-----+
    |        Instance        |      Module      | BRAM_18K| DSP| FF| LUT | URAM|
    +------------------------+------------------+---------+----+---+-----+-----+
    |mul_8s_5s_12_1_1_U1089  |mul_8s_5s_12_1_1  |        0|   0|  0|   40|    0|
    |mul_8s_5s_12_1_1_U1090  |mul_8s_5s_12_1_1  |        0|   0|  0|   40|    0|
    |mul_8s_5s_12_1_1_U1091  |mul_8s_5s_12_1_1  |        0|   0|  0|   40|    0|
    |mul_8s_5s_12_1_1_U1092  |mul_8s_5s_12_1_1  |        0|   0|  0|   40|    0|
    |mul_8s_5s_12_1_1_U1093  |mul_8s_5s_12_1_1  |        0|   0|  0|   40|    0|
    |mul_8s_5s_12_1_1_U1094  |mul_8s_5s_12_1_1  |        0|   0|  0|   40|    0|
    |mul_8s_5s_12_1_1_U1095  |mul_8s_5s_12_1_1  |        0|   0|  0|   40|    0|
    |mul_8s_5s_12_1_1_U1096  |mul_8s_5s_12_1_1  |        0|   0|  0|   40|    0|
    |mul_8s_5s_12_1_1_U1097  |mul_8s_5s_12_1_1  |        0|   0|  0|   40|    0|
    |mux_325_8_1_1_U1080     |mux_325_8_1_1     |        0|   0|  0|  148|    0|
    |mux_325_8_1_1_U1081     |mux_325_8_1_1     |        0|   0|  0|  148|    0|
    |mux_325_8_1_1_U1082     |mux_325_8_1_1     |        0|   0|  0|  148|    0|
    |mux_325_8_1_1_U1083     |mux_325_8_1_1     |        0|   0|  0|  148|    0|
    |mux_325_8_1_1_U1084     |mux_325_8_1_1     |        0|   0|  0|  148|    0|
    |mux_325_8_1_1_U1085     |mux_325_8_1_1     |        0|   0|  0|  148|    0|
    |mux_325_8_1_1_U1086     |mux_325_8_1_1     |        0|   0|  0|  148|    0|
    |mux_325_8_1_1_U1087     |mux_325_8_1_1     |        0|   0|  0|  148|    0|
    |mux_325_8_1_1_U1088     |mux_325_8_1_1     |        0|   0|  0|  148|    0|
    +------------------------+------------------+---------+----+---+-----+-----+
    |Total                   |                  |        0|   0|  0| 1692|    0|
    +------------------------+------------------+---------+----+---+-----+-----+

    * DSP: 
    N/A

    * Memory: 
    +-----------------+------------------------------------------------------------------------+---------+---+----+-----+-------+-----+------+-------------+
    |      Memory     |                                 Module                                 | BRAM_18K| FF| LUT| URAM| Words | Bits| Banks| W*Bits*Banks|
    +-----------------+------------------------------------------------------------------------+---------+---+----+-----+-------+-----+------+-------------+
    |conv3_weights_U  |layer_block_32_64_8_Pipeline_VITIS_LOOP_71_8_conv3_weights_ROM_AUTO_1R  |       24|  0|   0|    0|  18432|    5|     1|        92160|
    +-----------------+------------------------------------------------------------------------+---------+---+----+-----+-------+-----+------+-------------+
    |Total            |                                                                        |       24|  0|   0|    0|  18432|    5|     1|        92160|
    +-----------------+------------------------------------------------------------------------+---------+---+----+-----+-------+-----+------+-------------+

    * FIFO: 
    N/A

    * Expression: 
    +----------------------------------+----------+----+---+----+------------+------------+
    |           Variable Name          | Operation| DSP| FF| LUT| Bitwidth P0| Bitwidth P1|
    +----------------------------------+----------+----+---+----+------------+------------+
    |acc_V_10_fu_3790_p2               |         +|   0|  0|  39|          32|          32|
    |acc_V_12_fu_3918_p2               |         +|   0|  0|  39|          32|          32|
    |acc_V_14_fu_3999_p2               |         +|   0|  0|  39|          32|          32|
    |acc_V_16_fu_4080_p2               |         +|   0|  0|  39|          32|          32|
    |acc_V_18_fu_4161_p2               |         +|   0|  0|  39|          32|          32|
    |acc_V_2_fu_3466_p2                |         +|   0|  0|  39|          32|          32|
    |acc_V_4_fu_3547_p2                |         +|   0|  0|  39|          32|          32|
    |acc_V_6_fu_3628_p2                |         +|   0|  0|  39|          32|          32|
    |acc_V_8_fu_3709_p2                |         +|   0|  0|  39|          32|          32|
    |add_ln71_fu_2583_p2               |         +|   0|  0|  13|           6|           1|
    |add_ln76_10_fu_3420_p2            |         +|   0|  0|  22|          15|           4|
    |add_ln76_1_fu_2619_p2             |         +|   0|  0|  19|          12|          12|
    |add_ln76_2_fu_2629_p2             |         +|   0|  0|  22|          15|          15|
    |add_ln76_3_fu_2710_p2             |         +|   0|  0|  22|          15|           1|
    |add_ln76_4_fu_2791_p2             |         +|   0|  0|  22|          15|           2|
    |add_ln76_5_fu_2872_p2             |         +|   0|  0|  22|          15|           2|
    |add_ln76_6_fu_2953_p2             |         +|   0|  0|  22|          15|           3|
    |add_ln76_7_fu_3390_p2             |         +|   0|  0|  22|          15|           3|
    |add_ln76_8_fu_3400_p2             |         +|   0|  0|  22|          15|           3|
    |add_ln76_9_fu_3410_p2             |         +|   0|  0|  22|          15|           3|
    |add_ln76_fu_2609_p2               |         +|   0|  0|  16|           9|           9|
    |add_ln856_fu_4274_p2              |         +|   0|  0|  14|           7|           7|
    |p_Val2_20_fu_4268_p2              |         +|   0|  0|  15|           8|           8|
    |ret_V_1_fu_3533_p2                |         +|   0|  0|  40|          33|          33|
    |ret_V_2_fu_3614_p2                |         +|   0|  0|  40|          33|          33|
    |ret_V_3_fu_3695_p2                |         +|   0|  0|  40|          33|          33|
    |ret_V_4_fu_3776_p2                |         +|   0|  0|  40|          33|          33|
    |ret_V_5_fu_3904_p2                |         +|   0|  0|  40|          33|          33|
    |ret_V_6_fu_3985_p2                |         +|   0|  0|  40|          33|          33|
    |ret_V_7_fu_4066_p2                |         +|   0|  0|  40|          33|          33|
    |ret_V_8_fu_4147_p2                |         +|   0|  0|  40|          33|          33|
    |ret_V_fu_3452_p2                  |         +|   0|  0|  40|          33|          33|
    |ap_block_pp0_stage0_01001         |       and|   0|  0|   2|           1|           1|
    |ap_block_state5_pp0_stage0_iter2  |       and|   0|  0|   2|           1|           1|
    |deleted_zeros_fu_4324_p2          |       and|   0|  0|   2|           1|           1|
    |overflow_1_fu_3486_p2             |       and|   0|  0|   2|           1|           1|
    |overflow_2_fu_3567_p2             |       and|   0|  0|   2|           1|           1|
    |overflow_3_fu_3648_p2             |       and|   0|  0|   2|           1|           1|
    |overflow_4_fu_3729_p2             |       and|   0|  0|   2|           1|           1|
    |overflow_5_fu_3861_p2             |       and|   0|  0|   2|           1|           1|
    |overflow_6_fu_3938_p2             |       and|   0|  0|   2|           1|           1|
    |overflow_7_fu_4019_p2             |       and|   0|  0|   2|           1|           1|
    |overflow_8_fu_4100_p2             |       and|   0|  0|   2|           1|           1|
    |overflow_9_fu_4181_p2             |       and|   0|  0|   2|           1|           1|
    |Range1_all_zeros_fu_4298_p2       |      icmp|   0|  0|  11|          11|           1|
    |icmp_ln71_1_fu_3314_p2            |      icmp|   0|  0|  10|           6|           7|
    |icmp_ln71_fu_2577_p2              |      icmp|   0|  0|  10|           6|           7|
    |or_ln888_fu_4318_p2               |        or|   0|  0|   2|           1|           1|
    |overflow_fu_4336_p2               |        or|   0|  0|   2|           1|           1|
    |acc_V_11_fu_3878_p3               |    select|   0|  0|  32|           1|          32|
    |acc_V_13_fu_3958_p3               |    select|   0|  0|  32|           1|          32|
    |acc_V_15_fu_4039_p3               |    select|   0|  0|  32|           1|          32|
    |acc_V_17_fu_4120_p3               |    select|   0|  0|  32|           1|          32|
    |acc_V_19_fu_4224_p3               |    select|   0|  0|  30|           1|           1|
    |acc_V_3_fu_3506_p3                |    select|   0|  0|  32|           1|          32|
    |acc_V_5_fu_3587_p3                |    select|   0|  0|  32|           1|          32|
    |acc_V_7_fu_3668_p3                |    select|   0|  0|  32|           1|          32|
    |acc_V_9_fu_3749_p3                |    select|   0|  0|  32|           1|          32|
    |acc_V_fu_4201_p3                  |    select|   0|  0|  32|           1|          32|
    |select_ln302_fu_4342_p3           |    select|   0|  0|   7|           1|           2|
    |select_ln346_1_fu_3579_p3         |    select|   0|  0|  33|           1|          31|
    |select_ln346_2_fu_3660_p3         |    select|   0|  0|  33|           1|          31|
    |select_ln346_3_fu_3741_p3         |    select|   0|  0|  33|           1|          31|
    |select_ln346_4_fu_3870_p3         |    select|   0|  0|  33|           1|          31|
    |select_ln346_5_fu_3950_p3         |    select|   0|  0|  33|           1|          31|
    |select_ln346_6_fu_4031_p3         |    select|   0|  0|  33|           1|          31|
    |select_ln346_7_fu_4112_p3         |    select|   0|  0|  33|           1|          31|
    |select_ln346_8_fu_4193_p3         |    select|   0|  0|  33|           1|          31|
    |select_ln346_fu_3498_p3           |    select|   0|  0|  33|           1|          31|
    |ap_enable_pp0                     |       xor|   0|  0|   2|           1|           2|
    |xor_ln302_1_fu_3573_p2            |       xor|   0|  0|   2|           1|           1|
    |xor_ln302_2_fu_3654_p2            |       xor|   0|  0|   2|           1|           1|
    |xor_ln302_3_fu_3735_p2            |       xor|   0|  0|   2|           1|           1|
    |xor_ln302_4_fu_3866_p2            |       xor|   0|  0|   2|           1|           1|
    |xor_ln302_5_fu_3944_p2            |       xor|   0|  0|   2|           1|           1|
    |xor_ln302_6_fu_4025_p2            |       xor|   0|  0|   2|           1|           1|
    |xor_ln302_7_fu_4106_p2            |       xor|   0|  0|   2|           1|           1|
    |xor_ln302_8_fu_4187_p2            |       xor|   0|  0|   2|           1|           1|
    |xor_ln302_fu_3492_p2              |       xor|   0|  0|   2|           1|           1|
    |xor_ln888_fu_4312_p2              |       xor|   0|  0|   2|           1|           2|
    |xor_ln895_1_fu_3480_p2            |       xor|   0|  0|   2|           1|           2|
    |xor_ln895_2_fu_3561_p2            |       xor|   0|  0|   2|           1|           2|
    |xor_ln895_3_fu_3642_p2            |       xor|   0|  0|   2|           1|           2|
    |xor_ln895_4_fu_3723_p2            |       xor|   0|  0|   2|           1|           2|
    |xor_ln895_5_fu_3856_p2            |       xor|   0|  0|   2|           1|           2|
    |xor_ln895_6_fu_3932_p2            |       xor|   0|  0|   2|           1|           2|
    |xor_ln895_7_fu_4013_p2            |       xor|   0|  0|   2|           1|           2|
    |xor_ln895_8_fu_4094_p2            |       xor|   0|  0|   2|           1|           2|
    |xor_ln895_9_fu_4175_p2            |       xor|   0|  0|   2|           1|           2|
    |xor_ln895_fu_4330_p2              |       xor|   0|  0|   2|           1|           2|
    +----------------------------------+----------+----+---+----+------------+------------+
    |Total                             |          |   0|  0|1709|         840|        1290|
    +----------------------------------+----------+----+---+----+------------+------------+

    * Multiplexer: 
    +----------------------------------+----+-----------+-----+-----------+
    |               Name               | LUT| Input Size| Bits| Total Bits|
    +----------------------------------+----+-----------+-----+-----------+
    |ap_NS_fsm                         |  14|          3|    1|          3|
    |ap_done_int                       |   9|          2|    1|          2|
    |ap_enable_reg_pp0_iter0           |   9|          2|    1|          2|
    |ap_enable_reg_pp0_iter1           |   9|          2|    1|          2|
    |ap_enable_reg_pp0_iter2           |   9|          2|    1|          2|
    |ap_loop_exit_ready_pp0_iter1_reg  |   9|          2|    1|          2|
    |ap_sig_allocacmp_ch_1             |   9|          2|    6|         12|
    |ch_fu_702                         |   9|          2|    6|         12|
    |conv3_weights_address0            |  14|          3|   15|         45|
    |conv3_weights_address1            |  14|          3|   15|         45|
    |conv3_weights_address2            |  14|          3|   15|         45|
    |conv3_weights_address3            |  14|          3|   15|         45|
    |lhs_fu_698                        |   9|          2|   32|         64|
    |s_conv3_blk_n                     |   9|          2|    1|          2|
    +----------------------------------+----+-----------+-----+-----------+
    |Total                             | 151|         33|  111|        283|
    +----------------------------------+----+-----------+-----+-----------+

    * Register: 
    +------------------------------------+----+----+-----+-----------+
    |                Name                | FF | LUT| Bits| Const Bits|
    +------------------------------------+----+----+-----+-----------+
    |acc_V_10_reg_4506                   |  32|   0|   32|          0|
    |acc_V_reg_4537                      |  32|   0|   32|          0|
    |add_ln76_2_reg_4373                 |  15|   0|   15|          0|
    |ap_CS_fsm                           |   2|   0|    2|          0|
    |ap_done_reg                         |   1|   0|    1|          0|
    |ap_enable_reg_pp0_iter0_reg         |   1|   0|    1|          0|
    |ap_enable_reg_pp0_iter1             |   1|   0|    1|          0|
    |ap_enable_reg_pp0_iter2             |   1|   0|    1|          0|
    |ap_loop_exit_ready_pp0_iter1_reg    |   1|   0|    1|          0|
    |ch_fu_702                           |   6|   0|    6|          0|
    |icmp_ln71_1_reg_4451                |   1|   0|    1|          0|
    |icmp_ln71_1_reg_4451_pp0_iter1_reg  |   1|   0|    1|          0|
    |icmp_ln71_reg_4369                  |   1|   0|    1|          0|
    |lhs_fu_698                          |  32|   0|   32|          0|
    |mul_ln1347_1_reg_4460               |  12|   0|   12|          0|
    |mul_ln1347_2_reg_4465               |  12|   0|   12|          0|
    |mul_ln1347_3_reg_4470               |  12|   0|   12|          0|
    |mul_ln1347_4_reg_4475               |  12|   0|   12|          0|
    |mul_ln1347_5_reg_4517               |  12|   0|   12|          0|
    |mul_ln1347_6_reg_4522               |  12|   0|   12|          0|
    |mul_ln1347_7_reg_4527               |  12|   0|   12|          0|
    |mul_ln1347_8_reg_4532               |  12|   0|   12|          0|
    |mul_ln1347_reg_4455                 |  12|   0|   12|          0|
    |p_Result_8_reg_4500                 |   1|   0|    1|          0|
    |p_Result_9_reg_4511                 |   1|   0|    1|          0|
    |px_V_1_reg_4396                     |   8|   0|    8|          0|
    |px_V_2_reg_4406                     |   8|   0|    8|          0|
    |px_V_3_reg_4416                     |   8|   0|    8|          0|
    |px_V_4_reg_4426                     |   8|   0|    8|          0|
    |px_V_5_reg_4431                     |   8|   0|    8|          0|
    |px_V_6_reg_4436                     |   8|   0|    8|          0|
    |px_V_7_reg_4441                     |   8|   0|    8|          0|
    |px_V_8_reg_4446                     |   8|   0|    8|          0|
    |px_V_reg_4386                       |   8|   0|    8|          0|
    +------------------------------------+----+----+-----+-----------+
    |Total                               | 309|   0|  309|          0|
    +------------------------------------+----+----+-----+-----------+



================================================================
== Interface
================================================================
* Summary: 
+-------------------------+-----+-----+------------+-------------------------------------------------+--------------+
|        RTL Ports        | Dir | Bits|  Protocol  |                  Source Object                  |    C Type    |
+-------------------------+-----+-----+------------+-------------------------------------------------+--------------+
|ap_clk                   |   in|    1|  ap_ctrl_hs|  layer_block<32, 64, 8>_Pipeline_VITIS_LOOP_71_8|  return value|
|ap_rst                   |   in|    1|  ap_ctrl_hs|  layer_block<32, 64, 8>_Pipeline_VITIS_LOOP_71_8|  return value|
|ap_start                 |   in|    1|  ap_ctrl_hs|  layer_block<32, 64, 8>_Pipeline_VITIS_LOOP_71_8|  return value|
|ap_done                  |  out|    1|  ap_ctrl_hs|  layer_block<32, 64, 8>_Pipeline_VITIS_LOOP_71_8|  return value|
|ap_idle                  |  out|    1|  ap_ctrl_hs|  layer_block<32, 64, 8>_Pipeline_VITIS_LOOP_71_8|  return value|
|ap_ready                 |  out|    1|  ap_ctrl_hs|  layer_block<32, 64, 8>_Pipeline_VITIS_LOOP_71_8|  return value|
|sext_ln66                |   in|   15|     ap_none|                                        sext_ln66|        scalar|
|zext_ln71_1              |   in|   11|     ap_none|                                      zext_ln71_1|        scalar|
|zext_ln76                |   in|   14|     ap_none|                                        zext_ln76|        scalar|
|window_V_2101_i_reload   |   in|    8|     ap_none|                           window_V_2101_i_reload|        scalar|
|window_V_9_2_i_reload    |   in|    8|     ap_none|                            window_V_9_2_i_reload|        scalar|
|window_V_18_2_i_reload   |   in|    8|     ap_none|                           window_V_18_2_i_reload|        scalar|
|window_V_27_2_i_reload   |   in|    8|     ap_none|                           window_V_27_2_i_reload|        scalar|
|window_V_36_2_i_reload   |   in|    8|     ap_none|                           window_V_36_2_i_reload|        scalar|
|window_V_45_2_i_reload   |   in|    8|     ap_none|                           window_V_45_2_i_reload|        scalar|
|window_V_54_2_i_reload   |   in|    8|     ap_none|                           window_V_54_2_i_reload|        scalar|
|window_V_63_2_i_reload   |   in|    8|     ap_none|                           window_V_63_2_i_reload|        scalar|
|window_V_72_2_i_reload   |   in|    8|     ap_none|                           window_V_72_2_i_reload|        scalar|
|window_V_81_2_i_reload   |   in|    8|     ap_none|                           window_V_81_2_i_reload|        scalar|
|window_V_90_2_i_reload   |   in|    8|     ap_none|                           window_V_90_2_i_reload|        scalar|
|window_V_99_2_i_reload   |   in|    8|     ap_none|                           window_V_99_2_i_reload|        scalar|
|window_V_108_2_i_reload  |   in|    8|     ap_none|                          window_V_108_2_i_reload|        scalar|
|window_V_117_2_i_reload  |   in|    8|     ap_none|                          window_V_117_2_i_reload|        scalar|
|window_V_126_2_i_reload  |   in|    8|     ap_none|                          window_V_126_2_i_reload|        scalar|
|window_V_135_2_i_reload  |   in|    8|     ap_none|                          window_V_135_2_i_reload|        scalar|
|window_V_144_2_i_reload  |   in|    8|     ap_none|                          window_V_144_2_i_reload|        scalar|
|window_V_153_2_i_reload  |   in|    8|     ap_none|                          window_V_153_2_i_reload|        scalar|
|window_V_162_2_i_reload  |   in|    8|     ap_none|                          window_V_162_2_i_reload|        scalar|
|window_V_171_2_i_reload  |   in|    8|     ap_none|                          window_V_171_2_i_reload|        scalar|
|window_V_180_2_i_reload  |   in|    8|     ap_none|                          window_V_180_2_i_reload|        scalar|
|window_V_189_2_i_reload  |   in|    8|     ap_none|                          window_V_189_2_i_reload|        scalar|
|window_V_198_2_i_reload  |   in|    8|     ap_none|                          window_V_198_2_i_reload|        scalar|
|window_V_207_2_i_reload  |   in|    8|     ap_none|                          window_V_207_2_i_reload|        scalar|
|window_V_216_2_i_reload  |   in|    8|     ap_none|                          window_V_216_2_i_reload|        scalar|
|window_V_225_2_i_reload  |   in|    8|     ap_none|                          window_V_225_2_i_reload|        scalar|
|window_V_234_2_i_reload  |   in|    8|     ap_none|                          window_V_234_2_i_reload|        scalar|
|window_V_243_2_i_reload  |   in|    8|     ap_none|                          window_V_243_2_i_reload|        scalar|
|window_V_252_2_i_reload  |   in|    8|     ap_none|                          window_V_252_2_i_reload|        scalar|
|window_V_261_2_i_reload  |   in|    8|     ap_none|                          window_V_261_2_i_reload|        scalar|
|window_V_270_2_i_reload  |   in|    8|     ap_none|                          window_V_270_2_i_reload|        scalar|
|window_V_279_2_i_reload  |   in|    8|     ap_none|                          window_V_279_2_i_reload|        scalar|
|window_V_1_2_i_reload    |   in|    8|     ap_none|                            window_V_1_2_i_reload|        scalar|
|window_V_10_2_i_reload   |   in|    8|     ap_none|                           window_V_10_2_i_reload|        scalar|
|window_V_19_2_i_reload   |   in|    8|     ap_none|                           window_V_19_2_i_reload|        scalar|
|window_V_28_2_i_reload   |   in|    8|     ap_none|                           window_V_28_2_i_reload|        scalar|
|window_V_37_2_i_reload   |   in|    8|     ap_none|                           window_V_37_2_i_reload|        scalar|
|window_V_46_2_i_reload   |   in|    8|     ap_none|                           window_V_46_2_i_reload|        scalar|
|window_V_55_2_i_reload   |   in|    8|     ap_none|                           window_V_55_2_i_reload|        scalar|
|window_V_64_2_i_reload   |   in|    8|     ap_none|                           window_V_64_2_i_reload|        scalar|
|window_V_73_2_i_reload   |   in|    8|     ap_none|                           window_V_73_2_i_reload|        scalar|
|window_V_82_2_i_reload   |   in|    8|     ap_none|                           window_V_82_2_i_reload|        scalar|
|window_V_91_2_i_reload   |   in|    8|     ap_none|                           window_V_91_2_i_reload|        scalar|
|window_V_100_2_i_reload  |   in|    8|     ap_none|                          window_V_100_2_i_reload|        scalar|
|window_V_109_2_i_reload  |   in|    8|     ap_none|                          window_V_109_2_i_reload|        scalar|
|window_V_118_2_i_reload  |   in|    8|     ap_none|                          window_V_118_2_i_reload|        scalar|
|window_V_127_2_i_reload  |   in|    8|     ap_none|                          window_V_127_2_i_reload|        scalar|
|window_V_136_2_i_reload  |   in|    8|     ap_none|                          window_V_136_2_i_reload|        scalar|
|window_V_145_2_i_reload  |   in|    8|     ap_none|                          window_V_145_2_i_reload|        scalar|
|window_V_154_2_i_reload  |   in|    8|     ap_none|                          window_V_154_2_i_reload|        scalar|
|window_V_163_2_i_reload  |   in|    8|     ap_none|                          window_V_163_2_i_reload|        scalar|
|window_V_172_2_i_reload  |   in|    8|     ap_none|                          window_V_172_2_i_reload|        scalar|
|window_V_181_2_i_reload  |   in|    8|     ap_none|                          window_V_181_2_i_reload|        scalar|
|window_V_190_2_i_reload  |   in|    8|     ap_none|                          window_V_190_2_i_reload|        scalar|
|window_V_199_2_i_reload  |   in|    8|     ap_none|                          window_V_199_2_i_reload|        scalar|
|window_V_208_2_i_reload  |   in|    8|     ap_none|                          window_V_208_2_i_reload|        scalar|
|window_V_217_2_i_reload  |   in|    8|     ap_none|                          window_V_217_2_i_reload|        scalar|
|window_V_226_2_i_reload  |   in|    8|     ap_none|                          window_V_226_2_i_reload|        scalar|
|window_V_235_2_i_reload  |   in|    8|     ap_none|                          window_V_235_2_i_reload|        scalar|
|window_V_244_2_i_reload  |   in|    8|     ap_none|                          window_V_244_2_i_reload|        scalar|
|window_V_253_2_i_reload  |   in|    8|     ap_none|                          window_V_253_2_i_reload|        scalar|
|window_V_262_2_i_reload  |   in|    8|     ap_none|                          window_V_262_2_i_reload|        scalar|
|window_V_271_2_i_reload  |   in|    8|     ap_none|                          window_V_271_2_i_reload|        scalar|
|window_V_280_2_i_reload  |   in|    8|     ap_none|                          window_V_280_2_i_reload|        scalar|
|window_V_9_reload        |   in|    8|     ap_none|                                window_V_9_reload|        scalar|
|window_V_16_reload       |   in|    8|     ap_none|                               window_V_16_reload|        scalar|
|window_V_23_reload       |   in|    8|     ap_none|                               window_V_23_reload|        scalar|
|window_V_30_reload       |   in|    8|     ap_none|                               window_V_30_reload|        scalar|
|window_V_37_reload       |   in|    8|     ap_none|                               window_V_37_reload|        scalar|
|window_V_44_reload       |   in|    8|     ap_none|                               window_V_44_reload|        scalar|
|window_V_51_reload       |   in|    8|     ap_none|                               window_V_51_reload|        scalar|
|window_V_58_reload       |   in|    8|     ap_none|                               window_V_58_reload|        scalar|
|window_V_65_reload       |   in|    8|     ap_none|                               window_V_65_reload|        scalar|
|window_V_72_reload       |   in|    8|     ap_none|                               window_V_72_reload|        scalar|
|window_V_79_reload       |   in|    8|     ap_none|                               window_V_79_reload|        scalar|
|window_V_86_reload       |   in|    8|     ap_none|                               window_V_86_reload|        scalar|
|window_V_93_reload       |   in|    8|     ap_none|                               window_V_93_reload|        scalar|
|window_V_100_reload      |   in|    8|     ap_none|                              window_V_100_reload|        scalar|
|window_V_107_reload      |   in|    8|     ap_none|                              window_V_107_reload|        scalar|
|window_V_114_reload      |   in|    8|     ap_none|                              window_V_114_reload|        scalar|
|window_V_121_reload      |   in|    8|     ap_none|                              window_V_121_reload|        scalar|
|window_V_128_reload      |   in|    8|     ap_none|                              window_V_128_reload|        scalar|
|window_V_135_reload      |   in|    8|     ap_none|                              window_V_135_reload|        scalar|
|window_V_142_reload      |   in|    8|     ap_none|                              window_V_142_reload|        scalar|
|window_V_149_reload      |   in|    8|     ap_none|                              window_V_149_reload|        scalar|
|window_V_156_reload      |   in|    8|     ap_none|                              window_V_156_reload|        scalar|
|window_V_163_reload      |   in|    8|     ap_none|                              window_V_163_reload|        scalar|
|window_V_170_reload      |   in|    8|     ap_none|                              window_V_170_reload|        scalar|
|window_V_177_reload      |   in|    8|     ap_none|                              window_V_177_reload|        scalar|
|window_V_184_reload      |   in|    8|     ap_none|                              window_V_184_reload|        scalar|
|window_V_191_reload      |   in|    8|     ap_none|                              window_V_191_reload|        scalar|
|window_V_198_reload      |   in|    8|     ap_none|                              window_V_198_reload|        scalar|
|window_V_205_reload      |   in|    8|     ap_none|                              window_V_205_reload|        scalar|
|window_V_212_reload      |   in|    8|     ap_none|                              window_V_212_reload|        scalar|
|window_V_219_reload      |   in|    8|     ap_none|                              window_V_219_reload|        scalar|
|window_V_1_reload        |   in|    8|     ap_none|                                window_V_1_reload|        scalar|
|window_V_3_2_i_reload    |   in|    8|     ap_none|                            window_V_3_2_i_reload|        scalar|
|window_V_12_2_i_reload   |   in|    8|     ap_none|                           window_V_12_2_i_reload|        scalar|
|window_V_21_2_i_reload   |   in|    8|     ap_none|                           window_V_21_2_i_reload|        scalar|
|window_V_30_2_i_reload   |   in|    8|     ap_none|                           window_V_30_2_i_reload|        scalar|
|window_V_39_2_i_reload   |   in|    8|     ap_none|                           window_V_39_2_i_reload|        scalar|
|window_V_48_2_i_reload   |   in|    8|     ap_none|                           window_V_48_2_i_reload|        scalar|
|window_V_57_2_i_reload   |   in|    8|     ap_none|                           window_V_57_2_i_reload|        scalar|
|window_V_66_2_i_reload   |   in|    8|     ap_none|                           window_V_66_2_i_reload|        scalar|
|window_V_75_2_i_reload   |   in|    8|     ap_none|                           window_V_75_2_i_reload|        scalar|
|window_V_84_2_i_reload   |   in|    8|     ap_none|                           window_V_84_2_i_reload|        scalar|
|window_V_93_2_i_reload   |   in|    8|     ap_none|                           window_V_93_2_i_reload|        scalar|
|window_V_102_2_i_reload  |   in|    8|     ap_none|                          window_V_102_2_i_reload|        scalar|
|window_V_111_2_i_reload  |   in|    8|     ap_none|                          window_V_111_2_i_reload|        scalar|
|window_V_120_2_i_reload  |   in|    8|     ap_none|                          window_V_120_2_i_reload|        scalar|
|window_V_129_2_i_reload  |   in|    8|     ap_none|                          window_V_129_2_i_reload|        scalar|
|window_V_138_2_i_reload  |   in|    8|     ap_none|                          window_V_138_2_i_reload|        scalar|
|window_V_147_2_i_reload  |   in|    8|     ap_none|                          window_V_147_2_i_reload|        scalar|
|window_V_156_2_i_reload  |   in|    8|     ap_none|                          window_V_156_2_i_reload|        scalar|
|window_V_165_2_i_reload  |   in|    8|     ap_none|                          window_V_165_2_i_reload|        scalar|
|window_V_174_2_i_reload  |   in|    8|     ap_none|                          window_V_174_2_i_reload|        scalar|
|window_V_183_2_i_reload  |   in|    8|     ap_none|                          window_V_183_2_i_reload|        scalar|
|window_V_192_2_i_reload  |   in|    8|     ap_none|                          window_V_192_2_i_reload|        scalar|
|window_V_201_2_i_reload  |   in|    8|     ap_none|                          window_V_201_2_i_reload|        scalar|
|window_V_210_2_i_reload  |   in|    8|     ap_none|                          window_V_210_2_i_reload|        scalar|
|window_V_219_2_i_reload  |   in|    8|     ap_none|                          window_V_219_2_i_reload|        scalar|
|window_V_228_2_i_reload  |   in|    8|     ap_none|                          window_V_228_2_i_reload|        scalar|
|window_V_237_2_i_reload  |   in|    8|     ap_none|                          window_V_237_2_i_reload|        scalar|
|window_V_246_2_i_reload  |   in|    8|     ap_none|                          window_V_246_2_i_reload|        scalar|
|window_V_255_2_i_reload  |   in|    8|     ap_none|                          window_V_255_2_i_reload|        scalar|
|window_V_264_2_i_reload  |   in|    8|     ap_none|                          window_V_264_2_i_reload|        scalar|
|window_V_273_2_i_reload  |   in|    8|     ap_none|                          window_V_273_2_i_reload|        scalar|
|window_V_282_2_i_reload  |   in|    8|     ap_none|                          window_V_282_2_i_reload|        scalar|
|window_V_10_reload       |   in|    8|     ap_none|                               window_V_10_reload|        scalar|
|window_V_17_reload       |   in|    8|     ap_none|                               window_V_17_reload|        scalar|
|window_V_24_reload       |   in|    8|     ap_none|                               window_V_24_reload|        scalar|
|window_V_31_reload       |   in|    8|     ap_none|                               window_V_31_reload|        scalar|
|window_V_38_reload       |   in|    8|     ap_none|                               window_V_38_reload|        scalar|
|window_V_45_reload       |   in|    8|     ap_none|                               window_V_45_reload|        scalar|
|window_V_52_reload       |   in|    8|     ap_none|                               window_V_52_reload|        scalar|
|window_V_59_reload       |   in|    8|     ap_none|                               window_V_59_reload|        scalar|
|window_V_66_reload       |   in|    8|     ap_none|                               window_V_66_reload|        scalar|
|window_V_73_reload       |   in|    8|     ap_none|                               window_V_73_reload|        scalar|
|window_V_80_reload       |   in|    8|     ap_none|                               window_V_80_reload|        scalar|
|window_V_87_reload       |   in|    8|     ap_none|                               window_V_87_reload|        scalar|
|window_V_94_reload       |   in|    8|     ap_none|                               window_V_94_reload|        scalar|
|window_V_101_reload      |   in|    8|     ap_none|                              window_V_101_reload|        scalar|
|window_V_108_reload      |   in|    8|     ap_none|                              window_V_108_reload|        scalar|
|window_V_115_reload      |   in|    8|     ap_none|                              window_V_115_reload|        scalar|
|window_V_122_reload      |   in|    8|     ap_none|                              window_V_122_reload|        scalar|
|window_V_129_reload      |   in|    8|     ap_none|                              window_V_129_reload|        scalar|
|window_V_136_reload      |   in|    8|     ap_none|                              window_V_136_reload|        scalar|
|window_V_143_reload      |   in|    8|     ap_none|                              window_V_143_reload|        scalar|
|window_V_150_reload      |   in|    8|     ap_none|                              window_V_150_reload|        scalar|
|window_V_157_reload      |   in|    8|     ap_none|                              window_V_157_reload|        scalar|
|window_V_164_reload      |   in|    8|     ap_none|                              window_V_164_reload|        scalar|
|window_V_171_reload      |   in|    8|     ap_none|                              window_V_171_reload|        scalar|
|window_V_178_reload      |   in|    8|     ap_none|                              window_V_178_reload|        scalar|
|window_V_185_reload      |   in|    8|     ap_none|                              window_V_185_reload|        scalar|
|window_V_192_reload      |   in|    8|     ap_none|                              window_V_192_reload|        scalar|
|window_V_199_reload      |   in|    8|     ap_none|                              window_V_199_reload|        scalar|
|window_V_206_reload      |   in|    8|     ap_none|                              window_V_206_reload|        scalar|
|window_V_213_reload      |   in|    8|     ap_none|                              window_V_213_reload|        scalar|
|window_V_220_reload      |   in|    8|     ap_none|                              window_V_220_reload|        scalar|
|window_V_2_reload        |   in|    8|     ap_none|                                window_V_2_reload|        scalar|
|window_V_11_reload       |   in|    8|     ap_none|                               window_V_11_reload|        scalar|
|window_V_18_reload       |   in|    8|     ap_none|                               window_V_18_reload|        scalar|
|window_V_25_reload       |   in|    8|     ap_none|                               window_V_25_reload|        scalar|
|window_V_32_reload       |   in|    8|     ap_none|                               window_V_32_reload|        scalar|
|window_V_39_reload       |   in|    8|     ap_none|                               window_V_39_reload|        scalar|
|window_V_46_reload       |   in|    8|     ap_none|                               window_V_46_reload|        scalar|
|window_V_53_reload       |   in|    8|     ap_none|                               window_V_53_reload|        scalar|
|window_V_60_reload       |   in|    8|     ap_none|                               window_V_60_reload|        scalar|
|window_V_67_reload       |   in|    8|     ap_none|                               window_V_67_reload|        scalar|
|window_V_74_reload       |   in|    8|     ap_none|                               window_V_74_reload|        scalar|
|window_V_81_reload       |   in|    8|     ap_none|                               window_V_81_reload|        scalar|
|window_V_88_reload       |   in|    8|     ap_none|                               window_V_88_reload|        scalar|
|window_V_95_reload       |   in|    8|     ap_none|                               window_V_95_reload|        scalar|
|window_V_102_reload      |   in|    8|     ap_none|                              window_V_102_reload|        scalar|
|window_V_109_reload      |   in|    8|     ap_none|                              window_V_109_reload|        scalar|
|window_V_116_reload      |   in|    8|     ap_none|                              window_V_116_reload|        scalar|
|window_V_123_reload      |   in|    8|     ap_none|                              window_V_123_reload|        scalar|
|window_V_130_reload      |   in|    8|     ap_none|                              window_V_130_reload|        scalar|
|window_V_137_reload      |   in|    8|     ap_none|                              window_V_137_reload|        scalar|
|window_V_144_reload      |   in|    8|     ap_none|                              window_V_144_reload|        scalar|
|window_V_151_reload      |   in|    8|     ap_none|                              window_V_151_reload|        scalar|
|window_V_158_reload      |   in|    8|     ap_none|                              window_V_158_reload|        scalar|
|window_V_165_reload      |   in|    8|     ap_none|                              window_V_165_reload|        scalar|
|window_V_172_reload      |   in|    8|     ap_none|                              window_V_172_reload|        scalar|
|window_V_179_reload      |   in|    8|     ap_none|                              window_V_179_reload|        scalar|
|window_V_186_reload      |   in|    8|     ap_none|                              window_V_186_reload|        scalar|
|window_V_193_reload      |   in|    8|     ap_none|                              window_V_193_reload|        scalar|
|window_V_200_reload      |   in|    8|     ap_none|                              window_V_200_reload|        scalar|
|window_V_207_reload      |   in|    8|     ap_none|                              window_V_207_reload|        scalar|
|window_V_214_reload      |   in|    8|     ap_none|                              window_V_214_reload|        scalar|
|window_V_221_reload      |   in|    8|     ap_none|                              window_V_221_reload|        scalar|
|window_V_3_reload        |   in|    8|     ap_none|                                window_V_3_reload|        scalar|
|window_V_6_2_i_reload    |   in|    8|     ap_none|                            window_V_6_2_i_reload|        scalar|
|window_V_15_2_i_reload   |   in|    8|     ap_none|                           window_V_15_2_i_reload|        scalar|
|window_V_24_2_i_reload   |   in|    8|     ap_none|                           window_V_24_2_i_reload|        scalar|
|window_V_33_2_i_reload   |   in|    8|     ap_none|                           window_V_33_2_i_reload|        scalar|
|window_V_42_2_i_reload   |   in|    8|     ap_none|                           window_V_42_2_i_reload|        scalar|
|window_V_51_2_i_reload   |   in|    8|     ap_none|                           window_V_51_2_i_reload|        scalar|
|window_V_60_2_i_reload   |   in|    8|     ap_none|                           window_V_60_2_i_reload|        scalar|
|window_V_69_2_i_reload   |   in|    8|     ap_none|                           window_V_69_2_i_reload|        scalar|
|window_V_78_2_i_reload   |   in|    8|     ap_none|                           window_V_78_2_i_reload|        scalar|
|window_V_87_2_i_reload   |   in|    8|     ap_none|                           window_V_87_2_i_reload|        scalar|
|window_V_96_2_i_reload   |   in|    8|     ap_none|                           window_V_96_2_i_reload|        scalar|
|window_V_105_2_i_reload  |   in|    8|     ap_none|                          window_V_105_2_i_reload|        scalar|
|window_V_114_2_i_reload  |   in|    8|     ap_none|                          window_V_114_2_i_reload|        scalar|
|window_V_123_2_i_reload  |   in|    8|     ap_none|                          window_V_123_2_i_reload|        scalar|
|window_V_132_2_i_reload  |   in|    8|     ap_none|                          window_V_132_2_i_reload|        scalar|
|window_V_141_2_i_reload  |   in|    8|     ap_none|                          window_V_141_2_i_reload|        scalar|
|window_V_150_2_i_reload  |   in|    8|     ap_none|                          window_V_150_2_i_reload|        scalar|
|window_V_159_2_i_reload  |   in|    8|     ap_none|                          window_V_159_2_i_reload|        scalar|
|window_V_168_2_i_reload  |   in|    8|     ap_none|                          window_V_168_2_i_reload|        scalar|
|window_V_177_2_i_reload  |   in|    8|     ap_none|                          window_V_177_2_i_reload|        scalar|
|window_V_186_2_i_reload  |   in|    8|     ap_none|                          window_V_186_2_i_reload|        scalar|
|window_V_195_2_i_reload  |   in|    8|     ap_none|                          window_V_195_2_i_reload|        scalar|
|window_V_204_2_i_reload  |   in|    8|     ap_none|                          window_V_204_2_i_reload|        scalar|
|window_V_213_2_i_reload  |   in|    8|     ap_none|                          window_V_213_2_i_reload|        scalar|
|window_V_222_2_i_reload  |   in|    8|     ap_none|                          window_V_222_2_i_reload|        scalar|
|window_V_231_2_i_reload  |   in|    8|     ap_none|                          window_V_231_2_i_reload|        scalar|
|window_V_240_2_i_reload  |   in|    8|     ap_none|                          window_V_240_2_i_reload|        scalar|
|window_V_249_2_i_reload  |   in|    8|     ap_none|                          window_V_249_2_i_reload|        scalar|
|window_V_258_2_i_reload  |   in|    8|     ap_none|                          window_V_258_2_i_reload|        scalar|
|window_V_267_2_i_reload  |   in|    8|     ap_none|                          window_V_267_2_i_reload|        scalar|
|window_V_276_2_i_reload  |   in|    8|     ap_none|                          window_V_276_2_i_reload|        scalar|
|window_V_285_2_i_reload  |   in|    8|     ap_none|                          window_V_285_2_i_reload|        scalar|
|window_V_12_reload       |   in|    8|     ap_none|                               window_V_12_reload|        scalar|
|window_V_19_reload       |   in|    8|     ap_none|                               window_V_19_reload|        scalar|
|window_V_26_reload       |   in|    8|     ap_none|                               window_V_26_reload|        scalar|
|window_V_33_reload       |   in|    8|     ap_none|                               window_V_33_reload|        scalar|
|window_V_40_reload       |   in|    8|     ap_none|                               window_V_40_reload|        scalar|
|window_V_47_reload       |   in|    8|     ap_none|                               window_V_47_reload|        scalar|
|window_V_54_reload       |   in|    8|     ap_none|                               window_V_54_reload|        scalar|
|window_V_61_reload       |   in|    8|     ap_none|                               window_V_61_reload|        scalar|
|window_V_68_reload       |   in|    8|     ap_none|                               window_V_68_reload|        scalar|
|window_V_75_reload       |   in|    8|     ap_none|                               window_V_75_reload|        scalar|
|window_V_82_reload       |   in|    8|     ap_none|                               window_V_82_reload|        scalar|
|window_V_89_reload       |   in|    8|     ap_none|                               window_V_89_reload|        scalar|
|window_V_96_reload       |   in|    8|     ap_none|                               window_V_96_reload|        scalar|
|window_V_103_reload      |   in|    8|     ap_none|                              window_V_103_reload|        scalar|
|window_V_110_reload      |   in|    8|     ap_none|                              window_V_110_reload|        scalar|
|window_V_117_reload      |   in|    8|     ap_none|                              window_V_117_reload|        scalar|
|window_V_124_reload      |   in|    8|     ap_none|                              window_V_124_reload|        scalar|
|window_V_131_reload      |   in|    8|     ap_none|                              window_V_131_reload|        scalar|
|window_V_138_reload      |   in|    8|     ap_none|                              window_V_138_reload|        scalar|
|window_V_145_reload      |   in|    8|     ap_none|                              window_V_145_reload|        scalar|
|window_V_152_reload      |   in|    8|     ap_none|                              window_V_152_reload|        scalar|
|window_V_159_reload      |   in|    8|     ap_none|                              window_V_159_reload|        scalar|
|window_V_166_reload      |   in|    8|     ap_none|                              window_V_166_reload|        scalar|
|window_V_173_reload      |   in|    8|     ap_none|                              window_V_173_reload|        scalar|
|window_V_180_reload      |   in|    8|     ap_none|                              window_V_180_reload|        scalar|
|window_V_187_reload      |   in|    8|     ap_none|                              window_V_187_reload|        scalar|
|window_V_194_reload      |   in|    8|     ap_none|                              window_V_194_reload|        scalar|
|window_V_201_reload      |   in|    8|     ap_none|                              window_V_201_reload|        scalar|
|window_V_208_reload      |   in|    8|     ap_none|                              window_V_208_reload|        scalar|
|window_V_215_reload      |   in|    8|     ap_none|                              window_V_215_reload|        scalar|
|window_V_222_reload      |   in|    8|     ap_none|                              window_V_222_reload|        scalar|
|window_V_4_reload        |   in|    8|     ap_none|                                window_V_4_reload|        scalar|
|window_V_13_reload       |   in|    8|     ap_none|                               window_V_13_reload|        scalar|
|window_V_20_reload       |   in|    8|     ap_none|                               window_V_20_reload|        scalar|
|window_V_27_reload       |   in|    8|     ap_none|                               window_V_27_reload|        scalar|
|window_V_34_reload       |   in|    8|     ap_none|                               window_V_34_reload|        scalar|
|window_V_41_reload       |   in|    8|     ap_none|                               window_V_41_reload|        scalar|
|window_V_48_reload       |   in|    8|     ap_none|                               window_V_48_reload|        scalar|
|window_V_55_reload       |   in|    8|     ap_none|                               window_V_55_reload|        scalar|
|window_V_62_reload       |   in|    8|     ap_none|                               window_V_62_reload|        scalar|
|window_V_69_reload       |   in|    8|     ap_none|                               window_V_69_reload|        scalar|
|window_V_76_reload       |   in|    8|     ap_none|                               window_V_76_reload|        scalar|
|window_V_83_reload       |   in|    8|     ap_none|                               window_V_83_reload|        scalar|
|window_V_90_reload       |   in|    8|     ap_none|                               window_V_90_reload|        scalar|
|window_V_97_reload       |   in|    8|     ap_none|                               window_V_97_reload|        scalar|
|window_V_104_reload      |   in|    8|     ap_none|                              window_V_104_reload|        scalar|
|window_V_111_reload      |   in|    8|     ap_none|                              window_V_111_reload|        scalar|
|window_V_118_reload      |   in|    8|     ap_none|                              window_V_118_reload|        scalar|
|window_V_125_reload      |   in|    8|     ap_none|                              window_V_125_reload|        scalar|
|window_V_132_reload      |   in|    8|     ap_none|                              window_V_132_reload|        scalar|
|window_V_139_reload      |   in|    8|     ap_none|                              window_V_139_reload|        scalar|
|window_V_146_reload      |   in|    8|     ap_none|                              window_V_146_reload|        scalar|
|window_V_153_reload      |   in|    8|     ap_none|                              window_V_153_reload|        scalar|
|window_V_160_reload      |   in|    8|     ap_none|                              window_V_160_reload|        scalar|
|window_V_167_reload      |   in|    8|     ap_none|                              window_V_167_reload|        scalar|
|window_V_174_reload      |   in|    8|     ap_none|                              window_V_174_reload|        scalar|
|window_V_181_reload      |   in|    8|     ap_none|                              window_V_181_reload|        scalar|
|window_V_188_reload      |   in|    8|     ap_none|                              window_V_188_reload|        scalar|
|window_V_195_reload      |   in|    8|     ap_none|                              window_V_195_reload|        scalar|
|window_V_202_reload      |   in|    8|     ap_none|                              window_V_202_reload|        scalar|
|window_V_209_reload      |   in|    8|     ap_none|                              window_V_209_reload|        scalar|
|window_V_216_reload      |   in|    8|     ap_none|                              window_V_216_reload|        scalar|
|window_V_223_reload      |   in|    8|     ap_none|                              window_V_223_reload|        scalar|
|window_V_5_reload        |   in|    8|     ap_none|                                window_V_5_reload|        scalar|
|s_conv3_din              |  out|    8|     ap_fifo|                                          s_conv3|       pointer|
|s_conv3_num_data_valid   |   in|    7|     ap_fifo|                                          s_conv3|       pointer|
|s_conv3_fifo_cap         |   in|    7|     ap_fifo|                                          s_conv3|       pointer|
|s_conv3_full_n           |   in|    1|     ap_fifo|                                          s_conv3|       pointer|
|s_conv3_write            |  out|    1|     ap_fifo|                                          s_conv3|       pointer|
+-------------------------+-----+-----+------------+-------------------------------------------------+--------------+

