

================================================================
== Vitis HLS Report for 'layer_block_32_64_8_Pipeline_VITIS_LOOP_31_1_VITIS_LOOP_32_2_VITIS_LOOP_33_3'
================================================================
* Date:           Thu Dec 11 20:07:42 2025

* Version:        2022.2 (Build 3670227 on Oct 13 2022)
* Project:        vgg_accelerator
* Solution:       solution1 (Vivado IP Flow Target)
* Product family: zynquplus
* Target device:  xczu5eg-sfvc784-1-e


================================================================
== Performance Estimates
================================================================
+ Timing: 
    * Summary: 
    +--------+----------+----------+------------+
    |  Clock |  Target  | Estimated| Uncertainty|
    +--------+----------+----------+------------+
    |ap_clk  |  10.00 ns|  4.241 ns|     2.70 ns|
    +--------+----------+----------+------------+

+ Latency: 
    * Summary: 
    +---------+---------+----------+----------+-----+-----+---------+
    |  Latency (cycles) |  Latency (absolute) |  Interval | Pipeline|
    |   min   |   max   |    min   |    max   | min | max |   Type  |
    +---------+---------+----------+----------+-----+-----+---------+
    |      514|      514|  5.140 us|  5.140 us|  514|  514|       no|
    +---------+---------+----------+----------+-----+-----+---------+

    + Detail: 
        * Instance: 
        N/A

        * Loop: 
        +---------------------------------------------------+---------+---------+----------+-----------+-----------+------+----------+
        |                                                   |  Latency (cycles) | Iteration|  Initiation Interval  | Trip |          |
        |                     Loop Name                     |   min   |   max   |  Latency |  achieved |   target  | Count| Pipelined|
        +---------------------------------------------------+---------+---------+----------+-----------+-----------+------+----------+
        |- VITIS_LOOP_31_1_VITIS_LOOP_32_2_VITIS_LOOP_33_3  |      512|      512|         1|          1|          1|   512|       yes|
        +---------------------------------------------------+---------+---------+----------+-----------+-----------+------+----------+



================================================================
== Utilization Estimates
================================================================
* Summary: 
+-----------------+---------+------+--------+--------+-----+
|       Name      | BRAM_18K|  DSP |   FF   |   LUT  | URAM|
+-----------------+---------+------+--------+--------+-----+
|DSP              |        -|     -|       -|       -|    -|
|Expression       |        -|     -|       0|     139|    -|
|FIFO             |        -|     -|       -|       -|    -|
|Instance         |        -|     -|       -|       -|    -|
|Memory           |        -|     -|       -|       -|    -|
|Multiplexer      |        -|     -|       -|      99|    -|
|Register         |        -|     -|      30|       -|    -|
+-----------------+---------+------+--------+--------+-----+
|Total            |        0|     0|      30|     238|    0|
+-----------------+---------+------+--------+--------+-----+
|Available        |      288|  1248|  234240|  117120|   64|
+-----------------+---------+------+--------+--------+-----+
|Utilization (%)  |        0|     0|      ~0|      ~0|    0|
+-----------------+---------+------+--------+--------+-----+

+ Detail: 
    * Instance: 
    N/A

    * DSP: 
    N/A

    * Memory: 
    N/A

    * FIFO: 
    N/A

    * Expression: 
    +-------------------------+----------+----+---+----+------------+------------+
    |      Variable Name      | Operation| DSP| FF| LUT| Bitwidth P0| Bitwidth P1|
    +-------------------------+----------+----+---+----+------------+------------+
    |add_ln31_1_fu_143_p2     |         +|   0|  0|  17|          10|           1|
    |add_ln31_fu_158_p2       |         +|   0|  0|  13|           6|           1|
    |add_ln32_1_fu_288_p2     |         +|   0|  0|  13|           6|           1|
    |add_ln32_fu_226_p2       |         +|   0|  0|   9|           2|           1|
    |add_ln33_fu_282_p2       |         +|   0|  0|  12|           4|           1|
    |add_ln34_fu_270_p2       |         +|   0|  0|  15|           8|           8|
    |and_ln31_1_fu_220_p2     |       and|   0|  0|   2|           1|           1|
    |and_ln31_fu_208_p2       |       and|   0|  0|   2|           1|           1|
    |icmp_ln31_fu_137_p2      |      icmp|   0|  0|  11|          10|          11|
    |icmp_ln32_fu_164_p2      |      icmp|   0|  0|  10|           6|           5|
    |icmp_ln33_fu_214_p2      |      icmp|   0|  0|   9|           4|           5|
    |or_ln32_fu_232_p2        |        or|   0|  0|   2|           1|           1|
    |select_ln31_1_fu_178_p3  |    select|   0|  0|   6|           1|           6|
    |select_ln31_fu_170_p3    |    select|   0|  0|   2|           1|           1|
    |select_ln32_1_fu_250_p3  |    select|   0|  0|   2|           1|           1|
    |select_ln32_2_fu_258_p3  |    select|   0|  0|   2|           1|           2|
    |select_ln32_3_fu_294_p3  |    select|   0|  0|   6|           1|           1|
    |select_ln32_fu_238_p3    |    select|   0|  0|   4|           1|           1|
    |xor_ln31_fu_198_p2       |       xor|   0|  0|   2|           1|           2|
    +-------------------------+----------+----+---+----+------------+------------+
    |Total                    |          |   0|  0| 139|          66|          51|
    +-------------------------+----------+----+---+----+------------+------------+

    * Multiplexer: 
    +----------------------------------------+----+-----------+-----+-----------+
    |                  Name                  | LUT| Input Size| Bits| Total Bits|
    +----------------------------------------+----+-----------+-----+-----------+
    |ap_done_int                             |   9|          2|    1|          2|
    |ap_sig_allocacmp_c_load                 |   9|          2|    6|         12|
    |ap_sig_allocacmp_h_load                 |   9|          2|    2|          4|
    |ap_sig_allocacmp_indvar_flatten13_load  |   9|          2|   10|         20|
    |ap_sig_allocacmp_indvar_flatten_load    |   9|          2|    6|         12|
    |ap_sig_allocacmp_w_load                 |   9|          2|    4|          8|
    |c_fu_70                                 |   9|          2|    6|         12|
    |h_fu_62                                 |   9|          2|    2|          4|
    |indvar_flatten13_fu_74                  |   9|          2|   10|         20|
    |indvar_flatten_fu_66                    |   9|          2|    6|         12|
    |w_fu_58                                 |   9|          2|    4|          8|
    +----------------------------------------+----+-----------+-----+-----------+
    |Total                                   |  99|         22|   57|        114|
    +----------------------------------------+----+-----------+-----+-----------+

    * Register: 
    +------------------------+----+----+-----+-----------+
    |          Name          | FF | LUT| Bits| Const Bits|
    +------------------------+----+----+-----+-----------+
    |ap_CS_fsm               |   1|   0|    1|          0|
    |ap_done_reg             |   1|   0|    1|          0|
    |c_fu_70                 |   6|   0|    6|          0|
    |h_fu_62                 |   2|   0|    2|          0|
    |indvar_flatten13_fu_74  |  10|   0|   10|          0|
    |indvar_flatten_fu_66    |   6|   0|    6|          0|
    |w_fu_58                 |   4|   0|    4|          0|
    +------------------------+----+----+-----+-----------+
    |Total                   |  30|   0|   30|          0|
    +------------------------+----+----+-----+-----------+



================================================================
== Interface
================================================================
* Summary: 
+------------------------------------------------------------------------------------+-----+-----+------------+---------------------------------------------------------------------------------+--------------+
|                                      RTL Ports                                     | Dir | Bits|  Protocol  |                                  Source Object                                  |    C Type    |
+------------------------------------------------------------------------------------+-----+-----+------------+---------------------------------------------------------------------------------+--------------+
|ap_clk                                                                              |   in|    1|  ap_ctrl_hs|  layer_block<32, 64, 8>_Pipeline_VITIS_LOOP_31_1_VITIS_LOOP_32_2_VITIS_LOOP_33_3|  return value|
|ap_rst                                                                              |   in|    1|  ap_ctrl_hs|  layer_block<32, 64, 8>_Pipeline_VITIS_LOOP_31_1_VITIS_LOOP_32_2_VITIS_LOOP_33_3|  return value|
|ap_start                                                                            |   in|    1|  ap_ctrl_hs|  layer_block<32, 64, 8>_Pipeline_VITIS_LOOP_31_1_VITIS_LOOP_32_2_VITIS_LOOP_33_3|  return value|
|ap_done                                                                             |  out|    1|  ap_ctrl_hs|  layer_block<32, 64, 8>_Pipeline_VITIS_LOOP_31_1_VITIS_LOOP_32_2_VITIS_LOOP_33_3|  return value|
|ap_idle                                                                             |  out|    1|  ap_ctrl_hs|  layer_block<32, 64, 8>_Pipeline_VITIS_LOOP_31_1_VITIS_LOOP_32_2_VITIS_LOOP_33_3|  return value|
|ap_ready                                                                            |  out|    1|  ap_ctrl_hs|  layer_block<32, 64, 8>_Pipeline_VITIS_LOOP_31_1_VITIS_LOOP_32_2_VITIS_LOOP_33_3|  return value|
|void_layer_block_stream_stream_signed_char_const_32_3_3_signed_char_con_1_address0  |  out|    8|   ap_memory|        void_layer_block_stream_stream_signed_char_const_32_3_3_signed_char_con_1|         array|
|void_layer_block_stream_stream_signed_char_const_32_3_3_signed_char_con_1_ce0       |  out|    1|   ap_memory|        void_layer_block_stream_stream_signed_char_const_32_3_3_signed_char_con_1|         array|
|void_layer_block_stream_stream_signed_char_const_32_3_3_signed_char_con_1_we0       |  out|    1|   ap_memory|        void_layer_block_stream_stream_signed_char_const_32_3_3_signed_char_con_1|         array|
|void_layer_block_stream_stream_signed_char_const_32_3_3_signed_char_con_1_d0        |  out|    8|   ap_memory|        void_layer_block_stream_stream_signed_char_const_32_3_3_signed_char_con_1|         array|
|void_layer_block_stream_stream_signed_char_const_32_3_3_signed_char_con_address0    |  out|    8|   ap_memory|          void_layer_block_stream_stream_signed_char_const_32_3_3_signed_char_con|         array|
|void_layer_block_stream_stream_signed_char_const_32_3_3_signed_char_con_ce0         |  out|    1|   ap_memory|          void_layer_block_stream_stream_signed_char_const_32_3_3_signed_char_con|         array|
|void_layer_block_stream_stream_signed_char_const_32_3_3_signed_char_con_we0         |  out|    1|   ap_memory|          void_layer_block_stream_stream_signed_char_const_32_3_3_signed_char_con|         array|
|void_layer_block_stream_stream_signed_char_const_32_3_3_signed_char_con_d0          |  out|    8|   ap_memory|          void_layer_block_stream_stream_signed_char_const_32_3_3_signed_char_con|         array|
+------------------------------------------------------------------------------------+-----+-----+------------+---------------------------------------------------------------------------------+--------------+

