

================================================================
== Vitis HLS Report for 'layer_block_16_32_16_s'
================================================================
* Date:           Thu Dec 11 20:07:38 2025

* Version:        2022.2 (Build 3670227 on Oct 13 2022)
* Project:        vgg_accelerator
* Solution:       solution1 (Vivado IP Flow Target)
* Product family: zynquplus
* Target device:  xczu5eg-sfvc784-1-e


================================================================
== Performance Estimates
================================================================
+ Timing: 
    * Summary: 
    +--------+----------+----------+------------+
    |  Clock |  Target  | Estimated| Uncertainty|
    +--------+----------+----------+------------+
    |ap_clk  |  10.00 ns|  8.115 ns|     2.70 ns|
    +--------+----------+----------+------------+

+ Latency: 
    * Summary: 
    +---------+---------+----------+----------+--------+--------+---------+
    |  Latency (cycles) |  Latency (absolute) |     Interval    | Pipeline|
    |   min   |   max   |    min   |    max   |   min  |   max  |   Type  |
    +---------+---------+----------+----------+--------+--------+---------+
    |   325636|   325636|  3.256 ms|  3.256 ms|  325636|  325636|       no|
    +---------+---------+----------+----------+--------+--------+---------+

    + Detail: 
        * Instance: 
        +-------------------------------------------------------------------------------------------+-------------------------------------------------------------------------------+---------+---------+----------+----------+-----+-----+---------+
        |                                                                                           |                                                                               |  Latency (cycles) |  Latency (absolute) |  Interval | Pipeline|
        |                                          Instance                                         |                                     Module                                    |   min   |   max   |    min   |    max   | min | max |   Type  |
        +-------------------------------------------------------------------------------------------+-------------------------------------------------------------------------------+---------+---------+----------+----------+-----+-----+---------+
        |grp_layer_block_16_32_16_Pipeline_VITIS_LOOP_31_1_VITIS_LOOP_32_2_VITIS_LOOP_33_3_fu_1264  |layer_block_16_32_16_Pipeline_VITIS_LOOP_31_1_VITIS_LOOP_32_2_VITIS_LOOP_33_3  |      514|      514|  5.140 us|  5.140 us|  514|  514|       no|
        |grp_layer_block_16_32_16_Pipeline_VITIS_LOOP_40_6_fu_1272                                  |layer_block_16_32_16_Pipeline_VITIS_LOOP_40_6                                  |       18|       18|  0.180 us|  0.180 us|   18|   18|       no|
        |grp_layer_block_16_32_16_Pipeline_VITIS_LOOP_71_8_fu_1571                                  |layer_block_16_32_16_Pipeline_VITIS_LOOP_71_8                                  |       36|       36|  0.360 us|  0.360 us|   36|   36|       no|
        +-------------------------------------------------------------------------------------------+-------------------------------------------------------------------------------+---------+---------+----------+----------+-----+-----+---------+

        * Loop: 
        +-----------------------------------+---------+---------+----------+-----------+-----------+------+----------+
        |                                   |  Latency (cycles) | Iteration|  Initiation Interval  | Trip |          |
        |             Loop Name             |   min   |   max   |  Latency |  achieved |   target  | Count| Pipelined|
        +-----------------------------------+---------+---------+----------+-----------+-----------+------+----------+
        |- VITIS_LOOP_36_4_VITIS_LOOP_37_5  |   325120|   325120|      1270|          -|          -|   256|        no|
        | + VITIS_LOOP_64_7                 |     1248|     1248|        39|          -|          -|    32|        no|
        +-----------------------------------+---------+---------+----------+-----------+-----------+------+----------+



================================================================
== Utilization Estimates
================================================================
* Summary: 
+-----------------+---------+------+--------+--------+-----+
|       Name      | BRAM_18K|  DSP |   FF   |   LUT  | URAM|
+-----------------+---------+------+--------+--------+-----+
|DSP              |        -|     -|       -|       -|    -|
|Expression       |        -|     -|       0|      79|    -|
|FIFO             |        -|     -|       -|       -|    -|
|Instance         |        9|     0|    1517|    4470|    -|
|Memory           |        2|     -|       4|       2|    0|
|Multiplexer      |        -|     -|       -|     242|    -|
|Register         |        -|     -|    1224|       -|    -|
+-----------------+---------+------+--------+--------+-----+
|Total            |       11|     0|    2745|    4793|    0|
+-----------------+---------+------+--------+--------+-----+
|Available        |      288|  1248|  234240|  117120|   64|
+-----------------+---------+------+--------+--------+-----+
|Utilization (%)  |        3|     0|       1|       4|    0|
+-----------------+---------+------+--------+--------+-----+

+ Detail: 
    * Instance: 
    +-------------------------------------------------------------------------------------------+-------------------------------------------------------------------------------+---------+----+------+------+-----+
    |                                          Instance                                         |                                     Module                                    | BRAM_18K| DSP|  FF  |  LUT | URAM|
    +-------------------------------------------------------------------------------------------+-------------------------------------------------------------------------------+---------+----+------+------+-----+
    |grp_layer_block_16_32_16_Pipeline_VITIS_LOOP_31_1_VITIS_LOOP_32_2_VITIS_LOOP_33_3_fu_1264  |layer_block_16_32_16_Pipeline_VITIS_LOOP_31_1_VITIS_LOOP_32_2_VITIS_LOOP_33_3  |        0|   0|    31|   240|    0|
    |grp_layer_block_16_32_16_Pipeline_VITIS_LOOP_40_6_fu_1272                                  |layer_block_16_32_16_Pipeline_VITIS_LOOP_40_6                                  |        0|   0|  1180|  1447|    0|
    |grp_layer_block_16_32_16_Pipeline_VITIS_LOOP_71_8_fu_1571                                  |layer_block_16_32_16_Pipeline_VITIS_LOOP_71_8                                  |        9|   0|   306|  2783|    0|
    +-------------------------------------------------------------------------------------------+-------------------------------------------------------------------------------+---------+----+------+------+-----+
    |Total                                                                                      |                                                                               |        9|   0|  1517|  4470|    0|
    +-------------------------------------------------------------------------------------------+-------------------------------------------------------------------------------+---------+----+------+------+-----+

    * DSP: 
    N/A

    * Memory: 
    +-----------------------------------------------------------------------------+----------------------------------------------------------------------------------+---------+---+----+-----+------+-----+------+-------------+
    |                                    Memory                                   |                                      Module                                      | BRAM_18K| FF| LUT| URAM| Words| Bits| Banks| W*Bits*Banks|
    +-----------------------------------------------------------------------------+----------------------------------------------------------------------------------+---------+---+----+-----+------+-----+------+-------------+
    |conv2_bias_U                                                                 |layer_block_16_32_16_s_conv2_bias_ROM_AUTO_1R                                     |        0|  4|   2|    0|    32|    4|     1|          128|
    |void_layer_block_stream_stream_signed_char_const_16_3_3_signed_char_con_1_U  |layer_block_16_32_16_s_void_layer_block_stream_stream_signed_char_const_16_3_tde  |        1|  0|   0|    0|   256|    8|     1|         2048|
    |void_layer_block_stream_stream_signed_char_const_16_3_3_signed_char_con_U    |layer_block_16_32_16_s_void_layer_block_stream_stream_signed_char_const_16_3_tde  |        1|  0|   0|    0|   256|    8|     1|         2048|
    +-----------------------------------------------------------------------------+----------------------------------------------------------------------------------+---------+---+----+-----+------+-----+------+-------------+
    |Total                                                                        |                                                                                  |        2|  4|   2|    0|   544|   20|     3|         4224|
    +-----------------------------------------------------------------------------+----------------------------------------------------------------------------------+---------+---+----+-----+------+-----+------+-------------+

    * FIFO: 
    N/A

    * Expression: 
    +------------------------+----------+----+---+----+------------+------------+
    |      Variable Name     | Operation| DSP| FF| LUT| Bitwidth P0| Bitwidth P1|
    +------------------------+----------+----+---+----+------------+------------+
    |add_ln36_fu_1745_p2     |         +|   0|  0|  16|           9|           1|
    |add_ln37_fu_2798_p2     |         +|   0|  0|  12|           5|           1|
    |add_ln64_fu_2783_p2     |         +|   0|  0|  13|           6|           1|
    |icmp_ln36_fu_1739_p2    |      icmp|   0|  0|  11|           9|          10|
    |icmp_ln37_fu_2330_p2    |      icmp|   0|  0|  10|           5|           6|
    |icmp_ln64_fu_2777_p2    |      icmp|   0|  0|  10|           6|           7|
    |ap_block_state1         |        or|   0|  0|   2|           1|           1|
    |select_ln36_fu_2336_p3  |    select|   0|  0|   5|           1|           1|
    +------------------------+----------+----+---+----+------------+------------+
    |Total                   |          |   0|  0|  79|          42|          28|
    +------------------------+----------+----+---+----+------------+------------+

    * Multiplexer: 
    +------------------------------------------------------------------------------------+----+-----------+-----+-----------+
    |                                        Name                                        | LUT| Input Size| Bits| Total Bits|
    +------------------------------------------------------------------------------------+----+-----------+-----+-----------+
    |ap_NS_fsm                                                                           |  49|          9|    1|          9|
    |ap_done                                                                             |   9|          2|    1|          2|
    |c_fu_80                                                                             |   9|          2|    5|         10|
    |f_reg_1253                                                                          |   9|          2|    6|         12|
    |indvar_flatten20_fu_660                                                             |   9|          2|    9|         18|
    |real_start                                                                          |   9|          2|    1|          2|
    |s_conv2_write                                                                       |   9|          2|    1|          2|
    |s_pool1_read                                                                        |   9|          2|    1|          2|
    |void_layer_block_stream_stream_signed_char_const_16_3_3_signed_char_con_1_address0  |  14|          3|    8|         24|
    |void_layer_block_stream_stream_signed_char_const_16_3_3_signed_char_con_1_ce0       |  14|          3|    1|          3|
    |void_layer_block_stream_stream_signed_char_const_16_3_3_signed_char_con_1_ce1       |   9|          2|    1|          2|
    |void_layer_block_stream_stream_signed_char_const_16_3_3_signed_char_con_1_d0        |  14|          3|    8|         24|
    |void_layer_block_stream_stream_signed_char_const_16_3_3_signed_char_con_1_we0       |  14|          3|    1|          3|
    |void_layer_block_stream_stream_signed_char_const_16_3_3_signed_char_con_address0    |  14|          3|    8|         24|
    |void_layer_block_stream_stream_signed_char_const_16_3_3_signed_char_con_ce0         |  14|          3|    1|          3|
    |void_layer_block_stream_stream_signed_char_const_16_3_3_signed_char_con_ce1         |   9|          2|    1|          2|
    |void_layer_block_stream_stream_signed_char_const_16_3_3_signed_char_con_d0          |  14|          3|    8|         24|
    |void_layer_block_stream_stream_signed_char_const_16_3_3_signed_char_con_we0         |  14|          3|    1|          3|
    +------------------------------------------------------------------------------------+----+-----------+-----+-----------+
    |Total                                                                               | 242|         51|   63|        169|
    +------------------------------------------------------------------------------------+----+-----------+-----+-----------+

    * Register: 
    +--------------------------------------------------------------------------------------------------------+----+----+-----+-----------+
    |                                                  Name                                                  | FF | LUT| Bits| Const Bits|
    +--------------------------------------------------------------------------------------------------------+----+----+-----+-----------+
    |acc_V_39_reg_6052                                                                                       |   4|   0|   16|         12|
    |add_ln36_reg_5158                                                                                       |   9|   0|    9|          0|
    |add_ln64_reg_6036                                                                                       |   6|   0|    6|          0|
    |ap_CS_fsm                                                                                               |   8|   0|    8|          0|
    |ap_done_reg                                                                                             |   1|   0|    1|          0|
    |c_fu_80                                                                                                 |   5|   0|    5|          0|
    |f_reg_1253                                                                                              |   6|   0|    6|          0|
    |grp_layer_block_16_32_16_Pipeline_VITIS_LOOP_31_1_VITIS_LOOP_32_2_VITIS_LOOP_33_3_fu_1264_ap_start_reg  |   1|   0|    1|          0|
    |grp_layer_block_16_32_16_Pipeline_VITIS_LOOP_40_6_fu_1272_ap_start_reg                                  |   1|   0|    1|          0|
    |grp_layer_block_16_32_16_Pipeline_VITIS_LOOP_71_8_fu_1571_ap_start_reg                                  |   1|   0|    1|          0|
    |indvar_flatten20_fu_660                                                                                 |   9|   0|    9|          0|
    |select_ln36_reg_5595                                                                                    |   5|   0|    5|          0|
    |shl_ln76_3_reg_6062                                                                                     |   5|   0|    9|          4|
    |shl_ln_reg_6057                                                                                         |   5|   0|   12|          7|
    |start_once_reg                                                                                          |   1|   0|    1|          0|
    |trunc_ln76_reg_6046                                                                                     |   5|   0|    5|          0|
    |window_V_1_i_fu_84                                                                                      |   8|   0|    8|          0|
    |window_V_514_1_i_fu_88                                                                                  |   8|   0|    8|          0|
    |window_V_515_1_i_fu_92                                                                                  |   8|   0|    8|          0|
    |window_V_516_1_i_fu_96                                                                                  |   8|   0|    8|          0|
    |window_V_517_1_i_fu_100                                                                                 |   8|   0|    8|          0|
    |window_V_518_1_i_fu_104                                                                                 |   8|   0|    8|          0|
    |window_V_519_1_i_fu_108                                                                                 |   8|   0|    8|          0|
    |window_V_520_1_i_fu_112                                                                                 |   8|   0|    8|          0|
    |window_V_521_1_i_fu_116                                                                                 |   8|   0|    8|          0|
    |window_V_522_1_i_fu_120                                                                                 |   8|   0|    8|          0|
    |window_V_523_1_i_fu_124                                                                                 |   8|   0|    8|          0|
    |window_V_524_1_i_fu_128                                                                                 |   8|   0|    8|          0|
    |window_V_525_1_i_fu_132                                                                                 |   8|   0|    8|          0|
    |window_V_526_1_i_fu_136                                                                                 |   8|   0|    8|          0|
    |window_V_527_1_i_fu_140                                                                                 |   8|   0|    8|          0|
    |window_V_528_1_i_fu_144                                                                                 |   8|   0|    8|          0|
    |window_V_529_1_i_fu_148                                                                                 |   8|   0|    8|          0|
    |window_V_530_1_i_fu_152                                                                                 |   8|   0|    8|          0|
    |window_V_531_1_i_fu_156                                                                                 |   8|   0|    8|          0|
    |window_V_532_1_i_fu_160                                                                                 |   8|   0|    8|          0|
    |window_V_533_1_i_fu_164                                                                                 |   8|   0|    8|          0|
    |window_V_534_1_i_fu_168                                                                                 |   8|   0|    8|          0|
    |window_V_535_1_i_fu_172                                                                                 |   8|   0|    8|          0|
    |window_V_536_1_i_fu_176                                                                                 |   8|   0|    8|          0|
    |window_V_537_1_i_fu_180                                                                                 |   8|   0|    8|          0|
    |window_V_538_1_i_fu_184                                                                                 |   8|   0|    8|          0|
    |window_V_539_1_i_fu_188                                                                                 |   8|   0|    8|          0|
    |window_V_540_1_i_fu_192                                                                                 |   8|   0|    8|          0|
    |window_V_541_1_i_fu_196                                                                                 |   8|   0|    8|          0|
    |window_V_542_1_i_fu_200                                                                                 |   8|   0|    8|          0|
    |window_V_543_1_i_fu_204                                                                                 |   8|   0|    8|          0|
    |window_V_544_1_i_fu_208                                                                                 |   8|   0|    8|          0|
    |window_V_545_1_i_fu_212                                                                                 |   8|   0|    8|          0|
    |window_V_546_1_i_fu_216                                                                                 |   8|   0|    8|          0|
    |window_V_547_1_i_fu_220                                                                                 |   8|   0|    8|          0|
    |window_V_548_1_i_fu_224                                                                                 |   8|   0|    8|          0|
    |window_V_549_1_i_fu_228                                                                                 |   8|   0|    8|          0|
    |window_V_550_1_i_fu_232                                                                                 |   8|   0|    8|          0|
    |window_V_551_1_i_fu_236                                                                                 |   8|   0|    8|          0|
    |window_V_552_1_i_fu_240                                                                                 |   8|   0|    8|          0|
    |window_V_553_1_i_fu_244                                                                                 |   8|   0|    8|          0|
    |window_V_554_1_i_fu_248                                                                                 |   8|   0|    8|          0|
    |window_V_555_1_i_fu_252                                                                                 |   8|   0|    8|          0|
    |window_V_556_1_i_fu_256                                                                                 |   8|   0|    8|          0|
    |window_V_557_1_i_fu_260                                                                                 |   8|   0|    8|          0|
    |window_V_558_1_i_fu_264                                                                                 |   8|   0|    8|          0|
    |window_V_559_1_i_fu_268                                                                                 |   8|   0|    8|          0|
    |window_V_560_1_i_fu_272                                                                                 |   8|   0|    8|          0|
    |window_V_561_1_i_fu_276                                                                                 |   8|   0|    8|          0|
    |window_V_562_1_i_fu_280                                                                                 |   8|   0|    8|          0|
    |window_V_563_1_i_fu_284                                                                                 |   8|   0|    8|          0|
    |window_V_564_1_i_fu_288                                                                                 |   8|   0|    8|          0|
    |window_V_565_1_i_fu_292                                                                                 |   8|   0|    8|          0|
    |window_V_566_1_i_fu_296                                                                                 |   8|   0|    8|          0|
    |window_V_567_1_i_fu_300                                                                                 |   8|   0|    8|          0|
    |window_V_568_1_i_fu_304                                                                                 |   8|   0|    8|          0|
    |window_V_569_1_i_fu_308                                                                                 |   8|   0|    8|          0|
    |window_V_570_1_i_fu_312                                                                                 |   8|   0|    8|          0|
    |window_V_571_1_i_fu_316                                                                                 |   8|   0|    8|          0|
    |window_V_572_1_i_fu_320                                                                                 |   8|   0|    8|          0|
    |window_V_573_1_i_fu_324                                                                                 |   8|   0|    8|          0|
    |window_V_574_1_i_fu_328                                                                                 |   8|   0|    8|          0|
    |window_V_575_1_i_fu_332                                                                                 |   8|   0|    8|          0|
    |window_V_576_1_i_fu_336                                                                                 |   8|   0|    8|          0|
    |window_V_577_1_i_fu_340                                                                                 |   8|   0|    8|          0|
    |window_V_578_1_i_fu_344                                                                                 |   8|   0|    8|          0|
    |window_V_579_1_i_fu_348                                                                                 |   8|   0|    8|          0|
    |window_V_580_1_i_fu_352                                                                                 |   8|   0|    8|          0|
    |window_V_581_1_i_fu_356                                                                                 |   8|   0|    8|          0|
    |window_V_582_1_i_fu_360                                                                                 |   8|   0|    8|          0|
    |window_V_583_1_i_fu_364                                                                                 |   8|   0|    8|          0|
    |window_V_584_1_i_fu_368                                                                                 |   8|   0|    8|          0|
    |window_V_585_1_i_fu_372                                                                                 |   8|   0|    8|          0|
    |window_V_586_1_i_fu_376                                                                                 |   8|   0|    8|          0|
    |window_V_587_1_i_fu_380                                                                                 |   8|   0|    8|          0|
    |window_V_588_1_i_fu_384                                                                                 |   8|   0|    8|          0|
    |window_V_589_1_i_fu_388                                                                                 |   8|   0|    8|          0|
    |window_V_590_1_i_fu_392                                                                                 |   8|   0|    8|          0|
    |window_V_591_1_i_fu_396                                                                                 |   8|   0|    8|          0|
    |window_V_592_1_i_fu_400                                                                                 |   8|   0|    8|          0|
    |window_V_593_1_i_fu_404                                                                                 |   8|   0|    8|          0|
    |window_V_594_1_i_fu_408                                                                                 |   8|   0|    8|          0|
    |window_V_595_1_i_fu_412                                                                                 |   8|   0|    8|          0|
    |window_V_596_1_i_fu_416                                                                                 |   8|   0|    8|          0|
    |window_V_597_1_i_fu_420                                                                                 |   8|   0|    8|          0|
    |window_V_598_1_i_fu_424                                                                                 |   8|   0|    8|          0|
    |window_V_599_1_i_fu_428                                                                                 |   8|   0|    8|          0|
    |window_V_600_1_i_fu_432                                                                                 |   8|   0|    8|          0|
    |window_V_601_1_i_fu_436                                                                                 |   8|   0|    8|          0|
    |window_V_602_1_i_fu_440                                                                                 |   8|   0|    8|          0|
    |window_V_603_1_i_fu_444                                                                                 |   8|   0|    8|          0|
    |window_V_604_1_i_fu_448                                                                                 |   8|   0|    8|          0|
    |window_V_605_1_i_fu_452                                                                                 |   8|   0|    8|          0|
    |window_V_606_1_i_fu_456                                                                                 |   8|   0|    8|          0|
    |window_V_607_1_i_fu_460                                                                                 |   8|   0|    8|          0|
    |window_V_608_1_i_fu_464                                                                                 |   8|   0|    8|          0|
    |window_V_609_1_i_fu_468                                                                                 |   8|   0|    8|          0|
    |window_V_610_1_i_fu_472                                                                                 |   8|   0|    8|          0|
    |window_V_611_1_i_fu_476                                                                                 |   8|   0|    8|          0|
    |window_V_612_1_i_fu_480                                                                                 |   8|   0|    8|          0|
    |window_V_613_1_i_fu_484                                                                                 |   8|   0|    8|          0|
    |window_V_614_1_i_fu_488                                                                                 |   8|   0|    8|          0|
    |window_V_615_1_i_fu_492                                                                                 |   8|   0|    8|          0|
    |window_V_616_1_i_fu_496                                                                                 |   8|   0|    8|          0|
    |window_V_617_1_i_fu_500                                                                                 |   8|   0|    8|          0|
    |window_V_618_1_i_fu_504                                                                                 |   8|   0|    8|          0|
    |window_V_619_1_i_fu_508                                                                                 |   8|   0|    8|          0|
    |window_V_620_1_i_fu_512                                                                                 |   8|   0|    8|          0|
    |window_V_621_1_i_fu_516                                                                                 |   8|   0|    8|          0|
    |window_V_622_1_i_fu_520                                                                                 |   8|   0|    8|          0|
    |window_V_623_1_i_fu_524                                                                                 |   8|   0|    8|          0|
    |window_V_624_1_i_fu_528                                                                                 |   8|   0|    8|          0|
    |window_V_625_1_i_fu_532                                                                                 |   8|   0|    8|          0|
    |window_V_626_1_i_fu_536                                                                                 |   8|   0|    8|          0|
    |window_V_627_1_i_fu_540                                                                                 |   8|   0|    8|          0|
    |window_V_628_1_i_fu_544                                                                                 |   8|   0|    8|          0|
    |window_V_629_1_i_fu_548                                                                                 |   8|   0|    8|          0|
    |window_V_630_1_i_fu_552                                                                                 |   8|   0|    8|          0|
    |window_V_631_1_i_fu_556                                                                                 |   8|   0|    8|          0|
    |window_V_632_1_i_fu_560                                                                                 |   8|   0|    8|          0|
    |window_V_633_1_i_fu_564                                                                                 |   8|   0|    8|          0|
    |window_V_634_1_i_fu_568                                                                                 |   8|   0|    8|          0|
    |window_V_635_1_i_fu_572                                                                                 |   8|   0|    8|          0|
    |window_V_636_1_i_fu_576                                                                                 |   8|   0|    8|          0|
    |window_V_637_1_i_fu_580                                                                                 |   8|   0|    8|          0|
    |window_V_638_1_i_fu_584                                                                                 |   8|   0|    8|          0|
    |window_V_639_1_i_fu_588                                                                                 |   8|   0|    8|          0|
    |window_V_640_1_i_fu_592                                                                                 |   8|   0|    8|          0|
    |window_V_641_1_i_fu_596                                                                                 |   8|   0|    8|          0|
    |window_V_642_1_i_fu_600                                                                                 |   8|   0|    8|          0|
    |window_V_643_1_i_fu_604                                                                                 |   8|   0|    8|          0|
    |window_V_644_1_i_fu_608                                                                                 |   8|   0|    8|          0|
    |window_V_645_1_i_fu_612                                                                                 |   8|   0|    8|          0|
    |window_V_646_1_i_fu_616                                                                                 |   8|   0|    8|          0|
    |window_V_647_1_i_fu_620                                                                                 |   8|   0|    8|          0|
    |window_V_648_1_i_fu_624                                                                                 |   8|   0|    8|          0|
    |window_V_649_1_i_fu_628                                                                                 |   8|   0|    8|          0|
    |window_V_650_1_i_fu_632                                                                                 |   8|   0|    8|          0|
    |window_V_651_1_i_fu_636                                                                                 |   8|   0|    8|          0|
    |window_V_652_1_i_fu_640                                                                                 |   8|   0|    8|          0|
    |window_V_653_1_i_fu_644                                                                                 |   8|   0|    8|          0|
    |window_V_654_1_i_fu_648                                                                                 |   8|   0|    8|          0|
    |window_V_655_1_i_fu_652                                                                                 |   8|   0|    8|          0|
    |window_V_656_1_i_fu_656                                                                                 |   8|   0|    8|          0|
    +--------------------------------------------------------------------------------------------------------+----+----+-----+-----------+
    |Total                                                                                                   |1224|   0| 1247|         23|
    +--------------------------------------------------------------------------------------------------------+----+----+-----+-----------+



================================================================
== Interface
================================================================
* Summary: 
+------------------------+-----+-----+------------+-------------------------+--------------+
|        RTL Ports       | Dir | Bits|  Protocol  |      Source Object      |    C Type    |
+------------------------+-----+-----+------------+-------------------------+--------------+
|ap_clk                  |   in|    1|  ap_ctrl_hs|  layer_block<16, 32, 16>|  return value|
|ap_rst                  |   in|    1|  ap_ctrl_hs|  layer_block<16, 32, 16>|  return value|
|ap_start                |   in|    1|  ap_ctrl_hs|  layer_block<16, 32, 16>|  return value|
|start_full_n            |   in|    1|  ap_ctrl_hs|  layer_block<16, 32, 16>|  return value|
|ap_done                 |  out|    1|  ap_ctrl_hs|  layer_block<16, 32, 16>|  return value|
|ap_continue             |   in|    1|  ap_ctrl_hs|  layer_block<16, 32, 16>|  return value|
|ap_idle                 |  out|    1|  ap_ctrl_hs|  layer_block<16, 32, 16>|  return value|
|ap_ready                |  out|    1|  ap_ctrl_hs|  layer_block<16, 32, 16>|  return value|
|start_out               |  out|    1|  ap_ctrl_hs|  layer_block<16, 32, 16>|  return value|
|start_write             |  out|    1|  ap_ctrl_hs|  layer_block<16, 32, 16>|  return value|
|s_conv2_din             |  out|    8|     ap_fifo|                  s_conv2|       pointer|
|s_conv2_num_data_valid  |   in|    7|     ap_fifo|                  s_conv2|       pointer|
|s_conv2_fifo_cap        |   in|    7|     ap_fifo|                  s_conv2|       pointer|
|s_conv2_full_n          |   in|    1|     ap_fifo|                  s_conv2|       pointer|
|s_conv2_write           |  out|    1|     ap_fifo|                  s_conv2|       pointer|
|s_pool1_dout            |   in|    8|     ap_fifo|                  s_pool1|       pointer|
|s_pool1_num_data_valid  |   in|    8|     ap_fifo|                  s_pool1|       pointer|
|s_pool1_fifo_cap        |   in|    8|     ap_fifo|                  s_pool1|       pointer|
|s_pool1_empty_n         |   in|    1|     ap_fifo|                  s_pool1|       pointer|
|s_pool1_read            |  out|    1|     ap_fifo|                  s_pool1|       pointer|
+------------------------+-----+-----+------------+-------------------------+--------------+

