

================================================================
== Vitis HLS Report for 'dense_layer_Pipeline_VITIS_LOOP_146_3'
================================================================
* Date:           Thu Dec 11 20:07:19 2025

* Version:        2022.2 (Build 3670227 on Oct 13 2022)
* Project:        vgg_accelerator
* Solution:       solution1 (Vivado IP Flow Target)
* Product family: zynquplus
* Target device:  xczu5eg-sfvc784-1-e


================================================================
== Performance Estimates
================================================================
+ Timing: 
    * Summary: 
    +--------+----------+----------+------------+
    |  Clock |  Target  | Estimated| Uncertainty|
    +--------+----------+----------+------------+
    |ap_clk  |  10.00 ns|  4.404 ns|     2.70 ns|
    +--------+----------+----------+------------+

+ Latency: 
    * Summary: 
    +---------+---------+-----------+-----------+------+------+---------+
    |  Latency (cycles) |   Latency (absolute)  |   Interval  | Pipeline|
    |   min   |   max   |    min    |    max    |  min |  max |   Type  |
    +---------+---------+-----------+-----------+------+------+---------+
    |     2050|     2050|  20.500 us|  20.500 us|  2050|  2050|       no|
    +---------+---------+-----------+-----------+------+------+---------+

    + Detail: 
        * Instance: 
        N/A

        * Loop: 
        +--------------------+---------+---------+----------+-----------+-----------+------+----------+
        |                    |  Latency (cycles) | Iteration|  Initiation Interval  | Trip |          |
        |      Loop Name     |   min   |   max   |  Latency |  achieved |   target  | Count| Pipelined|
        +--------------------+---------+---------+----------+-----------+-----------+------+----------+
        |- VITIS_LOOP_146_3  |     2048|     2048|         3|          2|          2|  1024|       yes|
        +--------------------+---------+---------+----------+-----------+-----------+------+----------+

============================================================
+ Verbose Summary: Synthesis Manager
============================================================
InlineROM: 1
ExposeGlobal: 0
============================================================
+ Verbose Summary: CDFG Model
============================================================
IsTopModel: 0
ResetActiveHigh: 1
IsCombinational: 0
IsDatapathOnly: 0
HasWiredReturn: 1
HasMFsm: 2
HasVarLatency: 1
IsPipeline: 0
IsRtlPipelined: 0
IsInstanceOverlapped: 0
IsDontTouch: 0
HasImplIP: 0
IsGatedGlobalClock: 0

+ Individual pipeline summary: 
  * Pipeline-0: initiation interval (II) = 2, depth = 3


============================================================
+ Verbose Summary: Schedule
============================================================
* Number of FSM states : 3
* Pipeline : 1
  Pipeline-0 : II = 2, D = 3, States = { 1 2 3 }
* Dataflow Pipeline: 0

* FSM state transitions: 
1 --> 2 
2 --> 3 
3 --> 

* FSM state operations: 

State 1 <SV = 0> <Delay = 2.29>
ST_1 : Operation 6 [1/1] (0.00ns)   --->   "%lhs = alloca i32 1"   --->   Operation 6 'alloca' 'lhs' <Predicate = true> <Delay = 0.00>
ST_1 : Operation 7 [1/1] (0.00ns)   --->   "%i_2 = alloca i32 1"   --->   Operation 7 'alloca' 'i_2' <Predicate = true> <Delay = 0.00>
ST_1 : Operation 8 [1/1] (0.00ns)   --->   "%output_packet_last_V_read = read i1 @_ssdm_op_Read.ap_auto.i1, i1 %output_packet_last_V"   --->   Operation 8 'read' 'output_packet_last_V_read' <Predicate = true> <Delay = 0.00>
ST_1 : Operation 9 [1/1] (0.00ns)   --->   "%shl_ln_read = read i11 @_ssdm_op_Read.ap_auto.i11, i11 %shl_ln"   --->   Operation 9 'read' 'shl_ln_read' <Predicate = true> <Delay = 0.00>
ST_1 : Operation 10 [1/1] (0.00ns)   --->   "%sext_ln141_read = read i14 @_ssdm_op_Read.ap_auto.i14, i14 %sext_ln141"   --->   Operation 10 'read' 'sext_ln141_read' <Predicate = true> <Delay = 0.00>
ST_1 : Operation 11 [1/1] (0.00ns)   --->   "%sext_ln141_cast = sext i14 %sext_ln141_read"   --->   Operation 11 'sext' 'sext_ln141_cast' <Predicate = true> <Delay = 0.00>
ST_1 : Operation 12 [1/1] (0.00ns)   --->   "%specaxissidechannel_ln0 = specaxissidechannel void @_ssdm_op_SpecAXISSideChannel, i32 %OUTPUT_STREAM_V_data_V, i4 %OUTPUT_STREAM_V_keep_V, i4 %OUTPUT_STREAM_V_strb_V, i1 0, i1 %OUTPUT_STREAM_V_last_V, i1 0, i1 0, void @empty"   --->   Operation 12 'specaxissidechannel' 'specaxissidechannel_ln0' <Predicate = true> <Delay = 0.00>
ST_1 : Operation 13 [1/1] (0.00ns)   --->   "%specinterface_ln0 = specinterface void @_ssdm_op_SpecInterface, i32 %OUTPUT_STREAM_V_data_V, i4 %OUTPUT_STREAM_V_keep_V, i4 %OUTPUT_STREAM_V_strb_V, i1 %OUTPUT_STREAM_V_last_V, void @empty_7, i32 0, i32 0, void @empty_15, i32 0, i32 0, void @empty_4, void @empty_4, void @empty_4, i32 0, i32 0, i32 0, i32 0, void @empty_4, void @empty_4, i32 4294967295, i32 0"   --->   Operation 13 'specinterface' 'specinterface_ln0' <Predicate = true> <Delay = 0.00>
ST_1 : Operation 14 [1/1] (0.48ns)   --->   "%store_ln0 = store i11 0, i11 %i_2"   --->   Operation 14 'store' 'store_ln0' <Predicate = true> <Delay = 0.48>
ST_1 : Operation 15 [1/1] (0.48ns)   --->   "%store_ln0 = store i32 %sext_ln141_cast, i32 %lhs"   --->   Operation 15 'store' 'store_ln0' <Predicate = true> <Delay = 0.48>
ST_1 : Operation 16 [1/1] (0.00ns)   --->   "%br_ln0 = br void %for.body14.i"   --->   Operation 16 'br' 'br_ln0' <Predicate = true> <Delay = 0.00>
ST_1 : Operation 17 [1/1] (0.00ns)   --->   "%i = load i11 %i_2" [vgg_accelerator.cpp:150]   --->   Operation 17 'load' 'i' <Predicate = true> <Delay = 0.00>
ST_1 : Operation 18 [1/1] (0.85ns)   --->   "%icmp_ln146 = icmp_eq  i11 %i, i11 1024" [vgg_accelerator.cpp:146]   --->   Operation 18 'icmp' 'icmp_ln146' <Predicate = true> <Delay = 0.85> <CoreInst = "Cmp">   --->   Core 9 'Cmp' <Latency = 0> <II = 1> <Delay = 0.85> <FuncUnit> <Opcode : 'icmp'> <InPorts = 2> <OutPorts = 1>
ST_1 : Operation 19 [1/1] (0.00ns)   --->   "%empty = speclooptripcount i32 @_ssdm_op_SpecLoopTripCount, i64 1024, i64 1024, i64 1024"   --->   Operation 19 'speclooptripcount' 'empty' <Predicate = true> <Delay = 0.00>
ST_1 : Operation 20 [1/1] (0.94ns)   --->   "%add_ln146 = add i11 %i, i11 1" [vgg_accelerator.cpp:146]   --->   Operation 20 'add' 'add_ln146' <Predicate = true> <Delay = 0.94> <CoreInst = "Adder">   --->   Core 1 'Adder' <Latency = 0> <II = 1> <Delay = 0.94> <FuncUnit> <Opcode : 'add' 'sub'> <InPorts = 2> <OutPorts = 1>
ST_1 : Operation 21 [1/1] (0.00ns)   --->   "%br_ln146 = br i1 %icmp_ln146, void %for.body14.split.i, void %for.end24.i_ifconv.exitStub" [vgg_accelerator.cpp:146]   --->   Operation 21 'br' 'br_ln146' <Predicate = true> <Delay = 0.00>
ST_1 : Operation 22 [1/1] (0.00ns)   --->   "%channel_bits = partselect i6 @_ssdm_op_PartSelect.i6.i11.i32.i32, i11 %i, i32 4, i32 9" [vgg_accelerator.cpp:149]   --->   Operation 22 'partselect' 'channel_bits' <Predicate = (!icmp_ln146)> <Delay = 0.00>
ST_1 : Operation 23 [1/1] (0.00ns)   --->   "%trunc_ln150 = trunc i11 %i" [vgg_accelerator.cpp:150]   --->   Operation 23 'trunc' 'trunc_ln150' <Predicate = (!icmp_ln146)> <Delay = 0.00>
ST_1 : Operation 24 [1/1] (0.00ns)   --->   "%k = bitconcatenate i10 @_ssdm_op_BitConcatenate.i10.i4.i6, i4 %trunc_ln150, i6 %channel_bits" [vgg_accelerator.cpp:150]   --->   Operation 24 'bitconcatenate' 'k' <Predicate = (!icmp_ln146)> <Delay = 0.00>
ST_1 : Operation 25 [1/1] (0.94ns)   --->   "%add_ln152 = add i11 %i, i11 %shl_ln_read" [vgg_accelerator.cpp:152]   --->   Operation 25 'add' 'add_ln152' <Predicate = (!icmp_ln146)> <Delay = 0.94> <CoreInst = "Adder">   --->   Core 1 'Adder' <Latency = 0> <II = 1> <Delay = 0.94> <FuncUnit> <Opcode : 'add' 'sub'> <InPorts = 2> <OutPorts = 1>
ST_1 : Operation 26 [1/1] (0.00ns)   --->   "%zext_ln152 = zext i11 %add_ln152" [vgg_accelerator.cpp:152]   --->   Operation 26 'zext' 'zext_ln152' <Predicate = (!icmp_ln146)> <Delay = 0.00>
ST_1 : Operation 27 [1/1] (0.00ns)   --->   "%dense_weights_addr = getelementptr i5 %dense_weights, i64 0, i64 %zext_ln152" [vgg_accelerator.cpp:152]   --->   Operation 27 'getelementptr' 'dense_weights_addr' <Predicate = (!icmp_ln146)> <Delay = 0.00>
ST_1 : Operation 28 [2/2] (1.35ns)   --->   "%w_V = load i11 %dense_weights_addr" [vgg_accelerator.cpp:152]   --->   Operation 28 'load' 'w_V' <Predicate = (!icmp_ln146)> <Delay = 1.35> <CoreInst = "ROM">   --->   Core 101 'ROM' <Latency = 1> <II = 1> <Delay = 1.35> <Storage> <Opcode : 'load'> <Ports = 0> <Width = 5> <Depth = 2048> <ROM>
ST_1 : Operation 29 [1/1] (0.00ns)   --->   "%zext_ln153 = zext i10 %k" [vgg_accelerator.cpp:153]   --->   Operation 29 'zext' 'zext_ln153' <Predicate = (!icmp_ln146)> <Delay = 0.00>
ST_1 : Operation 30 [1/1] (0.00ns)   --->   "%flat_img_V_addr = getelementptr i8 %flat_img_V, i64 0, i64 %zext_ln153"   --->   Operation 30 'getelementptr' 'flat_img_V_addr' <Predicate = (!icmp_ln146)> <Delay = 0.00>
ST_1 : Operation 31 [2/2] (1.35ns)   --->   "%r_V = load i10 %flat_img_V_addr"   --->   Operation 31 'load' 'r_V' <Predicate = (!icmp_ln146)> <Delay = 1.35> <CoreInst = "RAM">   --->   Core 83 'RAM' <Latency = 1> <II = 1> <Delay = 1.35> <Storage> <Opcode : 'load' 'store'> <Ports = 2> <Width = 8> <Depth = 1024> <RAM>
ST_1 : Operation 32 [1/1] (0.85ns)   --->   "%icmp_ln146_1 = icmp_eq  i11 %add_ln146, i11 1024" [vgg_accelerator.cpp:146]   --->   Operation 32 'icmp' 'icmp_ln146_1' <Predicate = (!icmp_ln146)> <Delay = 0.85> <CoreInst = "Cmp">   --->   Core 9 'Cmp' <Latency = 0> <II = 1> <Delay = 0.85> <FuncUnit> <Opcode : 'icmp'> <InPorts = 2> <OutPorts = 1>
ST_1 : Operation 33 [1/1] (0.00ns)   --->   "%br_ln146 = br i1 %icmp_ln146_1, void %ifFalse, void %ifTrue" [vgg_accelerator.cpp:146]   --->   Operation 33 'br' 'br_ln146' <Predicate = (!icmp_ln146)> <Delay = 0.00>
ST_1 : Operation 34 [1/1] (0.48ns)   --->   "%store_ln146 = store i11 %add_ln146, i11 %i_2" [vgg_accelerator.cpp:146]   --->   Operation 34 'store' 'store_ln146' <Predicate = (!icmp_ln146)> <Delay = 0.48>
ST_1 : Operation 92 [1/1] (0.00ns)   --->   "%ret_ln0 = ret"   --->   Operation 92 'ret' 'ret_ln0' <Predicate = (icmp_ln146)> <Delay = 0.00>

State 2 <SV = 1> <Delay = 3.52>
ST_2 : Operation 35 [1/2] (1.35ns)   --->   "%w_V = load i11 %dense_weights_addr" [vgg_accelerator.cpp:152]   --->   Operation 35 'load' 'w_V' <Predicate = (!icmp_ln146)> <Delay = 1.35> <CoreInst = "ROM">   --->   Core 101 'ROM' <Latency = 1> <II = 1> <Delay = 1.35> <Storage> <Opcode : 'load'> <Ports = 0> <Width = 5> <Depth = 2048> <ROM>
ST_2 : Operation 36 [1/2] (1.35ns)   --->   "%r_V = load i10 %flat_img_V_addr"   --->   Operation 36 'load' 'r_V' <Predicate = (!icmp_ln146)> <Delay = 1.35> <CoreInst = "RAM">   --->   Core 83 'RAM' <Latency = 1> <II = 1> <Delay = 1.35> <Storage> <Opcode : 'load' 'store'> <Ports = 2> <Width = 8> <Depth = 1024> <RAM>
ST_2 : Operation 37 [1/1] (0.00ns)   --->   "%sext_ln1347_183 = sext i8 %r_V"   --->   Operation 37 'sext' 'sext_ln1347_183' <Predicate = (!icmp_ln146)> <Delay = 0.00>
ST_2 : Operation 38 [1/1] (0.00ns)   --->   "%sext_ln1347_184 = sext i5 %w_V"   --->   Operation 38 'sext' 'sext_ln1347_184' <Predicate = (!icmp_ln146)> <Delay = 0.00>
ST_2 : Operation 39 [1/1] (2.17ns)   --->   "%mul_ln1347 = mul i12 %sext_ln1347_183, i12 %sext_ln1347_184"   --->   Operation 39 'mul' 'mul_ln1347' <Predicate = (!icmp_ln146)> <Delay = 2.17> <CoreInst = "Multiplier">   --->   Core 3 'Multiplier' <Latency = 0> <II = 1> <Delay = 2.17> <FuncUnit> <Opcode : 'mul'> <InPorts = 2> <OutPorts = 1>

State 3 <SV = 2> <Delay = 4.40>
ST_3 : Operation 40 [1/1] (0.00ns)   --->   "%lhs_load = load i32 %lhs"   --->   Operation 40 'load' 'lhs_load' <Predicate = true> <Delay = 0.00>
ST_3 : Operation 41 [1/1] (0.00ns)   --->   "%specpipeline_ln147 = specpipeline void @_ssdm_op_SpecPipeline, i32 2, i32 0, i32 0, i32 0, void @empty_4" [vgg_accelerator.cpp:147]   --->   Operation 41 'specpipeline' 'specpipeline_ln147' <Predicate = true> <Delay = 0.00>
ST_3 : Operation 42 [1/1] (0.00ns)   --->   "%specloopname_ln141 = specloopname void @_ssdm_op_SpecLoopName, void @empty_13" [vgg_accelerator.cpp:141]   --->   Operation 42 'specloopname' 'specloopname_ln141' <Predicate = true> <Delay = 0.00>
ST_3 : Operation 43 [1/1] (0.00ns)   --->   "%sext_ln813 = sext i32 %lhs_load"   --->   Operation 43 'sext' 'sext_ln813' <Predicate = true> <Delay = 0.00>
ST_3 : Operation 44 [1/1] (0.00ns)   --->   "%rhs = bitconcatenate i20 @_ssdm_op_BitConcatenate.i20.i12.i8, i12 %mul_ln1347, i8 0"   --->   Operation 44 'bitconcatenate' 'rhs' <Predicate = true> <Delay = 0.00>
ST_3 : Operation 45 [1/1] (0.00ns)   --->   "%sext_ln1347 = sext i20 %rhs"   --->   Operation 45 'sext' 'sext_ln1347' <Predicate = true> <Delay = 0.00>
ST_3 : Operation 46 [1/1] (0.00ns)   --->   "%sext_ln1347_185 = sext i20 %rhs"   --->   Operation 46 'sext' 'sext_ln1347_185' <Predicate = true> <Delay = 0.00>
ST_3 : Operation 47 [1/1] (1.20ns)   --->   "%ret_V = add i33 %sext_ln813, i33 %sext_ln1347"   --->   Operation 47 'add' 'ret_V' <Predicate = true> <Delay = 1.20> <CoreInst = "Adder">   --->   Core 1 'Adder' <Latency = 0> <II = 1> <Delay = 1.20> <FuncUnit> <Opcode : 'add' 'sub'> <InPorts = 2> <OutPorts = 1>
ST_3 : Operation 48 [1/1] (0.00ns)   --->   "%p_Result_s = bitselect i1 @_ssdm_op_BitSelect.i1.i33.i32, i33 %ret_V, i32 32"   --->   Operation 48 'bitselect' 'p_Result_s' <Predicate = true> <Delay = 0.00>
ST_3 : Operation 49 [1/1] (1.20ns)   --->   "%acc_V_40 = add i32 %lhs_load, i32 %sext_ln1347_185"   --->   Operation 49 'add' 'acc_V_40' <Predicate = true> <Delay = 1.20> <CoreInst = "Adder">   --->   Core 1 'Adder' <Latency = 0> <II = 1> <Delay = 1.20> <FuncUnit> <Opcode : 'add' 'sub'> <InPorts = 2> <OutPorts = 1>
ST_3 : Operation 50 [1/1] (0.00ns)   --->   "%p_Result_37 = bitselect i1 @_ssdm_op_BitSelect.i1.i32.i32, i32 %acc_V_40, i32 31"   --->   Operation 50 'bitselect' 'p_Result_37' <Predicate = true> <Delay = 0.00>
ST_3 : Operation 51 [1/1] (0.00ns) (grouped into LUT with out node acc_V)   --->   "%xor_ln895 = xor i1 %p_Result_s, i1 1"   --->   Operation 51 'xor' 'xor_ln895' <Predicate = true> <Delay = 0.00> <CoreInst = "LogicGate">   --->   Core 74 'LogicGate' <Latency = 0> <II = 1> <Delay = 0.33> <FuncUnit> <Opcode : 'and' 'or' 'xor'> <InPorts = 2> <OutPorts = 1>
ST_3 : Operation 52 [1/1] (0.00ns) (grouped into LUT with out node acc_V)   --->   "%overflow = and i1 %p_Result_37, i1 %xor_ln895"   --->   Operation 52 'and' 'overflow' <Predicate = true> <Delay = 0.00> <CoreInst = "LogicGate">   --->   Core 74 'LogicGate' <Latency = 0> <II = 1> <Delay = 0.33> <FuncUnit> <Opcode : 'and' 'or' 'xor'> <InPorts = 2> <OutPorts = 1>
ST_3 : Operation 53 [1/1] (0.00ns) (grouped into LUT with out node acc_V)   --->   "%xor_ln302 = xor i1 %p_Result_s, i1 %p_Result_37"   --->   Operation 53 'xor' 'xor_ln302' <Predicate = true> <Delay = 0.00> <CoreInst = "LogicGate">   --->   Core 74 'LogicGate' <Latency = 0> <II = 1> <Delay = 0.33> <FuncUnit> <Opcode : 'and' 'or' 'xor'> <InPorts = 2> <OutPorts = 1>
ST_3 : Operation 54 [1/1] (0.00ns) (grouped into LUT with out node acc_V)   --->   "%select_ln346 = select i1 %overflow, i32 2147483647, i32 2147483648"   --->   Operation 54 'select' 'select_ln346' <Predicate = true> <Delay = 0.00> <CoreInst = "Sel">   --->   Core 73 'Sel' <Latency = 0> <II = 1> <Delay = 0.52> <FuncUnit> <Opcode : 'select'> <InPorts = 3> <OutPorts = 1>
ST_3 : Operation 55 [1/1] (0.52ns) (out node of the LUT)   --->   "%acc_V = select i1 %xor_ln302, i32 %select_ln346, i32 %acc_V_40"   --->   Operation 55 'select' 'acc_V' <Predicate = true> <Delay = 0.52> <CoreInst = "Sel">   --->   Core 73 'Sel' <Latency = 0> <II = 1> <Delay = 0.52> <FuncUnit> <Opcode : 'select'> <InPorts = 3> <OutPorts = 1>
ST_3 : Operation 56 [1/1] (0.00ns)   --->   "%p_Result_38 = bitselect i1 @_ssdm_op_BitSelect.i1.i32.i32, i32 %acc_V, i32 31"   --->   Operation 56 'bitselect' 'p_Result_38' <Predicate = (icmp_ln146_1)> <Delay = 0.00>
ST_3 : Operation 57 [1/1] (0.00ns)   --->   "%final_res_V = partselect i8 @_ssdm_op_PartSelect.i8.i32.i32.i32, i32 %acc_V, i32 12, i32 19"   --->   Operation 57 'partselect' 'final_res_V' <Predicate = (icmp_ln146_1)> <Delay = 0.00>
ST_3 : Operation 58 [1/1] (0.00ns)   --->   "%p_Result_39 = bitselect i1 @_ssdm_op_BitSelect.i1.i32.i32, i32 %acc_V, i32 19"   --->   Operation 58 'bitselect' 'p_Result_39' <Predicate = (icmp_ln146_1)> <Delay = 0.00>
ST_3 : Operation 59 [1/1] (0.00ns)   --->   "%tmp = bitselect i1 @_ssdm_op_BitSelect.i1.i32.i32, i32 %acc_V, i32 11"   --->   Operation 59 'bitselect' 'tmp' <Predicate = (icmp_ln146_1)> <Delay = 0.00>
ST_3 : Operation 60 [1/1] (0.00ns)   --->   "%zext_ln377 = zext i1 %tmp"   --->   Operation 60 'zext' 'zext_ln377' <Predicate = (icmp_ln146_1)> <Delay = 0.00>
ST_3 : Operation 61 [1/1] (0.90ns)   --->   "%final_res_V_1 = add i8 %final_res_V, i8 %zext_ln377"   --->   Operation 61 'add' 'final_res_V_1' <Predicate = (icmp_ln146_1)> <Delay = 0.90> <CoreInst = "Adder">   --->   Core 1 'Adder' <Latency = 0> <II = 1> <Delay = 0.90> <FuncUnit> <Opcode : 'add' 'sub'> <InPorts = 2> <OutPorts = 1>
ST_3 : Operation 62 [1/1] (0.00ns)   --->   "%p_Result_40 = bitselect i1 @_ssdm_op_BitSelect.i1.i8.i32, i8 %final_res_V_1, i32 7"   --->   Operation 62 'bitselect' 'p_Result_40' <Predicate = (icmp_ln146_1)> <Delay = 0.00>
ST_3 : Operation 63 [1/1] (0.33ns)   --->   "%xor_ln896 = xor i1 %p_Result_40, i1 1"   --->   Operation 63 'xor' 'xor_ln896' <Predicate = (icmp_ln146_1)> <Delay = 0.33> <CoreInst = "LogicGate">   --->   Core 74 'LogicGate' <Latency = 0> <II = 1> <Delay = 0.33> <FuncUnit> <Opcode : 'and' 'or' 'xor'> <InPorts = 2> <OutPorts = 1>
ST_3 : Operation 64 [1/1] (0.33ns)   --->   "%carry_1 = and i1 %p_Result_39, i1 %xor_ln896"   --->   Operation 64 'and' 'carry_1' <Predicate = (icmp_ln146_1)> <Delay = 0.33> <CoreInst = "LogicGate">   --->   Core 74 'LogicGate' <Latency = 0> <II = 1> <Delay = 0.33> <FuncUnit> <Opcode : 'and' 'or' 'xor'> <InPorts = 2> <OutPorts = 1>
ST_3 : Operation 65 [1/1] (0.00ns)   --->   "%tmp_i = partselect i11 @_ssdm_op_PartSelect.i11.i32.i32.i32, i32 %acc_V, i32 21, i32 31"   --->   Operation 65 'partselect' 'tmp_i' <Predicate = (icmp_ln146_1)> <Delay = 0.00>
ST_3 : Operation 66 [1/1] (0.85ns)   --->   "%Range2_all_ones = icmp_eq  i11 %tmp_i, i11 2047"   --->   Operation 66 'icmp' 'Range2_all_ones' <Predicate = (icmp_ln146_1)> <Delay = 0.85> <CoreInst = "Cmp">   --->   Core 9 'Cmp' <Latency = 0> <II = 1> <Delay = 0.85> <FuncUnit> <Opcode : 'icmp'> <InPorts = 2> <OutPorts = 1>
ST_3 : Operation 67 [1/1] (0.00ns)   --->   "%tmp_i_52 = partselect i12 @_ssdm_op_PartSelect.i12.i32.i32.i32, i32 %acc_V, i32 20, i32 31"   --->   Operation 67 'partselect' 'tmp_i_52' <Predicate = (icmp_ln146_1)> <Delay = 0.00>
ST_3 : Operation 68 [1/1] (0.86ns)   --->   "%Range1_all_ones = icmp_eq  i12 %tmp_i_52, i12 4095"   --->   Operation 68 'icmp' 'Range1_all_ones' <Predicate = (icmp_ln146_1)> <Delay = 0.86> <CoreInst = "Cmp">   --->   Core 9 'Cmp' <Latency = 0> <II = 1> <Delay = 0.86> <FuncUnit> <Opcode : 'icmp'> <InPorts = 2> <OutPorts = 1>
ST_3 : Operation 69 [1/1] (0.86ns)   --->   "%Range1_all_zeros = icmp_eq  i12 %tmp_i_52, i12 0"   --->   Operation 69 'icmp' 'Range1_all_zeros' <Predicate = (icmp_ln146_1)> <Delay = 0.86> <CoreInst = "Cmp">   --->   Core 9 'Cmp' <Latency = 0> <II = 1> <Delay = 0.86> <FuncUnit> <Opcode : 'icmp'> <InPorts = 2> <OutPorts = 1>
ST_3 : Operation 70 [1/1] (0.00ns) (grouped into LUT with out node overflow_19)   --->   "%deleted_zeros = select i1 %carry_1, i1 %Range1_all_ones, i1 %Range1_all_zeros"   --->   Operation 70 'select' 'deleted_zeros' <Predicate = (icmp_ln146_1)> <Delay = 0.00> <CoreInst = "Sel">   --->   Core 73 'Sel' <Latency = 0> <II = 1> <Delay = 0.26> <FuncUnit> <Opcode : 'select'> <InPorts = 3> <OutPorts = 1>
ST_3 : Operation 71 [1/1] (0.00ns) (grouped into LUT with out node or_ln896)   --->   "%tmp_258 = bitselect i1 @_ssdm_op_BitSelect.i1.i32.i32, i32 %acc_V, i32 20"   --->   Operation 71 'bitselect' 'tmp_258' <Predicate = (icmp_ln146_1)> <Delay = 0.00>
ST_3 : Operation 72 [1/1] (0.00ns) (grouped into LUT with out node or_ln896)   --->   "%xor_ln890 = xor i1 %tmp_258, i1 1"   --->   Operation 72 'xor' 'xor_ln890' <Predicate = (icmp_ln146_1)> <Delay = 0.00> <CoreInst = "LogicGate">   --->   Core 74 'LogicGate' <Latency = 0> <II = 1> <Delay = 0.33> <FuncUnit> <Opcode : 'and' 'or' 'xor'> <InPorts = 2> <OutPorts = 1>
ST_3 : Operation 73 [1/1] (0.00ns) (grouped into LUT with out node or_ln896)   --->   "%and_ln890 = and i1 %Range2_all_ones, i1 %xor_ln890"   --->   Operation 73 'and' 'and_ln890' <Predicate = (icmp_ln146_1)> <Delay = 0.00> <CoreInst = "LogicGate">   --->   Core 74 'LogicGate' <Latency = 0> <II = 1> <Delay = 0.33> <FuncUnit> <Opcode : 'and' 'or' 'xor'> <InPorts = 2> <OutPorts = 1>
ST_3 : Operation 74 [1/1] (0.00ns) (grouped into LUT with out node or_ln896)   --->   "%deleted_ones = select i1 %carry_1, i1 %and_ln890, i1 %Range1_all_ones"   --->   Operation 74 'select' 'deleted_ones' <Predicate = (icmp_ln146_1)> <Delay = 0.00> <CoreInst = "Sel">   --->   Core 73 'Sel' <Latency = 0> <II = 1> <Delay = 0.26> <FuncUnit> <Opcode : 'select'> <InPorts = 3> <OutPorts = 1>
ST_3 : Operation 75 [1/1] (0.00ns) (grouped into LUT with out node or_ln346)   --->   "%and_ln891 = and i1 %carry_1, i1 %Range1_all_ones"   --->   Operation 75 'and' 'and_ln891' <Predicate = (icmp_ln146_1)> <Delay = 0.00> <CoreInst = "LogicGate">   --->   Core 74 'LogicGate' <Latency = 0> <II = 1> <Delay = 0.33> <FuncUnit> <Opcode : 'and' 'or' 'xor'> <InPorts = 2> <OutPorts = 1>
ST_3 : Operation 76 [1/1] (0.00ns) (grouped into LUT with out node overflow_19)   --->   "%xor_ln895_123 = xor i1 %deleted_zeros, i1 1"   --->   Operation 76 'xor' 'xor_ln895_123' <Predicate = (icmp_ln146_1)> <Delay = 0.00> <CoreInst = "LogicGate">   --->   Core 74 'LogicGate' <Latency = 0> <II = 1> <Delay = 0.33> <FuncUnit> <Opcode : 'and' 'or' 'xor'> <InPorts = 2> <OutPorts = 1>
ST_3 : Operation 77 [1/1] (0.00ns) (grouped into LUT with out node overflow_19)   --->   "%or_ln895 = or i1 %p_Result_40, i1 %xor_ln895_123"   --->   Operation 77 'or' 'or_ln895' <Predicate = (icmp_ln146_1)> <Delay = 0.00> <CoreInst = "LogicGate">   --->   Core 74 'LogicGate' <Latency = 0> <II = 1> <Delay = 0.33> <FuncUnit> <Opcode : 'and' 'or' 'xor'> <InPorts = 2> <OutPorts = 1>
ST_3 : Operation 78 [1/1] (0.00ns) (grouped into LUT with out node overflow_19)   --->   "%xor_ln895_124 = xor i1 %p_Result_38, i1 1"   --->   Operation 78 'xor' 'xor_ln895_124' <Predicate = (icmp_ln146_1)> <Delay = 0.00> <CoreInst = "LogicGate">   --->   Core 74 'LogicGate' <Latency = 0> <II = 1> <Delay = 0.33> <FuncUnit> <Opcode : 'and' 'or' 'xor'> <InPorts = 2> <OutPorts = 1>
ST_3 : Operation 79 [1/1] (0.33ns) (out node of the LUT)   --->   "%overflow_19 = and i1 %or_ln895, i1 %xor_ln895_124"   --->   Operation 79 'and' 'overflow_19' <Predicate = (icmp_ln146_1)> <Delay = 0.33> <CoreInst = "LogicGate">   --->   Core 74 'LogicGate' <Latency = 0> <II = 1> <Delay = 0.33> <FuncUnit> <Opcode : 'and' 'or' 'xor'> <InPorts = 2> <OutPorts = 1>
ST_3 : Operation 80 [1/1] (0.00ns) (grouped into LUT with out node or_ln896)   --->   "%xor_ln896_1 = xor i1 %deleted_ones, i1 1"   --->   Operation 80 'xor' 'xor_ln896_1' <Predicate = (icmp_ln146_1)> <Delay = 0.00> <CoreInst = "LogicGate">   --->   Core 74 'LogicGate' <Latency = 0> <II = 1> <Delay = 0.33> <FuncUnit> <Opcode : 'and' 'or' 'xor'> <InPorts = 2> <OutPorts = 1>
ST_3 : Operation 81 [1/1] (0.33ns) (out node of the LUT)   --->   "%or_ln896 = or i1 %xor_ln896, i1 %xor_ln896_1"   --->   Operation 81 'or' 'or_ln896' <Predicate = (icmp_ln146_1)> <Delay = 0.33> <CoreInst = "LogicGate">   --->   Core 74 'LogicGate' <Latency = 0> <II = 1> <Delay = 0.33> <FuncUnit> <Opcode : 'and' 'or' 'xor'> <InPorts = 2> <OutPorts = 1>
ST_3 : Operation 82 [1/1] (0.00ns) (grouped into LUT with out node or_ln346)   --->   "%xor_ln896_2 = xor i1 %and_ln891, i1 %or_ln896"   --->   Operation 82 'xor' 'xor_ln896_2' <Predicate = (icmp_ln146_1)> <Delay = 0.00> <CoreInst = "LogicGate">   --->   Core 74 'LogicGate' <Latency = 0> <II = 1> <Delay = 0.33> <FuncUnit> <Opcode : 'and' 'or' 'xor'> <InPorts = 2> <OutPorts = 1>
ST_3 : Operation 83 [1/1] (0.00ns) (grouped into LUT with out node or_ln346)   --->   "%underflow = and i1 %xor_ln896_2, i1 %p_Result_38"   --->   Operation 83 'and' 'underflow' <Predicate = (icmp_ln146_1)> <Delay = 0.00> <CoreInst = "LogicGate">   --->   Core 74 'LogicGate' <Latency = 0> <II = 1> <Delay = 0.33> <FuncUnit> <Opcode : 'and' 'or' 'xor'> <InPorts = 2> <OutPorts = 1>
ST_3 : Operation 84 [1/1] (0.00ns) (grouped into LUT with out node final_res_V_2)   --->   "%select_ln346_105 = select i1 %overflow_19, i8 127, i8 128"   --->   Operation 84 'select' 'select_ln346_105' <Predicate = (icmp_ln146_1)> <Delay = 0.00> <CoreInst = "Sel">   --->   Core 73 'Sel' <Latency = 0> <II = 1> <Delay = 0.44> <FuncUnit> <Opcode : 'select'> <InPorts = 3> <OutPorts = 1>
ST_3 : Operation 85 [1/1] (0.33ns) (out node of the LUT)   --->   "%or_ln346 = or i1 %overflow_19, i1 %underflow"   --->   Operation 85 'or' 'or_ln346' <Predicate = (icmp_ln146_1)> <Delay = 0.33> <CoreInst = "LogicGate">   --->   Core 74 'LogicGate' <Latency = 0> <II = 1> <Delay = 0.33> <FuncUnit> <Opcode : 'and' 'or' 'xor'> <InPorts = 2> <OutPorts = 1>
ST_3 : Operation 86 [1/1] (0.44ns) (out node of the LUT)   --->   "%final_res_V_2 = select i1 %or_ln346, i8 %select_ln346_105, i8 %final_res_V_1"   --->   Operation 86 'select' 'final_res_V_2' <Predicate = (icmp_ln146_1)> <Delay = 0.44> <CoreInst = "Sel">   --->   Core 73 'Sel' <Latency = 0> <II = 1> <Delay = 0.44> <FuncUnit> <Opcode : 'select'> <InPorts = 3> <OutPorts = 1>
ST_3 : Operation 87 [1/1] (0.00ns)   --->   "%zext_ln158 = zext i8 %final_res_V_2" [vgg_accelerator.cpp:158]   --->   Operation 87 'zext' 'zext_ln158' <Predicate = (icmp_ln146_1)> <Delay = 0.00>
ST_3 : Operation 88 [1/1] (0.00ns)   --->   "%write_ln258 = write void @_ssdm_op_Write.axis.volatile.i32P0A.i4P0A.i4P0A.i1P0A, i32 %OUTPUT_STREAM_V_data_V, i4 %OUTPUT_STREAM_V_keep_V, i4 %OUTPUT_STREAM_V_strb_V, i1 %OUTPUT_STREAM_V_last_V, i32 %zext_ln158, i4 15, i4 15, i1 %output_packet_last_V_read"   --->   Operation 88 'write' 'write_ln258' <Predicate = (icmp_ln146_1)> <Delay = 0.00> <CoreInst = "axis">   --->   Core 123 'axis' <Latency = 0> <II = 1> <Delay = 1.00> <Adapter> <Opcode : >
ST_3 : Operation 89 [1/1] (0.00ns)   --->   "%br_ln0 = br void %ifFalse"   --->   Operation 89 'br' 'br_ln0' <Predicate = (icmp_ln146_1)> <Delay = 0.00>
ST_3 : Operation 90 [1/1] (0.48ns)   --->   "%store_ln302 = store i32 %acc_V, i32 %lhs"   --->   Operation 90 'store' 'store_ln302' <Predicate = true> <Delay = 0.48>
ST_3 : Operation 91 [1/1] (0.00ns)   --->   "%br_ln0 = br void %for.body14.i"   --->   Operation 91 'br' 'br_ln0' <Predicate = true> <Delay = 0.00>


============================================================
+ Verbose Summary: Binding
============================================================
STG Binding: 
---------------- STG Properties BEGIN ----------------
- Is combinational: 0
- Is one-state seq: 0
- Is datapath-only: 0
- Is pipelined: 0
- Is top level: 0
Port [ Return ] is wired: 1; IO mode=ap_ctrl_hs:ce=0
Port [ sext_ln141]:  wired=1; compound=0; hidden=0; nouse=0; global=0; static=0; extern=0; dir=0; type=0; pingpong=0; private_global=0; IO mode=ap_none:ce=0
Port [ shl_ln]:  wired=1; compound=0; hidden=0; nouse=0; global=0; static=0; extern=0; dir=0; type=0; pingpong=0; private_global=0; IO mode=ap_none:ce=0
Port [ flat_img_V]:  wired=1; compound=1; hidden=0; nouse=0; global=0; static=0; extern=0; dir=0; type=1; pingpong=0; private_global=0; MemPort=[13]; IO mode=ap_memory:ce=0
Port [ output_packet_last_V]:  wired=1; compound=0; hidden=0; nouse=0; global=0; static=0; extern=0; dir=0; type=0; pingpong=0; private_global=0; IO mode=ap_none:ce=0
Port [ OUTPUT_STREAM_V_data_V]:  wired=1; compound=1; hidden=0; nouse=0; global=0; static=0; extern=0; dir=1; type=0; pingpong=0; private_global=0; IO mode=axis:ce=0
Port [ OUTPUT_STREAM_V_keep_V]:  wired=1; compound=1; hidden=0; nouse=0; global=0; static=0; extern=0; dir=1; type=0; pingpong=0; private_global=0; IO mode=axis:ce=0
Port [ OUTPUT_STREAM_V_strb_V]:  wired=1; compound=1; hidden=0; nouse=0; global=0; static=0; extern=0; dir=1; type=0; pingpong=0; private_global=0; IO mode=axis:ce=0
Port [ OUTPUT_STREAM_V_last_V]:  wired=1; compound=1; hidden=0; nouse=0; global=0; static=0; extern=0; dir=1; type=0; pingpong=0; private_global=0; IO mode=axis:ce=0
Port [ dense_weights]:  wired=0; compound=1; hidden=1; nouse=0; global=1; static=1; extern=0; dir=0; type=1; pingpong=0; private_global=1; MemPort=[1]; IO mode=ap_memory:ce=0
---------------- STG Properties END ------------------

---------------- Datapath Model BEGIN ----------------

<LifeTime>
<method=bitvector/>
lhs                       (alloca             ) [ 0111]
i_2                       (alloca             ) [ 0100]
output_packet_last_V_read (read               ) [ 0111]
shl_ln_read               (read               ) [ 0000]
sext_ln141_read           (read               ) [ 0000]
sext_ln141_cast           (sext               ) [ 0000]
specaxissidechannel_ln0   (specaxissidechannel) [ 0000]
specinterface_ln0         (specinterface      ) [ 0000]
store_ln0                 (store              ) [ 0000]
store_ln0                 (store              ) [ 0000]
br_ln0                    (br                 ) [ 0000]
i                         (load               ) [ 0000]
icmp_ln146                (icmp               ) [ 0110]
empty                     (speclooptripcount  ) [ 0000]
add_ln146                 (add                ) [ 0000]
br_ln146                  (br                 ) [ 0000]
channel_bits              (partselect         ) [ 0000]
trunc_ln150               (trunc              ) [ 0000]
k                         (bitconcatenate     ) [ 0000]
add_ln152                 (add                ) [ 0000]
zext_ln152                (zext               ) [ 0000]
dense_weights_addr        (getelementptr      ) [ 0010]
zext_ln153                (zext               ) [ 0000]
flat_img_V_addr           (getelementptr      ) [ 0010]
icmp_ln146_1              (icmp               ) [ 0111]
br_ln146                  (br                 ) [ 0000]
store_ln146               (store              ) [ 0000]
w_V                       (load               ) [ 0000]
r_V                       (load               ) [ 0000]
sext_ln1347_183           (sext               ) [ 0000]
sext_ln1347_184           (sext               ) [ 0000]
mul_ln1347                (mul                ) [ 0101]
lhs_load                  (load               ) [ 0000]
specpipeline_ln147        (specpipeline       ) [ 0000]
specloopname_ln141        (specloopname       ) [ 0000]
sext_ln813                (sext               ) [ 0000]
rhs                       (bitconcatenate     ) [ 0000]
sext_ln1347               (sext               ) [ 0000]
sext_ln1347_185           (sext               ) [ 0000]
ret_V                     (add                ) [ 0000]
p_Result_s                (bitselect          ) [ 0000]
acc_V_40                  (add                ) [ 0000]
p_Result_37               (bitselect          ) [ 0000]
xor_ln895                 (xor                ) [ 0000]
overflow                  (and                ) [ 0000]
xor_ln302                 (xor                ) [ 0000]
select_ln346              (select             ) [ 0000]
acc_V                     (select             ) [ 0000]
p_Result_38               (bitselect          ) [ 0000]
final_res_V               (partselect         ) [ 0000]
p_Result_39               (bitselect          ) [ 0000]
tmp                       (bitselect          ) [ 0000]
zext_ln377                (zext               ) [ 0000]
final_res_V_1             (add                ) [ 0000]
p_Result_40               (bitselect          ) [ 0000]
xor_ln896                 (xor                ) [ 0000]
carry_1                   (and                ) [ 0000]
tmp_i                     (partselect         ) [ 0000]
Range2_all_ones           (icmp               ) [ 0000]
tmp_i_52                  (partselect         ) [ 0000]
Range1_all_ones           (icmp               ) [ 0000]
Range1_all_zeros          (icmp               ) [ 0000]
deleted_zeros             (select             ) [ 0000]
tmp_258                   (bitselect          ) [ 0000]
xor_ln890                 (xor                ) [ 0000]
and_ln890                 (and                ) [ 0000]
deleted_ones              (select             ) [ 0000]
and_ln891                 (and                ) [ 0000]
xor_ln895_123             (xor                ) [ 0000]
or_ln895                  (or                 ) [ 0000]
xor_ln895_124             (xor                ) [ 0000]
overflow_19               (and                ) [ 0000]
xor_ln896_1               (xor                ) [ 0000]
or_ln896                  (or                 ) [ 0000]
xor_ln896_2               (xor                ) [ 0000]
underflow                 (and                ) [ 0000]
select_ln346_105          (select             ) [ 0000]
or_ln346                  (or                 ) [ 0000]
final_res_V_2             (select             ) [ 0000]
zext_ln158                (zext               ) [ 0000]
write_ln258               (write              ) [ 0000]
br_ln0                    (br                 ) [ 0000]
store_ln302               (store              ) [ 0000]
br_ln0                    (br                 ) [ 0000]
ret_ln0                   (ret                ) [ 0000]
</LifeTime>

<model>

<comp_list>
<comp id="0" class="1000" name="sext_ln141">
<pin_list>
<pin id="1" dir="1" index="0" bw="1" slack="0"/>
</pin_list>
<bind>
<StgValue><ssdm name="sext_ln141"/></StgValue>
</bind>
</comp>

<comp id="2" class="1000" name="shl_ln">
<pin_list>
<pin id="3" dir="1" index="0" bw="1" slack="0"/>
</pin_list>
<bind>
<StgValue><ssdm name="shl_ln"/></StgValue>
</bind>
</comp>

<comp id="4" class="1000" name="flat_img_V">
<pin_list>
<pin id="5" dir="1" index="0" bw="1" slack="0"/>
</pin_list>
<bind>
<StgValue><ssdm name="flat_img_V"/><MemPortTyVec>1 3 </MemPortTyVec>
</StgValue>
</bind>
</comp>

<comp id="6" class="1000" name="output_packet_last_V">
<pin_list>
<pin id="7" dir="1" index="0" bw="1" slack="0"/>
</pin_list>
<bind>
<StgValue><ssdm name="output_packet_last_V"/></StgValue>
</bind>
</comp>

<comp id="8" class="1000" name="OUTPUT_STREAM_V_data_V">
<pin_list>
<pin id="9" dir="1" index="0" bw="1" slack="0"/>
</pin_list>
<bind>
<StgValue><ssdm name="OUTPUT_STREAM_V_data_V"/></StgValue>
</bind>
</comp>

<comp id="10" class="1000" name="OUTPUT_STREAM_V_keep_V">
<pin_list>
<pin id="11" dir="1" index="0" bw="1" slack="0"/>
</pin_list>
<bind>
<StgValue><ssdm name="OUTPUT_STREAM_V_keep_V"/></StgValue>
</bind>
</comp>

<comp id="12" class="1000" name="OUTPUT_STREAM_V_strb_V">
<pin_list>
<pin id="13" dir="1" index="0" bw="1" slack="0"/>
</pin_list>
<bind>
<StgValue><ssdm name="OUTPUT_STREAM_V_strb_V"/></StgValue>
</bind>
</comp>

<comp id="14" class="1000" name="OUTPUT_STREAM_V_last_V">
<pin_list>
<pin id="15" dir="1" index="0" bw="1" slack="0"/>
</pin_list>
<bind>
<StgValue><ssdm name="OUTPUT_STREAM_V_last_V"/></StgValue>
</bind>
</comp>

<comp id="16" class="1000" name="dense_weights">
<pin_list>
<pin id="17" dir="1" index="0" bw="1" slack="0"/>
</pin_list>
<bind>
<StgValue><ssdm name="dense_weights"/><MemPortTyVec>1 </MemPortTyVec>
</StgValue>
</bind>
</comp>

<comp id="18" class="1001" name="const_18">
<pin_list>
<pin id="19" dir="1" index="0" bw="1" slack="0"/>
</pin_list>
<bind>
<StgValue><ssdm name=""/></StgValue>
</bind>
</comp>

<comp id="20" class="1001" name="const_20">
<pin_list>
<pin id="21" dir="1" index="0" bw="1" slack="0"/>
</pin_list>
<bind>
<StgValue><ssdm name="_ssdm_op_Read.ap_auto.i1"/></StgValue>
</bind>
</comp>

<comp id="22" class="1001" name="const_22">
<pin_list>
<pin id="23" dir="1" index="0" bw="1" slack="0"/>
</pin_list>
<bind>
<StgValue><ssdm name="_ssdm_op_Read.ap_auto.i11"/></StgValue>
</bind>
</comp>

<comp id="24" class="1001" name="const_24">
<pin_list>
<pin id="25" dir="1" index="0" bw="1" slack="0"/>
</pin_list>
<bind>
<StgValue><ssdm name="_ssdm_op_Read.ap_auto.i14"/></StgValue>
</bind>
</comp>

<comp id="26" class="1001" name="const_26">
<pin_list>
<pin id="27" dir="1" index="0" bw="1" slack="2147483647"/>
</pin_list>
<bind>
<StgValue><ssdm name="_ssdm_op_SpecAXISSideChannel"/></StgValue>
</bind>
</comp>

<comp id="28" class="1001" name="const_28">
<pin_list>
<pin id="29" dir="1" index="0" bw="1" slack="2147483647"/>
</pin_list>
<bind>
<StgValue><ssdm name=""/></StgValue>
</bind>
</comp>

<comp id="30" class="1001" name="const_30">
<pin_list>
<pin id="31" dir="1" index="0" bw="1" slack="2147483647"/>
</pin_list>
<bind>
<StgValue><ssdm name="empty"/></StgValue>
</bind>
</comp>

<comp id="32" class="1001" name="const_32">
<pin_list>
<pin id="33" dir="1" index="0" bw="1" slack="2147483647"/>
</pin_list>
<bind>
<StgValue><ssdm name="_ssdm_op_SpecInterface"/></StgValue>
</bind>
</comp>

<comp id="34" class="1001" name="const_34">
<pin_list>
<pin id="35" dir="1" index="0" bw="1" slack="2147483647"/>
</pin_list>
<bind>
<StgValue><ssdm name="empty_7"/></StgValue>
</bind>
</comp>

<comp id="36" class="1001" name="const_36">
<pin_list>
<pin id="37" dir="1" index="0" bw="1" slack="2147483647"/>
</pin_list>
<bind>
<StgValue><ssdm name=""/></StgValue>
</bind>
</comp>

<comp id="38" class="1001" name="const_38">
<pin_list>
<pin id="39" dir="1" index="0" bw="1" slack="2147483647"/>
</pin_list>
<bind>
<StgValue><ssdm name="empty_15"/></StgValue>
</bind>
</comp>

<comp id="40" class="1001" name="const_40">
<pin_list>
<pin id="41" dir="1" index="0" bw="1" slack="2147483647"/>
</pin_list>
<bind>
<StgValue><ssdm name="empty_4"/></StgValue>
</bind>
</comp>

<comp id="42" class="1001" name="const_42">
<pin_list>
<pin id="43" dir="1" index="0" bw="1" slack="2147483647"/>
</pin_list>
<bind>
<StgValue><ssdm name=""/></StgValue>
</bind>
</comp>

<comp id="44" class="1001" name="const_44">
<pin_list>
<pin id="45" dir="1" index="0" bw="1" slack="0"/>
</pin_list>
<bind>
<StgValue><ssdm name=""/></StgValue>
</bind>
</comp>

<comp id="46" class="1001" name="const_46">
<pin_list>
<pin id="47" dir="1" index="0" bw="1" slack="0"/>
</pin_list>
<bind>
<StgValue><ssdm name=""/></StgValue>
</bind>
</comp>

<comp id="48" class="1001" name="const_48">
<pin_list>
<pin id="49" dir="1" index="0" bw="1" slack="2147483647"/>
</pin_list>
<bind>
<StgValue><ssdm name="_ssdm_op_SpecLoopTripCount"/></StgValue>
</bind>
</comp>

<comp id="50" class="1001" name="const_50">
<pin_list>
<pin id="51" dir="1" index="0" bw="1" slack="2147483647"/>
</pin_list>
<bind>
<StgValue><ssdm name=""/></StgValue>
</bind>
</comp>

<comp id="52" class="1001" name="const_52">
<pin_list>
<pin id="53" dir="1" index="0" bw="1" slack="0"/>
</pin_list>
<bind>
<StgValue><ssdm name=""/></StgValue>
</bind>
</comp>

<comp id="54" class="1001" name="const_54">
<pin_list>
<pin id="55" dir="1" index="0" bw="1" slack="0"/>
</pin_list>
<bind>
<StgValue><ssdm name="_ssdm_op_PartSelect.i6.i11.i32.i32"/></StgValue>
</bind>
</comp>

<comp id="56" class="1001" name="const_56">
<pin_list>
<pin id="57" dir="1" index="0" bw="1" slack="0"/>
</pin_list>
<bind>
<StgValue><ssdm name=""/></StgValue>
</bind>
</comp>

<comp id="58" class="1001" name="const_58">
<pin_list>
<pin id="59" dir="1" index="0" bw="1" slack="0"/>
</pin_list>
<bind>
<StgValue><ssdm name=""/></StgValue>
</bind>
</comp>

<comp id="60" class="1001" name="const_60">
<pin_list>
<pin id="61" dir="1" index="0" bw="1" slack="0"/>
</pin_list>
<bind>
<StgValue><ssdm name="_ssdm_op_BitConcatenate.i10.i4.i6"/></StgValue>
</bind>
</comp>

<comp id="62" class="1001" name="const_62">
<pin_list>
<pin id="63" dir="1" index="0" bw="1" slack="0"/>
</pin_list>
<bind>
<StgValue><ssdm name=""/></StgValue>
</bind>
</comp>

<comp id="64" class="1001" name="const_64">
<pin_list>
<pin id="65" dir="1" index="0" bw="1" slack="2147483647"/>
</pin_list>
<bind>
<StgValue><ssdm name="_ssdm_op_SpecPipeline"/></StgValue>
</bind>
</comp>

<comp id="66" class="1001" name="const_66">
<pin_list>
<pin id="67" dir="1" index="0" bw="1" slack="2147483647"/>
</pin_list>
<bind>
<StgValue><ssdm name=""/></StgValue>
</bind>
</comp>

<comp id="68" class="1001" name="const_68">
<pin_list>
<pin id="69" dir="1" index="0" bw="1" slack="2147483647"/>
</pin_list>
<bind>
<StgValue><ssdm name="_ssdm_op_SpecLoopName"/></StgValue>
</bind>
</comp>

<comp id="70" class="1001" name="const_70">
<pin_list>
<pin id="71" dir="1" index="0" bw="1" slack="2147483647"/>
</pin_list>
<bind>
<StgValue><ssdm name="empty_13"/></StgValue>
</bind>
</comp>

<comp id="72" class="1001" name="const_72">
<pin_list>
<pin id="73" dir="1" index="0" bw="1" slack="0"/>
</pin_list>
<bind>
<StgValue><ssdm name="_ssdm_op_BitConcatenate.i20.i12.i8"/></StgValue>
</bind>
</comp>

<comp id="74" class="1001" name="const_74">
<pin_list>
<pin id="75" dir="1" index="0" bw="1" slack="0"/>
</pin_list>
<bind>
<StgValue><ssdm name=""/></StgValue>
</bind>
</comp>

<comp id="76" class="1001" name="const_76">
<pin_list>
<pin id="77" dir="1" index="0" bw="1" slack="0"/>
</pin_list>
<bind>
<StgValue><ssdm name="_ssdm_op_BitSelect.i1.i33.i32"/></StgValue>
</bind>
</comp>

<comp id="78" class="1001" name="const_78">
<pin_list>
<pin id="79" dir="1" index="0" bw="1" slack="0"/>
</pin_list>
<bind>
<StgValue><ssdm name=""/></StgValue>
</bind>
</comp>

<comp id="80" class="1001" name="const_80">
<pin_list>
<pin id="81" dir="1" index="0" bw="1" slack="0"/>
</pin_list>
<bind>
<StgValue><ssdm name="_ssdm_op_BitSelect.i1.i32.i32"/></StgValue>
</bind>
</comp>

<comp id="82" class="1001" name="const_82">
<pin_list>
<pin id="83" dir="1" index="0" bw="1" slack="0"/>
</pin_list>
<bind>
<StgValue><ssdm name=""/></StgValue>
</bind>
</comp>

<comp id="84" class="1001" name="const_84">
<pin_list>
<pin id="85" dir="1" index="0" bw="1" slack="0"/>
</pin_list>
<bind>
<StgValue><ssdm name=""/></StgValue>
</bind>
</comp>

<comp id="86" class="1001" name="const_86">
<pin_list>
<pin id="87" dir="1" index="0" bw="1" slack="0"/>
</pin_list>
<bind>
<StgValue><ssdm name=""/></StgValue>
</bind>
</comp>

<comp id="88" class="1001" name="const_88">
<pin_list>
<pin id="89" dir="1" index="0" bw="1" slack="0"/>
</pin_list>
<bind>
<StgValue><ssdm name=""/></StgValue>
</bind>
</comp>

<comp id="90" class="1001" name="const_90">
<pin_list>
<pin id="91" dir="1" index="0" bw="1" slack="0"/>
</pin_list>
<bind>
<StgValue><ssdm name="_ssdm_op_PartSelect.i8.i32.i32.i32"/></StgValue>
</bind>
</comp>

<comp id="92" class="1001" name="const_92">
<pin_list>
<pin id="93" dir="1" index="0" bw="1" slack="0"/>
</pin_list>
<bind>
<StgValue><ssdm name=""/></StgValue>
</bind>
</comp>

<comp id="94" class="1001" name="const_94">
<pin_list>
<pin id="95" dir="1" index="0" bw="1" slack="0"/>
</pin_list>
<bind>
<StgValue><ssdm name=""/></StgValue>
</bind>
</comp>

<comp id="96" class="1001" name="const_96">
<pin_list>
<pin id="97" dir="1" index="0" bw="1" slack="0"/>
</pin_list>
<bind>
<StgValue><ssdm name=""/></StgValue>
</bind>
</comp>

<comp id="98" class="1001" name="const_98">
<pin_list>
<pin id="99" dir="1" index="0" bw="1" slack="0"/>
</pin_list>
<bind>
<StgValue><ssdm name="_ssdm_op_BitSelect.i1.i8.i32"/></StgValue>
</bind>
</comp>

<comp id="100" class="1001" name="const_100">
<pin_list>
<pin id="101" dir="1" index="0" bw="1" slack="0"/>
</pin_list>
<bind>
<StgValue><ssdm name=""/></StgValue>
</bind>
</comp>

<comp id="102" class="1001" name="const_102">
<pin_list>
<pin id="103" dir="1" index="0" bw="1" slack="0"/>
</pin_list>
<bind>
<StgValue><ssdm name="_ssdm_op_PartSelect.i11.i32.i32.i32"/></StgValue>
</bind>
</comp>

<comp id="104" class="1001" name="const_104">
<pin_list>
<pin id="105" dir="1" index="0" bw="1" slack="0"/>
</pin_list>
<bind>
<StgValue><ssdm name=""/></StgValue>
</bind>
</comp>

<comp id="106" class="1001" name="const_106">
<pin_list>
<pin id="107" dir="1" index="0" bw="1" slack="0"/>
</pin_list>
<bind>
<StgValue><ssdm name=""/></StgValue>
</bind>
</comp>

<comp id="108" class="1001" name="const_108">
<pin_list>
<pin id="109" dir="1" index="0" bw="1" slack="0"/>
</pin_list>
<bind>
<StgValue><ssdm name="_ssdm_op_PartSelect.i12.i32.i32.i32"/></StgValue>
</bind>
</comp>

<comp id="110" class="1001" name="const_110">
<pin_list>
<pin id="111" dir="1" index="0" bw="1" slack="0"/>
</pin_list>
<bind>
<StgValue><ssdm name=""/></StgValue>
</bind>
</comp>

<comp id="112" class="1001" name="const_112">
<pin_list>
<pin id="113" dir="1" index="0" bw="1" slack="0"/>
</pin_list>
<bind>
<StgValue><ssdm name=""/></StgValue>
</bind>
</comp>

<comp id="114" class="1001" name="const_114">
<pin_list>
<pin id="115" dir="1" index="0" bw="1" slack="0"/>
</pin_list>
<bind>
<StgValue><ssdm name=""/></StgValue>
</bind>
</comp>

<comp id="116" class="1001" name="const_116">
<pin_list>
<pin id="117" dir="1" index="0" bw="1" slack="0"/>
</pin_list>
<bind>
<StgValue><ssdm name=""/></StgValue>
</bind>
</comp>

<comp id="118" class="1001" name="const_118">
<pin_list>
<pin id="119" dir="1" index="0" bw="1" slack="0"/>
</pin_list>
<bind>
<StgValue><ssdm name=""/></StgValue>
</bind>
</comp>

<comp id="120" class="1001" name="const_120">
<pin_list>
<pin id="121" dir="1" index="0" bw="1" slack="0"/>
</pin_list>
<bind>
<StgValue><ssdm name="_ssdm_op_Write.axis.volatile.i32P0A.i4P0A.i4P0A.i1P0A"/></StgValue>
</bind>
</comp>

<comp id="122" class="1001" name="const_122">
<pin_list>
<pin id="123" dir="1" index="0" bw="1" slack="0"/>
</pin_list>
<bind>
<StgValue><ssdm name=""/></StgValue>
</bind>
</comp>

<comp id="124" class="1004" name="lhs_fu_124">
<pin_list>
<pin id="125" dir="0" index="0" bw="1" slack="0"/>
<pin id="126" dir="1" index="1" bw="32" slack="0"/>
</pin_list>
<bind>
<opcode="alloca(26) " fcode="alloca"/>
<opset="lhs/1 "/>
</bind>
</comp>

<comp id="128" class="1004" name="i_2_fu_128">
<pin_list>
<pin id="129" dir="0" index="0" bw="1" slack="0"/>
<pin id="130" dir="1" index="1" bw="11" slack="0"/>
</pin_list>
<bind>
<opcode="alloca(26) " fcode="alloca"/>
<opset="i_2/1 "/>
</bind>
</comp>

<comp id="132" class="1004" name="output_packet_last_V_read_read_fu_132">
<pin_list>
<pin id="133" dir="0" index="0" bw="1" slack="0"/>
<pin id="134" dir="0" index="1" bw="1" slack="0"/>
<pin id="135" dir="1" index="2" bw="1" slack="2"/>
</pin_list>
<bind>
<opcode="read(1150) " fcode="read"/>
<opset="output_packet_last_V_read/1 "/>
</bind>
</comp>

<comp id="138" class="1004" name="shl_ln_read_read_fu_138">
<pin_list>
<pin id="139" dir="0" index="0" bw="11" slack="0"/>
<pin id="140" dir="0" index="1" bw="11" slack="0"/>
<pin id="141" dir="1" index="2" bw="11" slack="0"/>
</pin_list>
<bind>
<opcode="read(1150) " fcode="read"/>
<opset="shl_ln_read/1 "/>
</bind>
</comp>

<comp id="144" class="1004" name="sext_ln141_read_read_fu_144">
<pin_list>
<pin id="145" dir="0" index="0" bw="14" slack="0"/>
<pin id="146" dir="0" index="1" bw="14" slack="0"/>
<pin id="147" dir="1" index="2" bw="14" slack="0"/>
</pin_list>
<bind>
<opcode="read(1150) " fcode="read"/>
<opset="sext_ln141_read/1 "/>
</bind>
</comp>

<comp id="150" class="1004" name="write_ln258_write_fu_150">
<pin_list>
<pin id="151" dir="0" index="0" bw="0" slack="0"/>
<pin id="152" dir="0" index="1" bw="32" slack="0"/>
<pin id="153" dir="0" index="2" bw="4" slack="0"/>
<pin id="154" dir="0" index="3" bw="4" slack="0"/>
<pin id="155" dir="0" index="4" bw="1" slack="0"/>
<pin id="156" dir="0" index="5" bw="8" slack="0"/>
<pin id="157" dir="0" index="6" bw="1" slack="0"/>
<pin id="158" dir="0" index="7" bw="1" slack="0"/>
<pin id="159" dir="0" index="8" bw="1" slack="2"/>
<pin id="160" dir="1" index="9" bw="0" slack="2147483647"/>
</pin_list>
<bind>
<opcode="write(1151) " fcode="write"/>
<opset="write_ln258/3 "/>
</bind>
</comp>

<comp id="168" class="1004" name="dense_weights_addr_gep_fu_168">
<pin_list>
<pin id="169" dir="0" index="0" bw="5" slack="0"/>
<pin id="170" dir="0" index="1" bw="1" slack="0"/>
<pin id="171" dir="0" index="2" bw="11" slack="0"/>
<pin id="172" dir="1" index="3" bw="11" slack="0"/>
</pin_list>
<bind>
<opcode="getelementptr(29) " fcode="getelementptr"/>
<opset="dense_weights_addr/1 "/>
</bind>
</comp>

<comp id="175" class="1004" name="grp_access_fu_175">
<pin_list>
<pin id="176" dir="0" index="0" bw="11" slack="0"/>
<pin id="177" dir="0" index="1" bw="5" slack="2147483647"/>
<pin id="178" dir="0" index="2" bw="0" slack="2147483647"/>
<pin id="179" dir="1" index="3" bw="5" slack="0"/>
</pin_list>
<bind>
<opcode="load(27) " fcode="load"/>
<opset="w_V/1 "/>
</bind>
</comp>

<comp id="181" class="1004" name="flat_img_V_addr_gep_fu_181">
<pin_list>
<pin id="182" dir="0" index="0" bw="8" slack="0"/>
<pin id="183" dir="0" index="1" bw="1" slack="0"/>
<pin id="184" dir="0" index="2" bw="10" slack="0"/>
<pin id="185" dir="1" index="3" bw="10" slack="0"/>
</pin_list>
<bind>
<opcode="getelementptr(29) " fcode="getelementptr"/>
<opset="flat_img_V_addr/1 "/>
</bind>
</comp>

<comp id="188" class="1004" name="grp_access_fu_188">
<pin_list>
<pin id="189" dir="0" index="0" bw="10" slack="0"/>
<pin id="190" dir="0" index="1" bw="8" slack="2147483647"/>
<pin id="191" dir="0" index="2" bw="0" slack="2147483647"/>
<pin id="192" dir="1" index="3" bw="8" slack="0"/>
</pin_list>
<bind>
<opcode="load(27) " fcode="load"/>
<opset="r_V/1 "/>
</bind>
</comp>

<comp id="194" class="1004" name="sext_ln141_cast_fu_194">
<pin_list>
<pin id="195" dir="0" index="0" bw="14" slack="0"/>
<pin id="196" dir="1" index="1" bw="32" slack="0"/>
</pin_list>
<bind>
<opcode="sext(35) " fcode="sext"/>
<opset="sext_ln141_cast/1 "/>
</bind>
</comp>

<comp id="198" class="1004" name="store_ln0_store_fu_198">
<pin_list>
<pin id="199" dir="0" index="0" bw="1" slack="0"/>
<pin id="200" dir="0" index="1" bw="11" slack="0"/>
<pin id="201" dir="1" index="2" bw="0" slack="2147483647"/>
</pin_list>
<bind>
<opcode="store(28) " fcode="store"/>
<opset="store_ln0/1 "/>
</bind>
</comp>

<comp id="203" class="1004" name="store_ln0_store_fu_203">
<pin_list>
<pin id="204" dir="0" index="0" bw="14" slack="0"/>
<pin id="205" dir="0" index="1" bw="32" slack="0"/>
<pin id="206" dir="1" index="2" bw="0" slack="2147483647"/>
</pin_list>
<bind>
<opcode="store(28) " fcode="store"/>
<opset="store_ln0/1 "/>
</bind>
</comp>

<comp id="208" class="1004" name="i_load_fu_208">
<pin_list>
<pin id="209" dir="0" index="0" bw="11" slack="0"/>
<pin id="210" dir="1" index="1" bw="11" slack="0"/>
</pin_list>
<bind>
<opcode="load(27) " fcode="load"/>
<opset="i/1 "/>
</bind>
</comp>

<comp id="211" class="1004" name="icmp_ln146_fu_211">
<pin_list>
<pin id="212" dir="0" index="0" bw="11" slack="0"/>
<pin id="213" dir="0" index="1" bw="11" slack="0"/>
<pin id="214" dir="1" index="2" bw="1" slack="1"/>
</pin_list>
<bind>
<opcode="icmp(45) " fcode="icmp"/>
<opset="icmp_ln146/1 "/>
</bind>
</comp>

<comp id="217" class="1004" name="add_ln146_fu_217">
<pin_list>
<pin id="218" dir="0" index="0" bw="11" slack="0"/>
<pin id="219" dir="0" index="1" bw="1" slack="0"/>
<pin id="220" dir="1" index="2" bw="11" slack="0"/>
</pin_list>
<bind>
<opcode="add(8) " fcode="add"/>
<opset="add_ln146/1 "/>
</bind>
</comp>

<comp id="223" class="1004" name="channel_bits_fu_223">
<pin_list>
<pin id="224" dir="0" index="0" bw="6" slack="0"/>
<pin id="225" dir="0" index="1" bw="11" slack="0"/>
<pin id="226" dir="0" index="2" bw="4" slack="0"/>
<pin id="227" dir="0" index="3" bw="5" slack="0"/>
<pin id="228" dir="1" index="4" bw="6" slack="0"/>
</pin_list>
<bind>
<opcode="partselect(1002) " fcode="partselect"/>
<opset="channel_bits/1 "/>
</bind>
</comp>

<comp id="233" class="1004" name="trunc_ln150_fu_233">
<pin_list>
<pin id="234" dir="0" index="0" bw="11" slack="0"/>
<pin id="235" dir="1" index="1" bw="4" slack="0"/>
</pin_list>
<bind>
<opcode="trunc(33) " fcode="trunc"/>
<opset="trunc_ln150/1 "/>
</bind>
</comp>

<comp id="237" class="1004" name="k_fu_237">
<pin_list>
<pin id="238" dir="0" index="0" bw="10" slack="0"/>
<pin id="239" dir="0" index="1" bw="4" slack="0"/>
<pin id="240" dir="0" index="2" bw="6" slack="0"/>
<pin id="241" dir="1" index="3" bw="10" slack="0"/>
</pin_list>
<bind>
<opcode="bitconcatenate(1004) " fcode="bitconcatenate"/>
<opset="k/1 "/>
</bind>
</comp>

<comp id="245" class="1004" name="add_ln152_fu_245">
<pin_list>
<pin id="246" dir="0" index="0" bw="11" slack="0"/>
<pin id="247" dir="0" index="1" bw="11" slack="0"/>
<pin id="248" dir="1" index="2" bw="11" slack="0"/>
</pin_list>
<bind>
<opcode="add(8) " fcode="add"/>
<opset="add_ln152/1 "/>
</bind>
</comp>

<comp id="251" class="1004" name="zext_ln152_fu_251">
<pin_list>
<pin id="252" dir="0" index="0" bw="11" slack="0"/>
<pin id="253" dir="1" index="1" bw="64" slack="0"/>
</pin_list>
<bind>
<opcode="zext(34) " fcode="zext"/>
<opset="zext_ln152/1 "/>
</bind>
</comp>

<comp id="256" class="1004" name="zext_ln153_fu_256">
<pin_list>
<pin id="257" dir="0" index="0" bw="10" slack="0"/>
<pin id="258" dir="1" index="1" bw="64" slack="0"/>
</pin_list>
<bind>
<opcode="zext(34) " fcode="zext"/>
<opset="zext_ln153/1 "/>
</bind>
</comp>

<comp id="261" class="1004" name="icmp_ln146_1_fu_261">
<pin_list>
<pin id="262" dir="0" index="0" bw="11" slack="0"/>
<pin id="263" dir="0" index="1" bw="11" slack="0"/>
<pin id="264" dir="1" index="2" bw="1" slack="2"/>
</pin_list>
<bind>
<opcode="icmp(45) " fcode="icmp"/>
<opset="icmp_ln146_1/1 "/>
</bind>
</comp>

<comp id="267" class="1004" name="store_ln146_store_fu_267">
<pin_list>
<pin id="268" dir="0" index="0" bw="11" slack="0"/>
<pin id="269" dir="0" index="1" bw="11" slack="0"/>
<pin id="270" dir="1" index="2" bw="0" slack="2147483647"/>
</pin_list>
<bind>
<opcode="store(28) " fcode="store"/>
<opset="store_ln146/1 "/>
</bind>
</comp>

<comp id="272" class="1004" name="sext_ln1347_183_fu_272">
<pin_list>
<pin id="273" dir="0" index="0" bw="8" slack="0"/>
<pin id="274" dir="1" index="1" bw="12" slack="0"/>
</pin_list>
<bind>
<opcode="sext(35) " fcode="sext"/>
<opset="sext_ln1347_183/2 "/>
</bind>
</comp>

<comp id="276" class="1004" name="sext_ln1347_184_fu_276">
<pin_list>
<pin id="277" dir="0" index="0" bw="5" slack="0"/>
<pin id="278" dir="1" index="1" bw="12" slack="0"/>
</pin_list>
<bind>
<opcode="sext(35) " fcode="sext"/>
<opset="sext_ln1347_184/2 "/>
</bind>
</comp>

<comp id="280" class="1004" name="mul_ln1347_fu_280">
<pin_list>
<pin id="281" dir="0" index="0" bw="8" slack="0"/>
<pin id="282" dir="0" index="1" bw="5" slack="0"/>
<pin id="283" dir="1" index="2" bw="12" slack="1"/>
</pin_list>
<bind>
<opcode="mul(12) " fcode="mul"/>
<opset="mul_ln1347/2 "/>
</bind>
</comp>

<comp id="286" class="1004" name="lhs_load_load_fu_286">
<pin_list>
<pin id="287" dir="0" index="0" bw="32" slack="2"/>
<pin id="288" dir="1" index="1" bw="32" slack="0"/>
</pin_list>
<bind>
<opcode="load(27) " fcode="load"/>
<opset="lhs_load/3 "/>
</bind>
</comp>

<comp id="289" class="1004" name="sext_ln813_fu_289">
<pin_list>
<pin id="290" dir="0" index="0" bw="32" slack="0"/>
<pin id="291" dir="1" index="1" bw="33" slack="0"/>
</pin_list>
<bind>
<opcode="sext(35) " fcode="sext"/>
<opset="sext_ln813/3 "/>
</bind>
</comp>

<comp id="293" class="1004" name="rhs_fu_293">
<pin_list>
<pin id="294" dir="0" index="0" bw="20" slack="0"/>
<pin id="295" dir="0" index="1" bw="12" slack="1"/>
<pin id="296" dir="0" index="2" bw="1" slack="0"/>
<pin id="297" dir="1" index="3" bw="20" slack="0"/>
</pin_list>
<bind>
<opcode="bitconcatenate(1004) " fcode="bitconcatenate"/>
<opset="rhs/3 "/>
</bind>
</comp>

<comp id="300" class="1004" name="sext_ln1347_fu_300">
<pin_list>
<pin id="301" dir="0" index="0" bw="20" slack="0"/>
<pin id="302" dir="1" index="1" bw="33" slack="0"/>
</pin_list>
<bind>
<opcode="sext(35) " fcode="sext"/>
<opset="sext_ln1347/3 "/>
</bind>
</comp>

<comp id="304" class="1004" name="sext_ln1347_185_fu_304">
<pin_list>
<pin id="305" dir="0" index="0" bw="20" slack="0"/>
<pin id="306" dir="1" index="1" bw="32" slack="0"/>
</pin_list>
<bind>
<opcode="sext(35) " fcode="sext"/>
<opset="sext_ln1347_185/3 "/>
</bind>
</comp>

<comp id="308" class="1004" name="ret_V_fu_308">
<pin_list>
<pin id="309" dir="0" index="0" bw="32" slack="0"/>
<pin id="310" dir="0" index="1" bw="20" slack="0"/>
<pin id="311" dir="1" index="2" bw="33" slack="0"/>
</pin_list>
<bind>
<opcode="add(8) " fcode="add"/>
<opset="ret_V/3 "/>
</bind>
</comp>

<comp id="314" class="1004" name="p_Result_s_fu_314">
<pin_list>
<pin id="315" dir="0" index="0" bw="1" slack="0"/>
<pin id="316" dir="0" index="1" bw="33" slack="0"/>
<pin id="317" dir="0" index="2" bw="7" slack="0"/>
<pin id="318" dir="1" index="3" bw="1" slack="0"/>
</pin_list>
<bind>
<opcode="bitselect(1000) " fcode="bitselect"/>
<opset="p_Result_s/3 "/>
</bind>
</comp>

<comp id="322" class="1004" name="acc_V_40_fu_322">
<pin_list>
<pin id="323" dir="0" index="0" bw="32" slack="0"/>
<pin id="324" dir="0" index="1" bw="20" slack="0"/>
<pin id="325" dir="1" index="2" bw="32" slack="0"/>
</pin_list>
<bind>
<opcode="add(8) " fcode="add"/>
<opset="acc_V_40/3 "/>
</bind>
</comp>

<comp id="328" class="1004" name="p_Result_37_fu_328">
<pin_list>
<pin id="329" dir="0" index="0" bw="1" slack="0"/>
<pin id="330" dir="0" index="1" bw="32" slack="0"/>
<pin id="331" dir="0" index="2" bw="6" slack="0"/>
<pin id="332" dir="1" index="3" bw="1" slack="0"/>
</pin_list>
<bind>
<opcode="bitselect(1000) " fcode="bitselect"/>
<opset="p_Result_37/3 "/>
</bind>
</comp>

<comp id="336" class="1004" name="xor_ln895_fu_336">
<pin_list>
<pin id="337" dir="0" index="0" bw="1" slack="0"/>
<pin id="338" dir="0" index="1" bw="1" slack="0"/>
<pin id="339" dir="1" index="2" bw="1" slack="0"/>
</pin_list>
<bind>
<opcode="xor(25) " fcode="xor"/>
<opset="xor_ln895/3 "/>
</bind>
</comp>

<comp id="342" class="1004" name="overflow_fu_342">
<pin_list>
<pin id="343" dir="0" index="0" bw="1" slack="0"/>
<pin id="344" dir="0" index="1" bw="1" slack="0"/>
<pin id="345" dir="1" index="2" bw="1" slack="0"/>
</pin_list>
<bind>
<opcode="and(23) " fcode="and"/>
<opset="overflow/3 "/>
</bind>
</comp>

<comp id="348" class="1004" name="xor_ln302_fu_348">
<pin_list>
<pin id="349" dir="0" index="0" bw="1" slack="0"/>
<pin id="350" dir="0" index="1" bw="1" slack="0"/>
<pin id="351" dir="1" index="2" bw="1" slack="0"/>
</pin_list>
<bind>
<opcode="xor(25) " fcode="xor"/>
<opset="xor_ln302/3 "/>
</bind>
</comp>

<comp id="354" class="1004" name="select_ln346_fu_354">
<pin_list>
<pin id="355" dir="0" index="0" bw="1" slack="0"/>
<pin id="356" dir="0" index="1" bw="32" slack="0"/>
<pin id="357" dir="0" index="2" bw="32" slack="0"/>
<pin id="358" dir="1" index="3" bw="32" slack="0"/>
</pin_list>
<bind>
<opcode="select(49) " fcode="select"/>
<opset="select_ln346/3 "/>
</bind>
</comp>

<comp id="362" class="1004" name="acc_V_fu_362">
<pin_list>
<pin id="363" dir="0" index="0" bw="1" slack="0"/>
<pin id="364" dir="0" index="1" bw="32" slack="0"/>
<pin id="365" dir="0" index="2" bw="32" slack="0"/>
<pin id="366" dir="1" index="3" bw="32" slack="0"/>
</pin_list>
<bind>
<opcode="select(49) " fcode="select"/>
<opset="acc_V/3 "/>
</bind>
</comp>

<comp id="370" class="1004" name="p_Result_38_fu_370">
<pin_list>
<pin id="371" dir="0" index="0" bw="1" slack="0"/>
<pin id="372" dir="0" index="1" bw="32" slack="0"/>
<pin id="373" dir="0" index="2" bw="6" slack="0"/>
<pin id="374" dir="1" index="3" bw="1" slack="0"/>
</pin_list>
<bind>
<opcode="bitselect(1000) " fcode="bitselect"/>
<opset="p_Result_38/3 "/>
</bind>
</comp>

<comp id="378" class="1004" name="final_res_V_fu_378">
<pin_list>
<pin id="379" dir="0" index="0" bw="8" slack="0"/>
<pin id="380" dir="0" index="1" bw="32" slack="0"/>
<pin id="381" dir="0" index="2" bw="5" slack="0"/>
<pin id="382" dir="0" index="3" bw="6" slack="0"/>
<pin id="383" dir="1" index="4" bw="8" slack="0"/>
</pin_list>
<bind>
<opcode="partselect(1002) " fcode="partselect"/>
<opset="final_res_V/3 "/>
</bind>
</comp>

<comp id="388" class="1004" name="p_Result_39_fu_388">
<pin_list>
<pin id="389" dir="0" index="0" bw="1" slack="0"/>
<pin id="390" dir="0" index="1" bw="32" slack="0"/>
<pin id="391" dir="0" index="2" bw="6" slack="0"/>
<pin id="392" dir="1" index="3" bw="1" slack="0"/>
</pin_list>
<bind>
<opcode="bitselect(1000) " fcode="bitselect"/>
<opset="p_Result_39/3 "/>
</bind>
</comp>

<comp id="396" class="1004" name="tmp_fu_396">
<pin_list>
<pin id="397" dir="0" index="0" bw="1" slack="0"/>
<pin id="398" dir="0" index="1" bw="32" slack="0"/>
<pin id="399" dir="0" index="2" bw="5" slack="0"/>
<pin id="400" dir="1" index="3" bw="1" slack="0"/>
</pin_list>
<bind>
<opcode="bitselect(1000) " fcode="bitselect"/>
<opset="tmp/3 "/>
</bind>
</comp>

<comp id="404" class="1004" name="zext_ln377_fu_404">
<pin_list>
<pin id="405" dir="0" index="0" bw="1" slack="0"/>
<pin id="406" dir="1" index="1" bw="8" slack="0"/>
</pin_list>
<bind>
<opcode="zext(34) " fcode="zext"/>
<opset="zext_ln377/3 "/>
</bind>
</comp>

<comp id="408" class="1004" name="final_res_V_1_fu_408">
<pin_list>
<pin id="409" dir="0" index="0" bw="8" slack="0"/>
<pin id="410" dir="0" index="1" bw="1" slack="0"/>
<pin id="411" dir="1" index="2" bw="8" slack="0"/>
</pin_list>
<bind>
<opcode="add(8) " fcode="add"/>
<opset="final_res_V_1/3 "/>
</bind>
</comp>

<comp id="414" class="1004" name="p_Result_40_fu_414">
<pin_list>
<pin id="415" dir="0" index="0" bw="1" slack="0"/>
<pin id="416" dir="0" index="1" bw="8" slack="0"/>
<pin id="417" dir="0" index="2" bw="4" slack="0"/>
<pin id="418" dir="1" index="3" bw="1" slack="0"/>
</pin_list>
<bind>
<opcode="bitselect(1000) " fcode="bitselect"/>
<opset="p_Result_40/3 "/>
</bind>
</comp>

<comp id="422" class="1004" name="xor_ln896_fu_422">
<pin_list>
<pin id="423" dir="0" index="0" bw="1" slack="0"/>
<pin id="424" dir="0" index="1" bw="1" slack="0"/>
<pin id="425" dir="1" index="2" bw="1" slack="0"/>
</pin_list>
<bind>
<opcode="xor(25) " fcode="xor"/>
<opset="xor_ln896/3 "/>
</bind>
</comp>

<comp id="428" class="1004" name="carry_1_fu_428">
<pin_list>
<pin id="429" dir="0" index="0" bw="1" slack="0"/>
<pin id="430" dir="0" index="1" bw="1" slack="0"/>
<pin id="431" dir="1" index="2" bw="1" slack="0"/>
</pin_list>
<bind>
<opcode="and(23) " fcode="and"/>
<opset="carry_1/3 "/>
</bind>
</comp>

<comp id="434" class="1004" name="tmp_i_fu_434">
<pin_list>
<pin id="435" dir="0" index="0" bw="11" slack="0"/>
<pin id="436" dir="0" index="1" bw="32" slack="0"/>
<pin id="437" dir="0" index="2" bw="6" slack="0"/>
<pin id="438" dir="0" index="3" bw="6" slack="0"/>
<pin id="439" dir="1" index="4" bw="11" slack="0"/>
</pin_list>
<bind>
<opcode="partselect(1002) " fcode="partselect"/>
<opset="tmp_i/3 "/>
</bind>
</comp>

<comp id="444" class="1004" name="Range2_all_ones_fu_444">
<pin_list>
<pin id="445" dir="0" index="0" bw="11" slack="0"/>
<pin id="446" dir="0" index="1" bw="1" slack="0"/>
<pin id="447" dir="1" index="2" bw="1" slack="0"/>
</pin_list>
<bind>
<opcode="icmp(45) " fcode="icmp"/>
<opset="Range2_all_ones/3 "/>
</bind>
</comp>

<comp id="450" class="1004" name="tmp_i_52_fu_450">
<pin_list>
<pin id="451" dir="0" index="0" bw="12" slack="0"/>
<pin id="452" dir="0" index="1" bw="32" slack="0"/>
<pin id="453" dir="0" index="2" bw="6" slack="0"/>
<pin id="454" dir="0" index="3" bw="6" slack="0"/>
<pin id="455" dir="1" index="4" bw="12" slack="0"/>
</pin_list>
<bind>
<opcode="partselect(1002) " fcode="partselect"/>
<opset="tmp_i_52/3 "/>
</bind>
</comp>

<comp id="460" class="1004" name="Range1_all_ones_fu_460">
<pin_list>
<pin id="461" dir="0" index="0" bw="12" slack="0"/>
<pin id="462" dir="0" index="1" bw="1" slack="0"/>
<pin id="463" dir="1" index="2" bw="1" slack="0"/>
</pin_list>
<bind>
<opcode="icmp(45) " fcode="icmp"/>
<opset="Range1_all_ones/3 "/>
</bind>
</comp>

<comp id="466" class="1004" name="Range1_all_zeros_fu_466">
<pin_list>
<pin id="467" dir="0" index="0" bw="12" slack="0"/>
<pin id="468" dir="0" index="1" bw="1" slack="0"/>
<pin id="469" dir="1" index="2" bw="1" slack="0"/>
</pin_list>
<bind>
<opcode="icmp(45) " fcode="icmp"/>
<opset="Range1_all_zeros/3 "/>
</bind>
</comp>

<comp id="472" class="1004" name="deleted_zeros_fu_472">
<pin_list>
<pin id="473" dir="0" index="0" bw="1" slack="0"/>
<pin id="474" dir="0" index="1" bw="1" slack="0"/>
<pin id="475" dir="0" index="2" bw="1" slack="0"/>
<pin id="476" dir="1" index="3" bw="1" slack="0"/>
</pin_list>
<bind>
<opcode="select(49) " fcode="select"/>
<opset="deleted_zeros/3 "/>
</bind>
</comp>

<comp id="480" class="1004" name="tmp_258_fu_480">
<pin_list>
<pin id="481" dir="0" index="0" bw="1" slack="0"/>
<pin id="482" dir="0" index="1" bw="32" slack="0"/>
<pin id="483" dir="0" index="2" bw="6" slack="0"/>
<pin id="484" dir="1" index="3" bw="1" slack="0"/>
</pin_list>
<bind>
<opcode="bitselect(1000) " fcode="bitselect"/>
<opset="tmp_258/3 "/>
</bind>
</comp>

<comp id="488" class="1004" name="xor_ln890_fu_488">
<pin_list>
<pin id="489" dir="0" index="0" bw="1" slack="0"/>
<pin id="490" dir="0" index="1" bw="1" slack="0"/>
<pin id="491" dir="1" index="2" bw="1" slack="0"/>
</pin_list>
<bind>
<opcode="xor(25) " fcode="xor"/>
<opset="xor_ln890/3 "/>
</bind>
</comp>

<comp id="494" class="1004" name="and_ln890_fu_494">
<pin_list>
<pin id="495" dir="0" index="0" bw="1" slack="0"/>
<pin id="496" dir="0" index="1" bw="1" slack="0"/>
<pin id="497" dir="1" index="2" bw="1" slack="0"/>
</pin_list>
<bind>
<opcode="and(23) " fcode="and"/>
<opset="and_ln890/3 "/>
</bind>
</comp>

<comp id="500" class="1004" name="deleted_ones_fu_500">
<pin_list>
<pin id="501" dir="0" index="0" bw="1" slack="0"/>
<pin id="502" dir="0" index="1" bw="1" slack="0"/>
<pin id="503" dir="0" index="2" bw="1" slack="0"/>
<pin id="504" dir="1" index="3" bw="1" slack="0"/>
</pin_list>
<bind>
<opcode="select(49) " fcode="select"/>
<opset="deleted_ones/3 "/>
</bind>
</comp>

<comp id="508" class="1004" name="and_ln891_fu_508">
<pin_list>
<pin id="509" dir="0" index="0" bw="1" slack="0"/>
<pin id="510" dir="0" index="1" bw="1" slack="0"/>
<pin id="511" dir="1" index="2" bw="1" slack="0"/>
</pin_list>
<bind>
<opcode="and(23) " fcode="and"/>
<opset="and_ln891/3 "/>
</bind>
</comp>

<comp id="514" class="1004" name="xor_ln895_123_fu_514">
<pin_list>
<pin id="515" dir="0" index="0" bw="1" slack="0"/>
<pin id="516" dir="0" index="1" bw="1" slack="0"/>
<pin id="517" dir="1" index="2" bw="1" slack="0"/>
</pin_list>
<bind>
<opcode="xor(25) " fcode="xor"/>
<opset="xor_ln895_123/3 "/>
</bind>
</comp>

<comp id="520" class="1004" name="or_ln895_fu_520">
<pin_list>
<pin id="521" dir="0" index="0" bw="1" slack="0"/>
<pin id="522" dir="0" index="1" bw="1" slack="0"/>
<pin id="523" dir="1" index="2" bw="1" slack="0"/>
</pin_list>
<bind>
<opcode="or(24) " fcode="or"/>
<opset="or_ln895/3 "/>
</bind>
</comp>

<comp id="526" class="1004" name="xor_ln895_124_fu_526">
<pin_list>
<pin id="527" dir="0" index="0" bw="1" slack="0"/>
<pin id="528" dir="0" index="1" bw="1" slack="0"/>
<pin id="529" dir="1" index="2" bw="1" slack="0"/>
</pin_list>
<bind>
<opcode="xor(25) " fcode="xor"/>
<opset="xor_ln895_124/3 "/>
</bind>
</comp>

<comp id="532" class="1004" name="overflow_19_fu_532">
<pin_list>
<pin id="533" dir="0" index="0" bw="1" slack="0"/>
<pin id="534" dir="0" index="1" bw="1" slack="0"/>
<pin id="535" dir="1" index="2" bw="1" slack="0"/>
</pin_list>
<bind>
<opcode="and(23) " fcode="and"/>
<opset="overflow_19/3 "/>
</bind>
</comp>

<comp id="538" class="1004" name="xor_ln896_1_fu_538">
<pin_list>
<pin id="539" dir="0" index="0" bw="1" slack="0"/>
<pin id="540" dir="0" index="1" bw="1" slack="0"/>
<pin id="541" dir="1" index="2" bw="1" slack="0"/>
</pin_list>
<bind>
<opcode="xor(25) " fcode="xor"/>
<opset="xor_ln896_1/3 "/>
</bind>
</comp>

<comp id="544" class="1004" name="or_ln896_fu_544">
<pin_list>
<pin id="545" dir="0" index="0" bw="1" slack="0"/>
<pin id="546" dir="0" index="1" bw="1" slack="0"/>
<pin id="547" dir="1" index="2" bw="1" slack="0"/>
</pin_list>
<bind>
<opcode="or(24) " fcode="or"/>
<opset="or_ln896/3 "/>
</bind>
</comp>

<comp id="550" class="1004" name="xor_ln896_2_fu_550">
<pin_list>
<pin id="551" dir="0" index="0" bw="1" slack="0"/>
<pin id="552" dir="0" index="1" bw="1" slack="0"/>
<pin id="553" dir="1" index="2" bw="1" slack="0"/>
</pin_list>
<bind>
<opcode="xor(25) " fcode="xor"/>
<opset="xor_ln896_2/3 "/>
</bind>
</comp>

<comp id="556" class="1004" name="underflow_fu_556">
<pin_list>
<pin id="557" dir="0" index="0" bw="1" slack="0"/>
<pin id="558" dir="0" index="1" bw="1" slack="0"/>
<pin id="559" dir="1" index="2" bw="1" slack="0"/>
</pin_list>
<bind>
<opcode="and(23) " fcode="and"/>
<opset="underflow/3 "/>
</bind>
</comp>

<comp id="562" class="1004" name="select_ln346_105_fu_562">
<pin_list>
<pin id="563" dir="0" index="0" bw="1" slack="0"/>
<pin id="564" dir="0" index="1" bw="8" slack="0"/>
<pin id="565" dir="0" index="2" bw="8" slack="0"/>
<pin id="566" dir="1" index="3" bw="8" slack="0"/>
</pin_list>
<bind>
<opcode="select(49) " fcode="select"/>
<opset="select_ln346_105/3 "/>
</bind>
</comp>

<comp id="570" class="1004" name="or_ln346_fu_570">
<pin_list>
<pin id="571" dir="0" index="0" bw="1" slack="0"/>
<pin id="572" dir="0" index="1" bw="1" slack="0"/>
<pin id="573" dir="1" index="2" bw="1" slack="0"/>
</pin_list>
<bind>
<opcode="or(24) " fcode="or"/>
<opset="or_ln346/3 "/>
</bind>
</comp>

<comp id="576" class="1004" name="final_res_V_2_fu_576">
<pin_list>
<pin id="577" dir="0" index="0" bw="1" slack="0"/>
<pin id="578" dir="0" index="1" bw="8" slack="0"/>
<pin id="579" dir="0" index="2" bw="8" slack="0"/>
<pin id="580" dir="1" index="3" bw="8" slack="0"/>
</pin_list>
<bind>
<opcode="select(49) " fcode="select"/>
<opset="final_res_V_2/3 "/>
</bind>
</comp>

<comp id="584" class="1004" name="zext_ln158_fu_584">
<pin_list>
<pin id="585" dir="0" index="0" bw="8" slack="0"/>
<pin id="586" dir="1" index="1" bw="32" slack="0"/>
</pin_list>
<bind>
<opcode="zext(34) " fcode="zext"/>
<opset="zext_ln158/3 "/>
</bind>
</comp>

<comp id="589" class="1004" name="store_ln302_store_fu_589">
<pin_list>
<pin id="590" dir="0" index="0" bw="32" slack="0"/>
<pin id="591" dir="0" index="1" bw="32" slack="2"/>
<pin id="592" dir="1" index="2" bw="0" slack="2147483647"/>
</pin_list>
<bind>
<opcode="store(28) " fcode="store"/>
<opset="store_ln302/3 "/>
</bind>
</comp>

<comp id="594" class="1005" name="lhs_reg_594">
<pin_list>
<pin id="595" dir="0" index="0" bw="32" slack="0"/>
<pin id="596" dir="1" index="1" bw="32" slack="0"/>
</pin_list>
<bind>
<opset="lhs "/>
</bind>
</comp>

<comp id="601" class="1005" name="i_2_reg_601">
<pin_list>
<pin id="602" dir="0" index="0" bw="11" slack="0"/>
<pin id="603" dir="1" index="1" bw="11" slack="0"/>
</pin_list>
<bind>
<opset="i_2 "/>
</bind>
</comp>

<comp id="608" class="1005" name="output_packet_last_V_read_reg_608">
<pin_list>
<pin id="609" dir="0" index="0" bw="1" slack="2"/>
<pin id="610" dir="1" index="1" bw="1" slack="2"/>
</pin_list>
<bind>
<opset="output_packet_last_V_read "/>
</bind>
</comp>

<comp id="613" class="1005" name="icmp_ln146_reg_613">
<pin_list>
<pin id="614" dir="0" index="0" bw="1" slack="1"/>
<pin id="615" dir="1" index="1" bw="1" slack="2147483647"/>
</pin_list>
<bind>
<opset="icmp_ln146 "/>
</bind>
</comp>

<comp id="617" class="1005" name="dense_weights_addr_reg_617">
<pin_list>
<pin id="618" dir="0" index="0" bw="11" slack="1"/>
<pin id="619" dir="1" index="1" bw="11" slack="1"/>
</pin_list>
<bind>
<opset="dense_weights_addr "/>
</bind>
</comp>

<comp id="622" class="1005" name="flat_img_V_addr_reg_622">
<pin_list>
<pin id="623" dir="0" index="0" bw="10" slack="1"/>
<pin id="624" dir="1" index="1" bw="10" slack="1"/>
</pin_list>
<bind>
<opset="flat_img_V_addr "/>
</bind>
</comp>

<comp id="627" class="1005" name="icmp_ln146_1_reg_627">
<pin_list>
<pin id="628" dir="0" index="0" bw="1" slack="2"/>
<pin id="629" dir="1" index="1" bw="1" slack="2147483647"/>
</pin_list>
<bind>
<opset="icmp_ln146_1 "/>
</bind>
</comp>

<comp id="631" class="1005" name="mul_ln1347_reg_631">
<pin_list>
<pin id="632" dir="0" index="0" bw="12" slack="1"/>
<pin id="633" dir="1" index="1" bw="12" slack="1"/>
</pin_list>
<bind>
<opset="mul_ln1347 "/>
</bind>
</comp>

</comp_list>

<net_list>
<net id="127"><net_src comp="18" pin="0"/><net_sink comp="124" pin=0"/></net>

<net id="131"><net_src comp="18" pin="0"/><net_sink comp="128" pin=0"/></net>

<net id="136"><net_src comp="20" pin="0"/><net_sink comp="132" pin=0"/></net>

<net id="137"><net_src comp="6" pin="0"/><net_sink comp="132" pin=1"/></net>

<net id="142"><net_src comp="22" pin="0"/><net_sink comp="138" pin=0"/></net>

<net id="143"><net_src comp="2" pin="0"/><net_sink comp="138" pin=1"/></net>

<net id="148"><net_src comp="24" pin="0"/><net_sink comp="144" pin=0"/></net>

<net id="149"><net_src comp="0" pin="0"/><net_sink comp="144" pin=1"/></net>

<net id="161"><net_src comp="120" pin="0"/><net_sink comp="150" pin=0"/></net>

<net id="162"><net_src comp="8" pin="0"/><net_sink comp="150" pin=1"/></net>

<net id="163"><net_src comp="10" pin="0"/><net_sink comp="150" pin=2"/></net>

<net id="164"><net_src comp="12" pin="0"/><net_sink comp="150" pin=3"/></net>

<net id="165"><net_src comp="14" pin="0"/><net_sink comp="150" pin=4"/></net>

<net id="166"><net_src comp="122" pin="0"/><net_sink comp="150" pin=6"/></net>

<net id="167"><net_src comp="122" pin="0"/><net_sink comp="150" pin=7"/></net>

<net id="173"><net_src comp="16" pin="0"/><net_sink comp="168" pin=0"/></net>

<net id="174"><net_src comp="62" pin="0"/><net_sink comp="168" pin=1"/></net>

<net id="180"><net_src comp="168" pin="3"/><net_sink comp="175" pin=0"/></net>

<net id="186"><net_src comp="4" pin="0"/><net_sink comp="181" pin=0"/></net>

<net id="187"><net_src comp="62" pin="0"/><net_sink comp="181" pin=1"/></net>

<net id="193"><net_src comp="181" pin="3"/><net_sink comp="188" pin=0"/></net>

<net id="197"><net_src comp="144" pin="2"/><net_sink comp="194" pin=0"/></net>

<net id="202"><net_src comp="44" pin="0"/><net_sink comp="198" pin=0"/></net>

<net id="207"><net_src comp="194" pin="1"/><net_sink comp="203" pin=0"/></net>

<net id="215"><net_src comp="208" pin="1"/><net_sink comp="211" pin=0"/></net>

<net id="216"><net_src comp="46" pin="0"/><net_sink comp="211" pin=1"/></net>

<net id="221"><net_src comp="208" pin="1"/><net_sink comp="217" pin=0"/></net>

<net id="222"><net_src comp="52" pin="0"/><net_sink comp="217" pin=1"/></net>

<net id="229"><net_src comp="54" pin="0"/><net_sink comp="223" pin=0"/></net>

<net id="230"><net_src comp="208" pin="1"/><net_sink comp="223" pin=1"/></net>

<net id="231"><net_src comp="56" pin="0"/><net_sink comp="223" pin=2"/></net>

<net id="232"><net_src comp="58" pin="0"/><net_sink comp="223" pin=3"/></net>

<net id="236"><net_src comp="208" pin="1"/><net_sink comp="233" pin=0"/></net>

<net id="242"><net_src comp="60" pin="0"/><net_sink comp="237" pin=0"/></net>

<net id="243"><net_src comp="233" pin="1"/><net_sink comp="237" pin=1"/></net>

<net id="244"><net_src comp="223" pin="4"/><net_sink comp="237" pin=2"/></net>

<net id="249"><net_src comp="208" pin="1"/><net_sink comp="245" pin=0"/></net>

<net id="250"><net_src comp="138" pin="2"/><net_sink comp="245" pin=1"/></net>

<net id="254"><net_src comp="245" pin="2"/><net_sink comp="251" pin=0"/></net>

<net id="255"><net_src comp="251" pin="1"/><net_sink comp="168" pin=2"/></net>

<net id="259"><net_src comp="237" pin="3"/><net_sink comp="256" pin=0"/></net>

<net id="260"><net_src comp="256" pin="1"/><net_sink comp="181" pin=2"/></net>

<net id="265"><net_src comp="217" pin="2"/><net_sink comp="261" pin=0"/></net>

<net id="266"><net_src comp="46" pin="0"/><net_sink comp="261" pin=1"/></net>

<net id="271"><net_src comp="217" pin="2"/><net_sink comp="267" pin=0"/></net>

<net id="275"><net_src comp="188" pin="3"/><net_sink comp="272" pin=0"/></net>

<net id="279"><net_src comp="175" pin="3"/><net_sink comp="276" pin=0"/></net>

<net id="284"><net_src comp="272" pin="1"/><net_sink comp="280" pin=0"/></net>

<net id="285"><net_src comp="276" pin="1"/><net_sink comp="280" pin=1"/></net>

<net id="292"><net_src comp="286" pin="1"/><net_sink comp="289" pin=0"/></net>

<net id="298"><net_src comp="72" pin="0"/><net_sink comp="293" pin=0"/></net>

<net id="299"><net_src comp="74" pin="0"/><net_sink comp="293" pin=2"/></net>

<net id="303"><net_src comp="293" pin="3"/><net_sink comp="300" pin=0"/></net>

<net id="307"><net_src comp="293" pin="3"/><net_sink comp="304" pin=0"/></net>

<net id="312"><net_src comp="289" pin="1"/><net_sink comp="308" pin=0"/></net>

<net id="313"><net_src comp="300" pin="1"/><net_sink comp="308" pin=1"/></net>

<net id="319"><net_src comp="76" pin="0"/><net_sink comp="314" pin=0"/></net>

<net id="320"><net_src comp="308" pin="2"/><net_sink comp="314" pin=1"/></net>

<net id="321"><net_src comp="78" pin="0"/><net_sink comp="314" pin=2"/></net>

<net id="326"><net_src comp="286" pin="1"/><net_sink comp="322" pin=0"/></net>

<net id="327"><net_src comp="304" pin="1"/><net_sink comp="322" pin=1"/></net>

<net id="333"><net_src comp="80" pin="0"/><net_sink comp="328" pin=0"/></net>

<net id="334"><net_src comp="322" pin="2"/><net_sink comp="328" pin=1"/></net>

<net id="335"><net_src comp="82" pin="0"/><net_sink comp="328" pin=2"/></net>

<net id="340"><net_src comp="314" pin="3"/><net_sink comp="336" pin=0"/></net>

<net id="341"><net_src comp="84" pin="0"/><net_sink comp="336" pin=1"/></net>

<net id="346"><net_src comp="328" pin="3"/><net_sink comp="342" pin=0"/></net>

<net id="347"><net_src comp="336" pin="2"/><net_sink comp="342" pin=1"/></net>

<net id="352"><net_src comp="314" pin="3"/><net_sink comp="348" pin=0"/></net>

<net id="353"><net_src comp="328" pin="3"/><net_sink comp="348" pin=1"/></net>

<net id="359"><net_src comp="342" pin="2"/><net_sink comp="354" pin=0"/></net>

<net id="360"><net_src comp="86" pin="0"/><net_sink comp="354" pin=1"/></net>

<net id="361"><net_src comp="88" pin="0"/><net_sink comp="354" pin=2"/></net>

<net id="367"><net_src comp="348" pin="2"/><net_sink comp="362" pin=0"/></net>

<net id="368"><net_src comp="354" pin="3"/><net_sink comp="362" pin=1"/></net>

<net id="369"><net_src comp="322" pin="2"/><net_sink comp="362" pin=2"/></net>

<net id="375"><net_src comp="80" pin="0"/><net_sink comp="370" pin=0"/></net>

<net id="376"><net_src comp="362" pin="3"/><net_sink comp="370" pin=1"/></net>

<net id="377"><net_src comp="82" pin="0"/><net_sink comp="370" pin=2"/></net>

<net id="384"><net_src comp="90" pin="0"/><net_sink comp="378" pin=0"/></net>

<net id="385"><net_src comp="362" pin="3"/><net_sink comp="378" pin=1"/></net>

<net id="386"><net_src comp="92" pin="0"/><net_sink comp="378" pin=2"/></net>

<net id="387"><net_src comp="94" pin="0"/><net_sink comp="378" pin=3"/></net>

<net id="393"><net_src comp="80" pin="0"/><net_sink comp="388" pin=0"/></net>

<net id="394"><net_src comp="362" pin="3"/><net_sink comp="388" pin=1"/></net>

<net id="395"><net_src comp="94" pin="0"/><net_sink comp="388" pin=2"/></net>

<net id="401"><net_src comp="80" pin="0"/><net_sink comp="396" pin=0"/></net>

<net id="402"><net_src comp="362" pin="3"/><net_sink comp="396" pin=1"/></net>

<net id="403"><net_src comp="96" pin="0"/><net_sink comp="396" pin=2"/></net>

<net id="407"><net_src comp="396" pin="3"/><net_sink comp="404" pin=0"/></net>

<net id="412"><net_src comp="378" pin="4"/><net_sink comp="408" pin=0"/></net>

<net id="413"><net_src comp="404" pin="1"/><net_sink comp="408" pin=1"/></net>

<net id="419"><net_src comp="98" pin="0"/><net_sink comp="414" pin=0"/></net>

<net id="420"><net_src comp="408" pin="2"/><net_sink comp="414" pin=1"/></net>

<net id="421"><net_src comp="100" pin="0"/><net_sink comp="414" pin=2"/></net>

<net id="426"><net_src comp="414" pin="3"/><net_sink comp="422" pin=0"/></net>

<net id="427"><net_src comp="84" pin="0"/><net_sink comp="422" pin=1"/></net>

<net id="432"><net_src comp="388" pin="3"/><net_sink comp="428" pin=0"/></net>

<net id="433"><net_src comp="422" pin="2"/><net_sink comp="428" pin=1"/></net>

<net id="440"><net_src comp="102" pin="0"/><net_sink comp="434" pin=0"/></net>

<net id="441"><net_src comp="362" pin="3"/><net_sink comp="434" pin=1"/></net>

<net id="442"><net_src comp="104" pin="0"/><net_sink comp="434" pin=2"/></net>

<net id="443"><net_src comp="82" pin="0"/><net_sink comp="434" pin=3"/></net>

<net id="448"><net_src comp="434" pin="4"/><net_sink comp="444" pin=0"/></net>

<net id="449"><net_src comp="106" pin="0"/><net_sink comp="444" pin=1"/></net>

<net id="456"><net_src comp="108" pin="0"/><net_sink comp="450" pin=0"/></net>

<net id="457"><net_src comp="362" pin="3"/><net_sink comp="450" pin=1"/></net>

<net id="458"><net_src comp="110" pin="0"/><net_sink comp="450" pin=2"/></net>

<net id="459"><net_src comp="82" pin="0"/><net_sink comp="450" pin=3"/></net>

<net id="464"><net_src comp="450" pin="4"/><net_sink comp="460" pin=0"/></net>

<net id="465"><net_src comp="112" pin="0"/><net_sink comp="460" pin=1"/></net>

<net id="470"><net_src comp="450" pin="4"/><net_sink comp="466" pin=0"/></net>

<net id="471"><net_src comp="114" pin="0"/><net_sink comp="466" pin=1"/></net>

<net id="477"><net_src comp="428" pin="2"/><net_sink comp="472" pin=0"/></net>

<net id="478"><net_src comp="460" pin="2"/><net_sink comp="472" pin=1"/></net>

<net id="479"><net_src comp="466" pin="2"/><net_sink comp="472" pin=2"/></net>

<net id="485"><net_src comp="80" pin="0"/><net_sink comp="480" pin=0"/></net>

<net id="486"><net_src comp="362" pin="3"/><net_sink comp="480" pin=1"/></net>

<net id="487"><net_src comp="110" pin="0"/><net_sink comp="480" pin=2"/></net>

<net id="492"><net_src comp="480" pin="3"/><net_sink comp="488" pin=0"/></net>

<net id="493"><net_src comp="84" pin="0"/><net_sink comp="488" pin=1"/></net>

<net id="498"><net_src comp="444" pin="2"/><net_sink comp="494" pin=0"/></net>

<net id="499"><net_src comp="488" pin="2"/><net_sink comp="494" pin=1"/></net>

<net id="505"><net_src comp="428" pin="2"/><net_sink comp="500" pin=0"/></net>

<net id="506"><net_src comp="494" pin="2"/><net_sink comp="500" pin=1"/></net>

<net id="507"><net_src comp="460" pin="2"/><net_sink comp="500" pin=2"/></net>

<net id="512"><net_src comp="428" pin="2"/><net_sink comp="508" pin=0"/></net>

<net id="513"><net_src comp="460" pin="2"/><net_sink comp="508" pin=1"/></net>

<net id="518"><net_src comp="472" pin="3"/><net_sink comp="514" pin=0"/></net>

<net id="519"><net_src comp="84" pin="0"/><net_sink comp="514" pin=1"/></net>

<net id="524"><net_src comp="414" pin="3"/><net_sink comp="520" pin=0"/></net>

<net id="525"><net_src comp="514" pin="2"/><net_sink comp="520" pin=1"/></net>

<net id="530"><net_src comp="370" pin="3"/><net_sink comp="526" pin=0"/></net>

<net id="531"><net_src comp="84" pin="0"/><net_sink comp="526" pin=1"/></net>

<net id="536"><net_src comp="520" pin="2"/><net_sink comp="532" pin=0"/></net>

<net id="537"><net_src comp="526" pin="2"/><net_sink comp="532" pin=1"/></net>

<net id="542"><net_src comp="500" pin="3"/><net_sink comp="538" pin=0"/></net>

<net id="543"><net_src comp="84" pin="0"/><net_sink comp="538" pin=1"/></net>

<net id="548"><net_src comp="422" pin="2"/><net_sink comp="544" pin=0"/></net>

<net id="549"><net_src comp="538" pin="2"/><net_sink comp="544" pin=1"/></net>

<net id="554"><net_src comp="508" pin="2"/><net_sink comp="550" pin=0"/></net>

<net id="555"><net_src comp="544" pin="2"/><net_sink comp="550" pin=1"/></net>

<net id="560"><net_src comp="550" pin="2"/><net_sink comp="556" pin=0"/></net>

<net id="561"><net_src comp="370" pin="3"/><net_sink comp="556" pin=1"/></net>

<net id="567"><net_src comp="532" pin="2"/><net_sink comp="562" pin=0"/></net>

<net id="568"><net_src comp="116" pin="0"/><net_sink comp="562" pin=1"/></net>

<net id="569"><net_src comp="118" pin="0"/><net_sink comp="562" pin=2"/></net>

<net id="574"><net_src comp="532" pin="2"/><net_sink comp="570" pin=0"/></net>

<net id="575"><net_src comp="556" pin="2"/><net_sink comp="570" pin=1"/></net>

<net id="581"><net_src comp="570" pin="2"/><net_sink comp="576" pin=0"/></net>

<net id="582"><net_src comp="562" pin="3"/><net_sink comp="576" pin=1"/></net>

<net id="583"><net_src comp="408" pin="2"/><net_sink comp="576" pin=2"/></net>

<net id="587"><net_src comp="576" pin="3"/><net_sink comp="584" pin=0"/></net>

<net id="588"><net_src comp="584" pin="1"/><net_sink comp="150" pin=5"/></net>

<net id="593"><net_src comp="362" pin="3"/><net_sink comp="589" pin=0"/></net>

<net id="597"><net_src comp="124" pin="1"/><net_sink comp="594" pin=0"/></net>

<net id="598"><net_src comp="594" pin="1"/><net_sink comp="203" pin=1"/></net>

<net id="599"><net_src comp="594" pin="1"/><net_sink comp="286" pin=0"/></net>

<net id="600"><net_src comp="594" pin="1"/><net_sink comp="589" pin=1"/></net>

<net id="604"><net_src comp="128" pin="1"/><net_sink comp="601" pin=0"/></net>

<net id="605"><net_src comp="601" pin="1"/><net_sink comp="198" pin=1"/></net>

<net id="606"><net_src comp="601" pin="1"/><net_sink comp="208" pin=0"/></net>

<net id="607"><net_src comp="601" pin="1"/><net_sink comp="267" pin=1"/></net>

<net id="611"><net_src comp="132" pin="2"/><net_sink comp="608" pin=0"/></net>

<net id="612"><net_src comp="608" pin="1"/><net_sink comp="150" pin=8"/></net>

<net id="616"><net_src comp="211" pin="2"/><net_sink comp="613" pin=0"/></net>

<net id="620"><net_src comp="168" pin="3"/><net_sink comp="617" pin=0"/></net>

<net id="621"><net_src comp="617" pin="1"/><net_sink comp="175" pin=0"/></net>

<net id="625"><net_src comp="181" pin="3"/><net_sink comp="622" pin=0"/></net>

<net id="626"><net_src comp="622" pin="1"/><net_sink comp="188" pin=0"/></net>

<net id="630"><net_src comp="261" pin="2"/><net_sink comp="627" pin=0"/></net>

<net id="634"><net_src comp="280" pin="2"/><net_sink comp="631" pin=0"/></net>

<net id="635"><net_src comp="631" pin="1"/><net_sink comp="293" pin=1"/></net>

</net_list>

</model> 
---------------- Datapath Model END ------------------

* FSMD analyzer results:
  - Output states:
	Port: OUTPUT_STREAM_V_data_V | {3 }
	Port: OUTPUT_STREAM_V_keep_V | {3 }
	Port: OUTPUT_STREAM_V_strb_V | {3 }
	Port: OUTPUT_STREAM_V_last_V | {3 }
 - Input state : 
	Port: dense_layer_Pipeline_VITIS_LOOP_146_3 : sext_ln141 | {1 }
	Port: dense_layer_Pipeline_VITIS_LOOP_146_3 : shl_ln | {1 }
	Port: dense_layer_Pipeline_VITIS_LOOP_146_3 : flat_img_V | {1 2 }
	Port: dense_layer_Pipeline_VITIS_LOOP_146_3 : output_packet_last_V | {1 }
	Port: dense_layer_Pipeline_VITIS_LOOP_146_3 : dense_weights | {1 2 }
  - Chain level:
	State 1
		store_ln0 : 1
		store_ln0 : 1
		i : 1
		icmp_ln146 : 2
		add_ln146 : 2
		br_ln146 : 3
		channel_bits : 2
		trunc_ln150 : 2
		k : 3
		add_ln152 : 2
		zext_ln152 : 3
		dense_weights_addr : 4
		w_V : 5
		zext_ln153 : 4
		flat_img_V_addr : 5
		r_V : 6
		icmp_ln146_1 : 3
		br_ln146 : 4
		store_ln146 : 3
	State 2
		sext_ln1347_183 : 1
		sext_ln1347_184 : 1
		mul_ln1347 : 2
	State 3
		sext_ln813 : 1
		sext_ln1347 : 1
		sext_ln1347_185 : 1
		ret_V : 2
		p_Result_s : 3
		acc_V_40 : 2
		p_Result_37 : 3
		xor_ln895 : 4
		overflow : 4
		xor_ln302 : 4
		select_ln346 : 4
		acc_V : 5
		p_Result_38 : 6
		final_res_V : 6
		p_Result_39 : 6
		tmp : 6
		zext_ln377 : 7
		final_res_V_1 : 8
		p_Result_40 : 9
		xor_ln896 : 10
		carry_1 : 10
		tmp_i : 6
		Range2_all_ones : 7
		tmp_i_52 : 6
		Range1_all_ones : 7
		Range1_all_zeros : 7
		deleted_zeros : 10
		tmp_258 : 6
		xor_ln890 : 7
		and_ln890 : 7
		deleted_ones : 10
		and_ln891 : 10
		xor_ln895_123 : 11
		or_ln895 : 11
		xor_ln895_124 : 7
		overflow_19 : 11
		xor_ln896_1 : 11
		or_ln896 : 11
		xor_ln896_2 : 11
		underflow : 11
		select_ln346_105 : 11
		or_ln346 : 11
		final_res_V_2 : 11
		zext_ln158 : 12
		write_ln258 : 13
		store_ln302 : 6


============================================================
+ Verbose Summary: Datapath Resource usage 
============================================================

* Functional unit list:
|----------|---------------------------------------|---------|---------|---------|
| Operation|            Functional Unit            |   DSP   |    FF   |   LUT   |
|----------|---------------------------------------|---------|---------|---------|
|          |            add_ln146_fu_217           |    0    |    0    |    18   |
|          |            add_ln152_fu_245           |    0    |    0    |    18   |
|    add   |              ret_V_fu_308             |    0    |    0    |    39   |
|          |            acc_V_40_fu_322            |    0    |    0    |    39   |
|          |          final_res_V_1_fu_408         |    0    |    0    |    15   |
|----------|---------------------------------------|---------|---------|---------|
|          |          select_ln346_fu_354          |    0    |    0    |    32   |
|          |              acc_V_fu_362             |    0    |    0    |    32   |
|  select  |          deleted_zeros_fu_472         |    0    |    0    |    2    |
|          |          deleted_ones_fu_500          |    0    |    0    |    2    |
|          |        select_ln346_105_fu_562        |    0    |    0    |    8    |
|          |          final_res_V_2_fu_576         |    0    |    0    |    8    |
|----------|---------------------------------------|---------|---------|---------|
|          |           icmp_ln146_fu_211           |    0    |    0    |    11   |
|          |          icmp_ln146_1_fu_261          |    0    |    0    |    11   |
|   icmp   |         Range2_all_ones_fu_444        |    0    |    0    |    11   |
|          |         Range1_all_ones_fu_460        |    0    |    0    |    12   |
|          |        Range1_all_zeros_fu_466        |    0    |    0    |    12   |
|----------|---------------------------------------|---------|---------|---------|
|    mul   |           mul_ln1347_fu_280           |    0    |    0    |    40   |
|----------|---------------------------------------|---------|---------|---------|
|          |            xor_ln895_fu_336           |    0    |    0    |    2    |
|          |            xor_ln302_fu_348           |    0    |    0    |    2    |
|          |            xor_ln896_fu_422           |    0    |    0    |    2    |
|    xor   |            xor_ln890_fu_488           |    0    |    0    |    2    |
|          |          xor_ln895_123_fu_514         |    0    |    0    |    2    |
|          |          xor_ln895_124_fu_526         |    0    |    0    |    2    |
|          |           xor_ln896_1_fu_538          |    0    |    0    |    2    |
|          |           xor_ln896_2_fu_550          |    0    |    0    |    2    |
|----------|---------------------------------------|---------|---------|---------|
|          |            overflow_fu_342            |    0    |    0    |    2    |
|          |             carry_1_fu_428            |    0    |    0    |    2    |
|    and   |            and_ln890_fu_494           |    0    |    0    |    2    |
|          |            and_ln891_fu_508           |    0    |    0    |    2    |
|          |           overflow_19_fu_532          |    0    |    0    |    2    |
|          |            underflow_fu_556           |    0    |    0    |    2    |
|----------|---------------------------------------|---------|---------|---------|
|          |            or_ln895_fu_520            |    0    |    0    |    2    |
|    or    |            or_ln896_fu_544            |    0    |    0    |    2    |
|          |            or_ln346_fu_570            |    0    |    0    |    2    |
|----------|---------------------------------------|---------|---------|---------|
|          | output_packet_last_V_read_read_fu_132 |    0    |    0    |    0    |
|   read   |        shl_ln_read_read_fu_138        |    0    |    0    |    0    |
|          |      sext_ln141_read_read_fu_144      |    0    |    0    |    0    |
|----------|---------------------------------------|---------|---------|---------|
|   write  |        write_ln258_write_fu_150       |    0    |    0    |    0    |
|----------|---------------------------------------|---------|---------|---------|
|          |         sext_ln141_cast_fu_194        |    0    |    0    |    0    |
|          |         sext_ln1347_183_fu_272        |    0    |    0    |    0    |
|   sext   |         sext_ln1347_184_fu_276        |    0    |    0    |    0    |
|          |           sext_ln813_fu_289           |    0    |    0    |    0    |
|          |           sext_ln1347_fu_300          |    0    |    0    |    0    |
|          |         sext_ln1347_185_fu_304        |    0    |    0    |    0    |
|----------|---------------------------------------|---------|---------|---------|
|          |          channel_bits_fu_223          |    0    |    0    |    0    |
|partselect|           final_res_V_fu_378          |    0    |    0    |    0    |
|          |              tmp_i_fu_434             |    0    |    0    |    0    |
|          |            tmp_i_52_fu_450            |    0    |    0    |    0    |
|----------|---------------------------------------|---------|---------|---------|
|   trunc  |           trunc_ln150_fu_233          |    0    |    0    |    0    |
|----------|---------------------------------------|---------|---------|---------|
|bitconcatenate|                k_fu_237               |    0    |    0    |    0    |
|          |               rhs_fu_293              |    0    |    0    |    0    |
|----------|---------------------------------------|---------|---------|---------|
|          |           zext_ln152_fu_251           |    0    |    0    |    0    |
|   zext   |           zext_ln153_fu_256           |    0    |    0    |    0    |
|          |           zext_ln377_fu_404           |    0    |    0    |    0    |
|          |           zext_ln158_fu_584           |    0    |    0    |    0    |
|----------|---------------------------------------|---------|---------|---------|
|          |           p_Result_s_fu_314           |    0    |    0    |    0    |
|          |           p_Result_37_fu_328          |    0    |    0    |    0    |
|          |           p_Result_38_fu_370          |    0    |    0    |    0    |
| bitselect|           p_Result_39_fu_388          |    0    |    0    |    0    |
|          |               tmp_fu_396              |    0    |    0    |    0    |
|          |           p_Result_40_fu_414          |    0    |    0    |    0    |
|          |             tmp_258_fu_480            |    0    |    0    |    0    |
|----------|---------------------------------------|---------|---------|---------|
|   Total  |                                       |    0    |    0    |   344   |
|----------|---------------------------------------|---------|---------|---------|

Memories:
N/A

* Register list:
+---------------------------------+--------+
|                                 |   FF   |
+---------------------------------+--------+
|    dense_weights_addr_reg_617   |   11   |
|     flat_img_V_addr_reg_622     |   10   |
|           i_2_reg_601           |   11   |
|       icmp_ln146_1_reg_627      |    1   |
|        icmp_ln146_reg_613       |    1   |
|           lhs_reg_594           |   32   |
|        mul_ln1347_reg_631       |   12   |
|output_packet_last_V_read_reg_608|    1   |
+---------------------------------+--------+
|              Total              |   79   |
+---------------------------------+--------+

* Multiplexer (MUX) list: 
|-------------------|------|------|------|--------||---------||---------|
|        Comp       |  Pin | Size |  BW  | S x BW ||  Delay  ||   LUT   |
|-------------------|------|------|------|--------||---------||---------|
| grp_access_fu_175 |  p0  |   2  |  11  |   22   ||    9    |
| grp_access_fu_188 |  p0  |   2  |  10  |   20   ||    9    |
|-------------------|------|------|------|--------||---------||---------|
|       Total       |      |      |      |   42   ||  0.978  ||    18   |
|-------------------|------|------|------|--------||---------||---------|



* Summary:
+-----------+--------+--------+--------+--------+
|           |   DSP  |  Delay |   FF   |   LUT  |
+-----------+--------+--------+--------+--------+
|  Function |    0   |    -   |    0   |   344  |
|   Memory  |    -   |    -   |    -   |    -   |
|Multiplexer|    -   |    0   |    -   |   18   |
|  Register |    -   |    -   |   79   |    -   |
+-----------+--------+--------+--------+--------+
|   Total   |    0   |    0   |   79   |   362  |
+-----------+--------+--------+--------+--------+
