

================================================================
== Vitis HLS Report for 'dense_layer'
================================================================
* Date:           Thu Dec 11 20:07:19 2025

* Version:        2022.2 (Build 3670227 on Oct 13 2022)
* Project:        vgg_accelerator
* Solution:       solution1 (Vivado IP Flow Target)
* Product family: zynquplus
* Target device:  xczu5eg-sfvc784-1-e


================================================================
== Performance Estimates
================================================================
+ Timing: 
    * Summary: 
    +--------+----------+----------+------------+
    |  Clock |  Target  | Estimated| Uncertainty|
    +--------+----------+----------+------------+
    |ap_clk  |  10.00 ns|  4.404 ns|     2.70 ns|
    +--------+----------+----------+------------+

+ Latency: 
    * Summary: 
    +---------+---------+-----------+-----------+------+------+---------+
    |  Latency (cycles) |   Latency (absolute)  |   Interval  | Pipeline|
    |   min   |   max   |    min    |    max    |  min |  max |   Type  |
    +---------+---------+-----------+-----------+------+------+---------+
    |     5136|     5136|  51.360 us|  51.360 us|  5136|  5136|       no|
    +---------+---------+-----------+-----------+------+------+---------+

    + Detail: 
        * Instance: 
        +-------------------------------------------------+---------------------------------------+---------+---------+-----------+-----------+------+------+---------+
        |                                                 |                                       |  Latency (cycles) |   Latency (absolute)  |   Interval  | Pipeline|
        |                     Instance                    |                 Module                |   min   |   max   |    min    |    max    |  min |  max |   Type  |
        +-------------------------------------------------+---------------------------------------+---------+---------+-----------+-----------+------+------+---------+
        |grp_dense_layer_Pipeline_VITIS_LOOP_135_1_fu_89  |dense_layer_Pipeline_VITIS_LOOP_135_1  |     1026|     1026|  10.260 us|  10.260 us|  1026|  1026|       no|
        |grp_dense_layer_Pipeline_VITIS_LOOP_146_3_fu_97  |dense_layer_Pipeline_VITIS_LOOP_146_3  |     2050|     2050|  20.500 us|  20.500 us|  2050|  2050|       no|
        +-------------------------------------------------+---------------------------------------+---------+---------+-----------+-----------+------+------+---------+

        * Loop: 
        +--------------------+---------+---------+----------+-----------+-----------+------+----------+
        |                    |  Latency (cycles) | Iteration|  Initiation Interval  | Trip |          |
        |      Loop Name     |   min   |   max   |  Latency |  achieved |   target  | Count| Pipelined|
        +--------------------+---------+---------+----------+-----------+-----------+------+----------+
        |- VITIS_LOOP_140_2  |     4106|     4106|      2053|          -|          -|     2|        no|
        +--------------------+---------+---------+----------+-----------+-----------+------+----------+

============================================================
+ Verbose Summary: Synthesis Manager
============================================================
InlineROM: 1
ExposeGlobal: 0
============================================================
+ Verbose Summary: CDFG Model
============================================================
IsTopModel: 0
ResetActiveHigh: 1
IsCombinational: 2
IsDatapathOnly: 0
HasWiredReturn: 1
HasMFsm: 0
HasVarLatency: 1
IsPipeline: 0
IsRtlPipelined: 0
IsInstanceOverlapped: 0
IsDontTouch: 0
HasImplIP: 0
IsGatedGlobalClock: 0


============================================================
+ Verbose Summary: Schedule
============================================================
* Number of FSM states : 7
* Pipeline : 0
* Dataflow Pipeline: 0

* FSM state transitions: 
1 --> 2 
2 --> 3 
3 --> 4 
4 --> 5 7 
5 --> 6 
6 --> 4 
7 --> 

* FSM state operations: 

State 1 <SV = 0> <Delay = 1.35>
ST_1 : Operation 8 [1/1] (0.00ns)   --->   "%c = alloca i32 1"   --->   Operation 8 'alloca' 'c' <Predicate = true> <Delay = 0.00>
ST_1 : Operation 9 [1/1] (1.35ns)   --->   "%flat_img_V = alloca i64 1" [vgg_accelerator.cpp:134]   --->   Operation 9 'alloca' 'flat_img_V' <Predicate = true> <Delay = 1.35>
ST_1 : Operation 10 [1/1] (0.00ns)   --->   "%empty = wait i32 @_ssdm_op_Wait"   --->   Operation 10 'wait' 'empty' <Predicate = true> <Delay = 0.00>
ST_1 : Operation 11 [2/2] (0.00ns)   --->   "%call_ln0 = call void @dense_layer_Pipeline_VITIS_LOOP_135_1, i8 %flat_img_V, i8 %s_pool3"   --->   Operation 11 'call' 'call_ln0' <Predicate = true> <Delay = 0.00> <CoreType = "Generic">   --->   Core 0 '' <Latency = 0> <II = 1> <Delay = 1.00> <Generic> <Opcode : >
ST_1 : Operation 12 [1/1] (0.48ns)   --->   "%store_ln140 = store i2 0, i2 %c" [vgg_accelerator.cpp:140]   --->   Operation 12 'store' 'store_ln140' <Predicate = true> <Delay = 0.48>

State 2 <SV = 1> <Delay = 0.00>
ST_2 : Operation 13 [1/2] (0.00ns)   --->   "%call_ln0 = call void @dense_layer_Pipeline_VITIS_LOOP_135_1, i8 %flat_img_V, i8 %s_pool3"   --->   Operation 13 'call' 'call_ln0' <Predicate = true> <Delay = 0.00> <CoreType = "Generic">   --->   Core 0 '' <Latency = 0> <II = 1> <Delay = 1.00> <Generic> <Opcode : >

State 3 <SV = 2> <Delay = 0.00>
ST_3 : Operation 14 [1/1] (0.00ns)   --->   "%specinterface_ln0 = specinterface void @_ssdm_op_SpecInterface, i8 %s_pool3, void @empty_11, i32 0, i32 0, void @empty_4, i32 0, i32 0, void @empty_4, void @empty_4, void @empty_4, i32 0, i32 0, i32 0, i32 0, void @empty_4, void @empty_4, i32 4294967295, i32 0"   --->   Operation 14 'specinterface' 'specinterface_ln0' <Predicate = true> <Delay = 0.00>
ST_3 : Operation 15 [1/1] (0.00ns)   --->   "%specinterface_ln0 = specinterface void @_ssdm_op_SpecInterface, i8 %s_pool3, void @empty_11, i32 0, i32 0, void @empty_4, i32 0, i32 0, void @empty_4, void @empty_4, void @empty_4, i32 0, i32 0, i32 0, i32 0, void @empty_4, void @empty_4, i32 4294967295, i32 0"   --->   Operation 15 'specinterface' 'specinterface_ln0' <Predicate = true> <Delay = 0.00>
ST_3 : Operation 16 [1/1] (0.00ns)   --->   "%specinterface_ln0 = specinterface void @_ssdm_op_SpecInterface, i8 %s_pool3, void @empty_11, i32 0, i32 0, void @empty_4, i32 0, i32 0, void @empty_4, void @empty_4, void @empty_4, i32 0, i32 0, i32 0, i32 0, void @empty_4, void @empty_4, i32 4294967295, i32 0"   --->   Operation 16 'specinterface' 'specinterface_ln0' <Predicate = true> <Delay = 0.00>
ST_3 : Operation 17 [1/1] (0.00ns)   --->   "%specaxissidechannel_ln0 = specaxissidechannel void @_ssdm_op_SpecAXISSideChannel, i32 %OUTPUT_STREAM_V_data_V, i4 %OUTPUT_STREAM_V_keep_V, i4 %OUTPUT_STREAM_V_strb_V, i1 0, i1 %OUTPUT_STREAM_V_last_V, i1 0, i1 0, void @empty"   --->   Operation 17 'specaxissidechannel' 'specaxissidechannel_ln0' <Predicate = true> <Delay = 0.00>
ST_3 : Operation 18 [1/1] (0.00ns)   --->   "%specinterface_ln0 = specinterface void @_ssdm_op_SpecInterface, i8 %s_pool3, void @empty_11, i32 0, i32 0, void @empty_4, i32 0, i32 0, void @empty_4, void @empty_4, void @empty_4, i32 0, i32 0, i32 0, i32 0, void @empty_4, void @empty_4, i32 4294967295, i32 0"   --->   Operation 18 'specinterface' 'specinterface_ln0' <Predicate = true> <Delay = 0.00>
ST_3 : Operation 19 [1/1] (0.00ns)   --->   "%specinterface_ln0 = specinterface void @_ssdm_op_SpecInterface, i1 %OUTPUT_STREAM_V_last_V, i4 %OUTPUT_STREAM_V_strb_V, i4 %OUTPUT_STREAM_V_keep_V, i32 %OUTPUT_STREAM_V_data_V, void @empty_7, i32 1, i32 1, void @empty_15, i32 0, i32 0, void @empty_4, void @empty_4, void @empty_4, i32 0, i32 0, i32 0, i32 0, void @empty_4, void @empty_4, i32 4294967295, i32 0"   --->   Operation 19 'specinterface' 'specinterface_ln0' <Predicate = true> <Delay = 0.00>
ST_3 : Operation 20 [1/1] (0.00ns)   --->   "%empty_53 = wait i32 @_ssdm_op_Wait"   --->   Operation 20 'wait' 'empty_53' <Predicate = true> <Delay = 0.00>
ST_3 : Operation 21 [1/1] (0.00ns)   --->   "%br_ln140 = br void %for.body6.i" [vgg_accelerator.cpp:140]   --->   Operation 21 'br' 'br_ln140' <Predicate = true> <Delay = 0.00>

State 4 <SV = 3> <Delay = 1.11>
ST_4 : Operation 22 [1/1] (0.00ns)   --->   "%c_1 = load i2 %c" [vgg_accelerator.cpp:152]   --->   Operation 22 'load' 'c_1' <Predicate = true> <Delay = 0.00>
ST_4 : Operation 23 [1/1] (0.51ns)   --->   "%icmp_ln140 = icmp_eq  i2 %c_1, i2 2" [vgg_accelerator.cpp:140]   --->   Operation 23 'icmp' 'icmp_ln140' <Predicate = true> <Delay = 0.51> <CoreInst = "Cmp">   --->   Core 9 'Cmp' <Latency = 0> <II = 1> <Delay = 0.51> <FuncUnit> <Opcode : 'icmp'> <InPorts = 2> <OutPorts = 1>
ST_4 : Operation 24 [1/1] (0.00ns)   --->   "%empty_54 = speclooptripcount i32 @_ssdm_op_SpecLoopTripCount, i64 2, i64 2, i64 2"   --->   Operation 24 'speclooptripcount' 'empty_54' <Predicate = true> <Delay = 0.00>
ST_4 : Operation 25 [1/1] (0.62ns)   --->   "%add_ln140 = add i2 %c_1, i2 1" [vgg_accelerator.cpp:140]   --->   Operation 25 'add' 'add_ln140' <Predicate = true> <Delay = 0.62> <CoreInst = "Adder">   --->   Core 1 'Adder' <Latency = 0> <II = 1> <Delay = 0.62> <FuncUnit> <Opcode : 'add' 'sub'> <InPorts = 2> <OutPorts = 1>
ST_4 : Operation 26 [1/1] (0.00ns)   --->   "%br_ln140 = br i1 %icmp_ln140, void %for.body6.split.i, void %dense_layer.exit" [vgg_accelerator.cpp:140]   --->   Operation 26 'br' 'br_ln140' <Predicate = true> <Delay = 0.00>
ST_4 : Operation 27 [1/1] (0.00ns)   --->   "%zext_ln140 = zext i2 %c_1" [vgg_accelerator.cpp:140]   --->   Operation 27 'zext' 'zext_ln140' <Predicate = (!icmp_ln140)> <Delay = 0.00>
ST_4 : Operation 28 [1/1] (0.00ns)   --->   "%dense_bias_addr = getelementptr i2 %dense_bias, i64 0, i64 %zext_ln140" [vgg_accelerator.cpp:141]   --->   Operation 28 'getelementptr' 'dense_bias_addr' <Predicate = (!icmp_ln140)> <Delay = 0.00>
ST_4 : Operation 29 [2/2] (0.79ns)   --->   "%acc_V = load i1 %dense_bias_addr" [vgg_accelerator.cpp:141]   --->   Operation 29 'load' 'acc_V' <Predicate = (!icmp_ln140)> <Delay = 0.79> <CoreInst = "ROM">   --->   Core 101 'ROM' <Latency = 1> <II = 1> <Delay = 0.79> <Storage> <Opcode : 'load'> <Ports = 0> <Width = 2> <Depth = 2> <ROM>
ST_4 : Operation 30 [1/1] (0.00ns)   --->   "%empty_55 = wait i32 @_ssdm_op_Wait"   --->   Operation 30 'wait' 'empty_55' <Predicate = (!icmp_ln140)> <Delay = 0.00>
ST_4 : Operation 31 [1/1] (0.48ns)   --->   "%store_ln140 = store i2 %add_ln140, i2 %c" [vgg_accelerator.cpp:140]   --->   Operation 31 'store' 'store_ln140' <Predicate = (!icmp_ln140)> <Delay = 0.48>

State 5 <SV = 4> <Delay = 3.08>
ST_5 : Operation 32 [1/2] (0.79ns)   --->   "%acc_V = load i1 %dense_bias_addr" [vgg_accelerator.cpp:141]   --->   Operation 32 'load' 'acc_V' <Predicate = true> <Delay = 0.79> <CoreInst = "ROM">   --->   Core 101 'ROM' <Latency = 1> <II = 1> <Delay = 0.79> <Storage> <Opcode : 'load'> <Ports = 0> <Width = 2> <Depth = 2> <ROM>
ST_5 : Operation 33 [1/1] (0.00ns)   --->   "%acc_V_41 = bitconcatenate i14 @_ssdm_op_BitConcatenate.i14.i2.i12, i2 %acc_V, i12 0"   --->   Operation 33 'bitconcatenate' 'acc_V_41' <Predicate = true> <Delay = 0.00>
ST_5 : Operation 34 [1/1] (0.00ns)   --->   "%trunc_ln152 = trunc i2 %c_1" [vgg_accelerator.cpp:152]   --->   Operation 34 'trunc' 'trunc_ln152' <Predicate = true> <Delay = 0.00>
ST_5 : Operation 35 [1/1] (0.00ns)   --->   "%shl_ln = bitconcatenate i11 @_ssdm_op_BitConcatenate.i11.i1.i10, i1 %trunc_ln152, i10 0" [vgg_accelerator.cpp:152]   --->   Operation 35 'bitconcatenate' 'shl_ln' <Predicate = true> <Delay = 0.00>
ST_5 : Operation 36 [1/1] (0.51ns)   --->   "%icmp_ln161 = icmp_eq  i2 %c_1, i2 1" [vgg_accelerator.cpp:161]   --->   Operation 36 'icmp' 'icmp_ln161' <Predicate = true> <Delay = 0.51> <CoreInst = "Cmp">   --->   Core 9 'Cmp' <Latency = 0> <II = 1> <Delay = 0.51> <FuncUnit> <Opcode : 'icmp'> <InPorts = 2> <OutPorts = 1>
ST_5 : Operation 37 [2/2] (2.29ns)   --->   "%call_ln838 = call void @dense_layer_Pipeline_VITIS_LOOP_146_3, i14 %acc_V_41, i11 %shl_ln, i8 %flat_img_V, i1 %icmp_ln161, i32 %OUTPUT_STREAM_V_data_V, i4 %OUTPUT_STREAM_V_keep_V, i4 %OUTPUT_STREAM_V_strb_V, i1 %OUTPUT_STREAM_V_last_V, i5 %dense_weights"   --->   Operation 37 'call' 'call_ln838' <Predicate = true> <Delay = 2.29> <CoreType = "Generic">   --->   Core 0 '' <Latency = 0> <II = 1> <Delay = 1.00> <Generic> <Opcode : >

State 6 <SV = 5> <Delay = 4.40>
ST_6 : Operation 38 [1/1] (0.00ns)   --->   "%specloopname_ln140 = specloopname void @_ssdm_op_SpecLoopName, void @empty_6" [vgg_accelerator.cpp:140]   --->   Operation 38 'specloopname' 'specloopname_ln140' <Predicate = true> <Delay = 0.00>
ST_6 : Operation 39 [1/2] (4.40ns)   --->   "%call_ln838 = call void @dense_layer_Pipeline_VITIS_LOOP_146_3, i14 %acc_V_41, i11 %shl_ln, i8 %flat_img_V, i1 %icmp_ln161, i32 %OUTPUT_STREAM_V_data_V, i4 %OUTPUT_STREAM_V_keep_V, i4 %OUTPUT_STREAM_V_strb_V, i1 %OUTPUT_STREAM_V_last_V, i5 %dense_weights"   --->   Operation 39 'call' 'call_ln838' <Predicate = true> <Delay = 4.40> <CoreType = "Generic">   --->   Core 0 '' <Latency = 0> <II = 1> <Delay = 1.00> <Generic> <Opcode : >
ST_6 : Operation 40 [1/1] (0.00ns)   --->   "%br_ln140 = br void %for.body6.i" [vgg_accelerator.cpp:140]   --->   Operation 40 'br' 'br_ln140' <Predicate = true> <Delay = 0.00>

State 7 <SV = 6> <Delay = 0.00>
ST_7 : Operation 41 [1/1] (0.00ns)   --->   "%ret_ln0 = ret"   --->   Operation 41 'ret' 'ret_ln0' <Predicate = true> <Delay = 0.00>


============================================================
+ Verbose Summary: Binding
============================================================
STG Binding: 
---------------- STG Properties BEGIN ----------------
- Is combinational: 0
- Is one-state seq: 0
- Is datapath-only: 0
- Is pipelined: 0
- Is top level: 0
Port [ Return ] is wired: 1; IO mode=ap_ctrl_hs:ce=0
Port [ OUTPUT_STREAM_V_data_V]:  wired=1; compound=1; hidden=0; nouse=0; global=0; static=0; extern=0; dir=1; type=0; pingpong=0; private_global=0; IO mode=axis:ce=0
Port [ OUTPUT_STREAM_V_keep_V]:  wired=1; compound=1; hidden=0; nouse=0; global=0; static=0; extern=0; dir=1; type=0; pingpong=0; private_global=0; IO mode=axis:ce=0
Port [ OUTPUT_STREAM_V_strb_V]:  wired=1; compound=1; hidden=0; nouse=0; global=0; static=0; extern=0; dir=1; type=0; pingpong=0; private_global=0; IO mode=axis:ce=0
Port [ OUTPUT_STREAM_V_last_V]:  wired=1; compound=1; hidden=0; nouse=0; global=0; static=0; extern=0; dir=1; type=0; pingpong=0; private_global=0; IO mode=axis:ce=0
Port [ s_pool3]:  wired=1; compound=1; hidden=0; nouse=0; global=1; static=1; extern=0; dir=0; type=3; pingpong=0; private_global=0; IO mode=ap_fifo:ce=0
Port [ dense_bias]:  wired=0; compound=1; hidden=1; nouse=0; global=1; static=1; extern=0; dir=0; type=1; pingpong=0; private_global=1; MemPort=[1]; IO mode=ap_memory:ce=0
Port [ dense_weights]:  wired=0; compound=1; hidden=1; nouse=1; global=1; static=1; extern=0; dir=0; type=1; pingpong=0; private_global=0; MemPort=[1]; IO mode=ap_memory:ce=0
---------------- STG Properties END ------------------

---------------- Datapath Model BEGIN ----------------

<LifeTime>
<method=bitvector/>
c                       (alloca             ) [ 01111110]
flat_img_V              (alloca             ) [ 00111110]
empty                   (wait               ) [ 00000000]
store_ln140             (store              ) [ 00000000]
call_ln0                (call               ) [ 00000000]
specinterface_ln0       (specinterface      ) [ 00000000]
specinterface_ln0       (specinterface      ) [ 00000000]
specinterface_ln0       (specinterface      ) [ 00000000]
specaxissidechannel_ln0 (specaxissidechannel) [ 00000000]
specinterface_ln0       (specinterface      ) [ 00000000]
specinterface_ln0       (specinterface      ) [ 00000000]
empty_53                (wait               ) [ 00000000]
br_ln140                (br                 ) [ 00000000]
c_1                     (load               ) [ 00000100]
icmp_ln140              (icmp               ) [ 00001110]
empty_54                (speclooptripcount  ) [ 00000000]
add_ln140               (add                ) [ 00000000]
br_ln140                (br                 ) [ 00000000]
zext_ln140              (zext               ) [ 00000000]
dense_bias_addr         (getelementptr      ) [ 00000100]
empty_55                (wait               ) [ 00000000]
store_ln140             (store              ) [ 00000000]
acc_V                   (load               ) [ 00000000]
acc_V_41                (bitconcatenate     ) [ 00000010]
trunc_ln152             (trunc              ) [ 00000000]
shl_ln                  (bitconcatenate     ) [ 00000010]
icmp_ln161              (icmp               ) [ 00000010]
specloopname_ln140      (specloopname       ) [ 00000000]
call_ln838              (call               ) [ 00000000]
br_ln140                (br                 ) [ 00000000]
ret_ln0                 (ret                ) [ 00000000]
</LifeTime>

<model>

<comp_list>
<comp id="0" class="1000" name="OUTPUT_STREAM_V_data_V">
<pin_list>
<pin id="1" dir="1" index="0" bw="1" slack="0"/>
</pin_list>
<bind>
<StgValue><ssdm name="OUTPUT_STREAM_V_data_V"/></StgValue>
</bind>
</comp>

<comp id="2" class="1000" name="OUTPUT_STREAM_V_keep_V">
<pin_list>
<pin id="3" dir="1" index="0" bw="1" slack="0"/>
</pin_list>
<bind>
<StgValue><ssdm name="OUTPUT_STREAM_V_keep_V"/></StgValue>
</bind>
</comp>

<comp id="4" class="1000" name="OUTPUT_STREAM_V_strb_V">
<pin_list>
<pin id="5" dir="1" index="0" bw="1" slack="0"/>
</pin_list>
<bind>
<StgValue><ssdm name="OUTPUT_STREAM_V_strb_V"/></StgValue>
</bind>
</comp>

<comp id="6" class="1000" name="OUTPUT_STREAM_V_last_V">
<pin_list>
<pin id="7" dir="1" index="0" bw="1" slack="0"/>
</pin_list>
<bind>
<StgValue><ssdm name="OUTPUT_STREAM_V_last_V"/></StgValue>
</bind>
</comp>

<comp id="8" class="1000" name="s_pool3">
<pin_list>
<pin id="9" dir="1" index="0" bw="1" slack="0"/>
</pin_list>
<bind>
<StgValue><ssdm name="s_pool3"/></StgValue>
</bind>
</comp>

<comp id="10" class="1000" name="dense_bias">
<pin_list>
<pin id="11" dir="1" index="0" bw="1" slack="0"/>
</pin_list>
<bind>
<StgValue><ssdm name="dense_bias"/><MemPortTyVec>1 </MemPortTyVec>
</StgValue>
</bind>
</comp>

<comp id="12" class="1000" name="dense_weights">
<pin_list>
<pin id="13" dir="1" index="0" bw="1" slack="0"/>
</pin_list>
<bind>
<StgValue><ssdm name="dense_weights"/><MemPortTyVec>1 </MemPortTyVec>
</StgValue>
</bind>
</comp>

<comp id="14" class="1001" name="const_14">
<pin_list>
<pin id="15" dir="1" index="0" bw="1" slack="0"/>
</pin_list>
<bind>
<StgValue><ssdm name=""/></StgValue>
</bind>
</comp>

<comp id="16" class="1001" name="const_16">
<pin_list>
<pin id="17" dir="1" index="0" bw="1" slack="0"/>
</pin_list>
<bind>
<StgValue><ssdm name=""/></StgValue>
</bind>
</comp>

<comp id="18" class="1001" name="const_18">
<pin_list>
<pin id="19" dir="1" index="0" bw="1" slack="2147483647"/>
</pin_list>
<bind>
<StgValue><ssdm name="_ssdm_op_Wait"/></StgValue>
</bind>
</comp>

<comp id="20" class="1001" name="const_20">
<pin_list>
<pin id="21" dir="1" index="0" bw="1" slack="0"/>
</pin_list>
<bind>
<StgValue><ssdm name="dense_layer_Pipeline_VITIS_LOOP_135_1"/></StgValue>
</bind>
</comp>

<comp id="22" class="1001" name="const_22">
<pin_list>
<pin id="23" dir="1" index="0" bw="1" slack="0"/>
</pin_list>
<bind>
<StgValue><ssdm name=""/></StgValue>
</bind>
</comp>

<comp id="24" class="1001" name="const_24">
<pin_list>
<pin id="25" dir="1" index="0" bw="1" slack="2147483647"/>
</pin_list>
<bind>
<StgValue><ssdm name="_ssdm_op_SpecInterface"/></StgValue>
</bind>
</comp>

<comp id="26" class="1001" name="const_26">
<pin_list>
<pin id="27" dir="1" index="0" bw="1" slack="2147483647"/>
</pin_list>
<bind>
<StgValue><ssdm name="empty_11"/></StgValue>
</bind>
</comp>

<comp id="28" class="1001" name="const_28">
<pin_list>
<pin id="29" dir="1" index="0" bw="1" slack="2147483647"/>
</pin_list>
<bind>
<StgValue><ssdm name=""/></StgValue>
</bind>
</comp>

<comp id="30" class="1001" name="const_30">
<pin_list>
<pin id="31" dir="1" index="0" bw="1" slack="2147483647"/>
</pin_list>
<bind>
<StgValue><ssdm name="empty_4"/></StgValue>
</bind>
</comp>

<comp id="32" class="1001" name="const_32">
<pin_list>
<pin id="33" dir="1" index="0" bw="1" slack="2147483647"/>
</pin_list>
<bind>
<StgValue><ssdm name=""/></StgValue>
</bind>
</comp>

<comp id="34" class="1001" name="const_34">
<pin_list>
<pin id="35" dir="1" index="0" bw="1" slack="2147483647"/>
</pin_list>
<bind>
<StgValue><ssdm name="_ssdm_op_SpecAXISSideChannel"/></StgValue>
</bind>
</comp>

<comp id="36" class="1001" name="const_36">
<pin_list>
<pin id="37" dir="1" index="0" bw="1" slack="2147483647"/>
</pin_list>
<bind>
<StgValue><ssdm name=""/></StgValue>
</bind>
</comp>

<comp id="38" class="1001" name="const_38">
<pin_list>
<pin id="39" dir="1" index="0" bw="1" slack="2147483647"/>
</pin_list>
<bind>
<StgValue><ssdm name="empty"/></StgValue>
</bind>
</comp>

<comp id="40" class="1001" name="const_40">
<pin_list>
<pin id="41" dir="1" index="0" bw="1" slack="2147483647"/>
</pin_list>
<bind>
<StgValue><ssdm name="empty_7"/></StgValue>
</bind>
</comp>

<comp id="42" class="1001" name="const_42">
<pin_list>
<pin id="43" dir="1" index="0" bw="1" slack="2147483647"/>
</pin_list>
<bind>
<StgValue><ssdm name="empty_15"/></StgValue>
</bind>
</comp>

<comp id="44" class="1001" name="const_44">
<pin_list>
<pin id="45" dir="1" index="0" bw="1" slack="0"/>
</pin_list>
<bind>
<StgValue><ssdm name=""/></StgValue>
</bind>
</comp>

<comp id="46" class="1001" name="const_46">
<pin_list>
<pin id="47" dir="1" index="0" bw="1" slack="2147483647"/>
</pin_list>
<bind>
<StgValue><ssdm name="_ssdm_op_SpecLoopTripCount"/></StgValue>
</bind>
</comp>

<comp id="48" class="1001" name="const_48">
<pin_list>
<pin id="49" dir="1" index="0" bw="1" slack="2147483647"/>
</pin_list>
<bind>
<StgValue><ssdm name=""/></StgValue>
</bind>
</comp>

<comp id="50" class="1001" name="const_50">
<pin_list>
<pin id="51" dir="1" index="0" bw="1" slack="0"/>
</pin_list>
<bind>
<StgValue><ssdm name=""/></StgValue>
</bind>
</comp>

<comp id="52" class="1001" name="const_52">
<pin_list>
<pin id="53" dir="1" index="0" bw="1" slack="0"/>
</pin_list>
<bind>
<StgValue><ssdm name=""/></StgValue>
</bind>
</comp>

<comp id="54" class="1001" name="const_54">
<pin_list>
<pin id="55" dir="1" index="0" bw="1" slack="0"/>
</pin_list>
<bind>
<StgValue><ssdm name="_ssdm_op_BitConcatenate.i14.i2.i12"/></StgValue>
</bind>
</comp>

<comp id="56" class="1001" name="const_56">
<pin_list>
<pin id="57" dir="1" index="0" bw="1" slack="0"/>
</pin_list>
<bind>
<StgValue><ssdm name=""/></StgValue>
</bind>
</comp>

<comp id="58" class="1001" name="const_58">
<pin_list>
<pin id="59" dir="1" index="0" bw="1" slack="0"/>
</pin_list>
<bind>
<StgValue><ssdm name="_ssdm_op_BitConcatenate.i11.i1.i10"/></StgValue>
</bind>
</comp>

<comp id="60" class="1001" name="const_60">
<pin_list>
<pin id="61" dir="1" index="0" bw="1" slack="0"/>
</pin_list>
<bind>
<StgValue><ssdm name=""/></StgValue>
</bind>
</comp>

<comp id="62" class="1001" name="const_62">
<pin_list>
<pin id="63" dir="1" index="0" bw="1" slack="0"/>
</pin_list>
<bind>
<StgValue><ssdm name="dense_layer_Pipeline_VITIS_LOOP_146_3"/></StgValue>
</bind>
</comp>

<comp id="64" class="1001" name="const_64">
<pin_list>
<pin id="65" dir="1" index="0" bw="1" slack="2147483647"/>
</pin_list>
<bind>
<StgValue><ssdm name="_ssdm_op_SpecLoopName"/></StgValue>
</bind>
</comp>

<comp id="66" class="1001" name="const_66">
<pin_list>
<pin id="67" dir="1" index="0" bw="1" slack="2147483647"/>
</pin_list>
<bind>
<StgValue><ssdm name="empty_6"/></StgValue>
</bind>
</comp>

<comp id="68" class="1004" name="c_fu_68">
<pin_list>
<pin id="69" dir="0" index="0" bw="1" slack="0"/>
<pin id="70" dir="1" index="1" bw="2" slack="0"/>
</pin_list>
<bind>
<opcode="alloca(26) " fcode="alloca"/>
<opset="c/1 "/>
</bind>
</comp>

<comp id="72" class="1004" name="flat_img_V_alloca_fu_72">
<pin_list>
<pin id="73" dir="0" index="0" bw="1" slack="0"/>
<pin id="74" dir="1" index="1" bw="8" slack="0"/>
</pin_list>
<bind>
<opcode="alloca(26) " fcode="alloca"/>
<opset="flat_img_V/1 "/>
</bind>
</comp>

<comp id="76" class="1004" name="dense_bias_addr_gep_fu_76">
<pin_list>
<pin id="77" dir="0" index="0" bw="2" slack="0"/>
<pin id="78" dir="0" index="1" bw="1" slack="0"/>
<pin id="79" dir="0" index="2" bw="2" slack="0"/>
<pin id="80" dir="1" index="3" bw="1" slack="0"/>
</pin_list>
<bind>
<opcode="getelementptr(29) " fcode="getelementptr"/>
<opset="dense_bias_addr/4 "/>
</bind>
</comp>

<comp id="83" class="1004" name="grp_access_fu_83">
<pin_list>
<pin id="84" dir="0" index="0" bw="1" slack="0"/>
<pin id="85" dir="0" index="1" bw="2" slack="2147483647"/>
<pin id="86" dir="0" index="2" bw="0" slack="2147483647"/>
<pin id="87" dir="1" index="3" bw="2" slack="0"/>
</pin_list>
<bind>
<opcode="load(27) " fcode="load"/>
<opset="acc_V/4 "/>
</bind>
</comp>

<comp id="89" class="1004" name="grp_dense_layer_Pipeline_VITIS_LOOP_135_1_fu_89">
<pin_list>
<pin id="90" dir="0" index="0" bw="0" slack="0"/>
<pin id="91" dir="0" index="1" bw="8" slack="0"/>
<pin id="92" dir="0" index="2" bw="8" slack="0"/>
<pin id="93" dir="1" index="3" bw="0" slack="2147483647"/>
</pin_list>
<bind>
<opcode="call(48) " fcode="call"/>
<opset="call_ln0/1 "/>
</bind>
</comp>

<comp id="97" class="1004" name="grp_dense_layer_Pipeline_VITIS_LOOP_146_3_fu_97">
<pin_list>
<pin id="98" dir="0" index="0" bw="0" slack="0"/>
<pin id="99" dir="0" index="1" bw="14" slack="0"/>
<pin id="100" dir="0" index="2" bw="11" slack="0"/>
<pin id="101" dir="0" index="3" bw="8" slack="2147483647"/>
<pin id="102" dir="0" index="4" bw="1" slack="0"/>
<pin id="103" dir="0" index="5" bw="32" slack="0"/>
<pin id="104" dir="0" index="6" bw="4" slack="0"/>
<pin id="105" dir="0" index="7" bw="4" slack="0"/>
<pin id="106" dir="0" index="8" bw="1" slack="0"/>
<pin id="107" dir="0" index="9" bw="5" slack="0"/>
<pin id="108" dir="1" index="10" bw="0" slack="2147483647"/>
</pin_list>
<bind>
<opcode="call(48) " fcode="call"/>
<opset="call_ln838/5 "/>
</bind>
</comp>

<comp id="115" class="1004" name="store_ln140_store_fu_115">
<pin_list>
<pin id="116" dir="0" index="0" bw="1" slack="0"/>
<pin id="117" dir="0" index="1" bw="2" slack="0"/>
<pin id="118" dir="1" index="2" bw="0" slack="2147483647"/>
</pin_list>
<bind>
<opcode="store(28) " fcode="store"/>
<opset="store_ln140/1 "/>
</bind>
</comp>

<comp id="120" class="1004" name="c_1_load_fu_120">
<pin_list>
<pin id="121" dir="0" index="0" bw="2" slack="3"/>
<pin id="122" dir="1" index="1" bw="2" slack="0"/>
</pin_list>
<bind>
<opcode="load(27) " fcode="load"/>
<opset="c_1/4 "/>
</bind>
</comp>

<comp id="123" class="1004" name="icmp_ln140_fu_123">
<pin_list>
<pin id="124" dir="0" index="0" bw="2" slack="0"/>
<pin id="125" dir="0" index="1" bw="2" slack="0"/>
<pin id="126" dir="1" index="2" bw="1" slack="2147483647"/>
</pin_list>
<bind>
<opcode="icmp(45) " fcode="icmp"/>
<opset="icmp_ln140/4 "/>
</bind>
</comp>

<comp id="129" class="1004" name="add_ln140_fu_129">
<pin_list>
<pin id="130" dir="0" index="0" bw="2" slack="0"/>
<pin id="131" dir="0" index="1" bw="1" slack="0"/>
<pin id="132" dir="1" index="2" bw="2" slack="0"/>
</pin_list>
<bind>
<opcode="add(8) " fcode="add"/>
<opset="add_ln140/4 "/>
</bind>
</comp>

<comp id="135" class="1004" name="zext_ln140_fu_135">
<pin_list>
<pin id="136" dir="0" index="0" bw="2" slack="0"/>
<pin id="137" dir="1" index="1" bw="64" slack="0"/>
</pin_list>
<bind>
<opcode="zext(34) " fcode="zext"/>
<opset="zext_ln140/4 "/>
</bind>
</comp>

<comp id="140" class="1004" name="store_ln140_store_fu_140">
<pin_list>
<pin id="141" dir="0" index="0" bw="2" slack="0"/>
<pin id="142" dir="0" index="1" bw="2" slack="3"/>
<pin id="143" dir="1" index="2" bw="0" slack="2147483647"/>
</pin_list>
<bind>
<opcode="store(28) " fcode="store"/>
<opset="store_ln140/4 "/>
</bind>
</comp>

<comp id="145" class="1004" name="acc_V_41_fu_145">
<pin_list>
<pin id="146" dir="0" index="0" bw="14" slack="0"/>
<pin id="147" dir="0" index="1" bw="2" slack="0"/>
<pin id="148" dir="0" index="2" bw="1" slack="0"/>
<pin id="149" dir="1" index="3" bw="14" slack="0"/>
</pin_list>
<bind>
<opcode="bitconcatenate(1004) " fcode="bitconcatenate"/>
<opset="acc_V_41/5 "/>
</bind>
</comp>

<comp id="154" class="1004" name="trunc_ln152_fu_154">
<pin_list>
<pin id="155" dir="0" index="0" bw="2" slack="1"/>
<pin id="156" dir="1" index="1" bw="1" slack="0"/>
</pin_list>
<bind>
<opcode="trunc(33) " fcode="trunc"/>
<opset="trunc_ln152/5 "/>
</bind>
</comp>

<comp id="157" class="1004" name="shl_ln_fu_157">
<pin_list>
<pin id="158" dir="0" index="0" bw="11" slack="0"/>
<pin id="159" dir="0" index="1" bw="1" slack="0"/>
<pin id="160" dir="0" index="2" bw="1" slack="0"/>
<pin id="161" dir="1" index="3" bw="11" slack="0"/>
</pin_list>
<bind>
<opcode="bitconcatenate(1004) " fcode="bitconcatenate"/>
<opset="shl_ln/5 "/>
</bind>
</comp>

<comp id="166" class="1004" name="icmp_ln161_fu_166">
<pin_list>
<pin id="167" dir="0" index="0" bw="2" slack="1"/>
<pin id="168" dir="0" index="1" bw="1" slack="0"/>
<pin id="169" dir="1" index="2" bw="1" slack="0"/>
</pin_list>
<bind>
<opcode="icmp(45) " fcode="icmp"/>
<opset="icmp_ln161/5 "/>
</bind>
</comp>

<comp id="172" class="1005" name="c_reg_172">
<pin_list>
<pin id="173" dir="0" index="0" bw="2" slack="0"/>
<pin id="174" dir="1" index="1" bw="2" slack="0"/>
</pin_list>
<bind>
<opset="c "/>
</bind>
</comp>

<comp id="179" class="1005" name="c_1_reg_179">
<pin_list>
<pin id="180" dir="0" index="0" bw="2" slack="1"/>
<pin id="181" dir="1" index="1" bw="2" slack="1"/>
</pin_list>
<bind>
<opset="c_1 "/>
</bind>
</comp>

<comp id="188" class="1005" name="dense_bias_addr_reg_188">
<pin_list>
<pin id="189" dir="0" index="0" bw="1" slack="1"/>
<pin id="190" dir="1" index="1" bw="1" slack="1"/>
</pin_list>
<bind>
<opset="dense_bias_addr "/>
</bind>
</comp>

<comp id="193" class="1005" name="acc_V_41_reg_193">
<pin_list>
<pin id="194" dir="0" index="0" bw="14" slack="1"/>
<pin id="195" dir="1" index="1" bw="14" slack="1"/>
</pin_list>
<bind>
<opset="acc_V_41 "/>
</bind>
</comp>

<comp id="198" class="1005" name="shl_ln_reg_198">
<pin_list>
<pin id="199" dir="0" index="0" bw="11" slack="1"/>
<pin id="200" dir="1" index="1" bw="11" slack="1"/>
</pin_list>
<bind>
<opset="shl_ln "/>
</bind>
</comp>

<comp id="203" class="1005" name="icmp_ln161_reg_203">
<pin_list>
<pin id="204" dir="0" index="0" bw="1" slack="1"/>
<pin id="205" dir="1" index="1" bw="1" slack="1"/>
</pin_list>
<bind>
<opset="icmp_ln161 "/>
</bind>
</comp>

</comp_list>

<net_list>
<net id="71"><net_src comp="14" pin="0"/><net_sink comp="68" pin=0"/></net>

<net id="75"><net_src comp="16" pin="0"/><net_sink comp="72" pin=0"/></net>

<net id="81"><net_src comp="10" pin="0"/><net_sink comp="76" pin=0"/></net>

<net id="82"><net_src comp="52" pin="0"/><net_sink comp="76" pin=1"/></net>

<net id="88"><net_src comp="76" pin="3"/><net_sink comp="83" pin=0"/></net>

<net id="94"><net_src comp="20" pin="0"/><net_sink comp="89" pin=0"/></net>

<net id="95"><net_src comp="72" pin="1"/><net_sink comp="89" pin=1"/></net>

<net id="96"><net_src comp="8" pin="0"/><net_sink comp="89" pin=2"/></net>

<net id="109"><net_src comp="62" pin="0"/><net_sink comp="97" pin=0"/></net>

<net id="110"><net_src comp="0" pin="0"/><net_sink comp="97" pin=5"/></net>

<net id="111"><net_src comp="2" pin="0"/><net_sink comp="97" pin=6"/></net>

<net id="112"><net_src comp="4" pin="0"/><net_sink comp="97" pin=7"/></net>

<net id="113"><net_src comp="6" pin="0"/><net_sink comp="97" pin=8"/></net>

<net id="114"><net_src comp="12" pin="0"/><net_sink comp="97" pin=9"/></net>

<net id="119"><net_src comp="22" pin="0"/><net_sink comp="115" pin=0"/></net>

<net id="127"><net_src comp="120" pin="1"/><net_sink comp="123" pin=0"/></net>

<net id="128"><net_src comp="44" pin="0"/><net_sink comp="123" pin=1"/></net>

<net id="133"><net_src comp="120" pin="1"/><net_sink comp="129" pin=0"/></net>

<net id="134"><net_src comp="50" pin="0"/><net_sink comp="129" pin=1"/></net>

<net id="138"><net_src comp="120" pin="1"/><net_sink comp="135" pin=0"/></net>

<net id="139"><net_src comp="135" pin="1"/><net_sink comp="76" pin=2"/></net>

<net id="144"><net_src comp="129" pin="2"/><net_sink comp="140" pin=0"/></net>

<net id="150"><net_src comp="54" pin="0"/><net_sink comp="145" pin=0"/></net>

<net id="151"><net_src comp="83" pin="3"/><net_sink comp="145" pin=1"/></net>

<net id="152"><net_src comp="56" pin="0"/><net_sink comp="145" pin=2"/></net>

<net id="153"><net_src comp="145" pin="3"/><net_sink comp="97" pin=1"/></net>

<net id="162"><net_src comp="58" pin="0"/><net_sink comp="157" pin=0"/></net>

<net id="163"><net_src comp="154" pin="1"/><net_sink comp="157" pin=1"/></net>

<net id="164"><net_src comp="60" pin="0"/><net_sink comp="157" pin=2"/></net>

<net id="165"><net_src comp="157" pin="3"/><net_sink comp="97" pin=2"/></net>

<net id="170"><net_src comp="50" pin="0"/><net_sink comp="166" pin=1"/></net>

<net id="171"><net_src comp="166" pin="2"/><net_sink comp="97" pin=4"/></net>

<net id="175"><net_src comp="68" pin="1"/><net_sink comp="172" pin=0"/></net>

<net id="176"><net_src comp="172" pin="1"/><net_sink comp="115" pin=1"/></net>

<net id="177"><net_src comp="172" pin="1"/><net_sink comp="120" pin=0"/></net>

<net id="178"><net_src comp="172" pin="1"/><net_sink comp="140" pin=1"/></net>

<net id="182"><net_src comp="120" pin="1"/><net_sink comp="179" pin=0"/></net>

<net id="183"><net_src comp="179" pin="1"/><net_sink comp="154" pin=0"/></net>

<net id="184"><net_src comp="179" pin="1"/><net_sink comp="166" pin=0"/></net>

<net id="191"><net_src comp="76" pin="3"/><net_sink comp="188" pin=0"/></net>

<net id="192"><net_src comp="188" pin="1"/><net_sink comp="83" pin=0"/></net>

<net id="196"><net_src comp="145" pin="3"/><net_sink comp="193" pin=0"/></net>

<net id="197"><net_src comp="193" pin="1"/><net_sink comp="97" pin=1"/></net>

<net id="201"><net_src comp="157" pin="3"/><net_sink comp="198" pin=0"/></net>

<net id="202"><net_src comp="198" pin="1"/><net_sink comp="97" pin=2"/></net>

<net id="206"><net_src comp="166" pin="2"/><net_sink comp="203" pin=0"/></net>

<net id="207"><net_src comp="203" pin="1"/><net_sink comp="97" pin=4"/></net>

</net_list>

</model> 
---------------- Datapath Model END ------------------

* FSMD analyzer results:
  - Output states:
	Port: OUTPUT_STREAM_V_data_V | {5 6 }
	Port: OUTPUT_STREAM_V_keep_V | {5 6 }
	Port: OUTPUT_STREAM_V_strb_V | {5 6 }
	Port: OUTPUT_STREAM_V_last_V | {5 6 }
 - Input state : 
	Port: dense_layer : s_pool3 | {1 2 }
	Port: dense_layer : dense_bias | {4 5 }
	Port: dense_layer : dense_weights | {5 6 }
  - Chain level:
	State 1
		call_ln0 : 1
		store_ln140 : 1
	State 2
	State 3
	State 4
		icmp_ln140 : 1
		add_ln140 : 1
		br_ln140 : 2
		zext_ln140 : 1
		dense_bias_addr : 2
		acc_V : 3
		store_ln140 : 2
	State 5
		acc_V_41 : 1
		shl_ln : 1
		call_ln838 : 2
	State 6
	State 7


============================================================
+ Verbose Summary: Datapath Resource usage 
============================================================

* Functional unit list:
|----------|-------------------------------------------------|---------|---------|---------|---------|
| Operation|                 Functional Unit                 |   DSP   |  Delay  |    FF   |   LUT   |
|----------|-------------------------------------------------|---------|---------|---------|---------|
|   call   | grp_dense_layer_Pipeline_VITIS_LOOP_135_1_fu_89 |    0    |    0    |    22   |    29   |
|          | grp_dense_layer_Pipeline_VITIS_LOOP_146_3_fu_97 |    0    |  0.978  |    79   |   362   |
|----------|-------------------------------------------------|---------|---------|---------|---------|
|   icmp   |                icmp_ln140_fu_123                |    0    |    0    |    0    |    8    |
|          |                icmp_ln161_fu_166                |    0    |    0    |    0    |    8    |
|----------|-------------------------------------------------|---------|---------|---------|---------|
|    add   |                 add_ln140_fu_129                |    0    |    0    |    0    |    9    |
|----------|-------------------------------------------------|---------|---------|---------|---------|
|   zext   |                zext_ln140_fu_135                |    0    |    0    |    0    |    0    |
|----------|-------------------------------------------------|---------|---------|---------|---------|
|bitconcatenate|                 acc_V_41_fu_145                 |    0    |    0    |    0    |    0    |
|          |                  shl_ln_fu_157                  |    0    |    0    |    0    |    0    |
|----------|-------------------------------------------------|---------|---------|---------|---------|
|   trunc  |                trunc_ln152_fu_154               |    0    |    0    |    0    |    0    |
|----------|-------------------------------------------------|---------|---------|---------|---------|
|   Total  |                                                 |    0    |  0.978  |   101   |   416   |
|----------|-------------------------------------------------|---------|---------|---------|---------|

Memories:
+----------+--------+--------+--------+--------+
|          |  BRAM  |   FF   |   LUT  |  URAM  |
+----------+--------+--------+--------+--------+
|flat_img_V|    1   |    0   |    0   |    0   |
+----------+--------+--------+--------+--------+
|   Total  |    1   |    0   |    0   |    0   |
+----------+--------+--------+--------+--------+

* Register list:
+-----------------------+--------+
|                       |   FF   |
+-----------------------+--------+
|    acc_V_41_reg_193   |   14   |
|      c_1_reg_179      |    2   |
|       c_reg_172       |    2   |
|dense_bias_addr_reg_188|    1   |
|   icmp_ln161_reg_203  |    1   |
|     shl_ln_reg_198    |   11   |
+-----------------------+--------+
|         Total         |   31   |
+-----------------------+--------+

* Multiplexer (MUX) list: 
|-------------------------------------------------|------|------|------|--------||---------||---------|
|                       Comp                      |  Pin | Size |  BW  | S x BW ||  Delay  ||   LUT   |
|-------------------------------------------------|------|------|------|--------||---------||---------|
|                 grp_access_fu_83                |  p0  |   2  |   1  |    2   ||    9    |
| grp_dense_layer_Pipeline_VITIS_LOOP_146_3_fu_97 |  p1  |   2  |  14  |   28   ||    9    |
| grp_dense_layer_Pipeline_VITIS_LOOP_146_3_fu_97 |  p2  |   2  |  11  |   22   ||    9    |
| grp_dense_layer_Pipeline_VITIS_LOOP_146_3_fu_97 |  p4  |   2  |   1  |    2   ||    9    |
|-------------------------------------------------|------|------|------|--------||---------||---------|
|                      Total                      |      |      |      |   54   ||  1.956  ||    36   |
|-------------------------------------------------|------|------|------|--------||---------||---------|



* Summary:
+-----------+--------+--------+--------+--------+--------+--------+
|           |  BRAM  |   DSP  |  Delay |   FF   |   LUT  |  URAM  |
+-----------+--------+--------+--------+--------+--------+--------+
|  Function |    -   |    0   |    0   |   101  |   416  |    -   |
|   Memory  |    1   |    -   |    -   |    0   |    0   |    0   |
|Multiplexer|    -   |    -   |    1   |    -   |   36   |    -   |
|  Register |    -   |    -   |    -   |   31   |    -   |    -   |
+-----------+--------+--------+--------+--------+--------+--------+
|   Total   |    1   |    0   |    2   |   132  |   452  |    0   |
+-----------+--------+--------+--------+--------+--------+--------+
