

================================================================
== Vitis HLS Report for 'dense_layer_Pipeline_VITIS_LOOP_146_3'
================================================================
* Date:           Thu Dec 11 20:07:19 2025

* Version:        2022.2 (Build 3670227 on Oct 13 2022)
* Project:        vgg_accelerator
* Solution:       solution1 (Vivado IP Flow Target)
* Product family: zynquplus
* Target device:  xczu5eg-sfvc784-1-e


================================================================
== Performance Estimates
================================================================
+ Timing: 
    * Summary: 
    +--------+----------+----------+------------+
    |  Clock |  Target  | Estimated| Uncertainty|
    +--------+----------+----------+------------+
    |ap_clk  |  10.00 ns|  4.404 ns|     2.70 ns|
    +--------+----------+----------+------------+

+ Latency: 
    * Summary: 
    +---------+---------+-----------+-----------+------+------+---------+
    |  Latency (cycles) |   Latency (absolute)  |   Interval  | Pipeline|
    |   min   |   max   |    min    |    max    |  min |  max |   Type  |
    +---------+---------+-----------+-----------+------+------+---------+
    |     2050|     2050|  20.500 us|  20.500 us|  2050|  2050|       no|
    +---------+---------+-----------+-----------+------+------+---------+

    + Detail: 
        * Instance: 
        N/A

        * Loop: 
        +--------------------+---------+---------+----------+-----------+-----------+------+----------+
        |                    |  Latency (cycles) | Iteration|  Initiation Interval  | Trip |          |
        |      Loop Name     |   min   |   max   |  Latency |  achieved |   target  | Count| Pipelined|
        +--------------------+---------+---------+----------+-----------+-----------+------+----------+
        |- VITIS_LOOP_146_3  |     2048|     2048|         3|          2|          2|  1024|       yes|
        +--------------------+---------+---------+----------+-----------+-----------+------+----------+

============================================================
+ Verbose Summary: Synthesis Manager
============================================================
InlineROM: 1
ExposeGlobal: 0
============================================================
+ Verbose Summary: CDFG Model
============================================================
IsTopModel: 0
ResetActiveHigh: 1
IsCombinational: 0
IsDatapathOnly: 0
HasWiredReturn: 1
HasMFsm: 2
HasVarLatency: 1
IsPipeline: 0
IsRtlPipelined: 0
IsInstanceOverlapped: 0
IsDontTouch: 0
HasImplIP: 0
IsGatedGlobalClock: 0

+ Individual pipeline summary: 
  * Pipeline-0: initiation interval (II) = 2, depth = 3


============================================================
+ Verbose Summary: Schedule
============================================================
* Number of FSM states : 3
* Pipeline : 1
  Pipeline-0 : II = 2, D = 3, States = { 1 2 3 }
* Dataflow Pipeline: 0

* FSM state transitions: 
1 --> 2 
2 --> 3 
3 --> 

* FSM state operations: 

State 1 <SV = 0> <Delay = 2.29>
ST_1 : Operation 6 [1/1] (0.00ns)   --->   "%lhs = alloca i32 1"   --->   Operation 6 'alloca' 'lhs' <Predicate = true> <Delay = 0.00>
ST_1 : Operation 7 [1/1] (0.00ns)   --->   "%i_2 = alloca i32 1"   --->   Operation 7 'alloca' 'i_2' <Predicate = true> <Delay = 0.00>
ST_1 : Operation 8 [1/1] (0.00ns)   --->   "%output_packet_last_V_read = read i1 @_ssdm_op_Read.ap_auto.i1, i1 %output_packet_last_V"   --->   Operation 8 'read' 'output_packet_last_V_read' <Predicate = true> <Delay = 0.00>
ST_1 : Operation 9 [1/1] (0.00ns)   --->   "%shl_ln_read = read i11 @_ssdm_op_Read.ap_auto.i11, i11 %shl_ln"   --->   Operation 9 'read' 'shl_ln_read' <Predicate = true> <Delay = 0.00>
ST_1 : Operation 10 [1/1] (0.00ns)   --->   "%sext_ln141_read = read i14 @_ssdm_op_Read.ap_auto.i14, i14 %sext_ln141"   --->   Operation 10 'read' 'sext_ln141_read' <Predicate = true> <Delay = 0.00>
ST_1 : Operation 11 [1/1] (0.00ns)   --->   "%sext_ln141_cast = sext i14 %sext_ln141_read"   --->   Operation 11 'sext' 'sext_ln141_cast' <Predicate = true> <Delay = 0.00>
ST_1 : Operation 12 [1/1] (0.00ns)   --->   "%specaxissidechannel_ln0 = specaxissidechannel void @_ssdm_op_SpecAXISSideChannel, i32 %OUTPUT_STREAM_V_data_V, i4 %OUTPUT_STREAM_V_keep_V, i4 %OUTPUT_STREAM_V_strb_V, i1 0, i1 %OUTPUT_STREAM_V_last_V, i1 0, i1 0, void @empty"   --->   Operation 12 'specaxissidechannel' 'specaxissidechannel_ln0' <Predicate = true> <Delay = 0.00>
ST_1 : Operation 13 [1/1] (0.00ns)   --->   "%specinterface_ln0 = specinterface void @_ssdm_op_SpecInterface, i32 %OUTPUT_STREAM_V_data_V, i4 %OUTPUT_STREAM_V_keep_V, i4 %OUTPUT_STREAM_V_strb_V, i1 %OUTPUT_STREAM_V_last_V, void @empty_7, i32 0, i32 0, void @empty_15, i32 0, i32 0, void @empty_4, void @empty_4, void @empty_4, i32 0, i32 0, i32 0, i32 0, void @empty_4, void @empty_4, i32 4294967295, i32 0"   --->   Operation 13 'specinterface' 'specinterface_ln0' <Predicate = true> <Delay = 0.00>
ST_1 : Operation 14 [1/1] (0.48ns)   --->   "%store_ln0 = store i11 0, i11 %i_2"   --->   Operation 14 'store' 'store_ln0' <Predicate = true> <Delay = 0.48>
ST_1 : Operation 15 [1/1] (0.48ns)   --->   "%store_ln0 = store i32 %sext_ln141_cast, i32 %lhs"   --->   Operation 15 'store' 'store_ln0' <Predicate = true> <Delay = 0.48>
ST_1 : Operation 16 [1/1] (0.00ns)   --->   "%br_ln0 = br void %for.body14.i"   --->   Operation 16 'br' 'br_ln0' <Predicate = true> <Delay = 0.00>
ST_1 : Operation 17 [1/1] (0.00ns)   --->   "%i = load i11 %i_2" [vgg_accelerator.cpp:150]   --->   Operation 17 'load' 'i' <Predicate = true> <Delay = 0.00>
ST_1 : Operation 18 [1/1] (0.85ns)   --->   "%icmp_ln146 = icmp_eq  i11 %i, i11 1024" [vgg_accelerator.cpp:146]   --->   Operation 18 'icmp' 'icmp_ln146' <Predicate = true> <Delay = 0.85> <CoreInst = "Cmp">   --->   Core 9 'Cmp' <Latency = 0> <II = 1> <Delay = 0.85> <FuncUnit> <Opcode : 'icmp'> <InPorts = 2> <OutPorts = 1>
ST_1 : Operation 19 [1/1] (0.00ns)   --->   "%empty = speclooptripcount i32 @_ssdm_op_SpecLoopTripCount, i64 1024, i64 1024, i64 1024"   --->   Operation 19 'speclooptripcount' 'empty' <Predicate = true> <Delay = 0.00>
ST_1 : Operation 20 [1/1] (0.94ns)   --->   "%add_ln146 = add i11 %i, i11 1" [vgg_accelerator.cpp:146]   --->   Operation 20 'add' 'add_ln146' <Predicate = true> <Delay = 0.94> <CoreInst = "Adder">   --->   Core 1 'Adder' <Latency = 0> <II = 1> <Delay = 0.94> <FuncUnit> <Opcode : 'add' 'sub'> <InPorts = 2> <OutPorts = 1>
ST_1 : Operation 21 [1/1] (0.00ns)   --->   "%br_ln146 = br i1 %icmp_ln146, void %for.body14.split.i, void %for.end24.i_ifconv.exitStub" [vgg_accelerator.cpp:146]   --->   Operation 21 'br' 'br_ln146' <Predicate = true> <Delay = 0.00>
ST_1 : Operation 22 [1/1] (0.00ns)   --->   "%channel_bits = partselect i6 @_ssdm_op_PartSelect.i6.i11.i32.i32, i11 %i, i32 4, i32 9" [vgg_accelerator.cpp:149]   --->   Operation 22 'partselect' 'channel_bits' <Predicate = (!icmp_ln146)> <Delay = 0.00>
ST_1 : Operation 23 [1/1] (0.00ns)   --->   "%trunc_ln150 = trunc i11 %i" [vgg_accelerator.cpp:150]   --->   Operation 23 'trunc' 'trunc_ln150' <Predicate = (!icmp_ln146)> <Delay = 0.00>
ST_1 : Operation 24 [1/1] (0.00ns)   --->   "%k = bitconcatenate i10 @_ssdm_op_BitConcatenate.i10.i4.i6, i4 %trunc_ln150, i6 %channel_bits" [vgg_accelerator.cpp:150]   --->   Operation 24 'bitconcatenate' 'k' <Predicate = (!icmp_ln146)> <Delay = 0.00>
ST_1 : Operation 25 [1/1] (0.94ns)   --->   "%add_ln152 = add i11 %i, i11 %shl_ln_read" [vgg_accelerator.cpp:152]   --->   Operation 25 'add' 'add_ln152' <Predicate = (!icmp_ln146)> <Delay = 0.94> <CoreInst = "Adder">   --->   Core 1 'Adder' <Latency = 0> <II = 1> <Delay = 0.94> <FuncUnit> <Opcode : 'add' 'sub'> <InPorts = 2> <OutPorts = 1>
ST_1 : Operation 26 [1/1] (0.00ns)   --->   "%zext_ln152 = zext i11 %add_ln152" [vgg_accelerator.cpp:152]   --->   Operation 26 'zext' 'zext_ln152' <Predicate = (!icmp_ln146)> <Delay = 0.00>
ST_1 : Operation 27 [1/1] (0.00ns)   --->   "%dense_weights_addr = getelementptr i5 %dense_weights, i64 0, i64 %zext_ln152" [vgg_accelerator.cpp:152]   --->   Operation 27 'getelementptr' 'dense_weights_addr' <Predicate = (!icmp_ln146)> <Delay = 0.00>
ST_1 : Operation 28 [2/2] (1.35ns)   --->   "%w_V = load i11 %dense_weights_addr" [vgg_accelerator.cpp:152]   --->   Operation 28 'load' 'w_V' <Predicate = (!icmp_ln146)> <Delay = 1.35> <CoreInst = "ROM">   --->   Core 101 'ROM' <Latency = 1> <II = 1> <Delay = 1.35> <Storage> <Opcode : 'load'> <Ports = 0> <Width = 5> <Depth = 2048> <ROM>
ST_1 : Operation 29 [1/1] (0.00ns)   --->   "%zext_ln153 = zext i10 %k" [vgg_accelerator.cpp:153]   --->   Operation 29 'zext' 'zext_ln153' <Predicate = (!icmp_ln146)> <Delay = 0.00>
ST_1 : Operation 30 [1/1] (0.00ns)   --->   "%flat_img_V_addr = getelementptr i8 %flat_img_V, i64 0, i64 %zext_ln153"   --->   Operation 30 'getelementptr' 'flat_img_V_addr' <Predicate = (!icmp_ln146)> <Delay = 0.00>
ST_1 : Operation 31 [2/2] (1.35ns)   --->   "%r_V = load i10 %flat_img_V_addr"   --->   Operation 31 'load' 'r_V' <Predicate = (!icmp_ln146)> <Delay = 1.35> <CoreInst = "RAM">   --->   Core 83 'RAM' <Latency = 1> <II = 1> <Delay = 1.35> <Storage> <Opcode : 'load' 'store'> <Ports = 2> <Width = 8> <Depth = 1024> <RAM>
ST_1 : Operation 32 [1/1] (0.85ns)   --->   "%icmp_ln146_1 = icmp_eq  i11 %add_ln146, i11 1024" [vgg_accelerator.cpp:146]   --->   Operation 32 'icmp' 'icmp_ln146_1' <Predicate = (!icmp_ln146)> <Delay = 0.85> <CoreInst = "Cmp">   --->   Core 9 'Cmp' <Latency = 0> <II = 1> <Delay = 0.85> <FuncUnit> <Opcode : 'icmp'> <InPorts = 2> <OutPorts = 1>
ST_1 : Operation 33 [1/1] (0.00ns)   --->   "%br_ln146 = br i1 %icmp_ln146_1, void %ifFalse, void %ifTrue" [vgg_accelerator.cpp:146]   --->   Operation 33 'br' 'br_ln146' <Predicate = (!icmp_ln146)> <Delay = 0.00>
ST_1 : Operation 34 [1/1] (0.48ns)   --->   "%store_ln146 = store i11 %add_ln146, i11 %i_2" [vgg_accelerator.cpp:146]   --->   Operation 34 'store' 'store_ln146' <Predicate = (!icmp_ln146)> <Delay = 0.48>
ST_1 : Operation 92 [1/1] (0.00ns)   --->   "%ret_ln0 = ret"   --->   Operation 92 'ret' 'ret_ln0' <Predicate = (icmp_ln146)> <Delay = 0.00>

State 2 <SV = 1> <Delay = 3.52>
ST_2 : Operation 35 [1/2] (1.35ns)   --->   "%w_V = load i11 %dense_weights_addr" [vgg_accelerator.cpp:152]   --->   Operation 35 'load' 'w_V' <Predicate = (!icmp_ln146)> <Delay = 1.35> <CoreInst = "ROM">   --->   Core 101 'ROM' <Latency = 1> <II = 1> <Delay = 1.35> <Storage> <Opcode : 'load'> <Ports = 0> <Width = 5> <Depth = 2048> <ROM>
ST_2 : Operation 36 [1/2] (1.35ns)   --->   "%r_V = load i10 %flat_img_V_addr"   --->   Operation 36 'load' 'r_V' <Predicate = (!icmp_ln146)> <Delay = 1.35> <CoreInst = "RAM">   --->   Core 83 'RAM' <Latency = 1> <II = 1> <Delay = 1.35> <Storage> <Opcode : 'load' 'store'> <Ports = 2> <Width = 8> <Depth = 1024> <RAM>
ST_2 : Operation 37 [1/1] (0.00ns)   --->   "%sext_ln1347_183 = sext i8 %r_V"   --->   Operation 37 'sext' 'sext_ln1347_183' <Predicate = (!icmp_ln146)> <Delay = 0.00>
ST_2 : Operation 38 [1/1] (0.00ns)   --->   "%sext_ln1347_184 = sext i5 %w_V"   --->   Operation 38 'sext' 'sext_ln1347_184' <Predicate = (!icmp_ln146)> <Delay = 0.00>
ST_2 : Operation 39 [1/1] (2.17ns)   --->   "%mul_ln1347 = mul i12 %sext_ln1347_183, i12 %sext_ln1347_184"   --->   Operation 39 'mul' 'mul_ln1347' <Predicate = (!icmp_ln146)> <Delay = 2.17> <CoreInst = "Multiplier">   --->   Core 3 'Multiplier' <Latency = 0> <II = 1> <Delay = 2.17> <FuncUnit> <Opcode : 'mul'> <InPorts = 2> <OutPorts = 1>

State 3 <SV = 2> <Delay = 4.40>
ST_3 : Operation 40 [1/1] (0.00ns)   --->   "%lhs_load = load i32 %lhs"   --->   Operation 40 'load' 'lhs_load' <Predicate = true> <Delay = 0.00>
ST_3 : Operation 41 [1/1] (0.00ns)   --->   "%specpipeline_ln147 = specpipeline void @_ssdm_op_SpecPipeline, i32 2, i32 0, i32 0, i32 0, void @empty_4" [vgg_accelerator.cpp:147]   --->   Operation 41 'specpipeline' 'specpipeline_ln147' <Predicate = true> <Delay = 0.00>
ST_3 : Operation 42 [1/1] (0.00ns)   --->   "%specloopname_ln141 = specloopname void @_ssdm_op_SpecLoopName, void @empty_13" [vgg_accelerator.cpp:141]   --->   Operation 42 'specloopname' 'specloopname_ln141' <Predicate = true> <Delay = 0.00>
ST_3 : Operation 43 [1/1] (0.00ns)   --->   "%sext_ln813 = sext i32 %lhs_load"   --->   Operation 43 'sext' 'sext_ln813' <Predicate = true> <Delay = 0.00>
ST_3 : Operation 44 [1/1] (0.00ns)   --->   "%rhs = bitconcatenate i20 @_ssdm_op_BitConcatenate.i20.i12.i8, i12 %mul_ln1347, i8 0"   --->   Operation 44 'bitconcatenate' 'rhs' <Predicate = true> <Delay = 0.00>
ST_3 : Operation 45 [1/1] (0.00ns)   --->   "%sext_ln1347 = sext i20 %rhs"   --->   Operation 45 'sext' 'sext_ln1347' <Predicate = true> <Delay = 0.00>
ST_3 : Operation 46 [1/1] (0.00ns)   --->   "%sext_ln1347_185 = sext i20 %rhs"   --->   Operation 46 'sext' 'sext_ln1347_185' <Predicate = true> <Delay = 0.00>
ST_3 : Operation 47 [1/1] (1.20ns)   --->   "%ret_V = add i33 %sext_ln813, i33 %sext_ln1347"   --->   Operation 47 'add' 'ret_V' <Predicate = true> <Delay = 1.20> <CoreInst = "Adder">   --->   Core 1 'Adder' <Latency = 0> <II = 1> <Delay = 1.20> <FuncUnit> <Opcode : 'add' 'sub'> <InPorts = 2> <OutPorts = 1>
ST_3 : Operation 48 [1/1] (0.00ns)   --->   "%p_Result_s = bitselect i1 @_ssdm_op_BitSelect.i1.i33.i32, i33 %ret_V, i32 32"   --->   Operation 48 'bitselect' 'p_Result_s' <Predicate = true> <Delay = 0.00>
ST_3 : Operation 49 [1/1] (1.20ns)   --->   "%acc_V_40 = add i32 %lhs_load, i32 %sext_ln1347_185"   --->   Operation 49 'add' 'acc_V_40' <Predicate = true> <Delay = 1.20> <CoreInst = "Adder">   --->   Core 1 'Adder' <Latency = 0> <II = 1> <Delay = 1.20> <FuncUnit> <Opcode : 'add' 'sub'> <InPorts = 2> <OutPorts = 1>
ST_3 : Operation 50 [1/1] (0.00ns)   --->   "%p_Result_37 = bitselect i1 @_ssdm_op_BitSelect.i1.i32.i32, i32 %acc_V_40, i32 31"   --->   Operation 50 'bitselect' 'p_Result_37' <Predicate = true> <Delay = 0.00>
ST_3 : Operation 51 [1/1] (0.00ns) (grouped into LUT with out node acc_V)   --->   "%xor_ln895 = xor i1 %p_Result_s, i1 1"   --->   Operation 51 'xor' 'xor_ln895' <Predicate = true> <Delay = 0.00> <CoreInst = "LogicGate">   --->   Core 74 'LogicGate' <Latency = 0> <II = 1> <Delay = 0.33> <FuncUnit> <Opcode : 'and' 'or' 'xor'> <InPorts = 2> <OutPorts = 1>
ST_3 : Operation 52 [1/1] (0.00ns) (grouped into LUT with out node acc_V)   --->   "%overflow = and i1 %p_Result_37, i1 %xor_ln895"   --->   Operation 52 'and' 'overflow' <Predicate = true> <Delay = 0.00> <CoreInst = "LogicGate">   --->   Core 74 'LogicGate' <Latency = 0> <II = 1> <Delay = 0.33> <FuncUnit> <Opcode : 'and' 'or' 'xor'> <InPorts = 2> <OutPorts = 1>
ST_3 : Operation 53 [1/1] (0.00ns) (grouped into LUT with out node acc_V)   --->   "%xor_ln302 = xor i1 %p_Result_s, i1 %p_Result_37"   --->   Operation 53 'xor' 'xor_ln302' <Predicate = true> <Delay = 0.00> <CoreInst = "LogicGate">   --->   Core 74 'LogicGate' <Latency = 0> <II = 1> <Delay = 0.33> <FuncUnit> <Opcode : 'and' 'or' 'xor'> <InPorts = 2> <OutPorts = 1>
ST_3 : Operation 54 [1/1] (0.00ns) (grouped into LUT with out node acc_V)   --->   "%select_ln346 = select i1 %overflow, i32 2147483647, i32 2147483648"   --->   Operation 54 'select' 'select_ln346' <Predicate = true> <Delay = 0.00> <CoreInst = "Sel">   --->   Core 73 'Sel' <Latency = 0> <II = 1> <Delay = 0.52> <FuncUnit> <Opcode : 'select'> <InPorts = 3> <OutPorts = 1>
ST_3 : Operation 55 [1/1] (0.52ns) (out node of the LUT)   --->   "%acc_V = select i1 %xor_ln302, i32 %select_ln346, i32 %acc_V_40"   --->   Operation 55 'select' 'acc_V' <Predicate = true> <Delay = 0.52> <CoreInst = "Sel">   --->   Core 73 'Sel' <Latency = 0> <II = 1> <Delay = 0.52> <FuncUnit> <Opcode : 'select'> <InPorts = 3> <OutPorts = 1>
ST_3 : Operation 56 [1/1] (0.00ns)   --->   "%p_Result_38 = bitselect i1 @_ssdm_op_BitSelect.i1.i32.i32, i32 %acc_V, i32 31"   --->   Operation 56 'bitselect' 'p_Result_38' <Predicate = (icmp_ln146_1)> <Delay = 0.00>
ST_3 : Operation 57 [1/1] (0.00ns)   --->   "%final_res_V = partselect i8 @_ssdm_op_PartSelect.i8.i32.i32.i32, i32 %acc_V, i32 12, i32 19"   --->   Operation 57 'partselect' 'final_res_V' <Predicate = (icmp_ln146_1)> <Delay = 0.00>
ST_3 : Operation 58 [1/1] (0.00ns)   --->   "%p_Result_39 = bitselect i1 @_ssdm_op_BitSelect.i1.i32.i32, i32 %acc_V, i32 19"   --->   Operation 58 'bitselect' 'p_Result_39' <Predicate = (icmp_ln146_1)> <Delay = 0.00>
ST_3 : Operation 59 [1/1] (0.00ns)   --->   "%tmp = bitselect i1 @_ssdm_op_BitSelect.i1.i32.i32, i32 %acc_V, i32 11"   --->   Operation 59 'bitselect' 'tmp' <Predicate = (icmp_ln146_1)> <Delay = 0.00>
ST_3 : Operation 60 [1/1] (0.00ns)   --->   "%zext_ln377 = zext i1 %tmp"   --->   Operation 60 'zext' 'zext_ln377' <Predicate = (icmp_ln146_1)> <Delay = 0.00>
ST_3 : Operation 61 [1/1] (0.90ns)   --->   "%final_res_V_1 = add i8 %final_res_V, i8 %zext_ln377"   --->   Operation 61 'add' 'final_res_V_1' <Predicate = (icmp_ln146_1)> <Delay = 0.90> <CoreInst = "Adder">   --->   Core 1 'Adder' <Latency = 0> <II = 1> <Delay = 0.90> <FuncUnit> <Opcode : 'add' 'sub'> <InPorts = 2> <OutPorts = 1>
ST_3 : Operation 62 [1/1] (0.00ns)   --->   "%p_Result_40 = bitselect i1 @_ssdm_op_BitSelect.i1.i8.i32, i8 %final_res_V_1, i32 7"   --->   Operation 62 'bitselect' 'p_Result_40' <Predicate = (icmp_ln146_1)> <Delay = 0.00>
ST_3 : Operation 63 [1/1] (0.33ns)   --->   "%xor_ln896 = xor i1 %p_Result_40, i1 1"   --->   Operation 63 'xor' 'xor_ln896' <Predicate = (icmp_ln146_1)> <Delay = 0.33> <CoreInst = "LogicGate">   --->   Core 74 'LogicGate' <Latency = 0> <II = 1> <Delay = 0.33> <FuncUnit> <Opcode : 'and' 'or' 'xor'> <InPorts = 2> <OutPorts = 1>
ST_3 : Operation 64 [1/1] (0.33ns)   --->   "%carry_1 = and i1 %p_Result_39, i1 %xor_ln896"   --->   Operation 64 'and' 'carry_1' <Predicate = (icmp_ln146_1)> <Delay = 0.33> <CoreInst = "LogicGate">   --->   Core 74 'LogicGate' <Latency = 0> <II = 1> <Delay = 0.33> <FuncUnit> <Opcode : 'and' 'or' 'xor'> <InPorts = 2> <OutPorts = 1>
ST_3 : Operation 65 [1/1] (0.00ns)   --->   "%tmp_i = partselect i11 @_ssdm_op_PartSelect.i11.i32.i32.i32, i32 %acc_V, i32 21, i32 31"   --->   Operation 65 'partselect' 'tmp_i' <Predicate = (icmp_ln146_1)> <Delay = 0.00>
ST_3 : Operation 66 [1/1] (0.85ns)   --->   "%Range2_all_ones = icmp_eq  i11 %tmp_i, i11 2047"   --->   Operation 66 'icmp' 'Range2_all_ones' <Predicate = (icmp_ln146_1)> <Delay = 0.85> <CoreInst = "Cmp">   --->   Core 9 'Cmp' <Latency = 0> <II = 1> <Delay = 0.85> <FuncUnit> <Opcode : 'icmp'> <InPorts = 2> <OutPorts = 1>
ST_3 : Operation 67 [1/1] (0.00ns)   --->   "%tmp_i_52 = partselect i12 @_ssdm_op_PartSelect.i12.i32.i32.i32, i32 %acc_V, i32 20, i32 31"   --->   Operation 67 'partselect' 'tmp_i_52' <Predicate = (icmp_ln146_1)> <Delay = 0.00>
ST_3 : Operation 68 [1/1] (0.86ns)   --->   "%Range1_all_ones = icmp_eq  i12 %tmp_i_52, i12 4095"   --->   Operation 68 'icmp' 'Range1_all_ones' <Predicate = (icmp_ln146_1)> <Delay = 0.86> <CoreInst = "Cmp">   --->   Core 9 'Cmp' <Latency = 0> <II = 1> <Delay = 0.86> <FuncUnit> <Opcode : 'icmp'> <InPorts = 2> <OutPorts = 1>
ST_3 : Operation 69 [1/1] (0.86ns)   --->   "%Range1_all_zeros = icmp_eq  i12 %tmp_i_52, i12 0"   --->   Operation 69 'icmp' 'Range1_all_zeros' <Predicate = (icmp_ln146_1)> <Delay = 0.86> <CoreInst = "Cmp">   --->   Core 9 'Cmp' <Latency = 0> <II = 1> <Delay = 0.86> <FuncUnit> <Opcode : 'icmp'> <InPorts = 2> <OutPorts = 1>
ST_3 : Operation 70 [1/1] (0.00ns) (grouped into LUT with out node overflow_19)   --->   "%deleted_zeros = select i1 %carry_1, i1 %Range1_all_ones, i1 %Range1_all_zeros"   --->   Operation 70 'select' 'deleted_zeros' <Predicate = (icmp_ln146_1)> <Delay = 0.00> <CoreInst = "Sel">   --->   Core 73 'Sel' <Latency = 0> <II = 1> <Delay = 0.26> <FuncUnit> <Opcode : 'select'> <InPorts = 3> <OutPorts = 1>
ST_3 : Operation 71 [1/1] (0.00ns) (grouped into LUT with out node or_ln896)   --->   "%tmp_258 = bitselect i1 @_ssdm_op_BitSelect.i1.i32.i32, i32 %acc_V, i32 20"   --->   Operation 71 'bitselect' 'tmp_258' <Predicate = (icmp_ln146_1)> <Delay = 0.00>
ST_3 : Operation 72 [1/1] (0.00ns) (grouped into LUT with out node or_ln896)   --->   "%xor_ln890 = xor i1 %tmp_258, i1 1"   --->   Operation 72 'xor' 'xor_ln890' <Predicate = (icmp_ln146_1)> <Delay = 0.00> <CoreInst = "LogicGate">   --->   Core 74 'LogicGate' <Latency = 0> <II = 1> <Delay = 0.33> <FuncUnit> <Opcode : 'and' 'or' 'xor'> <InPorts = 2> <OutPorts = 1>
ST_3 : Operation 73 [1/1] (0.00ns) (grouped into LUT with out node or_ln896)   --->   "%and_ln890 = and i1 %Range2_all_ones, i1 %xor_ln890"   --->   Operation 73 'and' 'and_ln890' <Predicate = (icmp_ln146_1)> <Delay = 0.00> <CoreInst = "LogicGate">   --->   Core 74 'LogicGate' <Latency = 0> <II = 1> <Delay = 0.33> <FuncUnit> <Opcode : 'and' 'or' 'xor'> <InPorts = 2> <OutPorts = 1>
ST_3 : Operation 74 [1/1] (0.00ns) (grouped into LUT with out node or_ln896)   --->   "%deleted_ones = select i1 %carry_1, i1 %and_ln890, i1 %Range1_all_ones"   --->   Operation 74 'select' 'deleted_ones' <Predicate = (icmp_ln146_1)> <Delay = 0.00> <CoreInst = "Sel">   --->   Core 73 'Sel' <Latency = 0> <II = 1> <Delay = 0.26> <FuncUnit> <Opcode : 'select'> <InPorts = 3> <OutPorts = 1>
ST_3 : Operation 75 [1/1] (0.00ns) (grouped into LUT with out node or_ln346)   --->   "%and_ln891 = and i1 %carry_1, i1 %Range1_all_ones"   --->   Operation 75 'and' 'and_ln891' <Predicate = (icmp_ln146_1)> <Delay = 0.00> <CoreInst = "LogicGate">   --->   Core 74 'LogicGate' <Latency = 0> <II = 1> <Delay = 0.33> <FuncUnit> <Opcode : 'and' 'or' 'xor'> <InPorts = 2> <OutPorts = 1>
ST_3 : Operation 76 [1/1] (0.00ns) (grouped into LUT with out node overflow_19)   --->   "%xor_ln895_123 = xor i1 %deleted_zeros, i1 1"   --->   Operation 76 'xor' 'xor_ln895_123' <Predicate = (icmp_ln146_1)> <Delay = 0.00> <CoreInst = "LogicGate">   --->   Core 74 'LogicGate' <Latency = 0> <II = 1> <Delay = 0.33> <FuncUnit> <Opcode : 'and' 'or' 'xor'> <InPorts = 2> <OutPorts = 1>
ST_3 : Operation 77 [1/1] (0.00ns) (grouped into LUT with out node overflow_19)   --->   "%or_ln895 = or i1 %p_Result_40, i1 %xor_ln895_123"   --->   Operation 77 'or' 'or_ln895' <Predicate = (icmp_ln146_1)> <Delay = 0.00> <CoreInst = "LogicGate">   --->   Core 74 'LogicGate' <Latency = 0> <II = 1> <Delay = 0.33> <FuncUnit> <Opcode : 'and' 'or' 'xor'> <InPorts = 2> <OutPorts = 1>
ST_3 : Operation 78 [1/1] (0.00ns) (grouped into LUT with out node overflow_19)   --->   "%xor_ln895_124 = xor i1 %p_Result_38, i1 1"   --->   Operation 78 'xor' 'xor_ln895_124' <Predicate = (icmp_ln146_1)> <Delay = 0.00> <CoreInst = "LogicGate">   --->   Core 74 'LogicGate' <Latency = 0> <II = 1> <Delay = 0.33> <FuncUnit> <Opcode : 'and' 'or' 'xor'> <InPorts = 2> <OutPorts = 1>
ST_3 : Operation 79 [1/1] (0.33ns) (out node of the LUT)   --->   "%overflow_19 = and i1 %or_ln895, i1 %xor_ln895_124"   --->   Operation 79 'and' 'overflow_19' <Predicate = (icmp_ln146_1)> <Delay = 0.33> <CoreInst = "LogicGate">   --->   Core 74 'LogicGate' <Latency = 0> <II = 1> <Delay = 0.33> <FuncUnit> <Opcode : 'and' 'or' 'xor'> <InPorts = 2> <OutPorts = 1>
ST_3 : Operation 80 [1/1] (0.00ns) (grouped into LUT with out node or_ln896)   --->   "%xor_ln896_1 = xor i1 %deleted_ones, i1 1"   --->   Operation 80 'xor' 'xor_ln896_1' <Predicate = (icmp_ln146_1)> <Delay = 0.00> <CoreInst = "LogicGate">   --->   Core 74 'LogicGate' <Latency = 0> <II = 1> <Delay = 0.33> <FuncUnit> <Opcode : 'and' 'or' 'xor'> <InPorts = 2> <OutPorts = 1>
ST_3 : Operation 81 [1/1] (0.33ns) (out node of the LUT)   --->   "%or_ln896 = or i1 %xor_ln896, i1 %xor_ln896_1"   --->   Operation 81 'or' 'or_ln896' <Predicate = (icmp_ln146_1)> <Delay = 0.33> <CoreInst = "LogicGate">   --->   Core 74 'LogicGate' <Latency = 0> <II = 1> <Delay = 0.33> <FuncUnit> <Opcode : 'and' 'or' 'xor'> <InPorts = 2> <OutPorts = 1>
ST_3 : Operation 82 [1/1] (0.00ns) (grouped into LUT with out node or_ln346)   --->   "%xor_ln896_2 = xor i1 %and_ln891, i1 %or_ln896"   --->   Operation 82 'xor' 'xor_ln896_2' <Predicate = (icmp_ln146_1)> <Delay = 0.00> <CoreInst = "LogicGate">   --->   Core 74 'LogicGate' <Latency = 0> <II = 1> <Delay = 0.33> <FuncUnit> <Opcode : 'and' 'or' 'xor'> <InPorts = 2> <OutPorts = 1>
ST_3 : Operation 83 [1/1] (0.00ns) (grouped into LUT with out node or_ln346)   --->   "%underflow = and i1 %xor_ln896_2, i1 %p_Result_38"   --->   Operation 83 'and' 'underflow' <Predicate = (icmp_ln146_1)> <Delay = 0.00> <CoreInst = "LogicGate">   --->   Core 74 'LogicGate' <Latency = 0> <II = 1> <Delay = 0.33> <FuncUnit> <Opcode : 'and' 'or' 'xor'> <InPorts = 2> <OutPorts = 1>
ST_3 : Operation 84 [1/1] (0.00ns) (grouped into LUT with out node final_res_V_2)   --->   "%select_ln346_105 = select i1 %overflow_19, i8 127, i8 128"   --->   Operation 84 'select' 'select_ln346_105' <Predicate = (icmp_ln146_1)> <Delay = 0.00> <CoreInst = "Sel">   --->   Core 73 'Sel' <Latency = 0> <II = 1> <Delay = 0.44> <FuncUnit> <Opcode : 'select'> <InPorts = 3> <OutPorts = 1>
ST_3 : Operation 85 [1/1] (0.33ns) (out node of the LUT)   --->   "%or_ln346 = or i1 %overflow_19, i1 %underflow"   --->   Operation 85 'or' 'or_ln346' <Predicate = (icmp_ln146_1)> <Delay = 0.33> <CoreInst = "LogicGate">   --->   Core 74 'LogicGate' <Latency = 0> <II = 1> <Delay = 0.33> <FuncUnit> <Opcode : 'and' 'or' 'xor'> <InPorts = 2> <OutPorts = 1>
ST_3 : Operation 86 [1/1] (0.44ns) (out node of the LUT)   --->   "%final_res_V_2 = select i1 %or_ln346, i8 %select_ln346_105, i8 %final_res_V_1"   --->   Operation 86 'select' 'final_res_V_2' <Predicate = (icmp_ln146_1)> <Delay = 0.44> <CoreInst = "Sel">   --->   Core 73 'Sel' <Latency = 0> <II = 1> <Delay = 0.44> <FuncUnit> <Opcode : 'select'> <InPorts = 3> <OutPorts = 1>
ST_3 : Operation 87 [1/1] (0.00ns)   --->   "%zext_ln158 = zext i8 %final_res_V_2" [vgg_accelerator.cpp:158]   --->   Operation 87 'zext' 'zext_ln158' <Predicate = (icmp_ln146_1)> <Delay = 0.00>
ST_3 : Operation 88 [1/1] (0.00ns)   --->   "%write_ln258 = write void @_ssdm_op_Write.axis.volatile.i32P0A.i4P0A.i4P0A.i1P0A, i32 %OUTPUT_STREAM_V_data_V, i4 %OUTPUT_STREAM_V_keep_V, i4 %OUTPUT_STREAM_V_strb_V, i1 %OUTPUT_STREAM_V_last_V, i32 %zext_ln158, i4 15, i4 15, i1 %output_packet_last_V_read"   --->   Operation 88 'write' 'write_ln258' <Predicate = (icmp_ln146_1)> <Delay = 0.00> <CoreInst = "axis">   --->   Core 123 'axis' <Latency = 0> <II = 1> <Delay = 1.00> <Adapter> <Opcode : >
ST_3 : Operation 89 [1/1] (0.00ns)   --->   "%br_ln0 = br void %ifFalse"   --->   Operation 89 'br' 'br_ln0' <Predicate = (icmp_ln146_1)> <Delay = 0.00>
ST_3 : Operation 90 [1/1] (0.48ns)   --->   "%store_ln302 = store i32 %acc_V, i32 %lhs"   --->   Operation 90 'store' 'store_ln302' <Predicate = true> <Delay = 0.48>
ST_3 : Operation 91 [1/1] (0.00ns)   --->   "%br_ln0 = br void %for.body14.i"   --->   Operation 91 'br' 'br_ln0' <Predicate = true> <Delay = 0.00>


============================================================
+ Verbose Summary: Timing violations
============================================================
Target clock period: 10ns, clock uncertainty: 2.7ns.

 <State 1>: 2.3ns
The critical path consists of the following:
	'alloca' operation ('i') [11]  (0 ns)
	'load' operation ('i', vgg_accelerator.cpp:150) on local variable 'i' [22]  (0 ns)
	'add' operation ('add_ln152', vgg_accelerator.cpp:152) [34]  (0.948 ns)
	'getelementptr' operation ('dense_weights_addr', vgg_accelerator.cpp:152) [36]  (0 ns)
	'load' operation ('w.V', vgg_accelerator.cpp:152) on array 'dense_weights' [37]  (1.35 ns)

 <State 2>: 3.52ns
The critical path consists of the following:
	'load' operation ('w.V', vgg_accelerator.cpp:152) on array 'dense_weights' [37]  (1.35 ns)
	'mul' operation ('mul_ln1347') [43]  (2.17 ns)

 <State 3>: 4.4ns
The critical path consists of the following:
	'load' operation ('lhs_load') on local variable 'lhs' [28]  (0 ns)
	'add' operation ('acc.V') [50]  (1.2 ns)
	'select' operation ('acc.V') [56]  (0.525 ns)
	'add' operation ('final_res.V') [65]  (0.907 ns)
	'xor' operation ('xor_ln896') [67]  (0.331 ns)
	'and' operation ('carry') [68]  (0.331 ns)
	'select' operation ('deleted_zeros') [74]  (0 ns)
	'xor' operation ('xor_ln895_123') [80]  (0 ns)
	'or' operation ('or_ln895') [81]  (0 ns)
	'and' operation ('overflow') [83]  (0.331 ns)
	'or' operation ('or_ln346') [89]  (0.331 ns)
	'select' operation ('final_res.V') [90]  (0.445 ns)


============================================================
+ Verbose Summary: Binding
============================================================
N/A
* FSMD analyzer results:
  - Output states:
 - Input state : 
  - Chain level:
	State 1
	State 2
	State 3


============================================================
+ Verbose Summary: Datapath Resource usage 
============================================================
N/A
