

================================================================
== Vitis HLS Report for 'dense_layer'
================================================================
* Date:           Thu Dec 11 20:07:19 2025

* Version:        2022.2 (Build 3670227 on Oct 13 2022)
* Project:        vgg_accelerator
* Solution:       solution1 (Vivado IP Flow Target)
* Product family: zynquplus
* Target device:  xczu5eg-sfvc784-1-e


================================================================
== Performance Estimates
================================================================
+ Timing: 
    * Summary: 
    +--------+----------+----------+------------+
    |  Clock |  Target  | Estimated| Uncertainty|
    +--------+----------+----------+------------+
    |ap_clk  |  10.00 ns|  4.404 ns|     2.70 ns|
    +--------+----------+----------+------------+

+ Latency: 
    * Summary: 
    +---------+---------+-----------+-----------+------+------+---------+
    |  Latency (cycles) |   Latency (absolute)  |   Interval  | Pipeline|
    |   min   |   max   |    min    |    max    |  min |  max |   Type  |
    +---------+---------+-----------+-----------+------+------+---------+
    |     5136|     5136|  51.360 us|  51.360 us|  5136|  5136|       no|
    +---------+---------+-----------+-----------+------+------+---------+

    + Detail: 
        * Instance: 
        N/A

        * Loop: 
        +--------------------+---------+---------+----------+-----------+-----------+------+----------+
        |                    |  Latency (cycles) | Iteration|  Initiation Interval  | Trip |          |
        |      Loop Name     |   min   |   max   |  Latency |  achieved |   target  | Count| Pipelined|
        +--------------------+---------+---------+----------+-----------+-----------+------+----------+
        |- VITIS_LOOP_140_2  |     4106|     4106|      2053|          -|          -|     2|        no|
        +--------------------+---------+---------+----------+-----------+-----------+------+----------+

============================================================
+ Verbose Summary: Synthesis Manager
============================================================
InlineROM: 1
ExposeGlobal: 0
============================================================
+ Verbose Summary: CDFG Model
============================================================
IsTopModel: 0
ResetActiveHigh: 1
IsCombinational: 2
IsDatapathOnly: 0
HasWiredReturn: 1
HasMFsm: 0
HasVarLatency: 1
IsPipeline: 0
IsRtlPipelined: 0
IsInstanceOverlapped: 0
IsDontTouch: 0
HasImplIP: 0
IsGatedGlobalClock: 0


============================================================
+ Verbose Summary: Schedule
============================================================
* Number of FSM states : 7
* Pipeline : 0
* Dataflow Pipeline: 0

* FSM state transitions: 
1 --> 2 
2 --> 3 
3 --> 4 
4 --> 5 7 
5 --> 6 
6 --> 4 
7 --> 

* FSM state operations: 

State 1 <SV = 0> <Delay = 0.48>
ST_1 : Operation 8 [1/1] (0.00ns)   --->   "%c = alloca i32 1"   --->   Operation 8 'alloca' 'c' <Predicate = true> <Delay = 0.00>
ST_1 : Operation 9 [1/1] (0.00ns)   --->   "%flat_img_V = alloca i64 1" [vgg_accelerator.cpp:134]   --->   Operation 9 'alloca' 'flat_img_V' <Predicate = true> <Delay = 0.00>
ST_1 : Operation 10 [1/1] (0.00ns)   --->   "%empty = wait i32 @_ssdm_op_Wait"   --->   Operation 10 'wait' 'empty' <Predicate = true> <Delay = 0.00>
ST_1 : Operation 11 [2/2] (0.00ns)   --->   "%call_ln0 = call void @dense_layer_Pipeline_VITIS_LOOP_135_1, i8 %flat_img_V, i8 %s_pool3"   --->   Operation 11 'call' 'call_ln0' <Predicate = true> <Delay = 0.00> <CoreType = "Generic">   --->   Core 0 '' <Latency = 0> <II = 1> <Delay = 1.00> <Generic> <Opcode : >
ST_1 : Operation 12 [1/1] (0.48ns)   --->   "%store_ln140 = store i2 0, i2 %c" [vgg_accelerator.cpp:140]   --->   Operation 12 'store' 'store_ln140' <Predicate = true> <Delay = 0.48>

State 2 <SV = 1> <Delay = 0.00>
ST_2 : Operation 13 [1/2] (0.00ns)   --->   "%call_ln0 = call void @dense_layer_Pipeline_VITIS_LOOP_135_1, i8 %flat_img_V, i8 %s_pool3"   --->   Operation 13 'call' 'call_ln0' <Predicate = true> <Delay = 0.00> <CoreType = "Generic">   --->   Core 0 '' <Latency = 0> <II = 1> <Delay = 1.00> <Generic> <Opcode : >

State 3 <SV = 2> <Delay = 0.00>
ST_3 : Operation 14 [1/1] (0.00ns)   --->   "%specinterface_ln0 = specinterface void @_ssdm_op_SpecInterface, i8 %s_pool3, void @empty_11, i32 0, i32 0, void @empty_4, i32 0, i32 0, void @empty_4, void @empty_4, void @empty_4, i32 0, i32 0, i32 0, i32 0, void @empty_4, void @empty_4, i32 4294967295, i32 0"   --->   Operation 14 'specinterface' 'specinterface_ln0' <Predicate = true> <Delay = 0.00>
ST_3 : Operation 15 [1/1] (0.00ns)   --->   "%specinterface_ln0 = specinterface void @_ssdm_op_SpecInterface, i8 %s_pool3, void @empty_11, i32 0, i32 0, void @empty_4, i32 0, i32 0, void @empty_4, void @empty_4, void @empty_4, i32 0, i32 0, i32 0, i32 0, void @empty_4, void @empty_4, i32 4294967295, i32 0"   --->   Operation 15 'specinterface' 'specinterface_ln0' <Predicate = true> <Delay = 0.00>
ST_3 : Operation 16 [1/1] (0.00ns)   --->   "%specinterface_ln0 = specinterface void @_ssdm_op_SpecInterface, i8 %s_pool3, void @empty_11, i32 0, i32 0, void @empty_4, i32 0, i32 0, void @empty_4, void @empty_4, void @empty_4, i32 0, i32 0, i32 0, i32 0, void @empty_4, void @empty_4, i32 4294967295, i32 0"   --->   Operation 16 'specinterface' 'specinterface_ln0' <Predicate = true> <Delay = 0.00>
ST_3 : Operation 17 [1/1] (0.00ns)   --->   "%specaxissidechannel_ln0 = specaxissidechannel void @_ssdm_op_SpecAXISSideChannel, i32 %OUTPUT_STREAM_V_data_V, i4 %OUTPUT_STREAM_V_keep_V, i4 %OUTPUT_STREAM_V_strb_V, i1 0, i1 %OUTPUT_STREAM_V_last_V, i1 0, i1 0, void @empty"   --->   Operation 17 'specaxissidechannel' 'specaxissidechannel_ln0' <Predicate = true> <Delay = 0.00>
ST_3 : Operation 18 [1/1] (0.00ns)   --->   "%specinterface_ln0 = specinterface void @_ssdm_op_SpecInterface, i8 %s_pool3, void @empty_11, i32 0, i32 0, void @empty_4, i32 0, i32 0, void @empty_4, void @empty_4, void @empty_4, i32 0, i32 0, i32 0, i32 0, void @empty_4, void @empty_4, i32 4294967295, i32 0"   --->   Operation 18 'specinterface' 'specinterface_ln0' <Predicate = true> <Delay = 0.00>
ST_3 : Operation 19 [1/1] (0.00ns)   --->   "%specinterface_ln0 = specinterface void @_ssdm_op_SpecInterface, i1 %OUTPUT_STREAM_V_last_V, i4 %OUTPUT_STREAM_V_strb_V, i4 %OUTPUT_STREAM_V_keep_V, i32 %OUTPUT_STREAM_V_data_V, void @empty_7, i32 1, i32 1, void @empty_15, i32 0, i32 0, void @empty_4, void @empty_4, void @empty_4, i32 0, i32 0, i32 0, i32 0, void @empty_4, void @empty_4, i32 4294967295, i32 0"   --->   Operation 19 'specinterface' 'specinterface_ln0' <Predicate = true> <Delay = 0.00>
ST_3 : Operation 20 [1/1] (0.00ns)   --->   "%empty_53 = wait i32 @_ssdm_op_Wait"   --->   Operation 20 'wait' 'empty_53' <Predicate = true> <Delay = 0.00>
ST_3 : Operation 21 [1/1] (0.00ns)   --->   "%br_ln140 = br void %for.body6.i" [vgg_accelerator.cpp:140]   --->   Operation 21 'br' 'br_ln140' <Predicate = true> <Delay = 0.00>

State 4 <SV = 3> <Delay = 1.11>
ST_4 : Operation 22 [1/1] (0.00ns)   --->   "%c_1 = load i2 %c" [vgg_accelerator.cpp:152]   --->   Operation 22 'load' 'c_1' <Predicate = true> <Delay = 0.00>
ST_4 : Operation 23 [1/1] (0.51ns)   --->   "%icmp_ln140 = icmp_eq  i2 %c_1, i2 2" [vgg_accelerator.cpp:140]   --->   Operation 23 'icmp' 'icmp_ln140' <Predicate = true> <Delay = 0.51> <CoreInst = "Cmp">   --->   Core 9 'Cmp' <Latency = 0> <II = 1> <Delay = 0.51> <FuncUnit> <Opcode : 'icmp'> <InPorts = 2> <OutPorts = 1>
ST_4 : Operation 24 [1/1] (0.00ns)   --->   "%empty_54 = speclooptripcount i32 @_ssdm_op_SpecLoopTripCount, i64 2, i64 2, i64 2"   --->   Operation 24 'speclooptripcount' 'empty_54' <Predicate = true> <Delay = 0.00>
ST_4 : Operation 25 [1/1] (0.62ns)   --->   "%add_ln140 = add i2 %c_1, i2 1" [vgg_accelerator.cpp:140]   --->   Operation 25 'add' 'add_ln140' <Predicate = true> <Delay = 0.62> <CoreInst = "Adder">   --->   Core 1 'Adder' <Latency = 0> <II = 1> <Delay = 0.62> <FuncUnit> <Opcode : 'add' 'sub'> <InPorts = 2> <OutPorts = 1>
ST_4 : Operation 26 [1/1] (0.00ns)   --->   "%br_ln140 = br i1 %icmp_ln140, void %for.body6.split.i, void %dense_layer.exit" [vgg_accelerator.cpp:140]   --->   Operation 26 'br' 'br_ln140' <Predicate = true> <Delay = 0.00>
ST_4 : Operation 27 [1/1] (0.00ns)   --->   "%zext_ln140 = zext i2 %c_1" [vgg_accelerator.cpp:140]   --->   Operation 27 'zext' 'zext_ln140' <Predicate = (!icmp_ln140)> <Delay = 0.00>
ST_4 : Operation 28 [1/1] (0.00ns)   --->   "%dense_bias_addr = getelementptr i2 %dense_bias, i64 0, i64 %zext_ln140" [vgg_accelerator.cpp:141]   --->   Operation 28 'getelementptr' 'dense_bias_addr' <Predicate = (!icmp_ln140)> <Delay = 0.00>
ST_4 : Operation 29 [2/2] (0.79ns)   --->   "%acc_V = load i1 %dense_bias_addr" [vgg_accelerator.cpp:141]   --->   Operation 29 'load' 'acc_V' <Predicate = (!icmp_ln140)> <Delay = 0.79> <CoreInst = "ROM">   --->   Core 101 'ROM' <Latency = 1> <II = 1> <Delay = 0.79> <Storage> <Opcode : 'load'> <Ports = 0> <Width = 2> <Depth = 2> <ROM>
ST_4 : Operation 30 [1/1] (0.00ns)   --->   "%empty_55 = wait i32 @_ssdm_op_Wait"   --->   Operation 30 'wait' 'empty_55' <Predicate = (!icmp_ln140)> <Delay = 0.00>
ST_4 : Operation 31 [1/1] (0.48ns)   --->   "%store_ln140 = store i2 %add_ln140, i2 %c" [vgg_accelerator.cpp:140]   --->   Operation 31 'store' 'store_ln140' <Predicate = (!icmp_ln140)> <Delay = 0.48>

State 5 <SV = 4> <Delay = 3.08>
ST_5 : Operation 32 [1/2] (0.79ns)   --->   "%acc_V = load i1 %dense_bias_addr" [vgg_accelerator.cpp:141]   --->   Operation 32 'load' 'acc_V' <Predicate = true> <Delay = 0.79> <CoreInst = "ROM">   --->   Core 101 'ROM' <Latency = 1> <II = 1> <Delay = 0.79> <Storage> <Opcode : 'load'> <Ports = 0> <Width = 2> <Depth = 2> <ROM>
ST_5 : Operation 33 [1/1] (0.00ns)   --->   "%acc_V_41 = bitconcatenate i14 @_ssdm_op_BitConcatenate.i14.i2.i12, i2 %acc_V, i12 0"   --->   Operation 33 'bitconcatenate' 'acc_V_41' <Predicate = true> <Delay = 0.00>
ST_5 : Operation 34 [1/1] (0.00ns)   --->   "%trunc_ln152 = trunc i2 %c_1" [vgg_accelerator.cpp:152]   --->   Operation 34 'trunc' 'trunc_ln152' <Predicate = true> <Delay = 0.00>
ST_5 : Operation 35 [1/1] (0.00ns)   --->   "%shl_ln = bitconcatenate i11 @_ssdm_op_BitConcatenate.i11.i1.i10, i1 %trunc_ln152, i10 0" [vgg_accelerator.cpp:152]   --->   Operation 35 'bitconcatenate' 'shl_ln' <Predicate = true> <Delay = 0.00>
ST_5 : Operation 36 [1/1] (0.51ns)   --->   "%icmp_ln161 = icmp_eq  i2 %c_1, i2 1" [vgg_accelerator.cpp:161]   --->   Operation 36 'icmp' 'icmp_ln161' <Predicate = true> <Delay = 0.51> <CoreInst = "Cmp">   --->   Core 9 'Cmp' <Latency = 0> <II = 1> <Delay = 0.51> <FuncUnit> <Opcode : 'icmp'> <InPorts = 2> <OutPorts = 1>
ST_5 : Operation 37 [2/2] (2.29ns)   --->   "%call_ln838 = call void @dense_layer_Pipeline_VITIS_LOOP_146_3, i14 %acc_V_41, i11 %shl_ln, i8 %flat_img_V, i1 %icmp_ln161, i32 %OUTPUT_STREAM_V_data_V, i4 %OUTPUT_STREAM_V_keep_V, i4 %OUTPUT_STREAM_V_strb_V, i1 %OUTPUT_STREAM_V_last_V, i5 %dense_weights"   --->   Operation 37 'call' 'call_ln838' <Predicate = true> <Delay = 2.29> <CoreType = "Generic">   --->   Core 0 '' <Latency = 0> <II = 1> <Delay = 1.00> <Generic> <Opcode : >

State 6 <SV = 5> <Delay = 4.40>
ST_6 : Operation 38 [1/1] (0.00ns)   --->   "%specloopname_ln140 = specloopname void @_ssdm_op_SpecLoopName, void @empty_6" [vgg_accelerator.cpp:140]   --->   Operation 38 'specloopname' 'specloopname_ln140' <Predicate = true> <Delay = 0.00>
ST_6 : Operation 39 [1/2] (4.40ns)   --->   "%call_ln838 = call void @dense_layer_Pipeline_VITIS_LOOP_146_3, i14 %acc_V_41, i11 %shl_ln, i8 %flat_img_V, i1 %icmp_ln161, i32 %OUTPUT_STREAM_V_data_V, i4 %OUTPUT_STREAM_V_keep_V, i4 %OUTPUT_STREAM_V_strb_V, i1 %OUTPUT_STREAM_V_last_V, i5 %dense_weights"   --->   Operation 39 'call' 'call_ln838' <Predicate = true> <Delay = 4.40> <CoreType = "Generic">   --->   Core 0 '' <Latency = 0> <II = 1> <Delay = 1.00> <Generic> <Opcode : >
ST_6 : Operation 40 [1/1] (0.00ns)   --->   "%br_ln140 = br void %for.body6.i" [vgg_accelerator.cpp:140]   --->   Operation 40 'br' 'br_ln140' <Predicate = true> <Delay = 0.00>

State 7 <SV = 6> <Delay = 0.00>
ST_7 : Operation 41 [1/1] (0.00ns)   --->   "%ret_ln0 = ret"   --->   Operation 41 'ret' 'ret_ln0' <Predicate = true> <Delay = 0.00>


============================================================
+ Verbose Summary: Timing violations
============================================================
Target clock period: 10ns, clock uncertainty: 2.7ns.

 <State 1>: 0.489ns
The critical path consists of the following:
	'alloca' operation ('c') [8]  (0 ns)
	'store' operation ('store_ln140', vgg_accelerator.cpp:140) of constant 0 on local variable 'c' [19]  (0.489 ns)

 <State 2>: 0ns
The critical path consists of the following:

 <State 3>: 0ns
The critical path consists of the following:

 <State 4>: 1.11ns
The critical path consists of the following:
	'load' operation ('c', vgg_accelerator.cpp:152) on local variable 'c' [22]  (0 ns)
	'add' operation ('add_ln140', vgg_accelerator.cpp:140) [25]  (0.625 ns)
	'store' operation ('store_ln140', vgg_accelerator.cpp:140) of variable 'add_ln140', vgg_accelerator.cpp:140 on local variable 'c' [38]  (0.489 ns)

 <State 5>: 3.09ns
The critical path consists of the following:
	'load' operation ('acc.V', vgg_accelerator.cpp:141) on array 'dense_bias' [31]  (0.79 ns)
	'call' operation ('call_ln838') to 'dense_layer_Pipeline_VITIS_LOOP_146_3' [37]  (2.3 ns)

 <State 6>: 4.4ns
The critical path consists of the following:
	'call' operation ('call_ln838') to 'dense_layer_Pipeline_VITIS_LOOP_146_3' [37]  (4.4 ns)

 <State 7>: 0ns
The critical path consists of the following:


============================================================
+ Verbose Summary: Binding
============================================================
N/A
* FSMD analyzer results:
  - Output states:
 - Input state : 
  - Chain level:
	State 1
	State 2
	State 3
	State 4
	State 5
	State 6
	State 7


============================================================
+ Verbose Summary: Datapath Resource usage 
============================================================
N/A
