

================================================================
== Vitis HLS Report for 'input_adapter'
================================================================
* Date:           Thu Dec 11 20:06:45 2025

* Version:        2022.2 (Build 3670227 on Oct 13 2022)
* Project:        vgg_accelerator
* Solution:       solution1 (Vivado IP Flow Target)
* Product family: zynquplus
* Target device:  xczu5eg-sfvc784-1-e


================================================================
== Performance Estimates
================================================================
+ Timing: 
    * Summary: 
    +--------+----------+----------+------------+
    |  Clock |  Target  | Estimated| Uncertainty|
    +--------+----------+----------+------------+
    |ap_clk  |  10.00 ns|  2.872 ns|     2.70 ns|
    +--------+----------+----------+------------+

+ Latency: 
    * Summary: 
    +---------+---------+-----------+-----------+------+------+---------+
    |  Latency (cycles) |   Latency (absolute)  |   Interval  | Pipeline|
    |   min   |   max   |    min    |    max    |  min |  max |   Type  |
    +---------+---------+-----------+-----------+------+------+---------+
    |     1026|     1026|  10.260 us|  10.260 us|  1026|  1026|       no|
    +---------+---------+-----------+-----------+------+------+---------+

    + Detail: 
        * Instance: 
        N/A

        * Loop: 
        +--------------------+---------+---------+----------+-----------+-----------+------+----------+
        |                    |  Latency (cycles) | Iteration|  Initiation Interval  | Trip |          |
        |      Loop Name     |   min   |   max   |  Latency |  achieved |   target  | Count| Pipelined|
        +--------------------+---------+---------+----------+-----------+-----------+------+----------+
        |- VITIS_LOOP_167_1  |     1024|     1024|         2|          1|          1|  1024|       yes|
        +--------------------+---------+---------+----------+-----------+-----------+------+----------+

============================================================
+ Verbose Summary: Synthesis Manager
============================================================
InlineROM: 1
ExposeGlobal: 0
============================================================
+ Verbose Summary: CDFG Model
============================================================
IsTopModel: 0
ResetActiveHigh: 1
IsCombinational: 2
IsDatapathOnly: 0
HasWiredReturn: 1
HasMFsm: 2
HasVarLatency: 1
IsPipeline: 0
IsRtlPipelined: 0
IsInstanceOverlapped: 0
IsDontTouch: 0
HasImplIP: 0
IsGatedGlobalClock: 0

+ Individual pipeline summary: 
  * Pipeline-0: initiation interval (II) = 1, depth = 2


============================================================
+ Verbose Summary: Schedule
============================================================
* Number of FSM states : 2
* Pipeline : 1
  Pipeline-0 : II = 1, D = 2, States = { 1 2 }
* Dataflow Pipeline: 0

* FSM state transitions: 
1 --> 2 
2 --> 

* FSM state operations: 

State 1 <SV = 0> <Delay = 1.43>
ST_1 : Operation 5 [1/1] (0.00ns)   --->   "%i = alloca i32 1"   --->   Operation 5 'alloca' 'i' <Predicate = true> <Delay = 0.00>
ST_1 : Operation 6 [1/1] (0.00ns)   --->   "%specinterface_ln0 = specinterface void @_ssdm_op_SpecInterface, i8 %s_input, void @empty_11, i32 0, i32 0, void @empty_4, i32 0, i32 0, void @empty_4, void @empty_4, void @empty_4, i32 0, i32 0, i32 0, i32 0, void @empty_4, void @empty_4, i32 4294967295, i32 0"   --->   Operation 6 'specinterface' 'specinterface_ln0' <Predicate = true> <Delay = 0.00>
ST_1 : Operation 7 [1/1] (0.00ns)   --->   "%specinterface_ln0 = specinterface void @_ssdm_op_SpecInterface, i8 %s_input, void @empty_11, i32 0, i32 0, void @empty_4, i32 0, i32 0, void @empty_4, void @empty_4, void @empty_4, i32 0, i32 0, i32 0, i32 0, void @empty_4, void @empty_4, i32 4294967295, i32 0"   --->   Operation 7 'specinterface' 'specinterface_ln0' <Predicate = true> <Delay = 0.00>
ST_1 : Operation 8 [1/1] (0.00ns)   --->   "%specinterface_ln0 = specinterface void @_ssdm_op_SpecInterface, i8 %s_input, void @empty_11, i32 0, i32 0, void @empty_4, i32 0, i32 0, void @empty_4, void @empty_4, void @empty_4, i32 0, i32 0, i32 0, i32 0, void @empty_4, void @empty_4, i32 4294967295, i32 0"   --->   Operation 8 'specinterface' 'specinterface_ln0' <Predicate = true> <Delay = 0.00>
ST_1 : Operation 9 [1/1] (0.00ns)   --->   "%specaxissidechannel_ln0 = specaxissidechannel void @_ssdm_op_SpecAXISSideChannel, i32 %INPUT_STREAM_V_data_V, i4 %INPUT_STREAM_V_keep_V, i4 %INPUT_STREAM_V_strb_V, i1 0, i1 %INPUT_STREAM_V_last_V, i1 0, i1 0, void @empty_8"   --->   Operation 9 'specaxissidechannel' 'specaxissidechannel_ln0' <Predicate = true> <Delay = 0.00>
ST_1 : Operation 10 [1/1] (0.00ns)   --->   "%specinterface_ln0 = specinterface void @_ssdm_op_SpecInterface, i8 %s_input, void @empty_11, i32 0, i32 0, void @empty_4, i32 0, i32 0, void @empty_4, void @empty_4, void @empty_4, i32 0, i32 0, i32 0, i32 0, void @empty_4, void @empty_4, i32 4294967295, i32 0"   --->   Operation 10 'specinterface' 'specinterface_ln0' <Predicate = true> <Delay = 0.00>
ST_1 : Operation 11 [1/1] (0.00ns)   --->   "%specinterface_ln0 = specinterface void @_ssdm_op_SpecInterface, i1 %INPUT_STREAM_V_last_V, i4 %INPUT_STREAM_V_strb_V, i4 %INPUT_STREAM_V_keep_V, i32 %INPUT_STREAM_V_data_V, void @empty_7, i32 1, i32 1, void @empty_15, i32 0, i32 0, void @empty_4, void @empty_4, void @empty_4, i32 0, i32 0, i32 0, i32 0, void @empty_4, void @empty_4, i32 4294967295, i32 0"   --->   Operation 11 'specinterface' 'specinterface_ln0' <Predicate = true> <Delay = 0.00>
ST_1 : Operation 12 [1/1] (0.48ns)   --->   "%store_ln167 = store i11 0, i11 %i" [vgg_accelerator.cpp:167]   --->   Operation 12 'store' 'store_ln167' <Predicate = true> <Delay = 0.48>
ST_1 : Operation 13 [1/1] (0.00ns)   --->   "%br_ln167 = br void %for.inc.i" [vgg_accelerator.cpp:167]   --->   Operation 13 'br' 'br_ln167' <Predicate = true> <Delay = 0.00>
ST_1 : Operation 14 [1/1] (0.00ns)   --->   "%i_1 = load i11 %i" [vgg_accelerator.cpp:167]   --->   Operation 14 'load' 'i_1' <Predicate = true> <Delay = 0.00>
ST_1 : Operation 15 [1/1] (0.85ns)   --->   "%icmp_ln167 = icmp_eq  i11 %i_1, i11 1024" [vgg_accelerator.cpp:167]   --->   Operation 15 'icmp' 'icmp_ln167' <Predicate = true> <Delay = 0.85> <CoreInst = "Cmp">   --->   Core 9 'Cmp' <Latency = 0> <II = 1> <Delay = 0.85> <FuncUnit> <Opcode : 'icmp'> <InPorts = 2> <OutPorts = 1>
ST_1 : Operation 16 [1/1] (0.00ns)   --->   "%empty = speclooptripcount i32 @_ssdm_op_SpecLoopTripCount, i64 1024, i64 1024, i64 1024"   --->   Operation 16 'speclooptripcount' 'empty' <Predicate = true> <Delay = 0.00>
ST_1 : Operation 17 [1/1] (0.94ns)   --->   "%i_2 = add i11 %i_1, i11 1" [vgg_accelerator.cpp:167]   --->   Operation 17 'add' 'i_2' <Predicate = true> <Delay = 0.94> <CoreInst = "Adder">   --->   Core 1 'Adder' <Latency = 0> <II = 1> <Delay = 0.94> <FuncUnit> <Opcode : 'add' 'sub'> <InPorts = 2> <OutPorts = 1>
ST_1 : Operation 18 [1/1] (0.00ns)   --->   "%br_ln167 = br i1 %icmp_ln167, void %for.inc.split.i, void %input_adapter.exit" [vgg_accelerator.cpp:167]   --->   Operation 18 'br' 'br_ln167' <Predicate = true> <Delay = 0.00>
ST_1 : Operation 19 [1/1] (0.00ns)   --->   "%empty_51 = read i41 @_ssdm_op_Read.axis.volatile.i32P0A.i4P0A.i4P0A.i1P0A, i32 %INPUT_STREAM_V_data_V, i4 %INPUT_STREAM_V_keep_V, i4 %INPUT_STREAM_V_strb_V, i1 %INPUT_STREAM_V_last_V"   --->   Operation 19 'read' 'empty_51' <Predicate = (!icmp_ln167)> <Delay = 0.00> <CoreInst = "axis">   --->   Core 123 'axis' <Latency = 0> <II = 1> <Delay = 1.00> <Adapter> <Opcode : >
ST_1 : Operation 20 [1/1] (0.00ns) (grouped into LUT with out node rounded)   --->   "%tmp_data_V = extractvalue i41 %empty_51"   --->   Operation 20 'extractvalue' 'tmp_data_V' <Predicate = (!icmp_ln167)> <Delay = 0.00>
ST_1 : Operation 21 [1/1] (0.00ns) (grouped into LUT with out node rounded)   --->   "%raw = trunc i32 %tmp_data_V" [vgg_accelerator.cpp:170]   --->   Operation 21 'trunc' 'raw' <Predicate = (!icmp_ln167)> <Delay = 0.00>
ST_1 : Operation 22 [1/1] (0.90ns) (out node of the LUT)   --->   "%rounded = add i8 %raw, i8 8" [vgg_accelerator.cpp:172]   --->   Operation 22 'add' 'rounded' <Predicate = (!icmp_ln167)> <Delay = 0.90> <CoreInst = "Adder">   --->   Core 1 'Adder' <Latency = 0> <II = 1> <Delay = 0.90> <FuncUnit> <Opcode : 'add' 'sub'> <InPorts = 2> <OutPorts = 1>
ST_1 : Operation 23 [1/1] (0.00ns)   --->   "%loc = partselect i4 @_ssdm_op_PartSelect.i4.i8.i32.i32, i8 %rounded, i32 4, i32 7"   --->   Operation 23 'partselect' 'loc' <Predicate = (!icmp_ln167)> <Delay = 0.00>
ST_1 : Operation 24 [1/1] (0.48ns)   --->   "%store_ln167 = store i11 %i_2, i11 %i" [vgg_accelerator.cpp:167]   --->   Operation 24 'store' 'store_ln167' <Predicate = (!icmp_ln167)> <Delay = 0.48>
ST_1 : Operation 30 [1/1] (0.00ns)   --->   "%ret_ln0 = ret"   --->   Operation 30 'ret' 'ret_ln0' <Predicate = (icmp_ln167)> <Delay = 0.00>

State 2 <SV = 1> <Delay = 2.87>
ST_2 : Operation 25 [1/1] (0.00ns)   --->   "%specpipeline_ln168 = specpipeline void @_ssdm_op_SpecPipeline, i32 1, i32 0, i32 0, i32 0, void @empty_4" [vgg_accelerator.cpp:168]   --->   Operation 25 'specpipeline' 'specpipeline_ln168' <Predicate = true> <Delay = 0.00>
ST_2 : Operation 26 [1/1] (0.00ns)   --->   "%specloopname_ln169 = specloopname void @_ssdm_op_SpecLoopName, void @empty_2" [vgg_accelerator.cpp:169]   --->   Operation 26 'specloopname' 'specloopname_ln169' <Predicate = true> <Delay = 0.00>
ST_2 : Operation 27 [1/1] (0.00ns)   --->   "%zext_ln214 = zext i4 %loc"   --->   Operation 27 'zext' 'zext_ln214' <Predicate = true> <Delay = 0.00>
ST_2 : Operation 28 [1/1] (2.87ns)   --->   "%write_ln174 = write void @_ssdm_op_Write.ap_fifo.volatile.i8P0A, i8 %s_input, i8 %zext_ln214" [vgg_accelerator.cpp:174]   --->   Operation 28 'write' 'write_ln174' <Predicate = true> <Delay = 2.87> <CoreInst = "FIFO_SRL">   --->   Core 81 'FIFO_SRL' <Latency = 0> <II = 1> <Delay = 2.87> <Storage> <Opcode : 'read' 'write' 'nbread' 'nbwrite'> <Ports = 0> <Width = 8> <Depth = 128> <FIFO>
ST_2 : Operation 29 [1/1] (0.00ns)   --->   "%br_ln167 = br void %for.inc.i" [vgg_accelerator.cpp:167]   --->   Operation 29 'br' 'br_ln167' <Predicate = true> <Delay = 0.00>


============================================================
+ Verbose Summary: Timing violations
============================================================
Target clock period: 10ns, clock uncertainty: 2.7ns.

 <State 1>: 1.44ns
The critical path consists of the following:
	'alloca' operation ('i') [6]  (0 ns)
	'load' operation ('i', vgg_accelerator.cpp:167) on local variable 'i' [16]  (0 ns)
	'add' operation ('i', vgg_accelerator.cpp:167) [19]  (0.948 ns)
	'store' operation ('store_ln167', vgg_accelerator.cpp:167) of variable 'i', vgg_accelerator.cpp:167 on local variable 'i' [31]  (0.489 ns)

 <State 2>: 2.87ns
The critical path consists of the following:
	fifo write operation ('write_ln174', vgg_accelerator.cpp:174) on port 's_input' (vgg_accelerator.cpp:174) [30]  (2.87 ns)


============================================================
+ Verbose Summary: Binding
============================================================
N/A
* FSMD analyzer results:
  - Output states:
 - Input state : 
  - Chain level:
	State 1
	State 2


============================================================
+ Verbose Summary: Datapath Resource usage 
============================================================
N/A
