

================================================================
== Vitis HLS Report for 'input_adapter'
================================================================
* Date:           Thu Dec 11 20:07:23 2025

* Version:        2022.2 (Build 3670227 on Oct 13 2022)
* Project:        vgg_accelerator
* Solution:       solution1 (Vivado IP Flow Target)
* Product family: zynquplus
* Target device:  xczu5eg-sfvc784-1-e


================================================================
== Performance Estimates
================================================================
+ Timing: 
    * Summary: 
    +--------+----------+----------+------------+
    |  Clock |  Target  | Estimated| Uncertainty|
    +--------+----------+----------+------------+
    |ap_clk  |  10.00 ns|  2.872 ns|     2.70 ns|
    +--------+----------+----------+------------+

+ Latency: 
    * Summary: 
    +---------+---------+-----------+-----------+------+------+---------+
    |  Latency (cycles) |   Latency (absolute)  |   Interval  | Pipeline|
    |   min   |   max   |    min    |    max    |  min |  max |   Type  |
    +---------+---------+-----------+-----------+------+------+---------+
    |     1026|     1026|  10.260 us|  10.260 us|  1026|  1026|       no|
    +---------+---------+-----------+-----------+------+------+---------+

    + Detail: 
        * Instance: 
        N/A

        * Loop: 
        +--------------------+---------+---------+----------+-----------+-----------+------+----------+
        |                    |  Latency (cycles) | Iteration|  Initiation Interval  | Trip |          |
        |      Loop Name     |   min   |   max   |  Latency |  achieved |   target  | Count| Pipelined|
        +--------------------+---------+---------+----------+-----------+-----------+------+----------+
        |- VITIS_LOOP_167_1  |     1024|     1024|         2|          1|          1|  1024|       yes|
        +--------------------+---------+---------+----------+-----------+-----------+------+----------+



================================================================
== Utilization Estimates
================================================================
* Summary: 
+-----------------+---------+------+--------+--------+-----+
|       Name      | BRAM_18K|  DSP |   FF   |   LUT  | URAM|
+-----------------+---------+------+--------+--------+-----+
|DSP              |        -|     -|       -|       -|    -|
|Expression       |        -|     -|       0|      53|    -|
|FIFO             |        -|     -|       -|       -|    -|
|Instance         |        -|     -|       -|       -|    -|
|Memory           |        -|     -|       -|       -|    -|
|Multiplexer      |        -|     -|       -|      63|    -|
|Register         |        -|     -|      19|       -|    -|
+-----------------+---------+------+--------+--------+-----+
|Total            |        0|     0|      19|     116|    0|
+-----------------+---------+------+--------+--------+-----+
|Available        |      288|  1248|  234240|  117120|   64|
+-----------------+---------+------+--------+--------+-----+
|Utilization (%)  |        0|     0|      ~0|      ~0|    0|
+-----------------+---------+------+--------+--------+-----+

+ Detail: 
    * Instance: 
    N/A

    * DSP: 
    N/A

    * Memory: 
    N/A

    * FIFO: 
    N/A

    * Expression: 
    +----------------------------------+----------+----+---+----+------------+------------+
    |           Variable Name          | Operation| DSP| FF| LUT| Bitwidth P0| Bitwidth P1|
    +----------------------------------+----------+----+---+----+------------+------------+
    |i_2_fu_97_p2                      |         +|   0|  0|  18|          11|           1|
    |rounded_fu_111_p2                 |         +|   0|  0|  15|           8|           4|
    |ap_condition_112                  |       and|   0|  0|   2|           1|           1|
    |icmp_ln167_fu_91_p2               |      icmp|   0|  0|  12|          11|          12|
    |ap_block_pp0_stage0_01001         |        or|   0|  0|   2|           1|           1|
    |ap_block_state1_pp0_stage0_iter0  |        or|   0|  0|   2|           1|           1|
    |ap_enable_pp0                     |       xor|   0|  0|   2|           1|           2|
    +----------------------------------+----------+----+---+----+------------+------------+
    |Total                             |          |   0|  0|  53|          34|          22|
    +----------------------------------+----------+----+---+----+------------+------------+

    * Multiplexer: 
    +--------------------------+----+-----------+-----+-----------+
    |           Name           | LUT| Input Size| Bits| Total Bits|
    +--------------------------+----+-----------+-----+-----------+
    |INPUT_STREAM_TDATA_blk_n  |   9|          2|    1|          2|
    |ap_done_int               |   9|          2|    1|          2|
    |ap_enable_reg_pp0_iter1   |   9|          2|    1|          2|
    |ap_sig_allocacmp_i_1      |   9|          2|   11|         22|
    |i_fu_60                   |   9|          2|   11|         22|
    |real_start                |   9|          2|    1|          2|
    |s_input_blk_n             |   9|          2|    1|          2|
    +--------------------------+----+-----------+-----+-----------+
    |Total                     |  63|         14|   27|         54|
    +--------------------------+----+-----------+-----+-----------+

    * Register: 
    +-------------------------+----+----+-----+-----------+
    |           Name          | FF | LUT| Bits| Const Bits|
    +-------------------------+----+----+-----+-----------+
    |ap_CS_fsm                |   1|   0|    1|          0|
    |ap_done_reg              |   1|   0|    1|          0|
    |ap_enable_reg_pp0_iter1  |   1|   0|    1|          0|
    |i_fu_60                  |  11|   0|   11|          0|
    |loc_reg_146              |   4|   0|    4|          0|
    |start_once_reg           |   1|   0|    1|          0|
    +-------------------------+----+----+-----+-----------+
    |Total                    |  19|   0|   19|          0|
    +-------------------------+----+----+-----+-----------+



================================================================
== Interface
================================================================
* Summary: 
+------------------------+-----+-----+------------+-----------------------+--------------+
|        RTL Ports       | Dir | Bits|  Protocol  |     Source Object     |    C Type    |
+------------------------+-----+-----+------------+-----------------------+--------------+
|ap_clk                  |   in|    1|  ap_ctrl_hs|          input_adapter|  return value|
|ap_rst                  |   in|    1|  ap_ctrl_hs|          input_adapter|  return value|
|ap_start                |   in|    1|  ap_ctrl_hs|          input_adapter|  return value|
|start_full_n            |   in|    1|  ap_ctrl_hs|          input_adapter|  return value|
|ap_done                 |  out|    1|  ap_ctrl_hs|          input_adapter|  return value|
|ap_continue             |   in|    1|  ap_ctrl_hs|          input_adapter|  return value|
|ap_idle                 |  out|    1|  ap_ctrl_hs|          input_adapter|  return value|
|ap_ready                |  out|    1|  ap_ctrl_hs|          input_adapter|  return value|
|start_out               |  out|    1|  ap_ctrl_hs|          input_adapter|  return value|
|start_write             |  out|    1|  ap_ctrl_hs|          input_adapter|  return value|
|INPUT_STREAM_TVALID     |   in|    1|        axis|  INPUT_STREAM_V_last_V|       pointer|
|INPUT_STREAM_TREADY     |  out|    1|        axis|  INPUT_STREAM_V_last_V|       pointer|
|INPUT_STREAM_TLAST      |   in|    1|        axis|  INPUT_STREAM_V_last_V|       pointer|
|s_input_din             |  out|    8|     ap_fifo|                s_input|       pointer|
|s_input_num_data_valid  |   in|    8|     ap_fifo|                s_input|       pointer|
|s_input_fifo_cap        |   in|    8|     ap_fifo|                s_input|       pointer|
|s_input_full_n          |   in|    1|     ap_fifo|                s_input|       pointer|
|s_input_write           |  out|    1|     ap_fifo|                s_input|       pointer|
|INPUT_STREAM_TDATA      |   in|   32|        axis|  INPUT_STREAM_V_data_V|       pointer|
|INPUT_STREAM_TKEEP      |   in|    4|        axis|  INPUT_STREAM_V_keep_V|       pointer|
|INPUT_STREAM_TSTRB      |   in|    4|        axis|  INPUT_STREAM_V_strb_V|       pointer|
+------------------------+-----+-----+------------+-----------------------+--------------+

============================================================
+ Verbose Summary: Synthesis Manager
============================================================
InlineROM: 1
ExposeGlobal: 0
============================================================
+ Verbose Summary: CDFG Model
============================================================
IsTopModel: 0
ResetActiveHigh: 1
IsCombinational: 2
IsDatapathOnly: 0
HasWiredReturn: 1
HasMFsm: 2
HasVarLatency: 1
IsPipeline: 0
IsRtlPipelined: 0
IsInstanceOverlapped: 0
IsDontTouch: 0
HasImplIP: 0
IsGatedGlobalClock: 0

+ Individual pipeline summary: 
  * Pipeline-0: initiation interval (II) = 1, depth = 2


============================================================
+ Verbose Summary: Schedule
============================================================
* Number of FSM states : 2
* Pipeline : 1
  Pipeline-0 : II = 1, D = 2, States = { 1 2 }
* Dataflow Pipeline: 0

* FSM state transitions: 
1 --> 2 
2 --> 

* FSM state operations: 

State 1 <SV = 0> <Delay = 1.43>
ST_1 : Operation 5 [1/1] (0.00ns)   --->   "%i = alloca i32 1"   --->   Operation 5 'alloca' 'i' <Predicate = true> <Delay = 0.00>
ST_1 : Operation 6 [1/1] (0.00ns)   --->   "%specinterface_ln0 = specinterface void @_ssdm_op_SpecInterface, i8 %s_input, void @empty_11, i32 0, i32 0, void @empty_4, i32 0, i32 0, void @empty_4, void @empty_4, void @empty_4, i32 0, i32 0, i32 0, i32 0, void @empty_4, void @empty_4, i32 4294967295, i32 0"   --->   Operation 6 'specinterface' 'specinterface_ln0' <Predicate = true> <Delay = 0.00>
ST_1 : Operation 7 [1/1] (0.00ns)   --->   "%specinterface_ln0 = specinterface void @_ssdm_op_SpecInterface, i8 %s_input, void @empty_11, i32 0, i32 0, void @empty_4, i32 0, i32 0, void @empty_4, void @empty_4, void @empty_4, i32 0, i32 0, i32 0, i32 0, void @empty_4, void @empty_4, i32 4294967295, i32 0"   --->   Operation 7 'specinterface' 'specinterface_ln0' <Predicate = true> <Delay = 0.00>
ST_1 : Operation 8 [1/1] (0.00ns)   --->   "%specinterface_ln0 = specinterface void @_ssdm_op_SpecInterface, i8 %s_input, void @empty_11, i32 0, i32 0, void @empty_4, i32 0, i32 0, void @empty_4, void @empty_4, void @empty_4, i32 0, i32 0, i32 0, i32 0, void @empty_4, void @empty_4, i32 4294967295, i32 0"   --->   Operation 8 'specinterface' 'specinterface_ln0' <Predicate = true> <Delay = 0.00>
ST_1 : Operation 9 [1/1] (0.00ns)   --->   "%specaxissidechannel_ln0 = specaxissidechannel void @_ssdm_op_SpecAXISSideChannel, i32 %INPUT_STREAM_V_data_V, i4 %INPUT_STREAM_V_keep_V, i4 %INPUT_STREAM_V_strb_V, i1 0, i1 %INPUT_STREAM_V_last_V, i1 0, i1 0, void @empty_8"   --->   Operation 9 'specaxissidechannel' 'specaxissidechannel_ln0' <Predicate = true> <Delay = 0.00>
ST_1 : Operation 10 [1/1] (0.00ns)   --->   "%specinterface_ln0 = specinterface void @_ssdm_op_SpecInterface, i8 %s_input, void @empty_11, i32 0, i32 0, void @empty_4, i32 0, i32 0, void @empty_4, void @empty_4, void @empty_4, i32 0, i32 0, i32 0, i32 0, void @empty_4, void @empty_4, i32 4294967295, i32 0"   --->   Operation 10 'specinterface' 'specinterface_ln0' <Predicate = true> <Delay = 0.00>
ST_1 : Operation 11 [1/1] (0.00ns)   --->   "%specinterface_ln0 = specinterface void @_ssdm_op_SpecInterface, i1 %INPUT_STREAM_V_last_V, i4 %INPUT_STREAM_V_strb_V, i4 %INPUT_STREAM_V_keep_V, i32 %INPUT_STREAM_V_data_V, void @empty_7, i32 1, i32 1, void @empty_15, i32 0, i32 0, void @empty_4, void @empty_4, void @empty_4, i32 0, i32 0, i32 0, i32 0, void @empty_4, void @empty_4, i32 4294967295, i32 0"   --->   Operation 11 'specinterface' 'specinterface_ln0' <Predicate = true> <Delay = 0.00>
ST_1 : Operation 12 [1/1] (0.48ns)   --->   "%store_ln167 = store i11 0, i11 %i" [vgg_accelerator.cpp:167]   --->   Operation 12 'store' 'store_ln167' <Predicate = true> <Delay = 0.48>
ST_1 : Operation 13 [1/1] (0.00ns)   --->   "%br_ln167 = br void %for.inc.i" [vgg_accelerator.cpp:167]   --->   Operation 13 'br' 'br_ln167' <Predicate = true> <Delay = 0.00>
ST_1 : Operation 14 [1/1] (0.00ns)   --->   "%i_1 = load i11 %i" [vgg_accelerator.cpp:167]   --->   Operation 14 'load' 'i_1' <Predicate = true> <Delay = 0.00>
ST_1 : Operation 15 [1/1] (0.85ns)   --->   "%icmp_ln167 = icmp_eq  i11 %i_1, i11 1024" [vgg_accelerator.cpp:167]   --->   Operation 15 'icmp' 'icmp_ln167' <Predicate = true> <Delay = 0.85> <CoreInst = "Cmp">   --->   Core 9 'Cmp' <Latency = 0> <II = 1> <Delay = 0.86> <FuncUnit> <Opcode : 'icmp'> <InPorts = 2> <OutPorts = 1>
ST_1 : Operation 16 [1/1] (0.00ns)   --->   "%empty = speclooptripcount i32 @_ssdm_op_SpecLoopTripCount, i64 1024, i64 1024, i64 1024"   --->   Operation 16 'speclooptripcount' 'empty' <Predicate = true> <Delay = 0.00>
ST_1 : Operation 17 [1/1] (0.94ns)   --->   "%i_2 = add i11 %i_1, i11 1" [vgg_accelerator.cpp:167]   --->   Operation 17 'add' 'i_2' <Predicate = true> <Delay = 0.94> <CoreInst = "Adder">   --->   Core 1 'Adder' <Latency = 0> <II = 1> <Delay = 0.94> <FuncUnit> <Opcode : 'add' 'sub'> <InPorts = 2> <OutPorts = 1>
ST_1 : Operation 18 [1/1] (0.00ns)   --->   "%br_ln167 = br i1 %icmp_ln167, void %for.inc.split.i, void %input_adapter.exit" [vgg_accelerator.cpp:167]   --->   Operation 18 'br' 'br_ln167' <Predicate = true> <Delay = 0.00>
ST_1 : Operation 19 [1/1] (0.00ns)   --->   "%empty_51 = read i41 @_ssdm_op_Read.axis.volatile.i32P0A.i4P0A.i4P0A.i1P0A, i32 %INPUT_STREAM_V_data_V, i4 %INPUT_STREAM_V_keep_V, i4 %INPUT_STREAM_V_strb_V, i1 %INPUT_STREAM_V_last_V"   --->   Operation 19 'read' 'empty_51' <Predicate = (!icmp_ln167)> <Delay = 0.00> <CoreInst = "axis">   --->   Core 123 'axis' <Latency = 0> <II = 1> <Delay = 1.00> <Adapter> <Opcode : >
ST_1 : Operation 20 [1/1] (0.00ns) (grouped into LUT with out node rounded)   --->   "%tmp_data_V = extractvalue i41 %empty_51"   --->   Operation 20 'extractvalue' 'tmp_data_V' <Predicate = (!icmp_ln167)> <Delay = 0.00>
ST_1 : Operation 21 [1/1] (0.00ns) (grouped into LUT with out node rounded)   --->   "%raw = trunc i32 %tmp_data_V" [vgg_accelerator.cpp:170]   --->   Operation 21 'trunc' 'raw' <Predicate = (!icmp_ln167)> <Delay = 0.00>
ST_1 : Operation 22 [1/1] (0.90ns) (out node of the LUT)   --->   "%rounded = add i8 %raw, i8 8" [vgg_accelerator.cpp:172]   --->   Operation 22 'add' 'rounded' <Predicate = (!icmp_ln167)> <Delay = 0.90> <CoreInst = "Adder">   --->   Core 1 'Adder' <Latency = 0> <II = 1> <Delay = 0.90> <FuncUnit> <Opcode : 'add' 'sub'> <InPorts = 2> <OutPorts = 1>
ST_1 : Operation 23 [1/1] (0.00ns)   --->   "%loc = partselect i4 @_ssdm_op_PartSelect.i4.i8.i32.i32, i8 %rounded, i32 4, i32 7"   --->   Operation 23 'partselect' 'loc' <Predicate = (!icmp_ln167)> <Delay = 0.00>
ST_1 : Operation 24 [1/1] (0.48ns)   --->   "%store_ln167 = store i11 %i_2, i11 %i" [vgg_accelerator.cpp:167]   --->   Operation 24 'store' 'store_ln167' <Predicate = (!icmp_ln167)> <Delay = 0.48>
ST_1 : Operation 30 [1/1] (0.00ns)   --->   "%ret_ln0 = ret"   --->   Operation 30 'ret' 'ret_ln0' <Predicate = (icmp_ln167)> <Delay = 0.00>

State 2 <SV = 1> <Delay = 2.87>
ST_2 : Operation 25 [1/1] (0.00ns)   --->   "%specpipeline_ln168 = specpipeline void @_ssdm_op_SpecPipeline, i32 1, i32 0, i32 0, i32 0, void @empty_4" [vgg_accelerator.cpp:168]   --->   Operation 25 'specpipeline' 'specpipeline_ln168' <Predicate = true> <Delay = 0.00>
ST_2 : Operation 26 [1/1] (0.00ns)   --->   "%specloopname_ln169 = specloopname void @_ssdm_op_SpecLoopName, void @empty_2" [vgg_accelerator.cpp:169]   --->   Operation 26 'specloopname' 'specloopname_ln169' <Predicate = true> <Delay = 0.00>
ST_2 : Operation 27 [1/1] (0.00ns)   --->   "%zext_ln214 = zext i4 %loc"   --->   Operation 27 'zext' 'zext_ln214' <Predicate = true> <Delay = 0.00>
ST_2 : Operation 28 [1/1] (2.87ns)   --->   "%write_ln174 = write void @_ssdm_op_Write.ap_fifo.volatile.i8P0A, i8 %s_input, i8 %zext_ln214" [vgg_accelerator.cpp:174]   --->   Operation 28 'write' 'write_ln174' <Predicate = true> <Delay = 2.87> <CoreInst = "FIFO_SRL">   --->   Core 81 'FIFO_SRL' <Latency = 0> <II = 1> <Delay = 2.87> <Storage> <Opcode : 'read' 'write' 'nbread' 'nbwrite'> <Ports = 0> <Width = 8> <Depth = 128> <FIFO>
ST_2 : Operation 29 [1/1] (0.00ns)   --->   "%br_ln167 = br void %for.inc.i" [vgg_accelerator.cpp:167]   --->   Operation 29 'br' 'br_ln167' <Predicate = true> <Delay = 0.00>


============================================================
+ Verbose Summary: Binding
============================================================
STG Binding: 
---------------- STG Properties BEGIN ----------------
- Is combinational: 0
- Is one-state seq: 0
- Is datapath-only: 0
- Is pipelined: 0
- Is top level: 0
Port [ Return ] is wired: 1; IO mode=ap_ctrl_hs:ce=0
Port [ INPUT_STREAM_V_data_V]:  wired=1; compound=1; hidden=0; nouse=0; global=0; static=0; extern=0; dir=0; type=0; pingpong=0; private_global=0; IO mode=axis:ce=0
Port [ INPUT_STREAM_V_keep_V]:  wired=1; compound=1; hidden=0; nouse=0; global=0; static=0; extern=0; dir=0; type=0; pingpong=0; private_global=0; IO mode=axis:ce=0
Port [ INPUT_STREAM_V_strb_V]:  wired=1; compound=1; hidden=0; nouse=0; global=0; static=0; extern=0; dir=0; type=0; pingpong=0; private_global=0; IO mode=axis:ce=0
Port [ INPUT_STREAM_V_last_V]:  wired=1; compound=1; hidden=0; nouse=0; global=0; static=0; extern=0; dir=0; type=0; pingpong=0; private_global=0; IO mode=axis:ce=0
Port [ s_input]:  wired=1; compound=1; hidden=0; nouse=0; global=1; static=1; extern=0; dir=1; type=3; pingpong=0; private_global=0; IO mode=ap_fifo:ce=0
---------------- STG Properties END ------------------

---------------- Datapath Model BEGIN ----------------

<LifeTime>
<method=bitvector/>
i                       (alloca             ) [ 010]
specinterface_ln0       (specinterface      ) [ 000]
specinterface_ln0       (specinterface      ) [ 000]
specinterface_ln0       (specinterface      ) [ 000]
specaxissidechannel_ln0 (specaxissidechannel) [ 000]
specinterface_ln0       (specinterface      ) [ 000]
specinterface_ln0       (specinterface      ) [ 000]
store_ln167             (store              ) [ 000]
br_ln167                (br                 ) [ 000]
i_1                     (load               ) [ 000]
icmp_ln167              (icmp               ) [ 010]
empty                   (speclooptripcount  ) [ 000]
i_2                     (add                ) [ 000]
br_ln167                (br                 ) [ 000]
empty_51                (read               ) [ 000]
tmp_data_V              (extractvalue       ) [ 000]
raw                     (trunc              ) [ 000]
rounded                 (add                ) [ 000]
loc                     (partselect         ) [ 011]
store_ln167             (store              ) [ 000]
specpipeline_ln168      (specpipeline       ) [ 000]
specloopname_ln169      (specloopname       ) [ 000]
zext_ln214              (zext               ) [ 000]
write_ln174             (write              ) [ 000]
br_ln167                (br                 ) [ 000]
ret_ln0                 (ret                ) [ 000]
</LifeTime>

<model>

<comp_list>
<comp id="0" class="1000" name="INPUT_STREAM_V_data_V">
<pin_list>
<pin id="1" dir="1" index="0" bw="1" slack="0"/>
</pin_list>
<bind>
<StgValue><ssdm name="INPUT_STREAM_V_data_V"/></StgValue>
</bind>
</comp>

<comp id="2" class="1000" name="INPUT_STREAM_V_keep_V">
<pin_list>
<pin id="3" dir="1" index="0" bw="1" slack="0"/>
</pin_list>
<bind>
<StgValue><ssdm name="INPUT_STREAM_V_keep_V"/></StgValue>
</bind>
</comp>

<comp id="4" class="1000" name="INPUT_STREAM_V_strb_V">
<pin_list>
<pin id="5" dir="1" index="0" bw="1" slack="0"/>
</pin_list>
<bind>
<StgValue><ssdm name="INPUT_STREAM_V_strb_V"/></StgValue>
</bind>
</comp>

<comp id="6" class="1000" name="INPUT_STREAM_V_last_V">
<pin_list>
<pin id="7" dir="1" index="0" bw="1" slack="0"/>
</pin_list>
<bind>
<StgValue><ssdm name="INPUT_STREAM_V_last_V"/></StgValue>
</bind>
</comp>

<comp id="8" class="1000" name="s_input">
<pin_list>
<pin id="9" dir="1" index="0" bw="1" slack="0"/>
</pin_list>
<bind>
<StgValue><ssdm name="s_input"/></StgValue>
</bind>
</comp>

<comp id="10" class="1001" name="const_10">
<pin_list>
<pin id="11" dir="1" index="0" bw="1" slack="0"/>
</pin_list>
<bind>
<StgValue><ssdm name=""/></StgValue>
</bind>
</comp>

<comp id="12" class="1001" name="const_12">
<pin_list>
<pin id="13" dir="1" index="0" bw="1" slack="2147483647"/>
</pin_list>
<bind>
<StgValue><ssdm name="_ssdm_op_SpecInterface"/></StgValue>
</bind>
</comp>

<comp id="14" class="1001" name="const_14">
<pin_list>
<pin id="15" dir="1" index="0" bw="1" slack="2147483647"/>
</pin_list>
<bind>
<StgValue><ssdm name="empty_11"/></StgValue>
</bind>
</comp>

<comp id="16" class="1001" name="const_16">
<pin_list>
<pin id="17" dir="1" index="0" bw="1" slack="2147483647"/>
</pin_list>
<bind>
<StgValue><ssdm name=""/></StgValue>
</bind>
</comp>

<comp id="18" class="1001" name="const_18">
<pin_list>
<pin id="19" dir="1" index="0" bw="1" slack="2147483647"/>
</pin_list>
<bind>
<StgValue><ssdm name="empty_4"/></StgValue>
</bind>
</comp>

<comp id="20" class="1001" name="const_20">
<pin_list>
<pin id="21" dir="1" index="0" bw="1" slack="2147483647"/>
</pin_list>
<bind>
<StgValue><ssdm name=""/></StgValue>
</bind>
</comp>

<comp id="22" class="1001" name="const_22">
<pin_list>
<pin id="23" dir="1" index="0" bw="1" slack="2147483647"/>
</pin_list>
<bind>
<StgValue><ssdm name="_ssdm_op_SpecAXISSideChannel"/></StgValue>
</bind>
</comp>

<comp id="24" class="1001" name="const_24">
<pin_list>
<pin id="25" dir="1" index="0" bw="1" slack="2147483647"/>
</pin_list>
<bind>
<StgValue><ssdm name=""/></StgValue>
</bind>
</comp>

<comp id="26" class="1001" name="const_26">
<pin_list>
<pin id="27" dir="1" index="0" bw="1" slack="2147483647"/>
</pin_list>
<bind>
<StgValue><ssdm name="empty_8"/></StgValue>
</bind>
</comp>

<comp id="28" class="1001" name="const_28">
<pin_list>
<pin id="29" dir="1" index="0" bw="1" slack="2147483647"/>
</pin_list>
<bind>
<StgValue><ssdm name="empty_7"/></StgValue>
</bind>
</comp>

<comp id="30" class="1001" name="const_30">
<pin_list>
<pin id="31" dir="1" index="0" bw="1" slack="2147483647"/>
</pin_list>
<bind>
<StgValue><ssdm name="empty_15"/></StgValue>
</bind>
</comp>

<comp id="32" class="1001" name="const_32">
<pin_list>
<pin id="33" dir="1" index="0" bw="1" slack="0"/>
</pin_list>
<bind>
<StgValue><ssdm name=""/></StgValue>
</bind>
</comp>

<comp id="34" class="1001" name="const_34">
<pin_list>
<pin id="35" dir="1" index="0" bw="1" slack="0"/>
</pin_list>
<bind>
<StgValue><ssdm name=""/></StgValue>
</bind>
</comp>

<comp id="36" class="1001" name="const_36">
<pin_list>
<pin id="37" dir="1" index="0" bw="1" slack="2147483647"/>
</pin_list>
<bind>
<StgValue><ssdm name="_ssdm_op_SpecLoopTripCount"/></StgValue>
</bind>
</comp>

<comp id="38" class="1001" name="const_38">
<pin_list>
<pin id="39" dir="1" index="0" bw="1" slack="2147483647"/>
</pin_list>
<bind>
<StgValue><ssdm name=""/></StgValue>
</bind>
</comp>

<comp id="40" class="1001" name="const_40">
<pin_list>
<pin id="41" dir="1" index="0" bw="1" slack="0"/>
</pin_list>
<bind>
<StgValue><ssdm name=""/></StgValue>
</bind>
</comp>

<comp id="42" class="1001" name="const_42">
<pin_list>
<pin id="43" dir="1" index="0" bw="1" slack="0"/>
</pin_list>
<bind>
<StgValue><ssdm name="_ssdm_op_Read.axis.volatile.i32P0A.i4P0A.i4P0A.i1P0A"/></StgValue>
</bind>
</comp>

<comp id="44" class="1001" name="const_44">
<pin_list>
<pin id="45" dir="1" index="0" bw="1" slack="0"/>
</pin_list>
<bind>
<StgValue><ssdm name=""/></StgValue>
</bind>
</comp>

<comp id="46" class="1001" name="const_46">
<pin_list>
<pin id="47" dir="1" index="0" bw="1" slack="0"/>
</pin_list>
<bind>
<StgValue><ssdm name="_ssdm_op_PartSelect.i4.i8.i32.i32"/></StgValue>
</bind>
</comp>

<comp id="48" class="1001" name="const_48">
<pin_list>
<pin id="49" dir="1" index="0" bw="1" slack="0"/>
</pin_list>
<bind>
<StgValue><ssdm name=""/></StgValue>
</bind>
</comp>

<comp id="50" class="1001" name="const_50">
<pin_list>
<pin id="51" dir="1" index="0" bw="1" slack="0"/>
</pin_list>
<bind>
<StgValue><ssdm name=""/></StgValue>
</bind>
</comp>

<comp id="52" class="1001" name="const_52">
<pin_list>
<pin id="53" dir="1" index="0" bw="1" slack="2147483647"/>
</pin_list>
<bind>
<StgValue><ssdm name="_ssdm_op_SpecPipeline"/></StgValue>
</bind>
</comp>

<comp id="54" class="1001" name="const_54">
<pin_list>
<pin id="55" dir="1" index="0" bw="1" slack="2147483647"/>
</pin_list>
<bind>
<StgValue><ssdm name="_ssdm_op_SpecLoopName"/></StgValue>
</bind>
</comp>

<comp id="56" class="1001" name="const_56">
<pin_list>
<pin id="57" dir="1" index="0" bw="1" slack="2147483647"/>
</pin_list>
<bind>
<StgValue><ssdm name="empty_2"/></StgValue>
</bind>
</comp>

<comp id="58" class="1001" name="const_58">
<pin_list>
<pin id="59" dir="1" index="0" bw="1" slack="0"/>
</pin_list>
<bind>
<StgValue><ssdm name="_ssdm_op_Write.ap_fifo.volatile.i8P0A"/></StgValue>
</bind>
</comp>

<comp id="60" class="1004" name="i_fu_60">
<pin_list>
<pin id="61" dir="0" index="0" bw="1" slack="0"/>
<pin id="62" dir="1" index="1" bw="11" slack="0"/>
</pin_list>
<bind>
<opcode="alloca(26) " fcode="alloca"/>
<opset="i/1 "/>
</bind>
</comp>

<comp id="64" class="1004" name="empty_51_read_fu_64">
<pin_list>
<pin id="65" dir="0" index="0" bw="41" slack="0"/>
<pin id="66" dir="0" index="1" bw="32" slack="0"/>
<pin id="67" dir="0" index="2" bw="4" slack="0"/>
<pin id="68" dir="0" index="3" bw="4" slack="0"/>
<pin id="69" dir="0" index="4" bw="1" slack="0"/>
<pin id="70" dir="1" index="5" bw="41" slack="0"/>
</pin_list>
<bind>
<opcode="read(1150) " fcode="read"/>
<opset="empty_51/1 "/>
</bind>
</comp>

<comp id="76" class="1004" name="write_ln174_write_fu_76">
<pin_list>
<pin id="77" dir="0" index="0" bw="0" slack="0"/>
<pin id="78" dir="0" index="1" bw="8" slack="0"/>
<pin id="79" dir="0" index="2" bw="4" slack="0"/>
<pin id="80" dir="1" index="3" bw="0" slack="2147483647"/>
</pin_list>
<bind>
<opcode="write(1151) " fcode="write"/>
<opset="write_ln174/2 "/>
</bind>
</comp>

<comp id="83" class="1004" name="store_ln167_store_fu_83">
<pin_list>
<pin id="84" dir="0" index="0" bw="1" slack="0"/>
<pin id="85" dir="0" index="1" bw="11" slack="0"/>
<pin id="86" dir="1" index="2" bw="0" slack="2147483647"/>
</pin_list>
<bind>
<opcode="store(28) " fcode="store"/>
<opset="store_ln167/1 "/>
</bind>
</comp>

<comp id="88" class="1004" name="i_1_load_fu_88">
<pin_list>
<pin id="89" dir="0" index="0" bw="11" slack="0"/>
<pin id="90" dir="1" index="1" bw="11" slack="0"/>
</pin_list>
<bind>
<opcode="load(27) " fcode="load"/>
<opset="i_1/1 "/>
</bind>
</comp>

<comp id="91" class="1004" name="icmp_ln167_fu_91">
<pin_list>
<pin id="92" dir="0" index="0" bw="11" slack="0"/>
<pin id="93" dir="0" index="1" bw="11" slack="0"/>
<pin id="94" dir="1" index="2" bw="1" slack="2147483647"/>
</pin_list>
<bind>
<opcode="icmp(45) " fcode="icmp"/>
<opset="icmp_ln167/1 "/>
</bind>
</comp>

<comp id="97" class="1004" name="i_2_fu_97">
<pin_list>
<pin id="98" dir="0" index="0" bw="11" slack="0"/>
<pin id="99" dir="0" index="1" bw="1" slack="0"/>
<pin id="100" dir="1" index="2" bw="11" slack="0"/>
</pin_list>
<bind>
<opcode="add(8) " fcode="add"/>
<opset="i_2/1 "/>
</bind>
</comp>

<comp id="103" class="1004" name="tmp_data_V_fu_103">
<pin_list>
<pin id="104" dir="0" index="0" bw="41" slack="0"/>
<pin id="105" dir="1" index="1" bw="32" slack="0"/>
</pin_list>
<bind>
<opcode="extractvalue(56) " fcode="extractvalue"/>
<opset="tmp_data_V/1 "/>
</bind>
</comp>

<comp id="107" class="1004" name="raw_fu_107">
<pin_list>
<pin id="108" dir="0" index="0" bw="32" slack="0"/>
<pin id="109" dir="1" index="1" bw="8" slack="0"/>
</pin_list>
<bind>
<opcode="trunc(33) " fcode="trunc"/>
<opset="raw/1 "/>
</bind>
</comp>

<comp id="111" class="1004" name="rounded_fu_111">
<pin_list>
<pin id="112" dir="0" index="0" bw="8" slack="0"/>
<pin id="113" dir="0" index="1" bw="5" slack="0"/>
<pin id="114" dir="1" index="2" bw="8" slack="0"/>
</pin_list>
<bind>
<opcode="add(8) " fcode="add"/>
<opset="rounded/1 "/>
</bind>
</comp>

<comp id="117" class="1004" name="loc_fu_117">
<pin_list>
<pin id="118" dir="0" index="0" bw="4" slack="0"/>
<pin id="119" dir="0" index="1" bw="8" slack="0"/>
<pin id="120" dir="0" index="2" bw="4" slack="0"/>
<pin id="121" dir="0" index="3" bw="4" slack="0"/>
<pin id="122" dir="1" index="4" bw="4" slack="1"/>
</pin_list>
<bind>
<opcode="partselect(1002) " fcode="partselect"/>
<opset="loc/1 "/>
</bind>
</comp>

<comp id="127" class="1004" name="store_ln167_store_fu_127">
<pin_list>
<pin id="128" dir="0" index="0" bw="11" slack="0"/>
<pin id="129" dir="0" index="1" bw="11" slack="0"/>
<pin id="130" dir="1" index="2" bw="0" slack="2147483647"/>
</pin_list>
<bind>
<opcode="store(28) " fcode="store"/>
<opset="store_ln167/1 "/>
</bind>
</comp>

<comp id="132" class="1004" name="zext_ln214_fu_132">
<pin_list>
<pin id="133" dir="0" index="0" bw="4" slack="1"/>
<pin id="134" dir="1" index="1" bw="8" slack="0"/>
</pin_list>
<bind>
<opcode="zext(34) " fcode="zext"/>
<opset="zext_ln214/2 "/>
</bind>
</comp>

<comp id="136" class="1005" name="i_reg_136">
<pin_list>
<pin id="137" dir="0" index="0" bw="11" slack="0"/>
<pin id="138" dir="1" index="1" bw="11" slack="0"/>
</pin_list>
<bind>
<opset="i "/>
</bind>
</comp>

<comp id="146" class="1005" name="loc_reg_146">
<pin_list>
<pin id="147" dir="0" index="0" bw="4" slack="1"/>
<pin id="148" dir="1" index="1" bw="4" slack="1"/>
</pin_list>
<bind>
<opset="loc "/>
</bind>
</comp>

</comp_list>

<net_list>
<net id="63"><net_src comp="10" pin="0"/><net_sink comp="60" pin=0"/></net>

<net id="71"><net_src comp="42" pin="0"/><net_sink comp="64" pin=0"/></net>

<net id="72"><net_src comp="0" pin="0"/><net_sink comp="64" pin=1"/></net>

<net id="73"><net_src comp="2" pin="0"/><net_sink comp="64" pin=2"/></net>

<net id="74"><net_src comp="4" pin="0"/><net_sink comp="64" pin=3"/></net>

<net id="75"><net_src comp="6" pin="0"/><net_sink comp="64" pin=4"/></net>

<net id="81"><net_src comp="58" pin="0"/><net_sink comp="76" pin=0"/></net>

<net id="82"><net_src comp="8" pin="0"/><net_sink comp="76" pin=1"/></net>

<net id="87"><net_src comp="32" pin="0"/><net_sink comp="83" pin=0"/></net>

<net id="95"><net_src comp="88" pin="1"/><net_sink comp="91" pin=0"/></net>

<net id="96"><net_src comp="34" pin="0"/><net_sink comp="91" pin=1"/></net>

<net id="101"><net_src comp="88" pin="1"/><net_sink comp="97" pin=0"/></net>

<net id="102"><net_src comp="40" pin="0"/><net_sink comp="97" pin=1"/></net>

<net id="106"><net_src comp="64" pin="5"/><net_sink comp="103" pin=0"/></net>

<net id="110"><net_src comp="103" pin="1"/><net_sink comp="107" pin=0"/></net>

<net id="115"><net_src comp="107" pin="1"/><net_sink comp="111" pin=0"/></net>

<net id="116"><net_src comp="44" pin="0"/><net_sink comp="111" pin=1"/></net>

<net id="123"><net_src comp="46" pin="0"/><net_sink comp="117" pin=0"/></net>

<net id="124"><net_src comp="111" pin="2"/><net_sink comp="117" pin=1"/></net>

<net id="125"><net_src comp="48" pin="0"/><net_sink comp="117" pin=2"/></net>

<net id="126"><net_src comp="50" pin="0"/><net_sink comp="117" pin=3"/></net>

<net id="131"><net_src comp="97" pin="2"/><net_sink comp="127" pin=0"/></net>

<net id="135"><net_src comp="132" pin="1"/><net_sink comp="76" pin=2"/></net>

<net id="139"><net_src comp="60" pin="1"/><net_sink comp="136" pin=0"/></net>

<net id="140"><net_src comp="136" pin="1"/><net_sink comp="83" pin=1"/></net>

<net id="141"><net_src comp="136" pin="1"/><net_sink comp="88" pin=0"/></net>

<net id="142"><net_src comp="136" pin="1"/><net_sink comp="127" pin=1"/></net>

<net id="149"><net_src comp="117" pin="4"/><net_sink comp="146" pin=0"/></net>

<net id="150"><net_src comp="146" pin="1"/><net_sink comp="132" pin=0"/></net>

</net_list>

</model> 
---------------- Datapath Model END ------------------

* FSMD analyzer results:
  - Output states:
	Port: INPUT_STREAM_V_data_V | {}
	Port: INPUT_STREAM_V_keep_V | {}
	Port: INPUT_STREAM_V_strb_V | {}
	Port: INPUT_STREAM_V_last_V | {}
	Port: s_input | {2 }
 - Input state : 
	Port: input_adapter : INPUT_STREAM_V_data_V | {1 }
	Port: input_adapter : INPUT_STREAM_V_keep_V | {1 }
	Port: input_adapter : INPUT_STREAM_V_strb_V | {1 }
	Port: input_adapter : INPUT_STREAM_V_last_V | {1 }
	Port: input_adapter : s_input | {}
  - Chain level:
	State 1
		store_ln167 : 1
		i_1 : 1
		icmp_ln167 : 2
		i_2 : 2
		br_ln167 : 3
		raw : 1
		rounded : 2
		loc : 3
		store_ln167 : 3
	State 2
		write_ln174 : 1


============================================================
+ Verbose Summary: Datapath Resource usage 
============================================================

* Functional unit list:
|----------|-------------------------|---------|---------|
| Operation|     Functional Unit     |    FF   |   LUT   |
|----------|-------------------------|---------|---------|
|    add   |        i_2_fu_97        |    0    |    18   |
|          |      rounded_fu_111     |    0    |    15   |
|----------|-------------------------|---------|---------|
|   icmp   |     icmp_ln167_fu_91    |    0    |    11   |
|----------|-------------------------|---------|---------|
|   read   |   empty_51_read_fu_64   |    0    |    0    |
|----------|-------------------------|---------|---------|
|   write  | write_ln174_write_fu_76 |    0    |    0    |
|----------|-------------------------|---------|---------|
|extractvalue|    tmp_data_V_fu_103    |    0    |    0    |
|----------|-------------------------|---------|---------|
|   trunc  |        raw_fu_107       |    0    |    0    |
|----------|-------------------------|---------|---------|
|partselect|        loc_fu_117       |    0    |    0    |
|----------|-------------------------|---------|---------|
|   zext   |    zext_ln214_fu_132    |    0    |    0    |
|----------|-------------------------|---------|---------|
|   Total  |                         |    0    |    44   |
|----------|-------------------------|---------|---------|

Memories:
N/A

* Register list:
+-----------+--------+
|           |   FF   |
+-----------+--------+
| i_reg_136 |   11   |
|loc_reg_146|    4   |
+-----------+--------+
|   Total   |   15   |
+-----------+--------+

* Multiplexer (MUX) list: 
|--------|------|------|------|--------|
|  Comp  |  Pin | Size |  BW  | S x BW |
|--------|------|------|------|--------|
|  Total |      |      |      |    0   |
|--------|------|------|------|--------|



* Summary:
+-----------+--------+--------+
|           |   FF   |   LUT  |
+-----------+--------+--------+
|  Function |    0   |   44   |
|   Memory  |    -   |    -   |
|Multiplexer|    -   |    -   |
|  Register |   15   |    -   |
+-----------+--------+--------+
|   Total   |   15   |   44   |
+-----------+--------+--------+
