

================================================================
== Vitis HLS Report for 'layer_block_1_16_32_Pipeline_VITIS_LOOP_32_2_VITIS_LOOP_33_3'
================================================================
* Date:           Thu Dec 11 20:06:46 2025

* Version:        2022.2 (Build 3670227 on Oct 13 2022)
* Project:        vgg_accelerator
* Solution:       solution1 (Vivado IP Flow Target)
* Product family: zynquplus
* Target device:  xczu5eg-sfvc784-1-e


================================================================
== Performance Estimates
================================================================
+ Timing: 
    * Summary: 
    +--------+----------+----------+------------+
    |  Clock |  Target  | Estimated| Uncertainty|
    +--------+----------+----------+------------+
    |ap_clk  |  10.00 ns|  2.686 ns|     2.70 ns|
    +--------+----------+----------+------------+

+ Latency: 
    * Summary: 
    +---------+---------+----------+----------+-----+-----+---------+
    |  Latency (cycles) |  Latency (absolute) |  Interval | Pipeline|
    |   min   |   max   |    min   |    max   | min | max |   Type  |
    +---------+---------+----------+----------+-----+-----+---------+
    |       66|       66|  0.660 us|  0.660 us|   66|   66|       no|
    +---------+---------+----------+----------+-----+-----+---------+

    + Detail: 
        * Instance: 
        N/A

        * Loop: 
        +-----------------------------------+---------+---------+----------+-----------+-----------+------+----------+
        |                                   |  Latency (cycles) | Iteration|  Initiation Interval  | Trip |          |
        |             Loop Name             |   min   |   max   |  Latency |  achieved |   target  | Count| Pipelined|
        +-----------------------------------+---------+---------+----------+-----------+-----------+------+----------+
        |- VITIS_LOOP_32_2_VITIS_LOOP_33_3  |       64|       64|         1|          1|          1|    64|       yes|
        +-----------------------------------+---------+---------+----------+-----------+-----------+------+----------+

============================================================
+ Verbose Summary: Synthesis Manager
============================================================
InlineROM: 1
ExposeGlobal: 0
============================================================
+ Verbose Summary: CDFG Model
============================================================
IsTopModel: 0
ResetActiveHigh: 1
IsCombinational: 0
IsDatapathOnly: 0
HasWiredReturn: 1
HasMFsm: 2
HasVarLatency: 1
IsPipeline: 0
IsRtlPipelined: 0
IsInstanceOverlapped: 0
IsDontTouch: 0
HasImplIP: 0
IsGatedGlobalClock: 0

+ Individual pipeline summary: 
  * Pipeline-0: initiation interval (II) = 1, depth = 1


============================================================
+ Verbose Summary: Schedule
============================================================
* Number of FSM states : 1
* Pipeline : 1
  Pipeline-0 : II = 1, D = 1, States = { 1 }
* Dataflow Pipeline: 0

* FSM state transitions: 
1 --> 

* FSM state operations: 

State 1 <SV = 0> <Delay = 2.68>
ST_1 : Operation 4 [1/1] (0.00ns)   --->   "%w = alloca i32 1"   --->   Operation 4 'alloca' 'w' <Predicate = true> <Delay = 0.00>
ST_1 : Operation 5 [1/1] (0.00ns)   --->   "%h = alloca i32 1"   --->   Operation 5 'alloca' 'h' <Predicate = true> <Delay = 0.00>
ST_1 : Operation 6 [1/1] (0.00ns)   --->   "%indvar_flatten = alloca i32 1"   --->   Operation 6 'alloca' 'indvar_flatten' <Predicate = true> <Delay = 0.00>
ST_1 : Operation 7 [1/1] (0.48ns)   --->   "%store_ln0 = store i7 0, i7 %indvar_flatten"   --->   Operation 7 'store' 'store_ln0' <Predicate = true> <Delay = 0.48>
ST_1 : Operation 8 [1/1] (0.48ns)   --->   "%store_ln0 = store i2 0, i2 %h"   --->   Operation 8 'store' 'store_ln0' <Predicate = true> <Delay = 0.48>
ST_1 : Operation 9 [1/1] (0.48ns)   --->   "%store_ln0 = store i6 0, i6 %w"   --->   Operation 9 'store' 'store_ln0' <Predicate = true> <Delay = 0.48>
ST_1 : Operation 10 [1/1] (0.00ns)   --->   "%br_ln0 = br void %for.body40.i"   --->   Operation 10 'br' 'br_ln0' <Predicate = true> <Delay = 0.00>
ST_1 : Operation 11 [1/1] (0.00ns)   --->   "%indvar_flatten_load = load i7 %indvar_flatten" [vgg_accelerator.cpp:32]   --->   Operation 11 'load' 'indvar_flatten_load' <Predicate = true> <Delay = 0.00>
ST_1 : Operation 12 [1/1] (0.00ns)   --->   "%specpipeline_ln0 = specpipeline void @_ssdm_op_SpecPipeline, i32 4294967295, i32 0, i32 1, i32 0, void @p_str"   --->   Operation 12 'specpipeline' 'specpipeline_ln0' <Predicate = true> <Delay = 0.00>
ST_1 : Operation 13 [1/1] (0.86ns)   --->   "%icmp_ln32 = icmp_eq  i7 %indvar_flatten_load, i7 64" [vgg_accelerator.cpp:32]   --->   Operation 13 'icmp' 'icmp_ln32' <Predicate = true> <Delay = 0.86> <CoreInst = "Cmp">   --->   Core 9 'Cmp' <Latency = 0> <II = 1> <Delay = 0.86> <FuncUnit> <Opcode : 'icmp'> <InPorts = 2> <OutPorts = 1>
ST_1 : Operation 14 [1/1] (0.89ns)   --->   "%add_ln32_3 = add i7 %indvar_flatten_load, i7 1" [vgg_accelerator.cpp:32]   --->   Operation 14 'add' 'add_ln32_3' <Predicate = true> <Delay = 0.89> <CoreInst = "Adder">   --->   Core 1 'Adder' <Latency = 0> <II = 1> <Delay = 0.89> <FuncUnit> <Opcode : 'add' 'sub'> <InPorts = 2> <OutPorts = 1>
ST_1 : Operation 15 [1/1] (0.00ns)   --->   "%br_ln32 = br i1 %icmp_ln32, void %for.inc45.i, void %VITIS_LOOP_40_6.i.preheader.exitStub" [vgg_accelerator.cpp:32]   --->   Operation 15 'br' 'br_ln32' <Predicate = true> <Delay = 0.00>
ST_1 : Operation 16 [1/1] (0.00ns)   --->   "%w_load = load i6 %w" [vgg_accelerator.cpp:33]   --->   Operation 16 'load' 'w_load' <Predicate = (!icmp_ln32)> <Delay = 0.00>
ST_1 : Operation 17 [1/1] (0.00ns)   --->   "%h_load = load i2 %h" [vgg_accelerator.cpp:32]   --->   Operation 17 'load' 'h_load' <Predicate = (!icmp_ln32)> <Delay = 0.00>
ST_1 : Operation 18 [1/1] (0.62ns)   --->   "%add_ln32 = add i2 %h_load, i2 1" [vgg_accelerator.cpp:32]   --->   Operation 18 'add' 'add_ln32' <Predicate = (!icmp_ln32)> <Delay = 0.62> <CoreInst = "Adder">   --->   Core 1 'Adder' <Latency = 0> <II = 1> <Delay = 0.62> <FuncUnit> <Opcode : 'add' 'sub'> <InPorts = 2> <OutPorts = 1>
ST_1 : Operation 19 [1/1] (0.00ns)   --->   "%specloopname_ln0 = specloopname void @_ssdm_op_SpecLoopName, void @VITIS_LOOP_32_2_VITIS_LOOP_33_3_str"   --->   Operation 19 'specloopname' 'specloopname_ln0' <Predicate = (!icmp_ln32)> <Delay = 0.00>
ST_1 : Operation 20 [1/1] (0.00ns)   --->   "%empty = speclooptripcount i32 @_ssdm_op_SpecLoopTripCount, i64 64, i64 64, i64 64"   --->   Operation 20 'speclooptripcount' 'empty' <Predicate = (!icmp_ln32)> <Delay = 0.00>
ST_1 : Operation 21 [1/1] (0.87ns)   --->   "%icmp_ln33 = icmp_eq  i6 %w_load, i6 32" [vgg_accelerator.cpp:33]   --->   Operation 21 'icmp' 'icmp_ln33' <Predicate = (!icmp_ln32)> <Delay = 0.87> <CoreInst = "Cmp">   --->   Core 9 'Cmp' <Latency = 0> <II = 1> <Delay = 0.87> <FuncUnit> <Opcode : 'icmp'> <InPorts = 2> <OutPorts = 1>
ST_1 : Operation 22 [1/1] (0.44ns)   --->   "%select_ln32 = select i1 %icmp_ln33, i6 0, i6 %w_load" [vgg_accelerator.cpp:32]   --->   Operation 22 'select' 'select_ln32' <Predicate = (!icmp_ln32)> <Delay = 0.44> <CoreInst = "Sel">   --->   Core 73 'Sel' <Latency = 0> <II = 1> <Delay = 0.44> <FuncUnit> <Opcode : 'select'> <InPorts = 3> <OutPorts = 1>
ST_1 : Operation 23 [1/1] (0.26ns)   --->   "%select_ln32_7 = select i1 %icmp_ln33, i2 %add_ln32, i2 %h_load" [vgg_accelerator.cpp:32]   --->   Operation 23 'select' 'select_ln32_7' <Predicate = (!icmp_ln32)> <Delay = 0.26> <CoreInst = "Sel">   --->   Core 73 'Sel' <Latency = 0> <II = 1> <Delay = 0.26> <FuncUnit> <Opcode : 'select'> <InPorts = 3> <OutPorts = 1>
ST_1 : Operation 24 [1/1] (0.00ns)   --->   "%trunc_ln32 = trunc i2 %select_ln32_7" [vgg_accelerator.cpp:32]   --->   Operation 24 'trunc' 'trunc_ln32' <Predicate = (!icmp_ln32)> <Delay = 0.00>
ST_1 : Operation 25 [1/1] (0.00ns)   --->   "%specpipeline_ln0 = specpipeline void @_ssdm_op_SpecPipeline, i32 4294967295, i32 0, i32 1, i32 0, void @p_str"   --->   Operation 25 'specpipeline' 'specpipeline_ln0' <Predicate = (!icmp_ln32)> <Delay = 0.00>
ST_1 : Operation 26 [1/1] (0.00ns)   --->   "%w_cast_i = zext i6 %select_ln32" [vgg_accelerator.cpp:32]   --->   Operation 26 'zext' 'w_cast_i' <Predicate = (!icmp_ln32)> <Delay = 0.00>
ST_1 : Operation 27 [1/1] (0.00ns)   --->   "%specloopname_ln33 = specloopname void @_ssdm_op_SpecLoopName, void @empty_17" [vgg_accelerator.cpp:33]   --->   Operation 27 'specloopname' 'specloopname_ln33' <Predicate = (!icmp_ln32)> <Delay = 0.00>
ST_1 : Operation 28 [1/1] (0.00ns)   --->   "%void_layer_block_stream_stream_signed_char_const_1_3_3_signed_char_cons_4 = getelementptr i8 %void_layer_block_stream_stream_signed_char_const_1_3_3_signed_char_cons_1, i64 0, i64 %w_cast_i" [vgg_accelerator.cpp:34]   --->   Operation 28 'getelementptr' 'void_layer_block_stream_stream_signed_char_const_1_3_3_signed_char_cons_4' <Predicate = (!icmp_ln32)> <Delay = 0.00>
ST_1 : Operation 29 [1/1] (0.00ns)   --->   "%void_layer_block_stream_stream_signed_char_const_1_3_3_signed_char_cons_5 = getelementptr i8 %void_layer_block_stream_stream_signed_char_const_1_3_3_signed_char_cons, i64 0, i64 %w_cast_i" [vgg_accelerator.cpp:34]   --->   Operation 29 'getelementptr' 'void_layer_block_stream_stream_signed_char_const_1_3_3_signed_char_cons_5' <Predicate = (!icmp_ln32)> <Delay = 0.00>
ST_1 : Operation 30 [1/1] (0.00ns)   --->   "%br_ln34 = br i1 %trunc_ln32, void %arrayidx4446.case.0.i, void %arrayidx4446.case.1.i" [vgg_accelerator.cpp:34]   --->   Operation 30 'br' 'br_ln34' <Predicate = (!icmp_ln32)> <Delay = 0.00>
ST_1 : Operation 31 [1/1] (0.79ns)   --->   "%store_ln34 = store i8 0, i5 %void_layer_block_stream_stream_signed_char_const_1_3_3_signed_char_cons_4" [vgg_accelerator.cpp:34]   --->   Operation 31 'store' 'store_ln34' <Predicate = (!icmp_ln32 & !trunc_ln32)> <Delay = 0.79> <CoreInst = "RAM">   --->   Core 83 'RAM' <Latency = 1> <II = 1> <Delay = 0.79> <Storage> <Opcode : 'load' 'store'> <Ports = 2> <Width = 8> <Depth = 32> <RAM>
ST_1 : Operation 32 [1/1] (0.00ns)   --->   "%br_ln34 = br void %arrayidx4446.exit.i" [vgg_accelerator.cpp:34]   --->   Operation 32 'br' 'br_ln34' <Predicate = (!icmp_ln32 & !trunc_ln32)> <Delay = 0.00>
ST_1 : Operation 33 [1/1] (0.79ns)   --->   "%store_ln34 = store i8 0, i5 %void_layer_block_stream_stream_signed_char_const_1_3_3_signed_char_cons_5" [vgg_accelerator.cpp:34]   --->   Operation 33 'store' 'store_ln34' <Predicate = (!icmp_ln32 & trunc_ln32)> <Delay = 0.79> <CoreInst = "RAM">   --->   Core 83 'RAM' <Latency = 1> <II = 1> <Delay = 0.79> <Storage> <Opcode : 'load' 'store'> <Ports = 2> <Width = 8> <Depth = 32> <RAM>
ST_1 : Operation 34 [1/1] (0.00ns)   --->   "%br_ln34 = br void %arrayidx4446.exit.i" [vgg_accelerator.cpp:34]   --->   Operation 34 'br' 'br_ln34' <Predicate = (!icmp_ln32 & trunc_ln32)> <Delay = 0.00>
ST_1 : Operation 35 [1/1] (0.88ns)   --->   "%add_ln33 = add i6 %select_ln32, i6 1" [vgg_accelerator.cpp:33]   --->   Operation 35 'add' 'add_ln33' <Predicate = (!icmp_ln32)> <Delay = 0.88> <CoreInst = "Adder">   --->   Core 1 'Adder' <Latency = 0> <II = 1> <Delay = 0.88> <FuncUnit> <Opcode : 'add' 'sub'> <InPorts = 2> <OutPorts = 1>
ST_1 : Operation 36 [1/1] (0.48ns)   --->   "%store_ln33 = store i7 %add_ln32_3, i7 %indvar_flatten" [vgg_accelerator.cpp:33]   --->   Operation 36 'store' 'store_ln33' <Predicate = (!icmp_ln32)> <Delay = 0.48>
ST_1 : Operation 37 [1/1] (0.48ns)   --->   "%store_ln33 = store i2 %select_ln32_7, i2 %h" [vgg_accelerator.cpp:33]   --->   Operation 37 'store' 'store_ln33' <Predicate = (!icmp_ln32)> <Delay = 0.48>
ST_1 : Operation 38 [1/1] (0.48ns)   --->   "%store_ln33 = store i6 %add_ln33, i6 %w" [vgg_accelerator.cpp:33]   --->   Operation 38 'store' 'store_ln33' <Predicate = (!icmp_ln32)> <Delay = 0.48>
ST_1 : Operation 39 [1/1] (0.00ns)   --->   "%br_ln33 = br void %for.body40.i" [vgg_accelerator.cpp:33]   --->   Operation 39 'br' 'br_ln33' <Predicate = (!icmp_ln32)> <Delay = 0.00>
ST_1 : Operation 40 [1/1] (0.00ns)   --->   "%ret_ln0 = ret"   --->   Operation 40 'ret' 'ret_ln0' <Predicate = (icmp_ln32)> <Delay = 0.00>


============================================================
+ Verbose Summary: Binding
============================================================
STG Binding: 
---------------- STG Properties BEGIN ----------------
- Is combinational: 0
- Is one-state seq: 0
- Is datapath-only: 0
- Is pipelined: 0
- Is top level: 0
Port [ Return ] is wired: 1; IO mode=ap_ctrl_hs:ce=0
Port [ void_layer_block_stream_stream_signed_char_const_1_3_3_signed_char_cons_1]:  wired=1; compound=1; hidden=0; nouse=0; global=1; static=1; extern=0; dir=1; type=1; pingpong=0; private_global=0; MemPort=[03]; IO mode=ap_memory:ce=0
Port [ void_layer_block_stream_stream_signed_char_const_1_3_3_signed_char_cons]:  wired=1; compound=1; hidden=0; nouse=0; global=1; static=1; extern=0; dir=1; type=1; pingpong=0; private_global=0; MemPort=[03]; IO mode=ap_memory:ce=0
---------------- STG Properties END ------------------

---------------- Datapath Model BEGIN ----------------

<LifeTime>
<method=bitvector/>
w                                                                         (alloca           ) [ 01]
h                                                                         (alloca           ) [ 01]
indvar_flatten                                                            (alloca           ) [ 01]
store_ln0                                                                 (store            ) [ 00]
store_ln0                                                                 (store            ) [ 00]
store_ln0                                                                 (store            ) [ 00]
br_ln0                                                                    (br               ) [ 00]
indvar_flatten_load                                                       (load             ) [ 00]
specpipeline_ln0                                                          (specpipeline     ) [ 00]
icmp_ln32                                                                 (icmp             ) [ 01]
add_ln32_3                                                                (add              ) [ 00]
br_ln32                                                                   (br               ) [ 00]
w_load                                                                    (load             ) [ 00]
h_load                                                                    (load             ) [ 00]
add_ln32                                                                  (add              ) [ 00]
specloopname_ln0                                                          (specloopname     ) [ 00]
empty                                                                     (speclooptripcount) [ 00]
icmp_ln33                                                                 (icmp             ) [ 00]
select_ln32                                                               (select           ) [ 00]
select_ln32_7                                                             (select           ) [ 00]
trunc_ln32                                                                (trunc            ) [ 01]
specpipeline_ln0                                                          (specpipeline     ) [ 00]
w_cast_i                                                                  (zext             ) [ 00]
specloopname_ln33                                                         (specloopname     ) [ 00]
void_layer_block_stream_stream_signed_char_const_1_3_3_signed_char_cons_4 (getelementptr    ) [ 00]
void_layer_block_stream_stream_signed_char_const_1_3_3_signed_char_cons_5 (getelementptr    ) [ 00]
br_ln34                                                                   (br               ) [ 00]
store_ln34                                                                (store            ) [ 00]
br_ln34                                                                   (br               ) [ 00]
store_ln34                                                                (store            ) [ 00]
br_ln34                                                                   (br               ) [ 00]
add_ln33                                                                  (add              ) [ 00]
store_ln33                                                                (store            ) [ 00]
store_ln33                                                                (store            ) [ 00]
store_ln33                                                                (store            ) [ 00]
br_ln33                                                                   (br               ) [ 00]
ret_ln0                                                                   (ret              ) [ 00]
</LifeTime>

<model>

<comp_list>
<comp id="0" class="1000" name="void_layer_block_stream_stream_signed_char_const_1_3_3_signed_char_cons_1">
<pin_list>
<pin id="1" dir="1" index="0" bw="1" slack="0"/>
</pin_list>
<bind>
<StgValue><ssdm name="void_layer_block_stream_stream_signed_char_const_1_3_3_signed_char_cons_1"/><MemPortTyVec>0 3 </MemPortTyVec>
</StgValue>
</bind>
</comp>

<comp id="2" class="1000" name="void_layer_block_stream_stream_signed_char_const_1_3_3_signed_char_cons">
<pin_list>
<pin id="3" dir="1" index="0" bw="1" slack="0"/>
</pin_list>
<bind>
<StgValue><ssdm name="void_layer_block_stream_stream_signed_char_const_1_3_3_signed_char_cons"/><MemPortTyVec>0 3 </MemPortTyVec>
</StgValue>
</bind>
</comp>

<comp id="4" class="1001" name="const_4">
<pin_list>
<pin id="5" dir="1" index="0" bw="1" slack="0"/>
</pin_list>
<bind>
<StgValue><ssdm name=""/></StgValue>
</bind>
</comp>

<comp id="6" class="1001" name="const_6">
<pin_list>
<pin id="7" dir="1" index="0" bw="1" slack="0"/>
</pin_list>
<bind>
<StgValue><ssdm name=""/></StgValue>
</bind>
</comp>

<comp id="8" class="1001" name="const_8">
<pin_list>
<pin id="9" dir="1" index="0" bw="1" slack="0"/>
</pin_list>
<bind>
<StgValue><ssdm name=""/></StgValue>
</bind>
</comp>

<comp id="10" class="1001" name="const_10">
<pin_list>
<pin id="11" dir="1" index="0" bw="1" slack="0"/>
</pin_list>
<bind>
<StgValue><ssdm name=""/></StgValue>
</bind>
</comp>

<comp id="12" class="1001" name="const_12">
<pin_list>
<pin id="13" dir="1" index="0" bw="1" slack="2147483647"/>
</pin_list>
<bind>
<StgValue><ssdm name="_ssdm_op_SpecPipeline"/></StgValue>
</bind>
</comp>

<comp id="14" class="1001" name="const_14">
<pin_list>
<pin id="15" dir="1" index="0" bw="1" slack="2147483647"/>
</pin_list>
<bind>
<StgValue><ssdm name=""/></StgValue>
</bind>
</comp>

<comp id="16" class="1001" name="const_16">
<pin_list>
<pin id="17" dir="1" index="0" bw="1" slack="2147483647"/>
</pin_list>
<bind>
<StgValue><ssdm name=""/></StgValue>
</bind>
</comp>

<comp id="18" class="1001" name="const_18">
<pin_list>
<pin id="19" dir="1" index="0" bw="1" slack="2147483647"/>
</pin_list>
<bind>
<StgValue><ssdm name="p_str"/></StgValue>
</bind>
</comp>

<comp id="20" class="1001" name="const_20">
<pin_list>
<pin id="21" dir="1" index="0" bw="1" slack="0"/>
</pin_list>
<bind>
<StgValue><ssdm name=""/></StgValue>
</bind>
</comp>

<comp id="22" class="1001" name="const_22">
<pin_list>
<pin id="23" dir="1" index="0" bw="1" slack="0"/>
</pin_list>
<bind>
<StgValue><ssdm name=""/></StgValue>
</bind>
</comp>

<comp id="24" class="1001" name="const_24">
<pin_list>
<pin id="25" dir="1" index="0" bw="1" slack="0"/>
</pin_list>
<bind>
<StgValue><ssdm name=""/></StgValue>
</bind>
</comp>

<comp id="26" class="1001" name="const_26">
<pin_list>
<pin id="27" dir="1" index="0" bw="1" slack="2147483647"/>
</pin_list>
<bind>
<StgValue><ssdm name="_ssdm_op_SpecLoopName"/></StgValue>
</bind>
</comp>

<comp id="28" class="1001" name="const_28">
<pin_list>
<pin id="29" dir="1" index="0" bw="1" slack="2147483647"/>
</pin_list>
<bind>
<StgValue><ssdm name="VITIS_LOOP_32_2_VITIS_LOOP_33_3_str"/></StgValue>
</bind>
</comp>

<comp id="30" class="1001" name="const_30">
<pin_list>
<pin id="31" dir="1" index="0" bw="1" slack="2147483647"/>
</pin_list>
<bind>
<StgValue><ssdm name="_ssdm_op_SpecLoopTripCount"/></StgValue>
</bind>
</comp>

<comp id="32" class="1001" name="const_32">
<pin_list>
<pin id="33" dir="1" index="0" bw="1" slack="2147483647"/>
</pin_list>
<bind>
<StgValue><ssdm name=""/></StgValue>
</bind>
</comp>

<comp id="34" class="1001" name="const_34">
<pin_list>
<pin id="35" dir="1" index="0" bw="1" slack="0"/>
</pin_list>
<bind>
<StgValue><ssdm name=""/></StgValue>
</bind>
</comp>

<comp id="36" class="1001" name="const_36">
<pin_list>
<pin id="37" dir="1" index="0" bw="1" slack="2147483647"/>
</pin_list>
<bind>
<StgValue><ssdm name="empty_17"/></StgValue>
</bind>
</comp>

<comp id="38" class="1001" name="const_38">
<pin_list>
<pin id="39" dir="1" index="0" bw="1" slack="0"/>
</pin_list>
<bind>
<StgValue><ssdm name=""/></StgValue>
</bind>
</comp>

<comp id="40" class="1001" name="const_40">
<pin_list>
<pin id="41" dir="1" index="0" bw="1" slack="0"/>
</pin_list>
<bind>
<StgValue><ssdm name=""/></StgValue>
</bind>
</comp>

<comp id="42" class="1001" name="const_42">
<pin_list>
<pin id="43" dir="1" index="0" bw="1" slack="0"/>
</pin_list>
<bind>
<StgValue><ssdm name=""/></StgValue>
</bind>
</comp>

<comp id="44" class="1004" name="w_fu_44">
<pin_list>
<pin id="45" dir="0" index="0" bw="1" slack="0"/>
<pin id="46" dir="1" index="1" bw="6" slack="0"/>
</pin_list>
<bind>
<opcode="alloca(26) " fcode="alloca"/>
<opset="w/1 "/>
</bind>
</comp>

<comp id="48" class="1004" name="h_fu_48">
<pin_list>
<pin id="49" dir="0" index="0" bw="1" slack="0"/>
<pin id="50" dir="1" index="1" bw="2" slack="0"/>
</pin_list>
<bind>
<opcode="alloca(26) " fcode="alloca"/>
<opset="h/1 "/>
</bind>
</comp>

<comp id="52" class="1004" name="indvar_flatten_fu_52">
<pin_list>
<pin id="53" dir="0" index="0" bw="1" slack="0"/>
<pin id="54" dir="1" index="1" bw="7" slack="0"/>
</pin_list>
<bind>
<opcode="alloca(26) " fcode="alloca"/>
<opset="indvar_flatten/1 "/>
</bind>
</comp>

<comp id="56" class="1004" name="void_layer_block_stream_stream_signed_char_const_1_3_3_signed_char_cons_4_gep_fu_56">
<pin_list>
<pin id="57" dir="0" index="0" bw="8" slack="0"/>
<pin id="58" dir="0" index="1" bw="1" slack="0"/>
<pin id="59" dir="0" index="2" bw="6" slack="0"/>
<pin id="60" dir="1" index="3" bw="5" slack="0"/>
</pin_list>
<bind>
<opcode="getelementptr(29) " fcode="getelementptr"/>
<opset="void_layer_block_stream_stream_signed_char_const_1_3_3_signed_char_cons_4/1 "/>
</bind>
</comp>

<comp id="63" class="1004" name="void_layer_block_stream_stream_signed_char_const_1_3_3_signed_char_cons_5_gep_fu_63">
<pin_list>
<pin id="64" dir="0" index="0" bw="8" slack="0"/>
<pin id="65" dir="0" index="1" bw="1" slack="0"/>
<pin id="66" dir="0" index="2" bw="6" slack="0"/>
<pin id="67" dir="1" index="3" bw="5" slack="0"/>
</pin_list>
<bind>
<opcode="getelementptr(29) " fcode="getelementptr"/>
<opset="void_layer_block_stream_stream_signed_char_const_1_3_3_signed_char_cons_5/1 "/>
</bind>
</comp>

<comp id="70" class="1004" name="store_ln34_access_fu_70">
<pin_list>
<pin id="71" dir="0" index="0" bw="5" slack="0"/>
<pin id="72" dir="0" index="1" bw="8" slack="0"/>
<pin id="73" dir="0" index="2" bw="0" slack="2147483647"/>
<pin id="74" dir="1" index="3" bw="8" slack="2147483647"/>
</pin_list>
<bind>
<opcode="store(28) " fcode="store"/>
<opset="store_ln34/1 "/>
</bind>
</comp>

<comp id="77" class="1004" name="store_ln34_access_fu_77">
<pin_list>
<pin id="78" dir="0" index="0" bw="5" slack="0"/>
<pin id="79" dir="0" index="1" bw="8" slack="0"/>
<pin id="80" dir="0" index="2" bw="0" slack="2147483647"/>
<pin id="81" dir="1" index="3" bw="8" slack="2147483647"/>
</pin_list>
<bind>
<opcode="store(28) " fcode="store"/>
<opset="store_ln34/1 "/>
</bind>
</comp>

<comp id="84" class="1004" name="store_ln0_store_fu_84">
<pin_list>
<pin id="85" dir="0" index="0" bw="1" slack="0"/>
<pin id="86" dir="0" index="1" bw="7" slack="0"/>
<pin id="87" dir="1" index="2" bw="0" slack="2147483647"/>
</pin_list>
<bind>
<opcode="store(28) " fcode="store"/>
<opset="store_ln0/1 "/>
</bind>
</comp>

<comp id="89" class="1004" name="store_ln0_store_fu_89">
<pin_list>
<pin id="90" dir="0" index="0" bw="1" slack="0"/>
<pin id="91" dir="0" index="1" bw="2" slack="0"/>
<pin id="92" dir="1" index="2" bw="0" slack="2147483647"/>
</pin_list>
<bind>
<opcode="store(28) " fcode="store"/>
<opset="store_ln0/1 "/>
</bind>
</comp>

<comp id="94" class="1004" name="store_ln0_store_fu_94">
<pin_list>
<pin id="95" dir="0" index="0" bw="1" slack="0"/>
<pin id="96" dir="0" index="1" bw="6" slack="0"/>
<pin id="97" dir="1" index="2" bw="0" slack="2147483647"/>
</pin_list>
<bind>
<opcode="store(28) " fcode="store"/>
<opset="store_ln0/1 "/>
</bind>
</comp>

<comp id="99" class="1004" name="indvar_flatten_load_load_fu_99">
<pin_list>
<pin id="100" dir="0" index="0" bw="7" slack="0"/>
<pin id="101" dir="1" index="1" bw="7" slack="0"/>
</pin_list>
<bind>
<opcode="load(27) " fcode="load"/>
<opset="indvar_flatten_load/1 "/>
</bind>
</comp>

<comp id="102" class="1004" name="icmp_ln32_fu_102">
<pin_list>
<pin id="103" dir="0" index="0" bw="7" slack="0"/>
<pin id="104" dir="0" index="1" bw="7" slack="0"/>
<pin id="105" dir="1" index="2" bw="1" slack="2147483647"/>
</pin_list>
<bind>
<opcode="icmp(45) " fcode="icmp"/>
<opset="icmp_ln32/1 "/>
</bind>
</comp>

<comp id="108" class="1004" name="add_ln32_3_fu_108">
<pin_list>
<pin id="109" dir="0" index="0" bw="7" slack="0"/>
<pin id="110" dir="0" index="1" bw="1" slack="0"/>
<pin id="111" dir="1" index="2" bw="7" slack="0"/>
</pin_list>
<bind>
<opcode="add(8) " fcode="add"/>
<opset="add_ln32_3/1 "/>
</bind>
</comp>

<comp id="114" class="1004" name="w_load_load_fu_114">
<pin_list>
<pin id="115" dir="0" index="0" bw="6" slack="0"/>
<pin id="116" dir="1" index="1" bw="6" slack="0"/>
</pin_list>
<bind>
<opcode="load(27) " fcode="load"/>
<opset="w_load/1 "/>
</bind>
</comp>

<comp id="117" class="1004" name="h_load_load_fu_117">
<pin_list>
<pin id="118" dir="0" index="0" bw="2" slack="0"/>
<pin id="119" dir="1" index="1" bw="2" slack="0"/>
</pin_list>
<bind>
<opcode="load(27) " fcode="load"/>
<opset="h_load/1 "/>
</bind>
</comp>

<comp id="120" class="1004" name="add_ln32_fu_120">
<pin_list>
<pin id="121" dir="0" index="0" bw="2" slack="0"/>
<pin id="122" dir="0" index="1" bw="1" slack="0"/>
<pin id="123" dir="1" index="2" bw="2" slack="0"/>
</pin_list>
<bind>
<opcode="add(8) " fcode="add"/>
<opset="add_ln32/1 "/>
</bind>
</comp>

<comp id="126" class="1004" name="icmp_ln33_fu_126">
<pin_list>
<pin id="127" dir="0" index="0" bw="6" slack="0"/>
<pin id="128" dir="0" index="1" bw="6" slack="0"/>
<pin id="129" dir="1" index="2" bw="1" slack="0"/>
</pin_list>
<bind>
<opcode="icmp(45) " fcode="icmp"/>
<opset="icmp_ln33/1 "/>
</bind>
</comp>

<comp id="132" class="1004" name="select_ln32_fu_132">
<pin_list>
<pin id="133" dir="0" index="0" bw="1" slack="0"/>
<pin id="134" dir="0" index="1" bw="1" slack="0"/>
<pin id="135" dir="0" index="2" bw="6" slack="0"/>
<pin id="136" dir="1" index="3" bw="6" slack="0"/>
</pin_list>
<bind>
<opcode="select(49) " fcode="select"/>
<opset="select_ln32/1 "/>
</bind>
</comp>

<comp id="140" class="1004" name="select_ln32_7_fu_140">
<pin_list>
<pin id="141" dir="0" index="0" bw="1" slack="0"/>
<pin id="142" dir="0" index="1" bw="2" slack="0"/>
<pin id="143" dir="0" index="2" bw="2" slack="0"/>
<pin id="144" dir="1" index="3" bw="2" slack="0"/>
</pin_list>
<bind>
<opcode="select(49) " fcode="select"/>
<opset="select_ln32_7/1 "/>
</bind>
</comp>

<comp id="148" class="1004" name="trunc_ln32_fu_148">
<pin_list>
<pin id="149" dir="0" index="0" bw="2" slack="0"/>
<pin id="150" dir="1" index="1" bw="1" slack="2147483647"/>
</pin_list>
<bind>
<opcode="trunc(33) " fcode="trunc"/>
<opset="trunc_ln32/1 "/>
</bind>
</comp>

<comp id="152" class="1004" name="w_cast_i_fu_152">
<pin_list>
<pin id="153" dir="0" index="0" bw="6" slack="0"/>
<pin id="154" dir="1" index="1" bw="64" slack="0"/>
</pin_list>
<bind>
<opcode="zext(34) " fcode="zext"/>
<opset="w_cast_i/1 "/>
</bind>
</comp>

<comp id="158" class="1004" name="add_ln33_fu_158">
<pin_list>
<pin id="159" dir="0" index="0" bw="6" slack="0"/>
<pin id="160" dir="0" index="1" bw="1" slack="0"/>
<pin id="161" dir="1" index="2" bw="6" slack="0"/>
</pin_list>
<bind>
<opcode="add(8) " fcode="add"/>
<opset="add_ln33/1 "/>
</bind>
</comp>

<comp id="164" class="1004" name="store_ln33_store_fu_164">
<pin_list>
<pin id="165" dir="0" index="0" bw="7" slack="0"/>
<pin id="166" dir="0" index="1" bw="7" slack="0"/>
<pin id="167" dir="1" index="2" bw="0" slack="2147483647"/>
</pin_list>
<bind>
<opcode="store(28) " fcode="store"/>
<opset="store_ln33/1 "/>
</bind>
</comp>

<comp id="169" class="1004" name="store_ln33_store_fu_169">
<pin_list>
<pin id="170" dir="0" index="0" bw="2" slack="0"/>
<pin id="171" dir="0" index="1" bw="2" slack="0"/>
<pin id="172" dir="1" index="2" bw="0" slack="2147483647"/>
</pin_list>
<bind>
<opcode="store(28) " fcode="store"/>
<opset="store_ln33/1 "/>
</bind>
</comp>

<comp id="174" class="1004" name="store_ln33_store_fu_174">
<pin_list>
<pin id="175" dir="0" index="0" bw="6" slack="0"/>
<pin id="176" dir="0" index="1" bw="6" slack="0"/>
<pin id="177" dir="1" index="2" bw="0" slack="2147483647"/>
</pin_list>
<bind>
<opcode="store(28) " fcode="store"/>
<opset="store_ln33/1 "/>
</bind>
</comp>

<comp id="179" class="1005" name="w_reg_179">
<pin_list>
<pin id="180" dir="0" index="0" bw="6" slack="0"/>
<pin id="181" dir="1" index="1" bw="6" slack="0"/>
</pin_list>
<bind>
<opset="w "/>
</bind>
</comp>

<comp id="186" class="1005" name="h_reg_186">
<pin_list>
<pin id="187" dir="0" index="0" bw="2" slack="0"/>
<pin id="188" dir="1" index="1" bw="2" slack="0"/>
</pin_list>
<bind>
<opset="h "/>
</bind>
</comp>

<comp id="193" class="1005" name="indvar_flatten_reg_193">
<pin_list>
<pin id="194" dir="0" index="0" bw="7" slack="0"/>
<pin id="195" dir="1" index="1" bw="7" slack="0"/>
</pin_list>
<bind>
<opset="indvar_flatten "/>
</bind>
</comp>

</comp_list>

<net_list>
<net id="47"><net_src comp="4" pin="0"/><net_sink comp="44" pin=0"/></net>

<net id="51"><net_src comp="4" pin="0"/><net_sink comp="48" pin=0"/></net>

<net id="55"><net_src comp="4" pin="0"/><net_sink comp="52" pin=0"/></net>

<net id="61"><net_src comp="0" pin="0"/><net_sink comp="56" pin=0"/></net>

<net id="62"><net_src comp="38" pin="0"/><net_sink comp="56" pin=1"/></net>

<net id="68"><net_src comp="2" pin="0"/><net_sink comp="63" pin=0"/></net>

<net id="69"><net_src comp="38" pin="0"/><net_sink comp="63" pin=1"/></net>

<net id="75"><net_src comp="40" pin="0"/><net_sink comp="70" pin=1"/></net>

<net id="76"><net_src comp="56" pin="3"/><net_sink comp="70" pin=0"/></net>

<net id="82"><net_src comp="40" pin="0"/><net_sink comp="77" pin=1"/></net>

<net id="83"><net_src comp="63" pin="3"/><net_sink comp="77" pin=0"/></net>

<net id="88"><net_src comp="6" pin="0"/><net_sink comp="84" pin=0"/></net>

<net id="93"><net_src comp="8" pin="0"/><net_sink comp="89" pin=0"/></net>

<net id="98"><net_src comp="10" pin="0"/><net_sink comp="94" pin=0"/></net>

<net id="106"><net_src comp="99" pin="1"/><net_sink comp="102" pin=0"/></net>

<net id="107"><net_src comp="20" pin="0"/><net_sink comp="102" pin=1"/></net>

<net id="112"><net_src comp="99" pin="1"/><net_sink comp="108" pin=0"/></net>

<net id="113"><net_src comp="22" pin="0"/><net_sink comp="108" pin=1"/></net>

<net id="124"><net_src comp="117" pin="1"/><net_sink comp="120" pin=0"/></net>

<net id="125"><net_src comp="24" pin="0"/><net_sink comp="120" pin=1"/></net>

<net id="130"><net_src comp="114" pin="1"/><net_sink comp="126" pin=0"/></net>

<net id="131"><net_src comp="34" pin="0"/><net_sink comp="126" pin=1"/></net>

<net id="137"><net_src comp="126" pin="2"/><net_sink comp="132" pin=0"/></net>

<net id="138"><net_src comp="10" pin="0"/><net_sink comp="132" pin=1"/></net>

<net id="139"><net_src comp="114" pin="1"/><net_sink comp="132" pin=2"/></net>

<net id="145"><net_src comp="126" pin="2"/><net_sink comp="140" pin=0"/></net>

<net id="146"><net_src comp="120" pin="2"/><net_sink comp="140" pin=1"/></net>

<net id="147"><net_src comp="117" pin="1"/><net_sink comp="140" pin=2"/></net>

<net id="151"><net_src comp="140" pin="3"/><net_sink comp="148" pin=0"/></net>

<net id="155"><net_src comp="132" pin="3"/><net_sink comp="152" pin=0"/></net>

<net id="156"><net_src comp="152" pin="1"/><net_sink comp="56" pin=2"/></net>

<net id="157"><net_src comp="152" pin="1"/><net_sink comp="63" pin=2"/></net>

<net id="162"><net_src comp="132" pin="3"/><net_sink comp="158" pin=0"/></net>

<net id="163"><net_src comp="42" pin="0"/><net_sink comp="158" pin=1"/></net>

<net id="168"><net_src comp="108" pin="2"/><net_sink comp="164" pin=0"/></net>

<net id="173"><net_src comp="140" pin="3"/><net_sink comp="169" pin=0"/></net>

<net id="178"><net_src comp="158" pin="2"/><net_sink comp="174" pin=0"/></net>

<net id="182"><net_src comp="44" pin="1"/><net_sink comp="179" pin=0"/></net>

<net id="183"><net_src comp="179" pin="1"/><net_sink comp="94" pin=1"/></net>

<net id="184"><net_src comp="179" pin="1"/><net_sink comp="114" pin=0"/></net>

<net id="185"><net_src comp="179" pin="1"/><net_sink comp="174" pin=1"/></net>

<net id="189"><net_src comp="48" pin="1"/><net_sink comp="186" pin=0"/></net>

<net id="190"><net_src comp="186" pin="1"/><net_sink comp="89" pin=1"/></net>

<net id="191"><net_src comp="186" pin="1"/><net_sink comp="117" pin=0"/></net>

<net id="192"><net_src comp="186" pin="1"/><net_sink comp="169" pin=1"/></net>

<net id="196"><net_src comp="52" pin="1"/><net_sink comp="193" pin=0"/></net>

<net id="197"><net_src comp="193" pin="1"/><net_sink comp="84" pin=1"/></net>

<net id="198"><net_src comp="193" pin="1"/><net_sink comp="99" pin=0"/></net>

<net id="199"><net_src comp="193" pin="1"/><net_sink comp="164" pin=1"/></net>

</net_list>

</model> 
---------------- Datapath Model END ------------------

* FSMD analyzer results:
  - Output states:
	Port: void_layer_block_stream_stream_signed_char_const_1_3_3_signed_char_cons_1 | {1 }
	Port: void_layer_block_stream_stream_signed_char_const_1_3_3_signed_char_cons | {1 }
 - Input state : 
  - Chain level:
	State 1
		store_ln0 : 1
		store_ln0 : 1
		store_ln0 : 1
		indvar_flatten_load : 1
		icmp_ln32 : 2
		add_ln32_3 : 2
		br_ln32 : 3
		w_load : 1
		h_load : 1
		add_ln32 : 2
		icmp_ln33 : 2
		select_ln32 : 3
		select_ln32_7 : 3
		trunc_ln32 : 4
		w_cast_i : 4
		void_layer_block_stream_stream_signed_char_const_1_3_3_signed_char_cons_4 : 5
		void_layer_block_stream_stream_signed_char_const_1_3_3_signed_char_cons_5 : 5
		br_ln34 : 5
		store_ln34 : 6
		store_ln34 : 6
		add_ln33 : 4
		store_ln33 : 3
		store_ln33 : 4
		store_ln33 : 5


============================================================
+ Verbose Summary: Datapath Resource usage 
============================================================

* Functional unit list:
|----------|----------------------|---------|---------|
| Operation|    Functional Unit   |    FF   |   LUT   |
|----------|----------------------|---------|---------|
|          |   add_ln32_3_fu_108  |    0    |    14   |
|    add   |    add_ln32_fu_120   |    0    |    9    |
|          |    add_ln33_fu_158   |    0    |    13   |
|----------|----------------------|---------|---------|
|   icmp   |   icmp_ln32_fu_102   |    0    |    10   |
|          |   icmp_ln33_fu_126   |    0    |    10   |
|----------|----------------------|---------|---------|
|  select  |  select_ln32_fu_132  |    0    |    6    |
|          | select_ln32_7_fu_140 |    0    |    2    |
|----------|----------------------|---------|---------|
|   trunc  |   trunc_ln32_fu_148  |    0    |    0    |
|----------|----------------------|---------|---------|
|   zext   |    w_cast_i_fu_152   |    0    |    0    |
|----------|----------------------|---------|---------|
|   Total  |                      |    0    |    64   |
|----------|----------------------|---------|---------|

Memories:
N/A

* Register list:
+----------------------+--------+
|                      |   FF   |
+----------------------+--------+
|       h_reg_186      |    2   |
|indvar_flatten_reg_193|    7   |
|       w_reg_179      |    6   |
+----------------------+--------+
|         Total        |   15   |
+----------------------+--------+

* Multiplexer (MUX) list: 
|--------|------|------|------|--------|
|  Comp  |  Pin | Size |  BW  | S x BW |
|--------|------|------|------|--------|
|  Total |      |      |      |    0   |
|--------|------|------|------|--------|



* Summary:
+-----------+--------+--------+
|           |   FF   |   LUT  |
+-----------+--------+--------+
|  Function |    0   |   64   |
|   Memory  |    -   |    -   |
|Multiplexer|    -   |    -   |
|  Register |   15   |    -   |
+-----------+--------+--------+
|   Total   |   15   |   64   |
+-----------+--------+--------+
