

================================================================
== Vitis HLS Report for 'layer_block_32_64_8_Pipeline_VITIS_LOOP_31_1_VITIS_LOOP_32_2_VITIS_LOOP_33_3'
================================================================
* Date:           Thu Dec 11 20:07:04 2025

* Version:        2022.2 (Build 3670227 on Oct 13 2022)
* Project:        vgg_accelerator
* Solution:       solution1 (Vivado IP Flow Target)
* Product family: zynquplus
* Target device:  xczu5eg-sfvc784-1-e


================================================================
== Performance Estimates
================================================================
+ Timing: 
    * Summary: 
    +--------+----------+----------+------------+
    |  Clock |  Target  | Estimated| Uncertainty|
    +--------+----------+----------+------------+
    |ap_clk  |  10.00 ns|  4.241 ns|     2.70 ns|
    +--------+----------+----------+------------+

+ Latency: 
    * Summary: 
    +---------+---------+----------+----------+-----+-----+---------+
    |  Latency (cycles) |  Latency (absolute) |  Interval | Pipeline|
    |   min   |   max   |    min   |    max   | min | max |   Type  |
    +---------+---------+----------+----------+-----+-----+---------+
    |      514|      514|  5.140 us|  5.140 us|  514|  514|       no|
    +---------+---------+----------+----------+-----+-----+---------+

    + Detail: 
        * Instance: 
        N/A

        * Loop: 
        +---------------------------------------------------+---------+---------+----------+-----------+-----------+------+----------+
        |                                                   |  Latency (cycles) | Iteration|  Initiation Interval  | Trip |          |
        |                     Loop Name                     |   min   |   max   |  Latency |  achieved |   target  | Count| Pipelined|
        +---------------------------------------------------+---------+---------+----------+-----------+-----------+------+----------+
        |- VITIS_LOOP_31_1_VITIS_LOOP_32_2_VITIS_LOOP_33_3  |      512|      512|         1|          1|          1|   512|       yes|
        +---------------------------------------------------+---------+---------+----------+-----------+-----------+------+----------+

============================================================
+ Verbose Summary: Synthesis Manager
============================================================
InlineROM: 1
ExposeGlobal: 0
============================================================
+ Verbose Summary: CDFG Model
============================================================
IsTopModel: 0
ResetActiveHigh: 1
IsCombinational: 0
IsDatapathOnly: 0
HasWiredReturn: 1
HasMFsm: 2
HasVarLatency: 1
IsPipeline: 0
IsRtlPipelined: 0
IsInstanceOverlapped: 0
IsDontTouch: 0
HasImplIP: 0
IsGatedGlobalClock: 0

+ Individual pipeline summary: 
  * Pipeline-0: initiation interval (II) = 1, depth = 1


============================================================
+ Verbose Summary: Schedule
============================================================
* Number of FSM states : 1
* Pipeline : 1
  Pipeline-0 : II = 1, D = 1, States = { 1 }
* Dataflow Pipeline: 0

* FSM state transitions: 
1 --> 

* FSM state operations: 

State 1 <SV = 0> <Delay = 4.24>
ST_1 : Operation 4 [1/1] (0.00ns)   --->   "%w = alloca i32 1"   --->   Operation 4 'alloca' 'w' <Predicate = true> <Delay = 0.00>
ST_1 : Operation 5 [1/1] (0.00ns)   --->   "%h = alloca i32 1"   --->   Operation 5 'alloca' 'h' <Predicate = true> <Delay = 0.00>
ST_1 : Operation 6 [1/1] (0.00ns)   --->   "%indvar_flatten = alloca i32 1"   --->   Operation 6 'alloca' 'indvar_flatten' <Predicate = true> <Delay = 0.00>
ST_1 : Operation 7 [1/1] (0.00ns)   --->   "%c = alloca i32 1"   --->   Operation 7 'alloca' 'c' <Predicate = true> <Delay = 0.00>
ST_1 : Operation 8 [1/1] (0.00ns)   --->   "%indvar_flatten13 = alloca i32 1"   --->   Operation 8 'alloca' 'indvar_flatten13' <Predicate = true> <Delay = 0.00>
ST_1 : Operation 9 [1/1] (0.48ns)   --->   "%store_ln0 = store i10 0, i10 %indvar_flatten13"   --->   Operation 9 'store' 'store_ln0' <Predicate = true> <Delay = 0.48>
ST_1 : Operation 10 [1/1] (0.48ns)   --->   "%store_ln0 = store i6 0, i6 %c"   --->   Operation 10 'store' 'store_ln0' <Predicate = true> <Delay = 0.48>
ST_1 : Operation 11 [1/1] (0.48ns)   --->   "%store_ln0 = store i6 0, i6 %indvar_flatten"   --->   Operation 11 'store' 'store_ln0' <Predicate = true> <Delay = 0.48>
ST_1 : Operation 12 [1/1] (0.48ns)   --->   "%store_ln0 = store i2 0, i2 %h"   --->   Operation 12 'store' 'store_ln0' <Predicate = true> <Delay = 0.48>
ST_1 : Operation 13 [1/1] (0.48ns)   --->   "%store_ln0 = store i4 0, i4 %w"   --->   Operation 13 'store' 'store_ln0' <Predicate = true> <Delay = 0.48>
ST_1 : Operation 14 [1/1] (0.00ns)   --->   "%br_ln0 = br void %for.body40.i"   --->   Operation 14 'br' 'br_ln0' <Predicate = true> <Delay = 0.00>
ST_1 : Operation 15 [1/1] (0.00ns)   --->   "%indvar_flatten_load = load i6 %indvar_flatten" [vgg_accelerator.cpp:32]   --->   Operation 15 'load' 'indvar_flatten_load' <Predicate = true> <Delay = 0.00>
ST_1 : Operation 16 [1/1] (0.00ns)   --->   "%indvar_flatten13_load = load i10 %indvar_flatten13" [vgg_accelerator.cpp:31]   --->   Operation 16 'load' 'indvar_flatten13_load' <Predicate = true> <Delay = 0.00>
ST_1 : Operation 17 [1/1] (0.00ns)   --->   "%specpipeline_ln0 = specpipeline void @_ssdm_op_SpecPipeline, i32 4294967295, i32 0, i32 1, i32 0, void @p_str"   --->   Operation 17 'specpipeline' 'specpipeline_ln0' <Predicate = true> <Delay = 0.00>
ST_1 : Operation 18 [1/1] (0.85ns)   --->   "%icmp_ln31 = icmp_eq  i10 %indvar_flatten13_load, i10 512" [vgg_accelerator.cpp:31]   --->   Operation 18 'icmp' 'icmp_ln31' <Predicate = true> <Delay = 0.85> <CoreInst = "Cmp">   --->   Core 9 'Cmp' <Latency = 0> <II = 1> <Delay = 0.85> <FuncUnit> <Opcode : 'icmp'> <InPorts = 2> <OutPorts = 1>
ST_1 : Operation 19 [1/1] (0.93ns)   --->   "%add_ln31_1 = add i10 %indvar_flatten13_load, i10 1" [vgg_accelerator.cpp:31]   --->   Operation 19 'add' 'add_ln31_1' <Predicate = true> <Delay = 0.93> <CoreInst = "Adder">   --->   Core 1 'Adder' <Latency = 0> <II = 1> <Delay = 0.93> <FuncUnit> <Opcode : 'add' 'sub'> <InPorts = 2> <OutPorts = 1>
ST_1 : Operation 20 [1/1] (0.00ns)   --->   "%br_ln31 = br i1 %icmp_ln31, void %for.inc48.i, void %VITIS_LOOP_40_6.i.preheader.exitStub" [vgg_accelerator.cpp:31]   --->   Operation 20 'br' 'br_ln31' <Predicate = true> <Delay = 0.00>
ST_1 : Operation 21 [1/1] (0.00ns)   --->   "%w_load = load i4 %w" [vgg_accelerator.cpp:33]   --->   Operation 21 'load' 'w_load' <Predicate = (!icmp_ln31)> <Delay = 0.00>
ST_1 : Operation 22 [1/1] (0.00ns)   --->   "%h_load = load i2 %h"   --->   Operation 22 'load' 'h_load' <Predicate = (!icmp_ln31)> <Delay = 0.00>
ST_1 : Operation 23 [1/1] (0.00ns)   --->   "%c_load = load i6 %c" [vgg_accelerator.cpp:31]   --->   Operation 23 'load' 'c_load' <Predicate = (!icmp_ln31)> <Delay = 0.00>
ST_1 : Operation 24 [1/1] (0.88ns)   --->   "%add_ln31 = add i6 %c_load, i6 1" [vgg_accelerator.cpp:31]   --->   Operation 24 'add' 'add_ln31' <Predicate = (!icmp_ln31)> <Delay = 0.88> <CoreInst = "Adder">   --->   Core 1 'Adder' <Latency = 0> <II = 1> <Delay = 0.88> <FuncUnit> <Opcode : 'add' 'sub'> <InPorts = 2> <OutPorts = 1>
ST_1 : Operation 25 [1/1] (0.00ns)   --->   "%specloopname_ln0 = specloopname void @_ssdm_op_SpecLoopName, void @VITIS_LOOP_31_1_VITIS_LOOP_32_2_VITIS_LOOP_33_3_str"   --->   Operation 25 'specloopname' 'specloopname_ln0' <Predicate = (!icmp_ln31)> <Delay = 0.00>
ST_1 : Operation 26 [1/1] (0.00ns)   --->   "%empty = speclooptripcount i32 @_ssdm_op_SpecLoopTripCount, i64 512, i64 512, i64 512"   --->   Operation 26 'speclooptripcount' 'empty' <Predicate = (!icmp_ln31)> <Delay = 0.00>
ST_1 : Operation 27 [1/1] (0.87ns)   --->   "%icmp_ln32 = icmp_eq  i6 %indvar_flatten_load, i6 16" [vgg_accelerator.cpp:32]   --->   Operation 27 'icmp' 'icmp_ln32' <Predicate = (!icmp_ln31)> <Delay = 0.87> <CoreInst = "Cmp">   --->   Core 9 'Cmp' <Latency = 0> <II = 1> <Delay = 0.87> <FuncUnit> <Opcode : 'icmp'> <InPorts = 2> <OutPorts = 1>
ST_1 : Operation 28 [1/1] (0.26ns)   --->   "%select_ln31 = select i1 %icmp_ln32, i2 0, i2 %h_load" [vgg_accelerator.cpp:31]   --->   Operation 28 'select' 'select_ln31' <Predicate = (!icmp_ln31)> <Delay = 0.26> <CoreInst = "Sel">   --->   Core 73 'Sel' <Latency = 0> <II = 1> <Delay = 0.26> <FuncUnit> <Opcode : 'select'> <InPorts = 3> <OutPorts = 1>
ST_1 : Operation 29 [1/1] (0.44ns)   --->   "%select_ln31_1 = select i1 %icmp_ln32, i6 %add_ln31, i6 %c_load" [vgg_accelerator.cpp:31]   --->   Operation 29 'select' 'select_ln31_1' <Predicate = (!icmp_ln31)> <Delay = 0.44> <CoreInst = "Sel">   --->   Core 73 'Sel' <Latency = 0> <II = 1> <Delay = 0.44> <FuncUnit> <Opcode : 'select'> <InPorts = 3> <OutPorts = 1>
ST_1 : Operation 30 [1/1] (0.00ns)   --->   "%trunc_ln34 = trunc i6 %select_ln31_1" [vgg_accelerator.cpp:34]   --->   Operation 30 'trunc' 'trunc_ln34' <Predicate = (!icmp_ln31)> <Delay = 0.00>
ST_1 : Operation 31 [1/1] (0.00ns)   --->   "%tmp = bitconcatenate i8 @_ssdm_op_BitConcatenate.i8.i5.i3, i5 %trunc_ln34, i3 0" [vgg_accelerator.cpp:34]   --->   Operation 31 'bitconcatenate' 'tmp' <Predicate = (!icmp_ln31)> <Delay = 0.00>
ST_1 : Operation 32 [1/1] (0.33ns)   --->   "%xor_ln31 = xor i1 %icmp_ln32, i1 1" [vgg_accelerator.cpp:31]   --->   Operation 32 'xor' 'xor_ln31' <Predicate = (!icmp_ln31)> <Delay = 0.33> <CoreInst = "LogicGate">   --->   Core 74 'LogicGate' <Latency = 0> <II = 1> <Delay = 0.33> <FuncUnit> <Opcode : 'and' 'or' 'xor'> <InPorts = 2> <OutPorts = 1>
ST_1 : Operation 33 [1/1] (0.00ns) (grouped into LUT with out node select_ln32_1)   --->   "%empty_39 = trunc i2 %h_load"   --->   Operation 33 'trunc' 'empty_39' <Predicate = (!icmp_ln31)> <Delay = 0.00>
ST_1 : Operation 34 [1/1] (0.00ns) (grouped into LUT with out node select_ln32_1)   --->   "%and_ln31 = and i1 %empty_39, i1 %xor_ln31" [vgg_accelerator.cpp:31]   --->   Operation 34 'and' 'and_ln31' <Predicate = (!icmp_ln31)> <Delay = 0.00> <CoreInst = "LogicGate">   --->   Core 74 'LogicGate' <Latency = 0> <II = 1> <Delay = 0.33> <FuncUnit> <Opcode : 'and' 'or' 'xor'> <InPorts = 2> <OutPorts = 1>
ST_1 : Operation 35 [1/1] (0.00ns)   --->   "%specpipeline_ln0 = specpipeline void @_ssdm_op_SpecPipeline, i32 4294967295, i32 0, i32 1, i32 0, void @p_str"   --->   Operation 35 'specpipeline' 'specpipeline_ln0' <Predicate = (!icmp_ln31)> <Delay = 0.00>
ST_1 : Operation 36 [1/1] (0.88ns)   --->   "%icmp_ln33 = icmp_eq  i4 %w_load, i4 8" [vgg_accelerator.cpp:33]   --->   Operation 36 'icmp' 'icmp_ln33' <Predicate = (!icmp_ln31)> <Delay = 0.88> <CoreInst = "Cmp">   --->   Core 9 'Cmp' <Latency = 0> <II = 1> <Delay = 0.88> <FuncUnit> <Opcode : 'icmp'> <InPorts = 2> <OutPorts = 1>
ST_1 : Operation 37 [1/1] (0.33ns)   --->   "%and_ln31_1 = and i1 %icmp_ln33, i1 %xor_ln31" [vgg_accelerator.cpp:31]   --->   Operation 37 'and' 'and_ln31_1' <Predicate = (!icmp_ln31)> <Delay = 0.33> <CoreInst = "LogicGate">   --->   Core 74 'LogicGate' <Latency = 0> <II = 1> <Delay = 0.33> <FuncUnit> <Opcode : 'and' 'or' 'xor'> <InPorts = 2> <OutPorts = 1>
ST_1 : Operation 38 [1/1] (0.62ns)   --->   "%add_ln32 = add i2 %select_ln31, i2 1" [vgg_accelerator.cpp:32]   --->   Operation 38 'add' 'add_ln32' <Predicate = (!icmp_ln31)> <Delay = 0.62> <CoreInst = "Adder">   --->   Core 1 'Adder' <Latency = 0> <II = 1> <Delay = 0.62> <FuncUnit> <Opcode : 'add' 'sub'> <InPorts = 2> <OutPorts = 1>
ST_1 : Operation 39 [1/1] (0.00ns)   --->   "%specloopname_ln0 = specloopname void @_ssdm_op_SpecLoopName, void @VITIS_LOOP_32_2_VITIS_LOOP_33_3_str"   --->   Operation 39 'specloopname' 'specloopname_ln0' <Predicate = (!icmp_ln31)> <Delay = 0.00>
ST_1 : Operation 40 [1/1] (0.00ns) (grouped into LUT with out node select_ln32)   --->   "%or_ln32 = or i1 %and_ln31_1, i1 %icmp_ln32" [vgg_accelerator.cpp:32]   --->   Operation 40 'or' 'or_ln32' <Predicate = (!icmp_ln31)> <Delay = 0.00> <CoreInst = "LogicGate">   --->   Core 74 'LogicGate' <Latency = 0> <II = 1> <Delay = 0.33> <FuncUnit> <Opcode : 'and' 'or' 'xor'> <InPorts = 2> <OutPorts = 1>
ST_1 : Operation 41 [1/1] (0.45ns) (out node of the LUT)   --->   "%select_ln32 = select i1 %or_ln32, i4 0, i4 %w_load" [vgg_accelerator.cpp:32]   --->   Operation 41 'select' 'select_ln32' <Predicate = (!icmp_ln31)> <Delay = 0.45> <CoreInst = "Sel">   --->   Core 73 'Sel' <Latency = 0> <II = 1> <Delay = 0.45> <FuncUnit> <Opcode : 'select'> <InPorts = 3> <OutPorts = 1>
ST_1 : Operation 42 [1/1] (0.00ns) (grouped into LUT with out node select_ln32_1)   --->   "%empty_40 = trunc i2 %add_ln32" [vgg_accelerator.cpp:32]   --->   Operation 42 'trunc' 'empty_40' <Predicate = (!icmp_ln31)> <Delay = 0.00>
ST_1 : Operation 43 [1/1] (0.33ns) (out node of the LUT)   --->   "%select_ln32_1 = select i1 %and_ln31_1, i1 %empty_40, i1 %and_ln31" [vgg_accelerator.cpp:32]   --->   Operation 43 'select' 'select_ln32_1' <Predicate = (!icmp_ln31)> <Delay = 0.33> <CoreInst = "Sel">   --->   Core 73 'Sel' <Latency = 0> <II = 1> <Delay = 0.26> <FuncUnit> <Opcode : 'select'> <InPorts = 3> <OutPorts = 1>
ST_1 : Operation 44 [1/1] (0.00ns)   --->   "%specpipeline_ln0 = specpipeline void @_ssdm_op_SpecPipeline, i32 4294967295, i32 0, i32 1, i32 0, void @p_str"   --->   Operation 44 'specpipeline' 'specpipeline_ln0' <Predicate = (!icmp_ln31)> <Delay = 0.00>
ST_1 : Operation 45 [1/1] (0.26ns)   --->   "%select_ln32_2 = select i1 %and_ln31_1, i2 %add_ln32, i2 %select_ln31" [vgg_accelerator.cpp:32]   --->   Operation 45 'select' 'select_ln32_2' <Predicate = (!icmp_ln31)> <Delay = 0.26> <CoreInst = "Sel">   --->   Core 73 'Sel' <Latency = 0> <II = 1> <Delay = 0.26> <FuncUnit> <Opcode : 'select'> <InPorts = 3> <OutPorts = 1>
ST_1 : Operation 46 [1/1] (0.00ns)   --->   "%zext_ln34 = zext i4 %select_ln32" [vgg_accelerator.cpp:34]   --->   Operation 46 'zext' 'zext_ln34' <Predicate = (!icmp_ln31)> <Delay = 0.00>
ST_1 : Operation 47 [1/1] (0.90ns)   --->   "%add_ln34 = add i8 %tmp, i8 %zext_ln34" [vgg_accelerator.cpp:34]   --->   Operation 47 'add' 'add_ln34' <Predicate = (!icmp_ln31)> <Delay = 0.90> <CoreInst = "Adder">   --->   Core 1 'Adder' <Latency = 0> <II = 1> <Delay = 0.90> <FuncUnit> <Opcode : 'add' 'sub'> <InPorts = 2> <OutPorts = 1>
ST_1 : Operation 48 [1/1] (0.00ns)   --->   "%zext_ln34_1 = zext i8 %add_ln34" [vgg_accelerator.cpp:34]   --->   Operation 48 'zext' 'zext_ln34_1' <Predicate = (!icmp_ln31)> <Delay = 0.00>
ST_1 : Operation 49 [1/1] (0.00ns)   --->   "%void_layer_block_stream_stream_signed_char_const_32_3_3_signed_char_con_4 = getelementptr i8 %void_layer_block_stream_stream_signed_char_const_32_3_3_signed_char_con_1, i64 0, i64 %zext_ln34_1" [vgg_accelerator.cpp:34]   --->   Operation 49 'getelementptr' 'void_layer_block_stream_stream_signed_char_const_32_3_3_signed_char_con_4' <Predicate = (!icmp_ln31)> <Delay = 0.00>
ST_1 : Operation 50 [1/1] (0.00ns)   --->   "%void_layer_block_stream_stream_signed_char_const_32_3_3_signed_char_con_5 = getelementptr i8 %void_layer_block_stream_stream_signed_char_const_32_3_3_signed_char_con, i64 0, i64 %zext_ln34_1" [vgg_accelerator.cpp:34]   --->   Operation 50 'getelementptr' 'void_layer_block_stream_stream_signed_char_const_32_3_3_signed_char_con_5' <Predicate = (!icmp_ln31)> <Delay = 0.00>
ST_1 : Operation 51 [1/1] (0.00ns)   --->   "%specloopname_ln33 = specloopname void @_ssdm_op_SpecLoopName, void @empty_17" [vgg_accelerator.cpp:33]   --->   Operation 51 'specloopname' 'specloopname_ln33' <Predicate = (!icmp_ln31)> <Delay = 0.00>
ST_1 : Operation 52 [1/1] (0.00ns)   --->   "%br_ln34 = br i1 %select_ln32_1, void %arrayidx4446.case.0.i, void %arrayidx4446.case.1.i" [vgg_accelerator.cpp:34]   --->   Operation 52 'br' 'br_ln34' <Predicate = (!icmp_ln31)> <Delay = 0.00>
ST_1 : Operation 53 [1/1] (1.35ns)   --->   "%store_ln34 = store i8 0, i8 %void_layer_block_stream_stream_signed_char_const_32_3_3_signed_char_con_4" [vgg_accelerator.cpp:34]   --->   Operation 53 'store' 'store_ln34' <Predicate = (!icmp_ln31 & !select_ln32_1)> <Delay = 1.35> <CoreInst = "RAM">   --->   Core 83 'RAM' <Latency = 1> <II = 1> <Delay = 1.35> <Storage> <Opcode : 'load' 'store'> <Ports = 2> <Width = 8> <Depth = 256> <RAM>
ST_1 : Operation 54 [1/1] (0.00ns)   --->   "%br_ln34 = br void %arrayidx4446.exit.i" [vgg_accelerator.cpp:34]   --->   Operation 54 'br' 'br_ln34' <Predicate = (!icmp_ln31 & !select_ln32_1)> <Delay = 0.00>
ST_1 : Operation 55 [1/1] (1.35ns)   --->   "%store_ln34 = store i8 0, i8 %void_layer_block_stream_stream_signed_char_const_32_3_3_signed_char_con_5" [vgg_accelerator.cpp:34]   --->   Operation 55 'store' 'store_ln34' <Predicate = (!icmp_ln31 & select_ln32_1)> <Delay = 1.35> <CoreInst = "RAM">   --->   Core 83 'RAM' <Latency = 1> <II = 1> <Delay = 1.35> <Storage> <Opcode : 'load' 'store'> <Ports = 2> <Width = 8> <Depth = 256> <RAM>
ST_1 : Operation 56 [1/1] (0.00ns)   --->   "%br_ln34 = br void %arrayidx4446.exit.i" [vgg_accelerator.cpp:34]   --->   Operation 56 'br' 'br_ln34' <Predicate = (!icmp_ln31 & select_ln32_1)> <Delay = 0.00>
ST_1 : Operation 57 [1/1] (0.86ns)   --->   "%add_ln33 = add i4 %select_ln32, i4 1" [vgg_accelerator.cpp:33]   --->   Operation 57 'add' 'add_ln33' <Predicate = (!icmp_ln31)> <Delay = 0.86> <CoreInst = "Adder">   --->   Core 1 'Adder' <Latency = 0> <II = 1> <Delay = 0.86> <FuncUnit> <Opcode : 'add' 'sub'> <InPorts = 2> <OutPorts = 1>
ST_1 : Operation 58 [1/1] (0.88ns)   --->   "%add_ln32_1 = add i6 %indvar_flatten_load, i6 1" [vgg_accelerator.cpp:32]   --->   Operation 58 'add' 'add_ln32_1' <Predicate = (!icmp_ln31)> <Delay = 0.88> <CoreInst = "Adder">   --->   Core 1 'Adder' <Latency = 0> <II = 1> <Delay = 0.88> <FuncUnit> <Opcode : 'add' 'sub'> <InPorts = 2> <OutPorts = 1>
ST_1 : Operation 59 [1/1] (0.44ns)   --->   "%select_ln32_3 = select i1 %icmp_ln32, i6 1, i6 %add_ln32_1" [vgg_accelerator.cpp:32]   --->   Operation 59 'select' 'select_ln32_3' <Predicate = (!icmp_ln31)> <Delay = 0.44> <CoreInst = "Sel">   --->   Core 73 'Sel' <Latency = 0> <II = 1> <Delay = 0.44> <FuncUnit> <Opcode : 'select'> <InPorts = 3> <OutPorts = 1>
ST_1 : Operation 60 [1/1] (0.48ns)   --->   "%store_ln33 = store i10 %add_ln31_1, i10 %indvar_flatten13" [vgg_accelerator.cpp:33]   --->   Operation 60 'store' 'store_ln33' <Predicate = (!icmp_ln31)> <Delay = 0.48>
ST_1 : Operation 61 [1/1] (0.48ns)   --->   "%store_ln33 = store i6 %select_ln31_1, i6 %c" [vgg_accelerator.cpp:33]   --->   Operation 61 'store' 'store_ln33' <Predicate = (!icmp_ln31)> <Delay = 0.48>
ST_1 : Operation 62 [1/1] (0.48ns)   --->   "%store_ln33 = store i6 %select_ln32_3, i6 %indvar_flatten" [vgg_accelerator.cpp:33]   --->   Operation 62 'store' 'store_ln33' <Predicate = (!icmp_ln31)> <Delay = 0.48>
ST_1 : Operation 63 [1/1] (0.48ns)   --->   "%store_ln33 = store i2 %select_ln32_2, i2 %h" [vgg_accelerator.cpp:33]   --->   Operation 63 'store' 'store_ln33' <Predicate = (!icmp_ln31)> <Delay = 0.48>
ST_1 : Operation 64 [1/1] (0.48ns)   --->   "%store_ln33 = store i4 %add_ln33, i4 %w" [vgg_accelerator.cpp:33]   --->   Operation 64 'store' 'store_ln33' <Predicate = (!icmp_ln31)> <Delay = 0.48>
ST_1 : Operation 65 [1/1] (0.00ns)   --->   "%br_ln33 = br void %for.body40.i" [vgg_accelerator.cpp:33]   --->   Operation 65 'br' 'br_ln33' <Predicate = (!icmp_ln31)> <Delay = 0.00>
ST_1 : Operation 66 [1/1] (0.00ns)   --->   "%ret_ln0 = ret"   --->   Operation 66 'ret' 'ret_ln0' <Predicate = (icmp_ln31)> <Delay = 0.00>


============================================================
+ Verbose Summary: Timing violations
============================================================
Target clock period: 10ns, clock uncertainty: 2.7ns.

 <State 1>: 4.24ns
The critical path consists of the following:
	'alloca' operation ('indvar_flatten') [5]  (0 ns)
	'load' operation ('indvar_flatten_load', vgg_accelerator.cpp:32) on local variable 'indvar_flatten' [15]  (0 ns)
	'icmp' operation ('icmp_ln32', vgg_accelerator.cpp:32) [28]  (0.87 ns)
	'xor' operation ('xor_ln31', vgg_accelerator.cpp:31) [33]  (0.331 ns)
	'and' operation ('and_ln31_1', vgg_accelerator.cpp:31) [38]  (0.331 ns)
	'or' operation ('or_ln32', vgg_accelerator.cpp:32) [41]  (0 ns)
	'select' operation ('select_ln32', vgg_accelerator.cpp:32) [42]  (0.45 ns)
	'add' operation ('add_ln34', vgg_accelerator.cpp:34) [48]  (0.907 ns)
	'getelementptr' operation ('void_layer_block_stream_stream_signed_char_const_32_3_3_signed_char_con_5', vgg_accelerator.cpp:34) [51]  (0 ns)
	'store' operation ('store_ln34', vgg_accelerator.cpp:34) of constant 0 on array 'void_layer_block_stream_stream_signed_char_const_32_3_3_signed_char_con' [58]  (1.35 ns)


============================================================
+ Verbose Summary: Binding
============================================================
N/A
* FSMD analyzer results:
  - Output states:
 - Input state : 
  - Chain level:
	State 1


============================================================
+ Verbose Summary: Datapath Resource usage 
============================================================
N/A
