

================================================================
== Vitis HLS Report for 'layer_block_1_16_32_s'
================================================================
* Date:           Thu Dec 11 20:07:31 2025

* Version:        2022.2 (Build 3670227 on Oct 13 2022)
* Project:        vgg_accelerator
* Solution:       solution1 (Vivado IP Flow Target)
* Product family: zynquplus
* Target device:  xczu5eg-sfvc784-1-e


================================================================
== Performance Estimates
================================================================
+ Timing: 
    * Summary: 
    +--------+----------+----------+------------+
    |  Clock |  Target  | Estimated| Uncertainty|
    +--------+----------+----------+------------+
    |ap_clk  |  10.00 ns|  7.169 ns|     2.70 ns|
    +--------+----------+----------+------------+

+ Latency: 
    * Summary: 
    +---------+---------+----------+----------+-------+-------+---------+
    |  Latency (cycles) |  Latency (absolute) |    Interval   | Pipeline|
    |   min   |   max   |    min   |    max   |  min  |  max  |   Type  |
    +---------+---------+----------+----------+-------+-------+---------+
    |    16457|    16457|  0.165 ms|  0.165 ms|  16457|  16457|       no|
    +---------+---------+----------+----------+-------+-------+---------+

    + Detail: 
        * Instance: 
        +------------------------------------------------------------------------+--------------------------------------------------------------+---------+---------+----------+----------+-------+-------+---------+
        |                                                                        |                                                              |  Latency (cycles) |  Latency (absolute) |    Interval   | Pipeline|
        |                                Instance                                |                            Module                            |   min   |   max   |    min   |    max   |  min  |  max  |   Type  |
        +------------------------------------------------------------------------+--------------------------------------------------------------+---------+---------+----------+----------+-------+-------+---------+
        |grp_layer_block_1_16_32_Pipeline_VITIS_LOOP_32_2_VITIS_LOOP_33_3_fu_24  |layer_block_1_16_32_Pipeline_VITIS_LOOP_32_2_VITIS_LOOP_33_3  |       66|       66|  0.660 us|  0.660 us|     66|     66|       no|
        |grp_layer_block_1_16_32_Pipeline_VITIS_LOOP_36_4_VITIS_LOOP_37_5_fu_32  |layer_block_1_16_32_Pipeline_VITIS_LOOP_36_4_VITIS_LOOP_37_5  |    16388|    16388|  0.164 ms|  0.164 ms|  16388|  16388|       no|
        +------------------------------------------------------------------------+--------------------------------------------------------------+---------+---------+----------+----------+-------+-------+---------+

        * Loop: 
        N/A



================================================================
== Utilization Estimates
================================================================
* Summary: 
+-----------------+---------+------+--------+--------+-----+
|       Name      | BRAM_18K|  DSP |   FF   |   LUT  | URAM|
+-----------------+---------+------+--------+--------+-----+
|DSP              |        -|     -|       -|       -|    -|
|Expression       |        -|     -|       0|       2|    -|
|FIFO             |        -|     -|       -|       -|    -|
|Instance         |        -|     -|    1052|   17604|    -|
|Memory           |        0|     -|      16|       8|    0|
|Multiplexer      |        -|     -|       -|     174|    -|
|Register         |        -|     -|       8|       -|    -|
+-----------------+---------+------+--------+--------+-----+
|Total            |        0|     0|    1076|   17788|    0|
+-----------------+---------+------+--------+--------+-----+
|Available        |      288|  1248|  234240|  117120|   64|
+-----------------+---------+------+--------+--------+-----+
|Utilization (%)  |        0|     0|      ~0|      15|    0|
+-----------------+---------+------+--------+--------+-----+

+ Detail: 
    * Instance: 
    +------------------------------------------------------------------------+--------------------------------------------------------------+---------+----+------+-------+-----+
    |                                Instance                                |                            Module                            | BRAM_18K| DSP|  FF  |  LUT  | URAM|
    +------------------------------------------------------------------------+--------------------------------------------------------------+---------+----+------+-------+-----+
    |grp_layer_block_1_16_32_Pipeline_VITIS_LOOP_32_2_VITIS_LOOP_33_3_fu_24  |layer_block_1_16_32_Pipeline_VITIS_LOOP_32_2_VITIS_LOOP_33_3  |        0|   0|    17|    128|    0|
    |grp_layer_block_1_16_32_Pipeline_VITIS_LOOP_36_4_VITIS_LOOP_37_5_fu_32  |layer_block_1_16_32_Pipeline_VITIS_LOOP_36_4_VITIS_LOOP_37_5  |        0|   0|  1035|  17476|    0|
    +------------------------------------------------------------------------+--------------------------------------------------------------+---------+----+------+-------+-----+
    |Total                                                                   |                                                              |        0|   0|  1052|  17604|    0|
    +------------------------------------------------------------------------+--------------------------------------------------------------+---------+----+------+-------+-----+

    * DSP: 
    N/A

    * Memory: 
    +-----------------------------------------------------------------------------+----------------------------------------------------------------------------------+---------+---+----+-----+------+-----+------+-------------+
    |                                    Memory                                   |                                      Module                                      | BRAM_18K| FF| LUT| URAM| Words| Bits| Banks| W*Bits*Banks|
    +-----------------------------------------------------------------------------+----------------------------------------------------------------------------------+---------+---+----+-----+------+-----+------+-------------+
    |void_layer_block_stream_stream_signed_char_const_1_3_3_signed_char_cons_1_U  |layer_block_1_16_32_s_void_layer_block_stream_stream_signed_char_const_1_3_3_bkb  |        0|  8|   4|    0|    32|    8|     1|          256|
    |void_layer_block_stream_stream_signed_char_const_1_3_3_signed_char_cons_U    |layer_block_1_16_32_s_void_layer_block_stream_stream_signed_char_const_1_3_3_bkb  |        0|  8|   4|    0|    32|    8|     1|          256|
    +-----------------------------------------------------------------------------+----------------------------------------------------------------------------------+---------+---+----+-----+------+-----+------+-------------+
    |Total                                                                        |                                                                                  |        0| 16|   8|    0|    64|   16|     2|          512|
    +-----------------------------------------------------------------------------+----------------------------------------------------------------------------------+---------+---+----+-----+------+-----+------+-------------+

    * FIFO: 
    N/A

    * Expression: 
    +-----------------+----------+----+---+----+------------+------------+
    |  Variable Name  | Operation| DSP| FF| LUT| Bitwidth P0| Bitwidth P1|
    +-----------------+----------+----+---+----+------------+------------+
    |ap_block_state1  |        or|   0|  0|   2|           1|           1|
    +-----------------+----------+----+---+----+------------+------------+
    |Total            |          |   0|  0|   2|           1|           1|
    +-----------------+----------+----+---+----+------------+------------+

    * Multiplexer: 
    +------------------------------------------------------------------------------------+----+-----------+-----+-----------+
    |                                        Name                                        | LUT| Input Size| Bits| Total Bits|
    +------------------------------------------------------------------------------------+----+-----------+-----+-----------+
    |ap_NS_fsm                                                                           |  26|          5|    1|          5|
    |ap_done                                                                             |   9|          2|    1|          2|
    |real_start                                                                          |   9|          2|    1|          2|
    |s_conv1_write                                                                       |   9|          2|    1|          2|
    |s_input_read                                                                        |   9|          2|    1|          2|
    |void_layer_block_stream_stream_signed_char_const_1_3_3_signed_char_cons_1_address0  |  14|          3|    5|         15|
    |void_layer_block_stream_stream_signed_char_const_1_3_3_signed_char_cons_1_ce0       |  14|          3|    1|          3|
    |void_layer_block_stream_stream_signed_char_const_1_3_3_signed_char_cons_1_d0        |  14|          3|    8|         24|
    |void_layer_block_stream_stream_signed_char_const_1_3_3_signed_char_cons_1_we0       |  14|          3|    1|          3|
    |void_layer_block_stream_stream_signed_char_const_1_3_3_signed_char_cons_address0    |  14|          3|    5|         15|
    |void_layer_block_stream_stream_signed_char_const_1_3_3_signed_char_cons_ce0         |  14|          3|    1|          3|
    |void_layer_block_stream_stream_signed_char_const_1_3_3_signed_char_cons_d0          |  14|          3|    8|         24|
    |void_layer_block_stream_stream_signed_char_const_1_3_3_signed_char_cons_we0         |  14|          3|    1|          3|
    +------------------------------------------------------------------------------------+----+-----------+-----+-----------+
    |Total                                                                               | 174|         37|   35|        103|
    +------------------------------------------------------------------------------------+----+-----------+-----+-----------+

    * Register: 
    +-------------------------------------------------------------------------------------+---+----+-----+-----------+
    |                                         Name                                        | FF| LUT| Bits| Const Bits|
    +-------------------------------------------------------------------------------------+---+----+-----+-----------+
    |ap_CS_fsm                                                                            |  4|   0|    4|          0|
    |ap_done_reg                                                                          |  1|   0|    1|          0|
    |grp_layer_block_1_16_32_Pipeline_VITIS_LOOP_32_2_VITIS_LOOP_33_3_fu_24_ap_start_reg  |  1|   0|    1|          0|
    |grp_layer_block_1_16_32_Pipeline_VITIS_LOOP_36_4_VITIS_LOOP_37_5_fu_32_ap_start_reg  |  1|   0|    1|          0|
    |start_once_reg                                                                       |  1|   0|    1|          0|
    +-------------------------------------------------------------------------------------+---+----+-----+-----------+
    |Total                                                                                |  8|   0|    8|          0|
    +-------------------------------------------------------------------------------------+---+----+-----+-----------+



================================================================
== Interface
================================================================
* Summary: 
+------------------------+-----+-----+------------+------------------------+--------------+
|        RTL Ports       | Dir | Bits|  Protocol  |      Source Object     |    C Type    |
+------------------------+-----+-----+------------+------------------------+--------------+
|ap_clk                  |   in|    1|  ap_ctrl_hs|  layer_block<1, 16, 32>|  return value|
|ap_rst                  |   in|    1|  ap_ctrl_hs|  layer_block<1, 16, 32>|  return value|
|ap_start                |   in|    1|  ap_ctrl_hs|  layer_block<1, 16, 32>|  return value|
|start_full_n            |   in|    1|  ap_ctrl_hs|  layer_block<1, 16, 32>|  return value|
|ap_done                 |  out|    1|  ap_ctrl_hs|  layer_block<1, 16, 32>|  return value|
|ap_continue             |   in|    1|  ap_ctrl_hs|  layer_block<1, 16, 32>|  return value|
|ap_idle                 |  out|    1|  ap_ctrl_hs|  layer_block<1, 16, 32>|  return value|
|ap_ready                |  out|    1|  ap_ctrl_hs|  layer_block<1, 16, 32>|  return value|
|start_out               |  out|    1|  ap_ctrl_hs|  layer_block<1, 16, 32>|  return value|
|start_write             |  out|    1|  ap_ctrl_hs|  layer_block<1, 16, 32>|  return value|
|s_input_dout            |   in|    8|     ap_fifo|                 s_input|       pointer|
|s_input_num_data_valid  |   in|    8|     ap_fifo|                 s_input|       pointer|
|s_input_fifo_cap        |   in|    8|     ap_fifo|                 s_input|       pointer|
|s_input_empty_n         |   in|    1|     ap_fifo|                 s_input|       pointer|
|s_input_read            |  out|    1|     ap_fifo|                 s_input|       pointer|
|s_conv1_din             |  out|    8|     ap_fifo|                 s_conv1|       pointer|
|s_conv1_num_data_valid  |   in|    8|     ap_fifo|                 s_conv1|       pointer|
|s_conv1_fifo_cap        |   in|    8|     ap_fifo|                 s_conv1|       pointer|
|s_conv1_full_n          |   in|    1|     ap_fifo|                 s_conv1|       pointer|
|s_conv1_write           |  out|    1|     ap_fifo|                 s_conv1|       pointer|
+------------------------+-----+-----+------------+------------------------+--------------+

============================================================
+ Verbose Summary: Synthesis Manager
============================================================
InlineROM: 1
ExposeGlobal: 0
============================================================
+ Verbose Summary: CDFG Model
============================================================
IsTopModel: 0
ResetActiveHigh: 1
IsCombinational: 2
IsDatapathOnly: 0
HasWiredReturn: 1
HasMFsm: 0
HasVarLatency: 1
IsPipeline: 0
IsRtlPipelined: 0
IsInstanceOverlapped: 0
IsDontTouch: 0
HasImplIP: 0
IsGatedGlobalClock: 0


============================================================
+ Verbose Summary: Schedule
============================================================
* Number of FSM states : 4
* Pipeline : 0
* Dataflow Pipeline: 0

* FSM state transitions: 
1 --> 2 
2 --> 3 
3 --> 4 
4 --> 

* FSM state operations: 

State 1 <SV = 0> <Delay = 0.00>
ST_1 : Operation 5 [2/2] (0.00ns)   --->   "%call_ln0 = call void @layer_block<1, 16, 32>_Pipeline_VITIS_LOOP_32_2_VITIS_LOOP_33_3, i8 %void_layer_block_stream_stream_signed_char_const_1_3_3_signed_char_cons_1, i8 %void_layer_block_stream_stream_signed_char_const_1_3_3_signed_char_cons"   --->   Operation 5 'call' 'call_ln0' <Predicate = true> <Delay = 0.00> <CoreType = "Generic">   --->   Core 0 '' <Latency = 0> <II = 1> <Delay = 1.00> <Generic> <Opcode : >

State 2 <SV = 1> <Delay = 0.00>
ST_2 : Operation 6 [1/2] (0.00ns)   --->   "%call_ln0 = call void @layer_block<1, 16, 32>_Pipeline_VITIS_LOOP_32_2_VITIS_LOOP_33_3, i8 %void_layer_block_stream_stream_signed_char_const_1_3_3_signed_char_cons_1, i8 %void_layer_block_stream_stream_signed_char_const_1_3_3_signed_char_cons"   --->   Operation 6 'call' 'call_ln0' <Predicate = true> <Delay = 0.00> <CoreType = "Generic">   --->   Core 0 '' <Latency = 0> <II = 1> <Delay = 1.00> <Generic> <Opcode : >

State 3 <SV = 2> <Delay = 0.00>
ST_3 : Operation 7 [1/1] (0.00ns)   --->   "%empty = wait i32 @_ssdm_op_Wait"   --->   Operation 7 'wait' 'empty' <Predicate = true> <Delay = 0.00>
ST_3 : Operation 8 [2/2] (0.00ns)   --->   "%call_ln0 = call void @layer_block<1, 16, 32>_Pipeline_VITIS_LOOP_36_4_VITIS_LOOP_37_5, i8 %s_input, i8 %void_layer_block_stream_stream_signed_char_const_1_3_3_signed_char_cons_1, i8 %void_layer_block_stream_stream_signed_char_const_1_3_3_signed_char_cons, i8 %s_conv1"   --->   Operation 8 'call' 'call_ln0' <Predicate = true> <Delay = 0.00> <CoreType = "Generic">   --->   Core 0 '' <Latency = 0> <II = 1> <Delay = 1.00> <Generic> <Opcode : >

State 4 <SV = 3> <Delay = 0.00>
ST_4 : Operation 9 [1/1] (0.00ns)   --->   "%specinterface_ln0 = specinterface void @_ssdm_op_SpecInterface, i8 %s_conv1, void @empty_11, i32 0, i32 0, void @empty_4, i32 0, i32 0, void @empty_4, void @empty_4, void @empty_4, i32 0, i32 0, i32 0, i32 0, void @empty_4, void @empty_4, i32 4294967295, i32 0"   --->   Operation 9 'specinterface' 'specinterface_ln0' <Predicate = true> <Delay = 0.00>
ST_4 : Operation 10 [1/1] (0.00ns)   --->   "%specinterface_ln0 = specinterface void @_ssdm_op_SpecInterface, i8 %s_conv1, void @empty_11, i32 0, i32 0, void @empty_4, i32 0, i32 0, void @empty_4, void @empty_4, void @empty_4, i32 0, i32 0, i32 0, i32 0, void @empty_4, void @empty_4, i32 4294967295, i32 0"   --->   Operation 10 'specinterface' 'specinterface_ln0' <Predicate = true> <Delay = 0.00>
ST_4 : Operation 11 [1/1] (0.00ns)   --->   "%specinterface_ln0 = specinterface void @_ssdm_op_SpecInterface, i8 %s_conv1, void @empty_11, i32 0, i32 0, void @empty_4, i32 0, i32 0, void @empty_4, void @empty_4, void @empty_4, i32 0, i32 0, i32 0, i32 0, void @empty_4, void @empty_4, i32 4294967295, i32 0"   --->   Operation 11 'specinterface' 'specinterface_ln0' <Predicate = true> <Delay = 0.00>
ST_4 : Operation 12 [1/1] (0.00ns)   --->   "%specinterface_ln0 = specinterface void @_ssdm_op_SpecInterface, i8 %s_input, void @empty_11, i32 0, i32 0, void @empty_4, i32 0, i32 0, void @empty_4, void @empty_4, void @empty_4, i32 0, i32 0, i32 0, i32 0, void @empty_4, void @empty_4, i32 4294967295, i32 0"   --->   Operation 12 'specinterface' 'specinterface_ln0' <Predicate = true> <Delay = 0.00>
ST_4 : Operation 13 [1/1] (0.00ns)   --->   "%specinterface_ln0 = specinterface void @_ssdm_op_SpecInterface, i8 %s_input, void @empty_11, i32 0, i32 0, void @empty_4, i32 0, i32 0, void @empty_4, void @empty_4, void @empty_4, i32 0, i32 0, i32 0, i32 0, void @empty_4, void @empty_4, i32 4294967295, i32 0"   --->   Operation 13 'specinterface' 'specinterface_ln0' <Predicate = true> <Delay = 0.00>
ST_4 : Operation 14 [1/1] (0.00ns)   --->   "%specinterface_ln0 = specinterface void @_ssdm_op_SpecInterface, i8 %s_input, void @empty_11, i32 0, i32 0, void @empty_4, i32 0, i32 0, void @empty_4, void @empty_4, void @empty_4, i32 0, i32 0, i32 0, i32 0, void @empty_4, void @empty_4, i32 4294967295, i32 0"   --->   Operation 14 'specinterface' 'specinterface_ln0' <Predicate = true> <Delay = 0.00>
ST_4 : Operation 15 [1/1] (0.00ns)   --->   "%specinterface_ln0 = specinterface void @_ssdm_op_SpecInterface, i8 %s_conv1, void @empty_11, i32 0, i32 0, void @empty_4, i32 0, i32 0, void @empty_4, void @empty_4, void @empty_4, i32 0, i32 0, i32 0, i32 0, void @empty_4, void @empty_4, i32 4294967295, i32 0"   --->   Operation 15 'specinterface' 'specinterface_ln0' <Predicate = true> <Delay = 0.00>
ST_4 : Operation 16 [1/1] (0.00ns)   --->   "%specinterface_ln0 = specinterface void @_ssdm_op_SpecInterface, i8 %s_input, void @empty_11, i32 0, i32 0, void @empty_4, i32 0, i32 0, void @empty_4, void @empty_4, void @empty_4, i32 0, i32 0, i32 0, i32 0, void @empty_4, void @empty_4, i32 4294967295, i32 0"   --->   Operation 16 'specinterface' 'specinterface_ln0' <Predicate = true> <Delay = 0.00>
ST_4 : Operation 17 [1/2] (0.00ns)   --->   "%call_ln0 = call void @layer_block<1, 16, 32>_Pipeline_VITIS_LOOP_36_4_VITIS_LOOP_37_5, i8 %s_input, i8 %void_layer_block_stream_stream_signed_char_const_1_3_3_signed_char_cons_1, i8 %void_layer_block_stream_stream_signed_char_const_1_3_3_signed_char_cons, i8 %s_conv1"   --->   Operation 17 'call' 'call_ln0' <Predicate = true> <Delay = 0.00> <CoreType = "Generic">   --->   Core 0 '' <Latency = 0> <II = 1> <Delay = 1.00> <Generic> <Opcode : >
ST_4 : Operation 18 [1/1] (0.00ns)   --->   "%ret_ln0 = ret"   --->   Operation 18 'ret' 'ret_ln0' <Predicate = true> <Delay = 0.00>


============================================================
+ Verbose Summary: Binding
============================================================
STG Binding: 
---------------- STG Properties BEGIN ----------------
- Is combinational: 0
- Is one-state seq: 0
- Is datapath-only: 0
- Is pipelined: 0
- Is top level: 0
Port [ Return ] is wired: 1; IO mode=ap_ctrl_hs:ce=0
Port [ void_layer_block_stream_stream_signed_char_const_1_3_3_signed_char_cons_1]:  wired=0; compound=1; hidden=1; nouse=0; global=1; static=1; extern=0; dir=2; type=1; pingpong=0; private_global=1; MemPort=[23]; IO mode=ap_memory:ce=0
Port [ void_layer_block_stream_stream_signed_char_const_1_3_3_signed_char_cons]:  wired=0; compound=1; hidden=1; nouse=0; global=1; static=1; extern=0; dir=2; type=1; pingpong=0; private_global=1; MemPort=[23]; IO mode=ap_memory:ce=0
Port [ s_input]:  wired=1; compound=1; hidden=0; nouse=0; global=1; static=1; extern=0; dir=0; type=3; pingpong=0; private_global=0; IO mode=ap_fifo:ce=0
Port [ s_conv1]:  wired=1; compound=1; hidden=0; nouse=0; global=1; static=1; extern=0; dir=1; type=3; pingpong=0; private_global=0; IO mode=ap_fifo:ce=0
---------------- STG Properties END ------------------

---------------- Datapath Model BEGIN ----------------

<LifeTime>
<method=bitvector/>
call_ln0          (call         ) [ 00000]
empty             (wait         ) [ 00000]
specinterface_ln0 (specinterface) [ 00000]
specinterface_ln0 (specinterface) [ 00000]
specinterface_ln0 (specinterface) [ 00000]
specinterface_ln0 (specinterface) [ 00000]
specinterface_ln0 (specinterface) [ 00000]
specinterface_ln0 (specinterface) [ 00000]
specinterface_ln0 (specinterface) [ 00000]
specinterface_ln0 (specinterface) [ 00000]
call_ln0          (call         ) [ 00000]
ret_ln0           (ret          ) [ 00000]
</LifeTime>

<model>

<comp_list>
<comp id="0" class="1000" name="void_layer_block_stream_stream_signed_char_const_1_3_3_signed_char_cons_1">
<pin_list>
<pin id="1" dir="1" index="0" bw="1" slack="0"/>
</pin_list>
<bind>
<StgValue><ssdm name="void_layer_block_stream_stream_signed_char_const_1_3_3_signed_char_cons_1"/><MemPortTyVec>2 3 </MemPortTyVec>
</StgValue>
</bind>
</comp>

<comp id="2" class="1000" name="void_layer_block_stream_stream_signed_char_const_1_3_3_signed_char_cons">
<pin_list>
<pin id="3" dir="1" index="0" bw="1" slack="0"/>
</pin_list>
<bind>
<StgValue><ssdm name="void_layer_block_stream_stream_signed_char_const_1_3_3_signed_char_cons"/><MemPortTyVec>2 3 </MemPortTyVec>
</StgValue>
</bind>
</comp>

<comp id="4" class="1000" name="s_input">
<pin_list>
<pin id="5" dir="1" index="0" bw="1" slack="0"/>
</pin_list>
<bind>
<StgValue><ssdm name="s_input"/></StgValue>
</bind>
</comp>

<comp id="6" class="1000" name="s_conv1">
<pin_list>
<pin id="7" dir="1" index="0" bw="1" slack="0"/>
</pin_list>
<bind>
<StgValue><ssdm name="s_conv1"/></StgValue>
</bind>
</comp>

<comp id="8" class="1001" name="const_8">
<pin_list>
<pin id="9" dir="1" index="0" bw="1" slack="0"/>
</pin_list>
<bind>
<StgValue><ssdm name="layer_block<1, 16, 32>_Pipeline_VITIS_LOOP_32_2_VITIS_LOOP_33_3"/></StgValue>
</bind>
</comp>

<comp id="10" class="1001" name="const_10">
<pin_list>
<pin id="11" dir="1" index="0" bw="1" slack="2147483647"/>
</pin_list>
<bind>
<StgValue><ssdm name="_ssdm_op_Wait"/></StgValue>
</bind>
</comp>

<comp id="12" class="1001" name="const_12">
<pin_list>
<pin id="13" dir="1" index="0" bw="1" slack="0"/>
</pin_list>
<bind>
<StgValue><ssdm name="layer_block<1, 16, 32>_Pipeline_VITIS_LOOP_36_4_VITIS_LOOP_37_5"/></StgValue>
</bind>
</comp>

<comp id="14" class="1001" name="const_14">
<pin_list>
<pin id="15" dir="1" index="0" bw="1" slack="2147483647"/>
</pin_list>
<bind>
<StgValue><ssdm name="_ssdm_op_SpecInterface"/></StgValue>
</bind>
</comp>

<comp id="16" class="1001" name="const_16">
<pin_list>
<pin id="17" dir="1" index="0" bw="1" slack="2147483647"/>
</pin_list>
<bind>
<StgValue><ssdm name="empty_11"/></StgValue>
</bind>
</comp>

<comp id="18" class="1001" name="const_18">
<pin_list>
<pin id="19" dir="1" index="0" bw="1" slack="2147483647"/>
</pin_list>
<bind>
<StgValue><ssdm name=""/></StgValue>
</bind>
</comp>

<comp id="20" class="1001" name="const_20">
<pin_list>
<pin id="21" dir="1" index="0" bw="1" slack="2147483647"/>
</pin_list>
<bind>
<StgValue><ssdm name="empty_4"/></StgValue>
</bind>
</comp>

<comp id="22" class="1001" name="const_22">
<pin_list>
<pin id="23" dir="1" index="0" bw="1" slack="2147483647"/>
</pin_list>
<bind>
<StgValue><ssdm name=""/></StgValue>
</bind>
</comp>

<comp id="24" class="1004" name="grp_layer_block_1_16_32_Pipeline_VITIS_LOOP_32_2_VITIS_LOOP_33_3_fu_24">
<pin_list>
<pin id="25" dir="0" index="0" bw="0" slack="0"/>
<pin id="26" dir="0" index="1" bw="8" slack="0"/>
<pin id="27" dir="0" index="2" bw="8" slack="0"/>
<pin id="28" dir="1" index="3" bw="0" slack="2147483647"/>
</pin_list>
<bind>
<opcode="call(48) " fcode="call"/>
<opset="call_ln0/1 "/>
</bind>
</comp>

<comp id="32" class="1004" name="grp_layer_block_1_16_32_Pipeline_VITIS_LOOP_36_4_VITIS_LOOP_37_5_fu_32">
<pin_list>
<pin id="33" dir="0" index="0" bw="0" slack="0"/>
<pin id="34" dir="0" index="1" bw="8" slack="0"/>
<pin id="35" dir="0" index="2" bw="8" slack="0"/>
<pin id="36" dir="0" index="3" bw="8" slack="0"/>
<pin id="37" dir="0" index="4" bw="8" slack="0"/>
<pin id="38" dir="1" index="5" bw="0" slack="2147483647"/>
</pin_list>
<bind>
<opcode="call(48) " fcode="call"/>
<opset="call_ln0/3 "/>
</bind>
</comp>

</comp_list>

<net_list>
<net id="29"><net_src comp="8" pin="0"/><net_sink comp="24" pin=0"/></net>

<net id="30"><net_src comp="0" pin="0"/><net_sink comp="24" pin=1"/></net>

<net id="31"><net_src comp="2" pin="0"/><net_sink comp="24" pin=2"/></net>

<net id="39"><net_src comp="12" pin="0"/><net_sink comp="32" pin=0"/></net>

<net id="40"><net_src comp="4" pin="0"/><net_sink comp="32" pin=1"/></net>

<net id="41"><net_src comp="0" pin="0"/><net_sink comp="32" pin=2"/></net>

<net id="42"><net_src comp="2" pin="0"/><net_sink comp="32" pin=3"/></net>

<net id="43"><net_src comp="6" pin="0"/><net_sink comp="32" pin=4"/></net>

</net_list>

</model> 
---------------- Datapath Model END ------------------

* FSMD analyzer results:
  - Output states:
	Port: void_layer_block_stream_stream_signed_char_const_1_3_3_signed_char_cons_1 | {1 2 3 4 }
	Port: void_layer_block_stream_stream_signed_char_const_1_3_3_signed_char_cons | {1 2 3 4 }
	Port: s_input | {}
	Port: s_conv1 | {3 4 }
 - Input state : 
	Port: layer_block<1, 16, 32> : void_layer_block_stream_stream_signed_char_const_1_3_3_signed_char_cons_1 | {3 4 }
	Port: layer_block<1, 16, 32> : void_layer_block_stream_stream_signed_char_const_1_3_3_signed_char_cons | {3 4 }
	Port: layer_block<1, 16, 32> : s_input | {3 4 }
	Port: layer_block<1, 16, 32> : s_conv1 | {}
  - Chain level:
	State 1
	State 2
	State 3
	State 4


============================================================
+ Verbose Summary: Datapath Resource usage 
============================================================

* Functional unit list:
|----------|------------------------------------------------------------------------|---------|---------|---------|
| Operation|                             Functional Unit                            |  Delay  |    FF   |   LUT   |
|----------|------------------------------------------------------------------------|---------|---------|---------|
|   call   | grp_layer_block_1_16_32_Pipeline_VITIS_LOOP_32_2_VITIS_LOOP_33_3_fu_24 |    0    |    15   |    64   |
|          | grp_layer_block_1_16_32_Pipeline_VITIS_LOOP_36_4_VITIS_LOOP_37_5_fu_32 |  1.548  |   1114  |  16649  |
|----------|------------------------------------------------------------------------|---------|---------|---------|
|   Total  |                                                                        |  1.548  |   1129  |  16713  |
|----------|------------------------------------------------------------------------|---------|---------|---------|

Memories:
N/A

* Register list:
N/A

* Multiplexer (MUX) list: 
|--------|------|------|------|--------|
|  Comp  |  Pin | Size |  BW  | S x BW |
|--------|------|------|------|--------|
|  Total |      |      |      |    0   |
|--------|------|------|------|--------|



* Summary:
+-----------+--------+--------+--------+
|           |  Delay |   FF   |   LUT  |
+-----------+--------+--------+--------+
|  Function |    1   |  1129  |  16713 |
|   Memory  |    -   |    -   |    -   |
|Multiplexer|    -   |    -   |    -   |
|  Register |    -   |    -   |    -   |
+-----------+--------+--------+--------+
|   Total   |    1   |  1129  |  16713 |
+-----------+--------+--------+--------+
