

================================================================
== Vitis HLS Report for 'layer_block_16_32_16_Pipeline_VITIS_LOOP_31_1_VITIS_LOOP_32_2_VITIS_LOOP_33_3'
================================================================
* Date:           Thu Dec 11 20:06:56 2025

* Version:        2022.2 (Build 3670227 on Oct 13 2022)
* Project:        vgg_accelerator
* Solution:       solution1 (Vivado IP Flow Target)
* Product family: zynquplus
* Target device:  xczu5eg-sfvc784-1-e


================================================================
== Performance Estimates
================================================================
+ Timing: 
    * Summary: 
    +--------+----------+----------+------------+
    |  Clock |  Target  | Estimated| Uncertainty|
    +--------+----------+----------+------------+
    |ap_clk  |  10.00 ns|  4.264 ns|     2.70 ns|
    +--------+----------+----------+------------+

+ Latency: 
    * Summary: 
    +---------+---------+----------+----------+-----+-----+---------+
    |  Latency (cycles) |  Latency (absolute) |  Interval | Pipeline|
    |   min   |   max   |    min   |    max   | min | max |   Type  |
    +---------+---------+----------+----------+-----+-----+---------+
    |      514|      514|  5.140 us|  5.140 us|  514|  514|       no|
    +---------+---------+----------+----------+-----+-----+---------+

    + Detail: 
        * Instance: 
        N/A

        * Loop: 
        +---------------------------------------------------+---------+---------+----------+-----------+-----------+------+----------+
        |                                                   |  Latency (cycles) | Iteration|  Initiation Interval  | Trip |          |
        |                     Loop Name                     |   min   |   max   |  Latency |  achieved |   target  | Count| Pipelined|
        +---------------------------------------------------+---------+---------+----------+-----------+-----------+------+----------+
        |- VITIS_LOOP_31_1_VITIS_LOOP_32_2_VITIS_LOOP_33_3  |      512|      512|         1|          1|          1|   512|       yes|
        +---------------------------------------------------+---------+---------+----------+-----------+-----------+------+----------+

============================================================
+ Verbose Summary: Synthesis Manager
============================================================
InlineROM: 1
ExposeGlobal: 0
============================================================
+ Verbose Summary: CDFG Model
============================================================
IsTopModel: 0
ResetActiveHigh: 1
IsCombinational: 0
IsDatapathOnly: 0
HasWiredReturn: 1
HasMFsm: 2
HasVarLatency: 1
IsPipeline: 0
IsRtlPipelined: 0
IsInstanceOverlapped: 0
IsDontTouch: 0
HasImplIP: 0
IsGatedGlobalClock: 0

+ Individual pipeline summary: 
  * Pipeline-0: initiation interval (II) = 1, depth = 1


============================================================
+ Verbose Summary: Schedule
============================================================
* Number of FSM states : 1
* Pipeline : 1
  Pipeline-0 : II = 1, D = 1, States = { 1 }
* Dataflow Pipeline: 0

* FSM state transitions: 
1 --> 

* FSM state operations: 

State 1 <SV = 0> <Delay = 4.26>
ST_1 : Operation 4 [1/1] (0.00ns)   --->   "%w = alloca i32 1"   --->   Operation 4 'alloca' 'w' <Predicate = true> <Delay = 0.00>
ST_1 : Operation 5 [1/1] (0.00ns)   --->   "%h = alloca i32 1"   --->   Operation 5 'alloca' 'h' <Predicate = true> <Delay = 0.00>
ST_1 : Operation 6 [1/1] (0.00ns)   --->   "%indvar_flatten = alloca i32 1"   --->   Operation 6 'alloca' 'indvar_flatten' <Predicate = true> <Delay = 0.00>
ST_1 : Operation 7 [1/1] (0.00ns)   --->   "%c = alloca i32 1"   --->   Operation 7 'alloca' 'c' <Predicate = true> <Delay = 0.00>
ST_1 : Operation 8 [1/1] (0.00ns)   --->   "%indvar_flatten13 = alloca i32 1"   --->   Operation 8 'alloca' 'indvar_flatten13' <Predicate = true> <Delay = 0.00>
ST_1 : Operation 9 [1/1] (0.48ns)   --->   "%store_ln0 = store i10 0, i10 %indvar_flatten13"   --->   Operation 9 'store' 'store_ln0' <Predicate = true> <Delay = 0.48>
ST_1 : Operation 10 [1/1] (0.48ns)   --->   "%store_ln0 = store i5 0, i5 %c"   --->   Operation 10 'store' 'store_ln0' <Predicate = true> <Delay = 0.48>
ST_1 : Operation 11 [1/1] (0.48ns)   --->   "%store_ln0 = store i7 0, i7 %indvar_flatten"   --->   Operation 11 'store' 'store_ln0' <Predicate = true> <Delay = 0.48>
ST_1 : Operation 12 [1/1] (0.48ns)   --->   "%store_ln0 = store i2 0, i2 %h"   --->   Operation 12 'store' 'store_ln0' <Predicate = true> <Delay = 0.48>
ST_1 : Operation 13 [1/1] (0.48ns)   --->   "%store_ln0 = store i5 0, i5 %w"   --->   Operation 13 'store' 'store_ln0' <Predicate = true> <Delay = 0.48>
ST_1 : Operation 14 [1/1] (0.00ns)   --->   "%br_ln0 = br void %for.body40.i"   --->   Operation 14 'br' 'br_ln0' <Predicate = true> <Delay = 0.00>
ST_1 : Operation 15 [1/1] (0.00ns)   --->   "%indvar_flatten_load = load i7 %indvar_flatten" [vgg_accelerator.cpp:32]   --->   Operation 15 'load' 'indvar_flatten_load' <Predicate = true> <Delay = 0.00>
ST_1 : Operation 16 [1/1] (0.00ns)   --->   "%indvar_flatten13_load = load i10 %indvar_flatten13" [vgg_accelerator.cpp:31]   --->   Operation 16 'load' 'indvar_flatten13_load' <Predicate = true> <Delay = 0.00>
ST_1 : Operation 17 [1/1] (0.00ns)   --->   "%specpipeline_ln0 = specpipeline void @_ssdm_op_SpecPipeline, i32 4294967295, i32 0, i32 1, i32 0, void @p_str"   --->   Operation 17 'specpipeline' 'specpipeline_ln0' <Predicate = true> <Delay = 0.00>
ST_1 : Operation 18 [1/1] (0.85ns)   --->   "%icmp_ln31 = icmp_eq  i10 %indvar_flatten13_load, i10 512" [vgg_accelerator.cpp:31]   --->   Operation 18 'icmp' 'icmp_ln31' <Predicate = true> <Delay = 0.85> <CoreInst = "Cmp">   --->   Core 9 'Cmp' <Latency = 0> <II = 1> <Delay = 0.85> <FuncUnit> <Opcode : 'icmp'> <InPorts = 2> <OutPorts = 1>
ST_1 : Operation 19 [1/1] (0.93ns)   --->   "%add_ln31_2 = add i10 %indvar_flatten13_load, i10 1" [vgg_accelerator.cpp:31]   --->   Operation 19 'add' 'add_ln31_2' <Predicate = true> <Delay = 0.93> <CoreInst = "Adder">   --->   Core 1 'Adder' <Latency = 0> <II = 1> <Delay = 0.93> <FuncUnit> <Opcode : 'add' 'sub'> <InPorts = 2> <OutPorts = 1>
ST_1 : Operation 20 [1/1] (0.00ns)   --->   "%br_ln31 = br i1 %icmp_ln31, void %for.inc48.i, void %VITIS_LOOP_40_6.i.preheader.exitStub" [vgg_accelerator.cpp:31]   --->   Operation 20 'br' 'br_ln31' <Predicate = true> <Delay = 0.00>
ST_1 : Operation 21 [1/1] (0.00ns)   --->   "%w_load = load i5 %w" [vgg_accelerator.cpp:33]   --->   Operation 21 'load' 'w_load' <Predicate = (!icmp_ln31)> <Delay = 0.00>
ST_1 : Operation 22 [1/1] (0.00ns)   --->   "%h_load = load i2 %h"   --->   Operation 22 'load' 'h_load' <Predicate = (!icmp_ln31)> <Delay = 0.00>
ST_1 : Operation 23 [1/1] (0.00ns)   --->   "%c_load = load i5 %c" [vgg_accelerator.cpp:31]   --->   Operation 23 'load' 'c_load' <Predicate = (!icmp_ln31)> <Delay = 0.00>
ST_1 : Operation 24 [1/1] (0.87ns)   --->   "%add_ln31 = add i5 %c_load, i5 1" [vgg_accelerator.cpp:31]   --->   Operation 24 'add' 'add_ln31' <Predicate = (!icmp_ln31)> <Delay = 0.87> <CoreInst = "Adder">   --->   Core 1 'Adder' <Latency = 0> <II = 1> <Delay = 0.87> <FuncUnit> <Opcode : 'add' 'sub'> <InPorts = 2> <OutPorts = 1>
ST_1 : Operation 25 [1/1] (0.00ns)   --->   "%specloopname_ln0 = specloopname void @_ssdm_op_SpecLoopName, void @VITIS_LOOP_31_1_VITIS_LOOP_32_2_VITIS_LOOP_33_3_str"   --->   Operation 25 'specloopname' 'specloopname_ln0' <Predicate = (!icmp_ln31)> <Delay = 0.00>
ST_1 : Operation 26 [1/1] (0.00ns)   --->   "%empty = speclooptripcount i32 @_ssdm_op_SpecLoopTripCount, i64 512, i64 512, i64 512"   --->   Operation 26 'speclooptripcount' 'empty' <Predicate = (!icmp_ln31)> <Delay = 0.00>
ST_1 : Operation 27 [1/1] (0.86ns)   --->   "%icmp_ln32 = icmp_eq  i7 %indvar_flatten_load, i7 32" [vgg_accelerator.cpp:32]   --->   Operation 27 'icmp' 'icmp_ln32' <Predicate = (!icmp_ln31)> <Delay = 0.86> <CoreInst = "Cmp">   --->   Core 9 'Cmp' <Latency = 0> <II = 1> <Delay = 0.86> <FuncUnit> <Opcode : 'icmp'> <InPorts = 2> <OutPorts = 1>
ST_1 : Operation 28 [1/1] (0.26ns)   --->   "%select_ln31 = select i1 %icmp_ln32, i2 0, i2 %h_load" [vgg_accelerator.cpp:31]   --->   Operation 28 'select' 'select_ln31' <Predicate = (!icmp_ln31)> <Delay = 0.26> <CoreInst = "Sel">   --->   Core 73 'Sel' <Latency = 0> <II = 1> <Delay = 0.26> <FuncUnit> <Opcode : 'select'> <InPorts = 3> <OutPorts = 1>
ST_1 : Operation 29 [1/1] (0.48ns)   --->   "%select_ln31_2 = select i1 %icmp_ln32, i5 %add_ln31, i5 %c_load" [vgg_accelerator.cpp:31]   --->   Operation 29 'select' 'select_ln31_2' <Predicate = (!icmp_ln31)> <Delay = 0.48> <CoreInst = "Sel">   --->   Core 73 'Sel' <Latency = 0> <II = 1> <Delay = 0.48> <FuncUnit> <Opcode : 'select'> <InPorts = 3> <OutPorts = 1>
ST_1 : Operation 30 [1/1] (0.00ns)   --->   "%trunc_ln34 = trunc i5 %select_ln31_2" [vgg_accelerator.cpp:34]   --->   Operation 30 'trunc' 'trunc_ln34' <Predicate = (!icmp_ln31)> <Delay = 0.00>
ST_1 : Operation 31 [1/1] (0.00ns)   --->   "%tmp = bitconcatenate i8 @_ssdm_op_BitConcatenate.i8.i4.i4, i4 %trunc_ln34, i4 0" [vgg_accelerator.cpp:34]   --->   Operation 31 'bitconcatenate' 'tmp' <Predicate = (!icmp_ln31)> <Delay = 0.00>
ST_1 : Operation 32 [1/1] (0.33ns)   --->   "%xor_ln31 = xor i1 %icmp_ln32, i1 1" [vgg_accelerator.cpp:31]   --->   Operation 32 'xor' 'xor_ln31' <Predicate = (!icmp_ln31)> <Delay = 0.33> <CoreInst = "LogicGate">   --->   Core 74 'LogicGate' <Latency = 0> <II = 1> <Delay = 0.33> <FuncUnit> <Opcode : 'and' 'or' 'xor'> <InPorts = 2> <OutPorts = 1>
ST_1 : Operation 33 [1/1] (0.00ns) (grouped into LUT with out node select_ln32_4)   --->   "%empty_45 = trunc i2 %h_load"   --->   Operation 33 'trunc' 'empty_45' <Predicate = (!icmp_ln31)> <Delay = 0.00>
ST_1 : Operation 34 [1/1] (0.00ns) (grouped into LUT with out node select_ln32_4)   --->   "%and_ln31 = and i1 %empty_45, i1 %xor_ln31" [vgg_accelerator.cpp:31]   --->   Operation 34 'and' 'and_ln31' <Predicate = (!icmp_ln31)> <Delay = 0.00> <CoreInst = "LogicGate">   --->   Core 74 'LogicGate' <Latency = 0> <II = 1> <Delay = 0.33> <FuncUnit> <Opcode : 'and' 'or' 'xor'> <InPorts = 2> <OutPorts = 1>
ST_1 : Operation 35 [1/1] (0.00ns)   --->   "%specpipeline_ln0 = specpipeline void @_ssdm_op_SpecPipeline, i32 4294967295, i32 0, i32 1, i32 0, void @p_str"   --->   Operation 35 'specpipeline' 'specpipeline_ln0' <Predicate = (!icmp_ln31)> <Delay = 0.00>
ST_1 : Operation 36 [1/1] (0.87ns)   --->   "%icmp_ln33 = icmp_eq  i5 %w_load, i5 16" [vgg_accelerator.cpp:33]   --->   Operation 36 'icmp' 'icmp_ln33' <Predicate = (!icmp_ln31)> <Delay = 0.87> <CoreInst = "Cmp">   --->   Core 9 'Cmp' <Latency = 0> <II = 1> <Delay = 0.87> <FuncUnit> <Opcode : 'icmp'> <InPorts = 2> <OutPorts = 1>
ST_1 : Operation 37 [1/1] (0.33ns)   --->   "%and_ln31_2 = and i1 %icmp_ln33, i1 %xor_ln31" [vgg_accelerator.cpp:31]   --->   Operation 37 'and' 'and_ln31_2' <Predicate = (!icmp_ln31)> <Delay = 0.33> <CoreInst = "LogicGate">   --->   Core 74 'LogicGate' <Latency = 0> <II = 1> <Delay = 0.33> <FuncUnit> <Opcode : 'and' 'or' 'xor'> <InPorts = 2> <OutPorts = 1>
ST_1 : Operation 38 [1/1] (0.62ns)   --->   "%add_ln32 = add i2 %select_ln31, i2 1" [vgg_accelerator.cpp:32]   --->   Operation 38 'add' 'add_ln32' <Predicate = (!icmp_ln31)> <Delay = 0.62> <CoreInst = "Adder">   --->   Core 1 'Adder' <Latency = 0> <II = 1> <Delay = 0.62> <FuncUnit> <Opcode : 'add' 'sub'> <InPorts = 2> <OutPorts = 1>
ST_1 : Operation 39 [1/1] (0.00ns)   --->   "%specloopname_ln0 = specloopname void @_ssdm_op_SpecLoopName, void @VITIS_LOOP_32_2_VITIS_LOOP_33_3_str"   --->   Operation 39 'specloopname' 'specloopname_ln0' <Predicate = (!icmp_ln31)> <Delay = 0.00>
ST_1 : Operation 40 [1/1] (0.00ns) (grouped into LUT with out node select_ln32)   --->   "%or_ln32 = or i1 %and_ln31_2, i1 %icmp_ln32" [vgg_accelerator.cpp:32]   --->   Operation 40 'or' 'or_ln32' <Predicate = (!icmp_ln31)> <Delay = 0.00> <CoreInst = "LogicGate">   --->   Core 74 'LogicGate' <Latency = 0> <II = 1> <Delay = 0.33> <FuncUnit> <Opcode : 'and' 'or' 'xor'> <InPorts = 2> <OutPorts = 1>
ST_1 : Operation 41 [1/1] (0.48ns) (out node of the LUT)   --->   "%select_ln32 = select i1 %or_ln32, i5 0, i5 %w_load" [vgg_accelerator.cpp:32]   --->   Operation 41 'select' 'select_ln32' <Predicate = (!icmp_ln31)> <Delay = 0.48> <CoreInst = "Sel">   --->   Core 73 'Sel' <Latency = 0> <II = 1> <Delay = 0.48> <FuncUnit> <Opcode : 'select'> <InPorts = 3> <OutPorts = 1>
ST_1 : Operation 42 [1/1] (0.00ns) (grouped into LUT with out node select_ln32_4)   --->   "%empty_46 = trunc i2 %add_ln32" [vgg_accelerator.cpp:32]   --->   Operation 42 'trunc' 'empty_46' <Predicate = (!icmp_ln31)> <Delay = 0.00>
ST_1 : Operation 43 [1/1] (0.33ns) (out node of the LUT)   --->   "%select_ln32_4 = select i1 %and_ln31_2, i1 %empty_46, i1 %and_ln31" [vgg_accelerator.cpp:32]   --->   Operation 43 'select' 'select_ln32_4' <Predicate = (!icmp_ln31)> <Delay = 0.33> <CoreInst = "Sel">   --->   Core 73 'Sel' <Latency = 0> <II = 1> <Delay = 0.26> <FuncUnit> <Opcode : 'select'> <InPorts = 3> <OutPorts = 1>
ST_1 : Operation 44 [1/1] (0.00ns)   --->   "%specpipeline_ln0 = specpipeline void @_ssdm_op_SpecPipeline, i32 4294967295, i32 0, i32 1, i32 0, void @p_str"   --->   Operation 44 'specpipeline' 'specpipeline_ln0' <Predicate = (!icmp_ln31)> <Delay = 0.00>
ST_1 : Operation 45 [1/1] (0.26ns)   --->   "%select_ln32_5 = select i1 %and_ln31_2, i2 %add_ln32, i2 %select_ln31" [vgg_accelerator.cpp:32]   --->   Operation 45 'select' 'select_ln32_5' <Predicate = (!icmp_ln31)> <Delay = 0.26> <CoreInst = "Sel">   --->   Core 73 'Sel' <Latency = 0> <II = 1> <Delay = 0.26> <FuncUnit> <Opcode : 'select'> <InPorts = 3> <OutPorts = 1>
ST_1 : Operation 46 [1/1] (0.00ns)   --->   "%zext_ln34 = zext i5 %select_ln32" [vgg_accelerator.cpp:34]   --->   Operation 46 'zext' 'zext_ln34' <Predicate = (!icmp_ln31)> <Delay = 0.00>
ST_1 : Operation 47 [1/1] (0.90ns)   --->   "%add_ln34 = add i8 %tmp, i8 %zext_ln34" [vgg_accelerator.cpp:34]   --->   Operation 47 'add' 'add_ln34' <Predicate = (!icmp_ln31)> <Delay = 0.90> <CoreInst = "Adder">   --->   Core 1 'Adder' <Latency = 0> <II = 1> <Delay = 0.90> <FuncUnit> <Opcode : 'add' 'sub'> <InPorts = 2> <OutPorts = 1>
ST_1 : Operation 48 [1/1] (0.00ns)   --->   "%zext_ln34_2 = zext i8 %add_ln34" [vgg_accelerator.cpp:34]   --->   Operation 48 'zext' 'zext_ln34_2' <Predicate = (!icmp_ln31)> <Delay = 0.00>
ST_1 : Operation 49 [1/1] (0.00ns)   --->   "%void_layer_block_stream_stream_signed_char_const_16_3_3_signed_char_con_4 = getelementptr i8 %void_layer_block_stream_stream_signed_char_const_16_3_3_signed_char_con_1, i64 0, i64 %zext_ln34_2" [vgg_accelerator.cpp:34]   --->   Operation 49 'getelementptr' 'void_layer_block_stream_stream_signed_char_const_16_3_3_signed_char_con_4' <Predicate = (!icmp_ln31)> <Delay = 0.00>
ST_1 : Operation 50 [1/1] (0.00ns)   --->   "%void_layer_block_stream_stream_signed_char_const_16_3_3_signed_char_con_5 = getelementptr i8 %void_layer_block_stream_stream_signed_char_const_16_3_3_signed_char_con, i64 0, i64 %zext_ln34_2" [vgg_accelerator.cpp:34]   --->   Operation 50 'getelementptr' 'void_layer_block_stream_stream_signed_char_const_16_3_3_signed_char_con_5' <Predicate = (!icmp_ln31)> <Delay = 0.00>
ST_1 : Operation 51 [1/1] (0.00ns)   --->   "%specloopname_ln33 = specloopname void @_ssdm_op_SpecLoopName, void @empty_17" [vgg_accelerator.cpp:33]   --->   Operation 51 'specloopname' 'specloopname_ln33' <Predicate = (!icmp_ln31)> <Delay = 0.00>
ST_1 : Operation 52 [1/1] (0.00ns)   --->   "%br_ln34 = br i1 %select_ln32_4, void %arrayidx4446.case.0.i, void %arrayidx4446.case.1.i" [vgg_accelerator.cpp:34]   --->   Operation 52 'br' 'br_ln34' <Predicate = (!icmp_ln31)> <Delay = 0.00>
ST_1 : Operation 53 [1/1] (1.35ns)   --->   "%store_ln34 = store i8 0, i8 %void_layer_block_stream_stream_signed_char_const_16_3_3_signed_char_con_4" [vgg_accelerator.cpp:34]   --->   Operation 53 'store' 'store_ln34' <Predicate = (!icmp_ln31 & !select_ln32_4)> <Delay = 1.35> <CoreInst = "RAM">   --->   Core 83 'RAM' <Latency = 1> <II = 1> <Delay = 1.35> <Storage> <Opcode : 'load' 'store'> <Ports = 2> <Width = 8> <Depth = 256> <RAM>
ST_1 : Operation 54 [1/1] (0.00ns)   --->   "%br_ln34 = br void %arrayidx4446.exit.i" [vgg_accelerator.cpp:34]   --->   Operation 54 'br' 'br_ln34' <Predicate = (!icmp_ln31 & !select_ln32_4)> <Delay = 0.00>
ST_1 : Operation 55 [1/1] (1.35ns)   --->   "%store_ln34 = store i8 0, i8 %void_layer_block_stream_stream_signed_char_const_16_3_3_signed_char_con_5" [vgg_accelerator.cpp:34]   --->   Operation 55 'store' 'store_ln34' <Predicate = (!icmp_ln31 & select_ln32_4)> <Delay = 1.35> <CoreInst = "RAM">   --->   Core 83 'RAM' <Latency = 1> <II = 1> <Delay = 1.35> <Storage> <Opcode : 'load' 'store'> <Ports = 2> <Width = 8> <Depth = 256> <RAM>
ST_1 : Operation 56 [1/1] (0.00ns)   --->   "%br_ln34 = br void %arrayidx4446.exit.i" [vgg_accelerator.cpp:34]   --->   Operation 56 'br' 'br_ln34' <Predicate = (!icmp_ln31 & select_ln32_4)> <Delay = 0.00>
ST_1 : Operation 57 [1/1] (0.87ns)   --->   "%add_ln33 = add i5 %select_ln32, i5 1" [vgg_accelerator.cpp:33]   --->   Operation 57 'add' 'add_ln33' <Predicate = (!icmp_ln31)> <Delay = 0.87> <CoreInst = "Adder">   --->   Core 1 'Adder' <Latency = 0> <II = 1> <Delay = 0.87> <FuncUnit> <Opcode : 'add' 'sub'> <InPorts = 2> <OutPorts = 1>
ST_1 : Operation 58 [1/1] (0.89ns)   --->   "%add_ln32_2 = add i7 %indvar_flatten_load, i7 1" [vgg_accelerator.cpp:32]   --->   Operation 58 'add' 'add_ln32_2' <Predicate = (!icmp_ln31)> <Delay = 0.89> <CoreInst = "Adder">   --->   Core 1 'Adder' <Latency = 0> <II = 1> <Delay = 0.89> <FuncUnit> <Opcode : 'add' 'sub'> <InPorts = 2> <OutPorts = 1>
ST_1 : Operation 59 [1/1] (0.42ns)   --->   "%select_ln32_6 = select i1 %icmp_ln32, i7 1, i7 %add_ln32_2" [vgg_accelerator.cpp:32]   --->   Operation 59 'select' 'select_ln32_6' <Predicate = (!icmp_ln31)> <Delay = 0.42> <CoreInst = "Sel">   --->   Core 73 'Sel' <Latency = 0> <II = 1> <Delay = 0.42> <FuncUnit> <Opcode : 'select'> <InPorts = 3> <OutPorts = 1>
ST_1 : Operation 60 [1/1] (0.48ns)   --->   "%store_ln33 = store i10 %add_ln31_2, i10 %indvar_flatten13" [vgg_accelerator.cpp:33]   --->   Operation 60 'store' 'store_ln33' <Predicate = (!icmp_ln31)> <Delay = 0.48>
ST_1 : Operation 61 [1/1] (0.48ns)   --->   "%store_ln33 = store i5 %select_ln31_2, i5 %c" [vgg_accelerator.cpp:33]   --->   Operation 61 'store' 'store_ln33' <Predicate = (!icmp_ln31)> <Delay = 0.48>
ST_1 : Operation 62 [1/1] (0.48ns)   --->   "%store_ln33 = store i7 %select_ln32_6, i7 %indvar_flatten" [vgg_accelerator.cpp:33]   --->   Operation 62 'store' 'store_ln33' <Predicate = (!icmp_ln31)> <Delay = 0.48>
ST_1 : Operation 63 [1/1] (0.48ns)   --->   "%store_ln33 = store i2 %select_ln32_5, i2 %h" [vgg_accelerator.cpp:33]   --->   Operation 63 'store' 'store_ln33' <Predicate = (!icmp_ln31)> <Delay = 0.48>
ST_1 : Operation 64 [1/1] (0.48ns)   --->   "%store_ln33 = store i5 %add_ln33, i5 %w" [vgg_accelerator.cpp:33]   --->   Operation 64 'store' 'store_ln33' <Predicate = (!icmp_ln31)> <Delay = 0.48>
ST_1 : Operation 65 [1/1] (0.00ns)   --->   "%br_ln33 = br void %for.body40.i" [vgg_accelerator.cpp:33]   --->   Operation 65 'br' 'br_ln33' <Predicate = (!icmp_ln31)> <Delay = 0.00>
ST_1 : Operation 66 [1/1] (0.00ns)   --->   "%ret_ln0 = ret"   --->   Operation 66 'ret' 'ret_ln0' <Predicate = (icmp_ln31)> <Delay = 0.00>


============================================================
+ Verbose Summary: Binding
============================================================
STG Binding: 
---------------- STG Properties BEGIN ----------------
- Is combinational: 0
- Is one-state seq: 0
- Is datapath-only: 0
- Is pipelined: 0
- Is top level: 0
Port [ Return ] is wired: 1; IO mode=ap_ctrl_hs:ce=0
Port [ void_layer_block_stream_stream_signed_char_const_16_3_3_signed_char_con_1]:  wired=1; compound=1; hidden=0; nouse=0; global=1; static=1; extern=0; dir=1; type=1; pingpong=0; private_global=0; MemPort=[03]; IO mode=ap_memory:ce=0
Port [ void_layer_block_stream_stream_signed_char_const_16_3_3_signed_char_con]:  wired=1; compound=1; hidden=0; nouse=0; global=1; static=1; extern=0; dir=1; type=1; pingpong=0; private_global=0; MemPort=[03]; IO mode=ap_memory:ce=0
---------------- STG Properties END ------------------

---------------- Datapath Model BEGIN ----------------

<LifeTime>
<method=bitvector/>
w                                                                         (alloca           ) [ 01]
h                                                                         (alloca           ) [ 01]
indvar_flatten                                                            (alloca           ) [ 01]
c                                                                         (alloca           ) [ 01]
indvar_flatten13                                                          (alloca           ) [ 01]
store_ln0                                                                 (store            ) [ 00]
store_ln0                                                                 (store            ) [ 00]
store_ln0                                                                 (store            ) [ 00]
store_ln0                                                                 (store            ) [ 00]
store_ln0                                                                 (store            ) [ 00]
br_ln0                                                                    (br               ) [ 00]
indvar_flatten_load                                                       (load             ) [ 00]
indvar_flatten13_load                                                     (load             ) [ 00]
specpipeline_ln0                                                          (specpipeline     ) [ 00]
icmp_ln31                                                                 (icmp             ) [ 01]
add_ln31_2                                                                (add              ) [ 00]
br_ln31                                                                   (br               ) [ 00]
w_load                                                                    (load             ) [ 00]
h_load                                                                    (load             ) [ 00]
c_load                                                                    (load             ) [ 00]
add_ln31                                                                  (add              ) [ 00]
specloopname_ln0                                                          (specloopname     ) [ 00]
empty                                                                     (speclooptripcount) [ 00]
icmp_ln32                                                                 (icmp             ) [ 00]
select_ln31                                                               (select           ) [ 00]
select_ln31_2                                                             (select           ) [ 00]
trunc_ln34                                                                (trunc            ) [ 00]
tmp                                                                       (bitconcatenate   ) [ 00]
xor_ln31                                                                  (xor              ) [ 00]
empty_45                                                                  (trunc            ) [ 00]
and_ln31                                                                  (and              ) [ 00]
specpipeline_ln0                                                          (specpipeline     ) [ 00]
icmp_ln33                                                                 (icmp             ) [ 00]
and_ln31_2                                                                (and              ) [ 00]
add_ln32                                                                  (add              ) [ 00]
specloopname_ln0                                                          (specloopname     ) [ 00]
or_ln32                                                                   (or               ) [ 00]
select_ln32                                                               (select           ) [ 00]
empty_46                                                                  (trunc            ) [ 00]
select_ln32_4                                                             (select           ) [ 01]
specpipeline_ln0                                                          (specpipeline     ) [ 00]
select_ln32_5                                                             (select           ) [ 00]
zext_ln34                                                                 (zext             ) [ 00]
add_ln34                                                                  (add              ) [ 00]
zext_ln34_2                                                               (zext             ) [ 00]
void_layer_block_stream_stream_signed_char_const_16_3_3_signed_char_con_4 (getelementptr    ) [ 00]
void_layer_block_stream_stream_signed_char_const_16_3_3_signed_char_con_5 (getelementptr    ) [ 00]
specloopname_ln33                                                         (specloopname     ) [ 00]
br_ln34                                                                   (br               ) [ 00]
store_ln34                                                                (store            ) [ 00]
br_ln34                                                                   (br               ) [ 00]
store_ln34                                                                (store            ) [ 00]
br_ln34                                                                   (br               ) [ 00]
add_ln33                                                                  (add              ) [ 00]
add_ln32_2                                                                (add              ) [ 00]
select_ln32_6                                                             (select           ) [ 00]
store_ln33                                                                (store            ) [ 00]
store_ln33                                                                (store            ) [ 00]
store_ln33                                                                (store            ) [ 00]
store_ln33                                                                (store            ) [ 00]
store_ln33                                                                (store            ) [ 00]
br_ln33                                                                   (br               ) [ 00]
ret_ln0                                                                   (ret              ) [ 00]
</LifeTime>

<model>

<comp_list>
<comp id="0" class="1000" name="void_layer_block_stream_stream_signed_char_const_16_3_3_signed_char_con_1">
<pin_list>
<pin id="1" dir="1" index="0" bw="1" slack="0"/>
</pin_list>
<bind>
<StgValue><ssdm name="void_layer_block_stream_stream_signed_char_const_16_3_3_signed_char_con_1"/><MemPortTyVec>0 3 </MemPortTyVec>
</StgValue>
</bind>
</comp>

<comp id="2" class="1000" name="void_layer_block_stream_stream_signed_char_const_16_3_3_signed_char_con">
<pin_list>
<pin id="3" dir="1" index="0" bw="1" slack="0"/>
</pin_list>
<bind>
<StgValue><ssdm name="void_layer_block_stream_stream_signed_char_const_16_3_3_signed_char_con"/><MemPortTyVec>0 3 </MemPortTyVec>
</StgValue>
</bind>
</comp>

<comp id="4" class="1001" name="const_4">
<pin_list>
<pin id="5" dir="1" index="0" bw="1" slack="0"/>
</pin_list>
<bind>
<StgValue><ssdm name=""/></StgValue>
</bind>
</comp>

<comp id="6" class="1001" name="const_6">
<pin_list>
<pin id="7" dir="1" index="0" bw="1" slack="0"/>
</pin_list>
<bind>
<StgValue><ssdm name=""/></StgValue>
</bind>
</comp>

<comp id="8" class="1001" name="const_8">
<pin_list>
<pin id="9" dir="1" index="0" bw="1" slack="0"/>
</pin_list>
<bind>
<StgValue><ssdm name=""/></StgValue>
</bind>
</comp>

<comp id="10" class="1001" name="const_10">
<pin_list>
<pin id="11" dir="1" index="0" bw="1" slack="0"/>
</pin_list>
<bind>
<StgValue><ssdm name=""/></StgValue>
</bind>
</comp>

<comp id="12" class="1001" name="const_12">
<pin_list>
<pin id="13" dir="1" index="0" bw="1" slack="0"/>
</pin_list>
<bind>
<StgValue><ssdm name=""/></StgValue>
</bind>
</comp>

<comp id="14" class="1001" name="const_14">
<pin_list>
<pin id="15" dir="1" index="0" bw="1" slack="2147483647"/>
</pin_list>
<bind>
<StgValue><ssdm name="_ssdm_op_SpecPipeline"/></StgValue>
</bind>
</comp>

<comp id="16" class="1001" name="const_16">
<pin_list>
<pin id="17" dir="1" index="0" bw="1" slack="2147483647"/>
</pin_list>
<bind>
<StgValue><ssdm name=""/></StgValue>
</bind>
</comp>

<comp id="18" class="1001" name="const_18">
<pin_list>
<pin id="19" dir="1" index="0" bw="1" slack="2147483647"/>
</pin_list>
<bind>
<StgValue><ssdm name=""/></StgValue>
</bind>
</comp>

<comp id="20" class="1001" name="const_20">
<pin_list>
<pin id="21" dir="1" index="0" bw="1" slack="2147483647"/>
</pin_list>
<bind>
<StgValue><ssdm name="p_str"/></StgValue>
</bind>
</comp>

<comp id="22" class="1001" name="const_22">
<pin_list>
<pin id="23" dir="1" index="0" bw="1" slack="0"/>
</pin_list>
<bind>
<StgValue><ssdm name=""/></StgValue>
</bind>
</comp>

<comp id="24" class="1001" name="const_24">
<pin_list>
<pin id="25" dir="1" index="0" bw="1" slack="0"/>
</pin_list>
<bind>
<StgValue><ssdm name=""/></StgValue>
</bind>
</comp>

<comp id="26" class="1001" name="const_26">
<pin_list>
<pin id="27" dir="1" index="0" bw="1" slack="0"/>
</pin_list>
<bind>
<StgValue><ssdm name=""/></StgValue>
</bind>
</comp>

<comp id="28" class="1001" name="const_28">
<pin_list>
<pin id="29" dir="1" index="0" bw="1" slack="2147483647"/>
</pin_list>
<bind>
<StgValue><ssdm name="_ssdm_op_SpecLoopName"/></StgValue>
</bind>
</comp>

<comp id="30" class="1001" name="const_30">
<pin_list>
<pin id="31" dir="1" index="0" bw="1" slack="2147483647"/>
</pin_list>
<bind>
<StgValue><ssdm name="VITIS_LOOP_31_1_VITIS_LOOP_32_2_VITIS_LOOP_33_3_str"/></StgValue>
</bind>
</comp>

<comp id="32" class="1001" name="const_32">
<pin_list>
<pin id="33" dir="1" index="0" bw="1" slack="2147483647"/>
</pin_list>
<bind>
<StgValue><ssdm name="_ssdm_op_SpecLoopTripCount"/></StgValue>
</bind>
</comp>

<comp id="34" class="1001" name="const_34">
<pin_list>
<pin id="35" dir="1" index="0" bw="1" slack="2147483647"/>
</pin_list>
<bind>
<StgValue><ssdm name=""/></StgValue>
</bind>
</comp>

<comp id="36" class="1001" name="const_36">
<pin_list>
<pin id="37" dir="1" index="0" bw="1" slack="0"/>
</pin_list>
<bind>
<StgValue><ssdm name=""/></StgValue>
</bind>
</comp>

<comp id="38" class="1001" name="const_38">
<pin_list>
<pin id="39" dir="1" index="0" bw="1" slack="0"/>
</pin_list>
<bind>
<StgValue><ssdm name="_ssdm_op_BitConcatenate.i8.i4.i4"/></StgValue>
</bind>
</comp>

<comp id="40" class="1001" name="const_40">
<pin_list>
<pin id="41" dir="1" index="0" bw="1" slack="0"/>
</pin_list>
<bind>
<StgValue><ssdm name=""/></StgValue>
</bind>
</comp>

<comp id="42" class="1001" name="const_42">
<pin_list>
<pin id="43" dir="1" index="0" bw="1" slack="0"/>
</pin_list>
<bind>
<StgValue><ssdm name=""/></StgValue>
</bind>
</comp>

<comp id="44" class="1001" name="const_44">
<pin_list>
<pin id="45" dir="1" index="0" bw="1" slack="0"/>
</pin_list>
<bind>
<StgValue><ssdm name=""/></StgValue>
</bind>
</comp>

<comp id="46" class="1001" name="const_46">
<pin_list>
<pin id="47" dir="1" index="0" bw="1" slack="0"/>
</pin_list>
<bind>
<StgValue><ssdm name=""/></StgValue>
</bind>
</comp>

<comp id="48" class="1001" name="const_48">
<pin_list>
<pin id="49" dir="1" index="0" bw="1" slack="2147483647"/>
</pin_list>
<bind>
<StgValue><ssdm name="VITIS_LOOP_32_2_VITIS_LOOP_33_3_str"/></StgValue>
</bind>
</comp>

<comp id="50" class="1001" name="const_50">
<pin_list>
<pin id="51" dir="1" index="0" bw="1" slack="0"/>
</pin_list>
<bind>
<StgValue><ssdm name=""/></StgValue>
</bind>
</comp>

<comp id="52" class="1001" name="const_52">
<pin_list>
<pin id="53" dir="1" index="0" bw="1" slack="2147483647"/>
</pin_list>
<bind>
<StgValue><ssdm name="empty_17"/></StgValue>
</bind>
</comp>

<comp id="54" class="1001" name="const_54">
<pin_list>
<pin id="55" dir="1" index="0" bw="1" slack="0"/>
</pin_list>
<bind>
<StgValue><ssdm name=""/></StgValue>
</bind>
</comp>

<comp id="56" class="1001" name="const_56">
<pin_list>
<pin id="57" dir="1" index="0" bw="1" slack="0"/>
</pin_list>
<bind>
<StgValue><ssdm name=""/></StgValue>
</bind>
</comp>

<comp id="58" class="1004" name="w_fu_58">
<pin_list>
<pin id="59" dir="0" index="0" bw="1" slack="0"/>
<pin id="60" dir="1" index="1" bw="5" slack="0"/>
</pin_list>
<bind>
<opcode="alloca(26) " fcode="alloca"/>
<opset="w/1 "/>
</bind>
</comp>

<comp id="62" class="1004" name="h_fu_62">
<pin_list>
<pin id="63" dir="0" index="0" bw="1" slack="0"/>
<pin id="64" dir="1" index="1" bw="2" slack="0"/>
</pin_list>
<bind>
<opcode="alloca(26) " fcode="alloca"/>
<opset="h/1 "/>
</bind>
</comp>

<comp id="66" class="1004" name="indvar_flatten_fu_66">
<pin_list>
<pin id="67" dir="0" index="0" bw="1" slack="0"/>
<pin id="68" dir="1" index="1" bw="7" slack="0"/>
</pin_list>
<bind>
<opcode="alloca(26) " fcode="alloca"/>
<opset="indvar_flatten/1 "/>
</bind>
</comp>

<comp id="70" class="1004" name="c_fu_70">
<pin_list>
<pin id="71" dir="0" index="0" bw="1" slack="0"/>
<pin id="72" dir="1" index="1" bw="5" slack="0"/>
</pin_list>
<bind>
<opcode="alloca(26) " fcode="alloca"/>
<opset="c/1 "/>
</bind>
</comp>

<comp id="74" class="1004" name="indvar_flatten13_fu_74">
<pin_list>
<pin id="75" dir="0" index="0" bw="1" slack="0"/>
<pin id="76" dir="1" index="1" bw="10" slack="0"/>
</pin_list>
<bind>
<opcode="alloca(26) " fcode="alloca"/>
<opset="indvar_flatten13/1 "/>
</bind>
</comp>

<comp id="78" class="1004" name="void_layer_block_stream_stream_signed_char_const_16_3_3_signed_char_con_4_gep_fu_78">
<pin_list>
<pin id="79" dir="0" index="0" bw="8" slack="0"/>
<pin id="80" dir="0" index="1" bw="1" slack="0"/>
<pin id="81" dir="0" index="2" bw="8" slack="0"/>
<pin id="82" dir="1" index="3" bw="8" slack="0"/>
</pin_list>
<bind>
<opcode="getelementptr(29) " fcode="getelementptr"/>
<opset="void_layer_block_stream_stream_signed_char_const_16_3_3_signed_char_con_4/1 "/>
</bind>
</comp>

<comp id="85" class="1004" name="void_layer_block_stream_stream_signed_char_const_16_3_3_signed_char_con_5_gep_fu_85">
<pin_list>
<pin id="86" dir="0" index="0" bw="8" slack="0"/>
<pin id="87" dir="0" index="1" bw="1" slack="0"/>
<pin id="88" dir="0" index="2" bw="8" slack="0"/>
<pin id="89" dir="1" index="3" bw="8" slack="0"/>
</pin_list>
<bind>
<opcode="getelementptr(29) " fcode="getelementptr"/>
<opset="void_layer_block_stream_stream_signed_char_const_16_3_3_signed_char_con_5/1 "/>
</bind>
</comp>

<comp id="92" class="1004" name="store_ln34_access_fu_92">
<pin_list>
<pin id="93" dir="0" index="0" bw="8" slack="0"/>
<pin id="94" dir="0" index="1" bw="8" slack="0"/>
<pin id="95" dir="0" index="2" bw="0" slack="2147483647"/>
<pin id="96" dir="1" index="3" bw="8" slack="2147483647"/>
</pin_list>
<bind>
<opcode="store(28) " fcode="store"/>
<opset="store_ln34/1 "/>
</bind>
</comp>

<comp id="99" class="1004" name="store_ln34_access_fu_99">
<pin_list>
<pin id="100" dir="0" index="0" bw="8" slack="0"/>
<pin id="101" dir="0" index="1" bw="8" slack="0"/>
<pin id="102" dir="0" index="2" bw="0" slack="2147483647"/>
<pin id="103" dir="1" index="3" bw="8" slack="2147483647"/>
</pin_list>
<bind>
<opcode="store(28) " fcode="store"/>
<opset="store_ln34/1 "/>
</bind>
</comp>

<comp id="106" class="1004" name="store_ln0_store_fu_106">
<pin_list>
<pin id="107" dir="0" index="0" bw="1" slack="0"/>
<pin id="108" dir="0" index="1" bw="10" slack="0"/>
<pin id="109" dir="1" index="2" bw="0" slack="2147483647"/>
</pin_list>
<bind>
<opcode="store(28) " fcode="store"/>
<opset="store_ln0/1 "/>
</bind>
</comp>

<comp id="111" class="1004" name="store_ln0_store_fu_111">
<pin_list>
<pin id="112" dir="0" index="0" bw="1" slack="0"/>
<pin id="113" dir="0" index="1" bw="5" slack="0"/>
<pin id="114" dir="1" index="2" bw="0" slack="2147483647"/>
</pin_list>
<bind>
<opcode="store(28) " fcode="store"/>
<opset="store_ln0/1 "/>
</bind>
</comp>

<comp id="116" class="1004" name="store_ln0_store_fu_116">
<pin_list>
<pin id="117" dir="0" index="0" bw="1" slack="0"/>
<pin id="118" dir="0" index="1" bw="7" slack="0"/>
<pin id="119" dir="1" index="2" bw="0" slack="2147483647"/>
</pin_list>
<bind>
<opcode="store(28) " fcode="store"/>
<opset="store_ln0/1 "/>
</bind>
</comp>

<comp id="121" class="1004" name="store_ln0_store_fu_121">
<pin_list>
<pin id="122" dir="0" index="0" bw="1" slack="0"/>
<pin id="123" dir="0" index="1" bw="2" slack="0"/>
<pin id="124" dir="1" index="2" bw="0" slack="2147483647"/>
</pin_list>
<bind>
<opcode="store(28) " fcode="store"/>
<opset="store_ln0/1 "/>
</bind>
</comp>

<comp id="126" class="1004" name="store_ln0_store_fu_126">
<pin_list>
<pin id="127" dir="0" index="0" bw="1" slack="0"/>
<pin id="128" dir="0" index="1" bw="5" slack="0"/>
<pin id="129" dir="1" index="2" bw="0" slack="2147483647"/>
</pin_list>
<bind>
<opcode="store(28) " fcode="store"/>
<opset="store_ln0/1 "/>
</bind>
</comp>

<comp id="131" class="1004" name="indvar_flatten_load_load_fu_131">
<pin_list>
<pin id="132" dir="0" index="0" bw="7" slack="0"/>
<pin id="133" dir="1" index="1" bw="7" slack="0"/>
</pin_list>
<bind>
<opcode="load(27) " fcode="load"/>
<opset="indvar_flatten_load/1 "/>
</bind>
</comp>

<comp id="134" class="1004" name="indvar_flatten13_load_load_fu_134">
<pin_list>
<pin id="135" dir="0" index="0" bw="10" slack="0"/>
<pin id="136" dir="1" index="1" bw="10" slack="0"/>
</pin_list>
<bind>
<opcode="load(27) " fcode="load"/>
<opset="indvar_flatten13_load/1 "/>
</bind>
</comp>

<comp id="137" class="1004" name="icmp_ln31_fu_137">
<pin_list>
<pin id="138" dir="0" index="0" bw="10" slack="0"/>
<pin id="139" dir="0" index="1" bw="10" slack="0"/>
<pin id="140" dir="1" index="2" bw="1" slack="2147483647"/>
</pin_list>
<bind>
<opcode="icmp(45) " fcode="icmp"/>
<opset="icmp_ln31/1 "/>
</bind>
</comp>

<comp id="143" class="1004" name="add_ln31_2_fu_143">
<pin_list>
<pin id="144" dir="0" index="0" bw="10" slack="0"/>
<pin id="145" dir="0" index="1" bw="1" slack="0"/>
<pin id="146" dir="1" index="2" bw="10" slack="0"/>
</pin_list>
<bind>
<opcode="add(8) " fcode="add"/>
<opset="add_ln31_2/1 "/>
</bind>
</comp>

<comp id="149" class="1004" name="w_load_load_fu_149">
<pin_list>
<pin id="150" dir="0" index="0" bw="5" slack="0"/>
<pin id="151" dir="1" index="1" bw="5" slack="0"/>
</pin_list>
<bind>
<opcode="load(27) " fcode="load"/>
<opset="w_load/1 "/>
</bind>
</comp>

<comp id="152" class="1004" name="h_load_load_fu_152">
<pin_list>
<pin id="153" dir="0" index="0" bw="2" slack="0"/>
<pin id="154" dir="1" index="1" bw="2" slack="0"/>
</pin_list>
<bind>
<opcode="load(27) " fcode="load"/>
<opset="h_load/1 "/>
</bind>
</comp>

<comp id="155" class="1004" name="c_load_load_fu_155">
<pin_list>
<pin id="156" dir="0" index="0" bw="5" slack="0"/>
<pin id="157" dir="1" index="1" bw="5" slack="0"/>
</pin_list>
<bind>
<opcode="load(27) " fcode="load"/>
<opset="c_load/1 "/>
</bind>
</comp>

<comp id="158" class="1004" name="add_ln31_fu_158">
<pin_list>
<pin id="159" dir="0" index="0" bw="5" slack="0"/>
<pin id="160" dir="0" index="1" bw="1" slack="0"/>
<pin id="161" dir="1" index="2" bw="5" slack="0"/>
</pin_list>
<bind>
<opcode="add(8) " fcode="add"/>
<opset="add_ln31/1 "/>
</bind>
</comp>

<comp id="164" class="1004" name="icmp_ln32_fu_164">
<pin_list>
<pin id="165" dir="0" index="0" bw="7" slack="0"/>
<pin id="166" dir="0" index="1" bw="7" slack="0"/>
<pin id="167" dir="1" index="2" bw="1" slack="0"/>
</pin_list>
<bind>
<opcode="icmp(45) " fcode="icmp"/>
<opset="icmp_ln32/1 "/>
</bind>
</comp>

<comp id="170" class="1004" name="select_ln31_fu_170">
<pin_list>
<pin id="171" dir="0" index="0" bw="1" slack="0"/>
<pin id="172" dir="0" index="1" bw="1" slack="0"/>
<pin id="173" dir="0" index="2" bw="2" slack="0"/>
<pin id="174" dir="1" index="3" bw="2" slack="0"/>
</pin_list>
<bind>
<opcode="select(49) " fcode="select"/>
<opset="select_ln31/1 "/>
</bind>
</comp>

<comp id="178" class="1004" name="select_ln31_2_fu_178">
<pin_list>
<pin id="179" dir="0" index="0" bw="1" slack="0"/>
<pin id="180" dir="0" index="1" bw="5" slack="0"/>
<pin id="181" dir="0" index="2" bw="5" slack="0"/>
<pin id="182" dir="1" index="3" bw="5" slack="0"/>
</pin_list>
<bind>
<opcode="select(49) " fcode="select"/>
<opset="select_ln31_2/1 "/>
</bind>
</comp>

<comp id="186" class="1004" name="trunc_ln34_fu_186">
<pin_list>
<pin id="187" dir="0" index="0" bw="5" slack="0"/>
<pin id="188" dir="1" index="1" bw="4" slack="0"/>
</pin_list>
<bind>
<opcode="trunc(33) " fcode="trunc"/>
<opset="trunc_ln34/1 "/>
</bind>
</comp>

<comp id="190" class="1004" name="tmp_fu_190">
<pin_list>
<pin id="191" dir="0" index="0" bw="8" slack="0"/>
<pin id="192" dir="0" index="1" bw="4" slack="0"/>
<pin id="193" dir="0" index="2" bw="1" slack="0"/>
<pin id="194" dir="1" index="3" bw="8" slack="0"/>
</pin_list>
<bind>
<opcode="bitconcatenate(1004) " fcode="bitconcatenate"/>
<opset="tmp/1 "/>
</bind>
</comp>

<comp id="198" class="1004" name="xor_ln31_fu_198">
<pin_list>
<pin id="199" dir="0" index="0" bw="1" slack="0"/>
<pin id="200" dir="0" index="1" bw="1" slack="0"/>
<pin id="201" dir="1" index="2" bw="1" slack="0"/>
</pin_list>
<bind>
<opcode="xor(25) " fcode="xor"/>
<opset="xor_ln31/1 "/>
</bind>
</comp>

<comp id="204" class="1004" name="empty_45_fu_204">
<pin_list>
<pin id="205" dir="0" index="0" bw="2" slack="0"/>
<pin id="206" dir="1" index="1" bw="1" slack="0"/>
</pin_list>
<bind>
<opcode="trunc(33) " fcode="trunc"/>
<opset="empty_45/1 "/>
</bind>
</comp>

<comp id="208" class="1004" name="and_ln31_fu_208">
<pin_list>
<pin id="209" dir="0" index="0" bw="1" slack="0"/>
<pin id="210" dir="0" index="1" bw="1" slack="0"/>
<pin id="211" dir="1" index="2" bw="1" slack="0"/>
</pin_list>
<bind>
<opcode="and(23) " fcode="and"/>
<opset="and_ln31/1 "/>
</bind>
</comp>

<comp id="214" class="1004" name="icmp_ln33_fu_214">
<pin_list>
<pin id="215" dir="0" index="0" bw="5" slack="0"/>
<pin id="216" dir="0" index="1" bw="5" slack="0"/>
<pin id="217" dir="1" index="2" bw="1" slack="0"/>
</pin_list>
<bind>
<opcode="icmp(45) " fcode="icmp"/>
<opset="icmp_ln33/1 "/>
</bind>
</comp>

<comp id="220" class="1004" name="and_ln31_2_fu_220">
<pin_list>
<pin id="221" dir="0" index="0" bw="1" slack="0"/>
<pin id="222" dir="0" index="1" bw="1" slack="0"/>
<pin id="223" dir="1" index="2" bw="1" slack="0"/>
</pin_list>
<bind>
<opcode="and(23) " fcode="and"/>
<opset="and_ln31_2/1 "/>
</bind>
</comp>

<comp id="226" class="1004" name="add_ln32_fu_226">
<pin_list>
<pin id="227" dir="0" index="0" bw="2" slack="0"/>
<pin id="228" dir="0" index="1" bw="1" slack="0"/>
<pin id="229" dir="1" index="2" bw="2" slack="0"/>
</pin_list>
<bind>
<opcode="add(8) " fcode="add"/>
<opset="add_ln32/1 "/>
</bind>
</comp>

<comp id="232" class="1004" name="or_ln32_fu_232">
<pin_list>
<pin id="233" dir="0" index="0" bw="1" slack="0"/>
<pin id="234" dir="0" index="1" bw="1" slack="0"/>
<pin id="235" dir="1" index="2" bw="1" slack="0"/>
</pin_list>
<bind>
<opcode="or(24) " fcode="or"/>
<opset="or_ln32/1 "/>
</bind>
</comp>

<comp id="238" class="1004" name="select_ln32_fu_238">
<pin_list>
<pin id="239" dir="0" index="0" bw="1" slack="0"/>
<pin id="240" dir="0" index="1" bw="1" slack="0"/>
<pin id="241" dir="0" index="2" bw="5" slack="0"/>
<pin id="242" dir="1" index="3" bw="5" slack="0"/>
</pin_list>
<bind>
<opcode="select(49) " fcode="select"/>
<opset="select_ln32/1 "/>
</bind>
</comp>

<comp id="246" class="1004" name="empty_46_fu_246">
<pin_list>
<pin id="247" dir="0" index="0" bw="2" slack="0"/>
<pin id="248" dir="1" index="1" bw="1" slack="0"/>
</pin_list>
<bind>
<opcode="trunc(33) " fcode="trunc"/>
<opset="empty_46/1 "/>
</bind>
</comp>

<comp id="250" class="1004" name="select_ln32_4_fu_250">
<pin_list>
<pin id="251" dir="0" index="0" bw="1" slack="0"/>
<pin id="252" dir="0" index="1" bw="1" slack="0"/>
<pin id="253" dir="0" index="2" bw="1" slack="0"/>
<pin id="254" dir="1" index="3" bw="1" slack="2147483647"/>
</pin_list>
<bind>
<opcode="select(49) " fcode="select"/>
<opset="select_ln32_4/1 "/>
</bind>
</comp>

<comp id="258" class="1004" name="select_ln32_5_fu_258">
<pin_list>
<pin id="259" dir="0" index="0" bw="1" slack="0"/>
<pin id="260" dir="0" index="1" bw="2" slack="0"/>
<pin id="261" dir="0" index="2" bw="2" slack="0"/>
<pin id="262" dir="1" index="3" bw="2" slack="0"/>
</pin_list>
<bind>
<opcode="select(49) " fcode="select"/>
<opset="select_ln32_5/1 "/>
</bind>
</comp>

<comp id="266" class="1004" name="zext_ln34_fu_266">
<pin_list>
<pin id="267" dir="0" index="0" bw="5" slack="0"/>
<pin id="268" dir="1" index="1" bw="8" slack="0"/>
</pin_list>
<bind>
<opcode="zext(34) " fcode="zext"/>
<opset="zext_ln34/1 "/>
</bind>
</comp>

<comp id="270" class="1004" name="add_ln34_fu_270">
<pin_list>
<pin id="271" dir="0" index="0" bw="8" slack="0"/>
<pin id="272" dir="0" index="1" bw="5" slack="0"/>
<pin id="273" dir="1" index="2" bw="8" slack="0"/>
</pin_list>
<bind>
<opcode="add(8) " fcode="add"/>
<opset="add_ln34/1 "/>
</bind>
</comp>

<comp id="276" class="1004" name="zext_ln34_2_fu_276">
<pin_list>
<pin id="277" dir="0" index="0" bw="8" slack="0"/>
<pin id="278" dir="1" index="1" bw="64" slack="0"/>
</pin_list>
<bind>
<opcode="zext(34) " fcode="zext"/>
<opset="zext_ln34_2/1 "/>
</bind>
</comp>

<comp id="282" class="1004" name="add_ln33_fu_282">
<pin_list>
<pin id="283" dir="0" index="0" bw="5" slack="0"/>
<pin id="284" dir="0" index="1" bw="1" slack="0"/>
<pin id="285" dir="1" index="2" bw="5" slack="0"/>
</pin_list>
<bind>
<opcode="add(8) " fcode="add"/>
<opset="add_ln33/1 "/>
</bind>
</comp>

<comp id="288" class="1004" name="add_ln32_2_fu_288">
<pin_list>
<pin id="289" dir="0" index="0" bw="7" slack="0"/>
<pin id="290" dir="0" index="1" bw="1" slack="0"/>
<pin id="291" dir="1" index="2" bw="7" slack="0"/>
</pin_list>
<bind>
<opcode="add(8) " fcode="add"/>
<opset="add_ln32_2/1 "/>
</bind>
</comp>

<comp id="294" class="1004" name="select_ln32_6_fu_294">
<pin_list>
<pin id="295" dir="0" index="0" bw="1" slack="0"/>
<pin id="296" dir="0" index="1" bw="1" slack="0"/>
<pin id="297" dir="0" index="2" bw="7" slack="0"/>
<pin id="298" dir="1" index="3" bw="7" slack="0"/>
</pin_list>
<bind>
<opcode="select(49) " fcode="select"/>
<opset="select_ln32_6/1 "/>
</bind>
</comp>

<comp id="302" class="1004" name="store_ln33_store_fu_302">
<pin_list>
<pin id="303" dir="0" index="0" bw="10" slack="0"/>
<pin id="304" dir="0" index="1" bw="10" slack="0"/>
<pin id="305" dir="1" index="2" bw="0" slack="2147483647"/>
</pin_list>
<bind>
<opcode="store(28) " fcode="store"/>
<opset="store_ln33/1 "/>
</bind>
</comp>

<comp id="307" class="1004" name="store_ln33_store_fu_307">
<pin_list>
<pin id="308" dir="0" index="0" bw="5" slack="0"/>
<pin id="309" dir="0" index="1" bw="5" slack="0"/>
<pin id="310" dir="1" index="2" bw="0" slack="2147483647"/>
</pin_list>
<bind>
<opcode="store(28) " fcode="store"/>
<opset="store_ln33/1 "/>
</bind>
</comp>

<comp id="312" class="1004" name="store_ln33_store_fu_312">
<pin_list>
<pin id="313" dir="0" index="0" bw="7" slack="0"/>
<pin id="314" dir="0" index="1" bw="7" slack="0"/>
<pin id="315" dir="1" index="2" bw="0" slack="2147483647"/>
</pin_list>
<bind>
<opcode="store(28) " fcode="store"/>
<opset="store_ln33/1 "/>
</bind>
</comp>

<comp id="317" class="1004" name="store_ln33_store_fu_317">
<pin_list>
<pin id="318" dir="0" index="0" bw="2" slack="0"/>
<pin id="319" dir="0" index="1" bw="2" slack="0"/>
<pin id="320" dir="1" index="2" bw="0" slack="2147483647"/>
</pin_list>
<bind>
<opcode="store(28) " fcode="store"/>
<opset="store_ln33/1 "/>
</bind>
</comp>

<comp id="322" class="1004" name="store_ln33_store_fu_322">
<pin_list>
<pin id="323" dir="0" index="0" bw="5" slack="0"/>
<pin id="324" dir="0" index="1" bw="5" slack="0"/>
<pin id="325" dir="1" index="2" bw="0" slack="2147483647"/>
</pin_list>
<bind>
<opcode="store(28) " fcode="store"/>
<opset="store_ln33/1 "/>
</bind>
</comp>

<comp id="327" class="1005" name="w_reg_327">
<pin_list>
<pin id="328" dir="0" index="0" bw="5" slack="0"/>
<pin id="329" dir="1" index="1" bw="5" slack="0"/>
</pin_list>
<bind>
<opset="w "/>
</bind>
</comp>

<comp id="334" class="1005" name="h_reg_334">
<pin_list>
<pin id="335" dir="0" index="0" bw="2" slack="0"/>
<pin id="336" dir="1" index="1" bw="2" slack="0"/>
</pin_list>
<bind>
<opset="h "/>
</bind>
</comp>

<comp id="341" class="1005" name="indvar_flatten_reg_341">
<pin_list>
<pin id="342" dir="0" index="0" bw="7" slack="0"/>
<pin id="343" dir="1" index="1" bw="7" slack="0"/>
</pin_list>
<bind>
<opset="indvar_flatten "/>
</bind>
</comp>

<comp id="348" class="1005" name="c_reg_348">
<pin_list>
<pin id="349" dir="0" index="0" bw="5" slack="0"/>
<pin id="350" dir="1" index="1" bw="5" slack="0"/>
</pin_list>
<bind>
<opset="c "/>
</bind>
</comp>

<comp id="355" class="1005" name="indvar_flatten13_reg_355">
<pin_list>
<pin id="356" dir="0" index="0" bw="10" slack="0"/>
<pin id="357" dir="1" index="1" bw="10" slack="0"/>
</pin_list>
<bind>
<opset="indvar_flatten13 "/>
</bind>
</comp>

</comp_list>

<net_list>
<net id="61"><net_src comp="4" pin="0"/><net_sink comp="58" pin=0"/></net>

<net id="65"><net_src comp="4" pin="0"/><net_sink comp="62" pin=0"/></net>

<net id="69"><net_src comp="4" pin="0"/><net_sink comp="66" pin=0"/></net>

<net id="73"><net_src comp="4" pin="0"/><net_sink comp="70" pin=0"/></net>

<net id="77"><net_src comp="4" pin="0"/><net_sink comp="74" pin=0"/></net>

<net id="83"><net_src comp="0" pin="0"/><net_sink comp="78" pin=0"/></net>

<net id="84"><net_src comp="50" pin="0"/><net_sink comp="78" pin=1"/></net>

<net id="90"><net_src comp="2" pin="0"/><net_sink comp="85" pin=0"/></net>

<net id="91"><net_src comp="50" pin="0"/><net_sink comp="85" pin=1"/></net>

<net id="97"><net_src comp="54" pin="0"/><net_sink comp="92" pin=1"/></net>

<net id="98"><net_src comp="78" pin="3"/><net_sink comp="92" pin=0"/></net>

<net id="104"><net_src comp="54" pin="0"/><net_sink comp="99" pin=1"/></net>

<net id="105"><net_src comp="85" pin="3"/><net_sink comp="99" pin=0"/></net>

<net id="110"><net_src comp="6" pin="0"/><net_sink comp="106" pin=0"/></net>

<net id="115"><net_src comp="8" pin="0"/><net_sink comp="111" pin=0"/></net>

<net id="120"><net_src comp="10" pin="0"/><net_sink comp="116" pin=0"/></net>

<net id="125"><net_src comp="12" pin="0"/><net_sink comp="121" pin=0"/></net>

<net id="130"><net_src comp="8" pin="0"/><net_sink comp="126" pin=0"/></net>

<net id="141"><net_src comp="134" pin="1"/><net_sink comp="137" pin=0"/></net>

<net id="142"><net_src comp="22" pin="0"/><net_sink comp="137" pin=1"/></net>

<net id="147"><net_src comp="134" pin="1"/><net_sink comp="143" pin=0"/></net>

<net id="148"><net_src comp="24" pin="0"/><net_sink comp="143" pin=1"/></net>

<net id="162"><net_src comp="155" pin="1"/><net_sink comp="158" pin=0"/></net>

<net id="163"><net_src comp="26" pin="0"/><net_sink comp="158" pin=1"/></net>

<net id="168"><net_src comp="131" pin="1"/><net_sink comp="164" pin=0"/></net>

<net id="169"><net_src comp="36" pin="0"/><net_sink comp="164" pin=1"/></net>

<net id="175"><net_src comp="164" pin="2"/><net_sink comp="170" pin=0"/></net>

<net id="176"><net_src comp="12" pin="0"/><net_sink comp="170" pin=1"/></net>

<net id="177"><net_src comp="152" pin="1"/><net_sink comp="170" pin=2"/></net>

<net id="183"><net_src comp="164" pin="2"/><net_sink comp="178" pin=0"/></net>

<net id="184"><net_src comp="158" pin="2"/><net_sink comp="178" pin=1"/></net>

<net id="185"><net_src comp="155" pin="1"/><net_sink comp="178" pin=2"/></net>

<net id="189"><net_src comp="178" pin="3"/><net_sink comp="186" pin=0"/></net>

<net id="195"><net_src comp="38" pin="0"/><net_sink comp="190" pin=0"/></net>

<net id="196"><net_src comp="186" pin="1"/><net_sink comp="190" pin=1"/></net>

<net id="197"><net_src comp="40" pin="0"/><net_sink comp="190" pin=2"/></net>

<net id="202"><net_src comp="164" pin="2"/><net_sink comp="198" pin=0"/></net>

<net id="203"><net_src comp="42" pin="0"/><net_sink comp="198" pin=1"/></net>

<net id="207"><net_src comp="152" pin="1"/><net_sink comp="204" pin=0"/></net>

<net id="212"><net_src comp="204" pin="1"/><net_sink comp="208" pin=0"/></net>

<net id="213"><net_src comp="198" pin="2"/><net_sink comp="208" pin=1"/></net>

<net id="218"><net_src comp="149" pin="1"/><net_sink comp="214" pin=0"/></net>

<net id="219"><net_src comp="44" pin="0"/><net_sink comp="214" pin=1"/></net>

<net id="224"><net_src comp="214" pin="2"/><net_sink comp="220" pin=0"/></net>

<net id="225"><net_src comp="198" pin="2"/><net_sink comp="220" pin=1"/></net>

<net id="230"><net_src comp="170" pin="3"/><net_sink comp="226" pin=0"/></net>

<net id="231"><net_src comp="46" pin="0"/><net_sink comp="226" pin=1"/></net>

<net id="236"><net_src comp="220" pin="2"/><net_sink comp="232" pin=0"/></net>

<net id="237"><net_src comp="164" pin="2"/><net_sink comp="232" pin=1"/></net>

<net id="243"><net_src comp="232" pin="2"/><net_sink comp="238" pin=0"/></net>

<net id="244"><net_src comp="8" pin="0"/><net_sink comp="238" pin=1"/></net>

<net id="245"><net_src comp="149" pin="1"/><net_sink comp="238" pin=2"/></net>

<net id="249"><net_src comp="226" pin="2"/><net_sink comp="246" pin=0"/></net>

<net id="255"><net_src comp="220" pin="2"/><net_sink comp="250" pin=0"/></net>

<net id="256"><net_src comp="246" pin="1"/><net_sink comp="250" pin=1"/></net>

<net id="257"><net_src comp="208" pin="2"/><net_sink comp="250" pin=2"/></net>

<net id="263"><net_src comp="220" pin="2"/><net_sink comp="258" pin=0"/></net>

<net id="264"><net_src comp="226" pin="2"/><net_sink comp="258" pin=1"/></net>

<net id="265"><net_src comp="170" pin="3"/><net_sink comp="258" pin=2"/></net>

<net id="269"><net_src comp="238" pin="3"/><net_sink comp="266" pin=0"/></net>

<net id="274"><net_src comp="190" pin="3"/><net_sink comp="270" pin=0"/></net>

<net id="275"><net_src comp="266" pin="1"/><net_sink comp="270" pin=1"/></net>

<net id="279"><net_src comp="270" pin="2"/><net_sink comp="276" pin=0"/></net>

<net id="280"><net_src comp="276" pin="1"/><net_sink comp="78" pin=2"/></net>

<net id="281"><net_src comp="276" pin="1"/><net_sink comp="85" pin=2"/></net>

<net id="286"><net_src comp="238" pin="3"/><net_sink comp="282" pin=0"/></net>

<net id="287"><net_src comp="26" pin="0"/><net_sink comp="282" pin=1"/></net>

<net id="292"><net_src comp="131" pin="1"/><net_sink comp="288" pin=0"/></net>

<net id="293"><net_src comp="56" pin="0"/><net_sink comp="288" pin=1"/></net>

<net id="299"><net_src comp="164" pin="2"/><net_sink comp="294" pin=0"/></net>

<net id="300"><net_src comp="56" pin="0"/><net_sink comp="294" pin=1"/></net>

<net id="301"><net_src comp="288" pin="2"/><net_sink comp="294" pin=2"/></net>

<net id="306"><net_src comp="143" pin="2"/><net_sink comp="302" pin=0"/></net>

<net id="311"><net_src comp="178" pin="3"/><net_sink comp="307" pin=0"/></net>

<net id="316"><net_src comp="294" pin="3"/><net_sink comp="312" pin=0"/></net>

<net id="321"><net_src comp="258" pin="3"/><net_sink comp="317" pin=0"/></net>

<net id="326"><net_src comp="282" pin="2"/><net_sink comp="322" pin=0"/></net>

<net id="330"><net_src comp="58" pin="1"/><net_sink comp="327" pin=0"/></net>

<net id="331"><net_src comp="327" pin="1"/><net_sink comp="126" pin=1"/></net>

<net id="332"><net_src comp="327" pin="1"/><net_sink comp="149" pin=0"/></net>

<net id="333"><net_src comp="327" pin="1"/><net_sink comp="322" pin=1"/></net>

<net id="337"><net_src comp="62" pin="1"/><net_sink comp="334" pin=0"/></net>

<net id="338"><net_src comp="334" pin="1"/><net_sink comp="121" pin=1"/></net>

<net id="339"><net_src comp="334" pin="1"/><net_sink comp="152" pin=0"/></net>

<net id="340"><net_src comp="334" pin="1"/><net_sink comp="317" pin=1"/></net>

<net id="344"><net_src comp="66" pin="1"/><net_sink comp="341" pin=0"/></net>

<net id="345"><net_src comp="341" pin="1"/><net_sink comp="116" pin=1"/></net>

<net id="346"><net_src comp="341" pin="1"/><net_sink comp="131" pin=0"/></net>

<net id="347"><net_src comp="341" pin="1"/><net_sink comp="312" pin=1"/></net>

<net id="351"><net_src comp="70" pin="1"/><net_sink comp="348" pin=0"/></net>

<net id="352"><net_src comp="348" pin="1"/><net_sink comp="111" pin=1"/></net>

<net id="353"><net_src comp="348" pin="1"/><net_sink comp="155" pin=0"/></net>

<net id="354"><net_src comp="348" pin="1"/><net_sink comp="307" pin=1"/></net>

<net id="358"><net_src comp="74" pin="1"/><net_sink comp="355" pin=0"/></net>

<net id="359"><net_src comp="355" pin="1"/><net_sink comp="106" pin=1"/></net>

<net id="360"><net_src comp="355" pin="1"/><net_sink comp="134" pin=0"/></net>

<net id="361"><net_src comp="355" pin="1"/><net_sink comp="302" pin=1"/></net>

</net_list>

</model> 
---------------- Datapath Model END ------------------

* FSMD analyzer results:
  - Output states:
	Port: void_layer_block_stream_stream_signed_char_const_16_3_3_signed_char_con_1 | {1 }
	Port: void_layer_block_stream_stream_signed_char_const_16_3_3_signed_char_con | {1 }
 - Input state : 
  - Chain level:
	State 1
		store_ln0 : 1
		store_ln0 : 1
		store_ln0 : 1
		store_ln0 : 1
		store_ln0 : 1
		indvar_flatten_load : 1
		indvar_flatten13_load : 1
		icmp_ln31 : 2
		add_ln31_2 : 2
		br_ln31 : 3
		w_load : 1
		h_load : 1
		c_load : 1
		add_ln31 : 2
		icmp_ln32 : 2
		select_ln31 : 3
		select_ln31_2 : 3
		trunc_ln34 : 4
		tmp : 5
		xor_ln31 : 3
		empty_45 : 2
		and_ln31 : 3
		icmp_ln33 : 2
		and_ln31_2 : 3
		add_ln32 : 4
		or_ln32 : 3
		select_ln32 : 3
		empty_46 : 5
		select_ln32_4 : 6
		select_ln32_5 : 3
		zext_ln34 : 4
		add_ln34 : 5
		zext_ln34_2 : 6
		void_layer_block_stream_stream_signed_char_const_16_3_3_signed_char_con_4 : 7
		void_layer_block_stream_stream_signed_char_const_16_3_3_signed_char_con_5 : 7
		br_ln34 : 7
		store_ln34 : 8
		store_ln34 : 8
		add_ln33 : 4
		add_ln32_2 : 2
		select_ln32_6 : 3
		store_ln33 : 3
		store_ln33 : 4
		store_ln33 : 4
		store_ln33 : 4
		store_ln33 : 5


============================================================
+ Verbose Summary: Datapath Resource usage 
============================================================

* Functional unit list:
|----------|----------------------|---------|---------|
| Operation|    Functional Unit   |    FF   |   LUT   |
|----------|----------------------|---------|---------|
|          |   add_ln31_2_fu_143  |    0    |    17   |
|          |    add_ln31_fu_158   |    0    |    12   |
|    add   |    add_ln32_fu_226   |    0    |    9    |
|          |    add_ln34_fu_270   |    0    |    15   |
|          |    add_ln33_fu_282   |    0    |    12   |
|          |   add_ln32_2_fu_288  |    0    |    14   |
|----------|----------------------|---------|---------|
|          |   icmp_ln31_fu_137   |    0    |    11   |
|   icmp   |   icmp_ln32_fu_164   |    0    |    10   |
|          |   icmp_ln33_fu_214   |    0    |    9    |
|----------|----------------------|---------|---------|
|          |  select_ln31_fu_170  |    0    |    2    |
|          | select_ln31_2_fu_178 |    0    |    5    |
|  select  |  select_ln32_fu_238  |    0    |    5    |
|          | select_ln32_4_fu_250 |    0    |    2    |
|          | select_ln32_5_fu_258 |    0    |    2    |
|          | select_ln32_6_fu_294 |    0    |    7    |
|----------|----------------------|---------|---------|
|    and   |    and_ln31_fu_208   |    0    |    2    |
|          |   and_ln31_2_fu_220  |    0    |    2    |
|----------|----------------------|---------|---------|
|    xor   |    xor_ln31_fu_198   |    0    |    2    |
|----------|----------------------|---------|---------|
|    or    |    or_ln32_fu_232    |    0    |    2    |
|----------|----------------------|---------|---------|
|          |   trunc_ln34_fu_186  |    0    |    0    |
|   trunc  |    empty_45_fu_204   |    0    |    0    |
|          |    empty_46_fu_246   |    0    |    0    |
|----------|----------------------|---------|---------|
|bitconcatenate|      tmp_fu_190      |    0    |    0    |
|----------|----------------------|---------|---------|
|   zext   |   zext_ln34_fu_266   |    0    |    0    |
|          |  zext_ln34_2_fu_276  |    0    |    0    |
|----------|----------------------|---------|---------|
|   Total  |                      |    0    |   140   |
|----------|----------------------|---------|---------|

Memories:
N/A

* Register list:
+------------------------+--------+
|                        |   FF   |
+------------------------+--------+
|        c_reg_348       |    5   |
|        h_reg_334       |    2   |
|indvar_flatten13_reg_355|   10   |
| indvar_flatten_reg_341 |    7   |
|        w_reg_327       |    5   |
+------------------------+--------+
|          Total         |   29   |
+------------------------+--------+

* Multiplexer (MUX) list: 
|--------|------|------|------|--------|
|  Comp  |  Pin | Size |  BW  | S x BW |
|--------|------|------|------|--------|
|  Total |      |      |      |    0   |
|--------|------|------|------|--------|



* Summary:
+-----------+--------+--------+
|           |   FF   |   LUT  |
+-----------+--------+--------+
|  Function |    0   |   140  |
|   Memory  |    -   |    -   |
|Multiplexer|    -   |    -   |
|  Register |   29   |    -   |
+-----------+--------+--------+
|   Total   |   29   |   140  |
+-----------+--------+--------+
