

================================================================
== Vitis HLS Report for 'layer_block_1_16_32_Pipeline_VITIS_LOOP_32_2_VITIS_LOOP_33_3'
================================================================
* Date:           Thu Dec 11 20:06:46 2025

* Version:        2022.2 (Build 3670227 on Oct 13 2022)
* Project:        vgg_accelerator
* Solution:       solution1 (Vivado IP Flow Target)
* Product family: zynquplus
* Target device:  xczu5eg-sfvc784-1-e


================================================================
== Performance Estimates
================================================================
+ Timing: 
    * Summary: 
    +--------+----------+----------+------------+
    |  Clock |  Target  | Estimated| Uncertainty|
    +--------+----------+----------+------------+
    |ap_clk  |  10.00 ns|  2.686 ns|     2.70 ns|
    +--------+----------+----------+------------+

+ Latency: 
    * Summary: 
    +---------+---------+----------+----------+-----+-----+---------+
    |  Latency (cycles) |  Latency (absolute) |  Interval | Pipeline|
    |   min   |   max   |    min   |    max   | min | max |   Type  |
    +---------+---------+----------+----------+-----+-----+---------+
    |       66|       66|  0.660 us|  0.660 us|   66|   66|       no|
    +---------+---------+----------+----------+-----+-----+---------+

    + Detail: 
        * Instance: 
        N/A

        * Loop: 
        +-----------------------------------+---------+---------+----------+-----------+-----------+------+----------+
        |                                   |  Latency (cycles) | Iteration|  Initiation Interval  | Trip |          |
        |             Loop Name             |   min   |   max   |  Latency |  achieved |   target  | Count| Pipelined|
        +-----------------------------------+---------+---------+----------+-----------+-----------+------+----------+
        |- VITIS_LOOP_32_2_VITIS_LOOP_33_3  |       64|       64|         1|          1|          1|    64|       yes|
        +-----------------------------------+---------+---------+----------+-----------+-----------+------+----------+

============================================================
+ Verbose Summary: Synthesis Manager
============================================================
InlineROM: 1
ExposeGlobal: 0
============================================================
+ Verbose Summary: CDFG Model
============================================================
IsTopModel: 0
ResetActiveHigh: 1
IsCombinational: 0
IsDatapathOnly: 0
HasWiredReturn: 1
HasMFsm: 2
HasVarLatency: 1
IsPipeline: 0
IsRtlPipelined: 0
IsInstanceOverlapped: 0
IsDontTouch: 0
HasImplIP: 0
IsGatedGlobalClock: 0

+ Individual pipeline summary: 
  * Pipeline-0: initiation interval (II) = 1, depth = 1


============================================================
+ Verbose Summary: Schedule
============================================================
* Number of FSM states : 1
* Pipeline : 1
  Pipeline-0 : II = 1, D = 1, States = { 1 }
* Dataflow Pipeline: 0

* FSM state transitions: 
1 --> 

* FSM state operations: 

State 1 <SV = 0> <Delay = 2.68>
ST_1 : Operation 4 [1/1] (0.00ns)   --->   "%w = alloca i32 1"   --->   Operation 4 'alloca' 'w' <Predicate = true> <Delay = 0.00>
ST_1 : Operation 5 [1/1] (0.00ns)   --->   "%h = alloca i32 1"   --->   Operation 5 'alloca' 'h' <Predicate = true> <Delay = 0.00>
ST_1 : Operation 6 [1/1] (0.00ns)   --->   "%indvar_flatten = alloca i32 1"   --->   Operation 6 'alloca' 'indvar_flatten' <Predicate = true> <Delay = 0.00>
ST_1 : Operation 7 [1/1] (0.48ns)   --->   "%store_ln0 = store i7 0, i7 %indvar_flatten"   --->   Operation 7 'store' 'store_ln0' <Predicate = true> <Delay = 0.48>
ST_1 : Operation 8 [1/1] (0.48ns)   --->   "%store_ln0 = store i2 0, i2 %h"   --->   Operation 8 'store' 'store_ln0' <Predicate = true> <Delay = 0.48>
ST_1 : Operation 9 [1/1] (0.48ns)   --->   "%store_ln0 = store i6 0, i6 %w"   --->   Operation 9 'store' 'store_ln0' <Predicate = true> <Delay = 0.48>
ST_1 : Operation 10 [1/1] (0.00ns)   --->   "%br_ln0 = br void %for.body40.i"   --->   Operation 10 'br' 'br_ln0' <Predicate = true> <Delay = 0.00>
ST_1 : Operation 11 [1/1] (0.00ns)   --->   "%indvar_flatten_load = load i7 %indvar_flatten" [vgg_accelerator.cpp:32]   --->   Operation 11 'load' 'indvar_flatten_load' <Predicate = true> <Delay = 0.00>
ST_1 : Operation 12 [1/1] (0.00ns)   --->   "%specpipeline_ln0 = specpipeline void @_ssdm_op_SpecPipeline, i32 4294967295, i32 0, i32 1, i32 0, void @p_str"   --->   Operation 12 'specpipeline' 'specpipeline_ln0' <Predicate = true> <Delay = 0.00>
ST_1 : Operation 13 [1/1] (0.86ns)   --->   "%icmp_ln32 = icmp_eq  i7 %indvar_flatten_load, i7 64" [vgg_accelerator.cpp:32]   --->   Operation 13 'icmp' 'icmp_ln32' <Predicate = true> <Delay = 0.86> <CoreInst = "Cmp">   --->   Core 9 'Cmp' <Latency = 0> <II = 1> <Delay = 0.86> <FuncUnit> <Opcode : 'icmp'> <InPorts = 2> <OutPorts = 1>
ST_1 : Operation 14 [1/1] (0.89ns)   --->   "%add_ln32_3 = add i7 %indvar_flatten_load, i7 1" [vgg_accelerator.cpp:32]   --->   Operation 14 'add' 'add_ln32_3' <Predicate = true> <Delay = 0.89> <CoreInst = "Adder">   --->   Core 1 'Adder' <Latency = 0> <II = 1> <Delay = 0.89> <FuncUnit> <Opcode : 'add' 'sub'> <InPorts = 2> <OutPorts = 1>
ST_1 : Operation 15 [1/1] (0.00ns)   --->   "%br_ln32 = br i1 %icmp_ln32, void %for.inc45.i, void %VITIS_LOOP_40_6.i.preheader.exitStub" [vgg_accelerator.cpp:32]   --->   Operation 15 'br' 'br_ln32' <Predicate = true> <Delay = 0.00>
ST_1 : Operation 16 [1/1] (0.00ns)   --->   "%w_load = load i6 %w" [vgg_accelerator.cpp:33]   --->   Operation 16 'load' 'w_load' <Predicate = (!icmp_ln32)> <Delay = 0.00>
ST_1 : Operation 17 [1/1] (0.00ns)   --->   "%h_load = load i2 %h" [vgg_accelerator.cpp:32]   --->   Operation 17 'load' 'h_load' <Predicate = (!icmp_ln32)> <Delay = 0.00>
ST_1 : Operation 18 [1/1] (0.62ns)   --->   "%add_ln32 = add i2 %h_load, i2 1" [vgg_accelerator.cpp:32]   --->   Operation 18 'add' 'add_ln32' <Predicate = (!icmp_ln32)> <Delay = 0.62> <CoreInst = "Adder">   --->   Core 1 'Adder' <Latency = 0> <II = 1> <Delay = 0.62> <FuncUnit> <Opcode : 'add' 'sub'> <InPorts = 2> <OutPorts = 1>
ST_1 : Operation 19 [1/1] (0.00ns)   --->   "%specloopname_ln0 = specloopname void @_ssdm_op_SpecLoopName, void @VITIS_LOOP_32_2_VITIS_LOOP_33_3_str"   --->   Operation 19 'specloopname' 'specloopname_ln0' <Predicate = (!icmp_ln32)> <Delay = 0.00>
ST_1 : Operation 20 [1/1] (0.00ns)   --->   "%empty = speclooptripcount i32 @_ssdm_op_SpecLoopTripCount, i64 64, i64 64, i64 64"   --->   Operation 20 'speclooptripcount' 'empty' <Predicate = (!icmp_ln32)> <Delay = 0.00>
ST_1 : Operation 21 [1/1] (0.87ns)   --->   "%icmp_ln33 = icmp_eq  i6 %w_load, i6 32" [vgg_accelerator.cpp:33]   --->   Operation 21 'icmp' 'icmp_ln33' <Predicate = (!icmp_ln32)> <Delay = 0.87> <CoreInst = "Cmp">   --->   Core 9 'Cmp' <Latency = 0> <II = 1> <Delay = 0.87> <FuncUnit> <Opcode : 'icmp'> <InPorts = 2> <OutPorts = 1>
ST_1 : Operation 22 [1/1] (0.44ns)   --->   "%select_ln32 = select i1 %icmp_ln33, i6 0, i6 %w_load" [vgg_accelerator.cpp:32]   --->   Operation 22 'select' 'select_ln32' <Predicate = (!icmp_ln32)> <Delay = 0.44> <CoreInst = "Sel">   --->   Core 73 'Sel' <Latency = 0> <II = 1> <Delay = 0.44> <FuncUnit> <Opcode : 'select'> <InPorts = 3> <OutPorts = 1>
ST_1 : Operation 23 [1/1] (0.26ns)   --->   "%select_ln32_7 = select i1 %icmp_ln33, i2 %add_ln32, i2 %h_load" [vgg_accelerator.cpp:32]   --->   Operation 23 'select' 'select_ln32_7' <Predicate = (!icmp_ln32)> <Delay = 0.26> <CoreInst = "Sel">   --->   Core 73 'Sel' <Latency = 0> <II = 1> <Delay = 0.26> <FuncUnit> <Opcode : 'select'> <InPorts = 3> <OutPorts = 1>
ST_1 : Operation 24 [1/1] (0.00ns)   --->   "%trunc_ln32 = trunc i2 %select_ln32_7" [vgg_accelerator.cpp:32]   --->   Operation 24 'trunc' 'trunc_ln32' <Predicate = (!icmp_ln32)> <Delay = 0.00>
ST_1 : Operation 25 [1/1] (0.00ns)   --->   "%specpipeline_ln0 = specpipeline void @_ssdm_op_SpecPipeline, i32 4294967295, i32 0, i32 1, i32 0, void @p_str"   --->   Operation 25 'specpipeline' 'specpipeline_ln0' <Predicate = (!icmp_ln32)> <Delay = 0.00>
ST_1 : Operation 26 [1/1] (0.00ns)   --->   "%w_cast_i = zext i6 %select_ln32" [vgg_accelerator.cpp:32]   --->   Operation 26 'zext' 'w_cast_i' <Predicate = (!icmp_ln32)> <Delay = 0.00>
ST_1 : Operation 27 [1/1] (0.00ns)   --->   "%specloopname_ln33 = specloopname void @_ssdm_op_SpecLoopName, void @empty_17" [vgg_accelerator.cpp:33]   --->   Operation 27 'specloopname' 'specloopname_ln33' <Predicate = (!icmp_ln32)> <Delay = 0.00>
ST_1 : Operation 28 [1/1] (0.00ns)   --->   "%void_layer_block_stream_stream_signed_char_const_1_3_3_signed_char_cons_4 = getelementptr i8 %void_layer_block_stream_stream_signed_char_const_1_3_3_signed_char_cons_1, i64 0, i64 %w_cast_i" [vgg_accelerator.cpp:34]   --->   Operation 28 'getelementptr' 'void_layer_block_stream_stream_signed_char_const_1_3_3_signed_char_cons_4' <Predicate = (!icmp_ln32)> <Delay = 0.00>
ST_1 : Operation 29 [1/1] (0.00ns)   --->   "%void_layer_block_stream_stream_signed_char_const_1_3_3_signed_char_cons_5 = getelementptr i8 %void_layer_block_stream_stream_signed_char_const_1_3_3_signed_char_cons, i64 0, i64 %w_cast_i" [vgg_accelerator.cpp:34]   --->   Operation 29 'getelementptr' 'void_layer_block_stream_stream_signed_char_const_1_3_3_signed_char_cons_5' <Predicate = (!icmp_ln32)> <Delay = 0.00>
ST_1 : Operation 30 [1/1] (0.00ns)   --->   "%br_ln34 = br i1 %trunc_ln32, void %arrayidx4446.case.0.i, void %arrayidx4446.case.1.i" [vgg_accelerator.cpp:34]   --->   Operation 30 'br' 'br_ln34' <Predicate = (!icmp_ln32)> <Delay = 0.00>
ST_1 : Operation 31 [1/1] (0.79ns)   --->   "%store_ln34 = store i8 0, i5 %void_layer_block_stream_stream_signed_char_const_1_3_3_signed_char_cons_4" [vgg_accelerator.cpp:34]   --->   Operation 31 'store' 'store_ln34' <Predicate = (!icmp_ln32 & !trunc_ln32)> <Delay = 0.79> <CoreInst = "RAM">   --->   Core 83 'RAM' <Latency = 1> <II = 1> <Delay = 0.79> <Storage> <Opcode : 'load' 'store'> <Ports = 2> <Width = 8> <Depth = 32> <RAM>
ST_1 : Operation 32 [1/1] (0.00ns)   --->   "%br_ln34 = br void %arrayidx4446.exit.i" [vgg_accelerator.cpp:34]   --->   Operation 32 'br' 'br_ln34' <Predicate = (!icmp_ln32 & !trunc_ln32)> <Delay = 0.00>
ST_1 : Operation 33 [1/1] (0.79ns)   --->   "%store_ln34 = store i8 0, i5 %void_layer_block_stream_stream_signed_char_const_1_3_3_signed_char_cons_5" [vgg_accelerator.cpp:34]   --->   Operation 33 'store' 'store_ln34' <Predicate = (!icmp_ln32 & trunc_ln32)> <Delay = 0.79> <CoreInst = "RAM">   --->   Core 83 'RAM' <Latency = 1> <II = 1> <Delay = 0.79> <Storage> <Opcode : 'load' 'store'> <Ports = 2> <Width = 8> <Depth = 32> <RAM>
ST_1 : Operation 34 [1/1] (0.00ns)   --->   "%br_ln34 = br void %arrayidx4446.exit.i" [vgg_accelerator.cpp:34]   --->   Operation 34 'br' 'br_ln34' <Predicate = (!icmp_ln32 & trunc_ln32)> <Delay = 0.00>
ST_1 : Operation 35 [1/1] (0.88ns)   --->   "%add_ln33 = add i6 %select_ln32, i6 1" [vgg_accelerator.cpp:33]   --->   Operation 35 'add' 'add_ln33' <Predicate = (!icmp_ln32)> <Delay = 0.88> <CoreInst = "Adder">   --->   Core 1 'Adder' <Latency = 0> <II = 1> <Delay = 0.88> <FuncUnit> <Opcode : 'add' 'sub'> <InPorts = 2> <OutPorts = 1>
ST_1 : Operation 36 [1/1] (0.48ns)   --->   "%store_ln33 = store i7 %add_ln32_3, i7 %indvar_flatten" [vgg_accelerator.cpp:33]   --->   Operation 36 'store' 'store_ln33' <Predicate = (!icmp_ln32)> <Delay = 0.48>
ST_1 : Operation 37 [1/1] (0.48ns)   --->   "%store_ln33 = store i2 %select_ln32_7, i2 %h" [vgg_accelerator.cpp:33]   --->   Operation 37 'store' 'store_ln33' <Predicate = (!icmp_ln32)> <Delay = 0.48>
ST_1 : Operation 38 [1/1] (0.48ns)   --->   "%store_ln33 = store i6 %add_ln33, i6 %w" [vgg_accelerator.cpp:33]   --->   Operation 38 'store' 'store_ln33' <Predicate = (!icmp_ln32)> <Delay = 0.48>
ST_1 : Operation 39 [1/1] (0.00ns)   --->   "%br_ln33 = br void %for.body40.i" [vgg_accelerator.cpp:33]   --->   Operation 39 'br' 'br_ln33' <Predicate = (!icmp_ln32)> <Delay = 0.00>
ST_1 : Operation 40 [1/1] (0.00ns)   --->   "%ret_ln0 = ret"   --->   Operation 40 'ret' 'ret_ln0' <Predicate = (icmp_ln32)> <Delay = 0.00>


============================================================
+ Verbose Summary: Timing violations
============================================================
Target clock period: 10ns, clock uncertainty: 2.7ns.

 <State 1>: 2.69ns
The critical path consists of the following:
	'alloca' operation ('w') [3]  (0 ns)
	'load' operation ('w_load', vgg_accelerator.cpp:33) on local variable 'w' [17]  (0 ns)
	'icmp' operation ('icmp_ln33', vgg_accelerator.cpp:33) [22]  (0.87 ns)
	'select' operation ('select_ln32', vgg_accelerator.cpp:32) [23]  (0.44 ns)
	'add' operation ('add_ln33', vgg_accelerator.cpp:33) [39]  (0.887 ns)
	'store' operation ('store_ln33', vgg_accelerator.cpp:33) of variable 'add_ln33', vgg_accelerator.cpp:33 on local variable 'w' [42]  (0.489 ns)


============================================================
+ Verbose Summary: Binding
============================================================
N/A
* FSMD analyzer results:
  - Output states:
 - Input state : 
  - Chain level:
	State 1


============================================================
+ Verbose Summary: Datapath Resource usage 
============================================================
N/A
