
*** Running vivado
    with args -log design_1_auto_ds_0.vds -m64 -product Vivado -mode batch -messageDb vivado.pb -notrace -source design_1_auto_ds_0.tcl



****** Vivado v2022.2 (64-bit)
  **** SW Build 3671981 on Fri Oct 14 05:00:03 MDT 2022
  **** IP Build 3669848 on Fri Oct 14 08:30:02 MDT 2022
    ** Copyright 1986-2022 Xilinx, Inc. All Rights Reserved.

source design_1_auto_ds_0.tcl -notrace
create_project: Time (s): cpu = 00:00:09 ; elapsed = 00:00:10 . Memory (MB): peak = 411.641 ; gain = 77.000
INFO: [IP_Flow 19-234] Refreshing IP repositories
INFO: [IP_Flow 19-1700] Loaded user IP repository 'd:/University/Junior/HLS/VGG_Accelerator/hls/vgg_accelerator/solution1/impl/ip'.
INFO: [IP_Flow 19-2313] Loaded Vivado IP repository 'C:/Xilinx/Vivado/2022.2/data/ip'.
INFO: [IP_Flow 19-6924] IPCACHE: Running cache check for IP inst: design_1_auto_ds_0
INFO: [IP_Flow 19-6922] IPCACHE: Exporting cached entry 243b2cb6126dc866 to dir: D:/University/Junior/HLS/VGG_Accelerator/rtl/vgg_accelerator.runs/design_1_auto_ds_0_synth_1
INFO: [IP_Flow 19-6928] IPCACHE: copied cached file d:/University/Junior/HLS/VGG_Accelerator/rtl/vgg_accelerator.cache/ip/2022.2/2/4/243b2cb6126dc866/design_1_auto_ds_1.dcp to D:/University/Junior/HLS/VGG_Accelerator/rtl/vgg_accelerator.runs/design_1_auto_ds_0_synth_1/design_1_auto_ds_0.dcp.
INFO: [IP_Flow 19-6928] IPCACHE: copied cached file d:/University/Junior/HLS/VGG_Accelerator/rtl/vgg_accelerator.cache/ip/2022.2/2/4/243b2cb6126dc866/design_1_auto_ds_1_sim_netlist.v to D:/University/Junior/HLS/VGG_Accelerator/rtl/vgg_accelerator.runs/design_1_auto_ds_0_synth_1/design_1_auto_ds_0_sim_netlist.v.
INFO: [IP_Flow 19-6928] IPCACHE: copied cached file d:/University/Junior/HLS/VGG_Accelerator/rtl/vgg_accelerator.cache/ip/2022.2/2/4/243b2cb6126dc866/design_1_auto_ds_1_sim_netlist.vhdl to D:/University/Junior/HLS/VGG_Accelerator/rtl/vgg_accelerator.runs/design_1_auto_ds_0_synth_1/design_1_auto_ds_0_sim_netlist.vhdl.
INFO: [IP_Flow 19-6928] IPCACHE: copied cached file d:/University/Junior/HLS/VGG_Accelerator/rtl/vgg_accelerator.cache/ip/2022.2/2/4/243b2cb6126dc866/design_1_auto_ds_1_stub.v to D:/University/Junior/HLS/VGG_Accelerator/rtl/vgg_accelerator.runs/design_1_auto_ds_0_synth_1/design_1_auto_ds_0_stub.v.
INFO: [IP_Flow 19-6928] IPCACHE: copied cached file d:/University/Junior/HLS/VGG_Accelerator/rtl/vgg_accelerator.cache/ip/2022.2/2/4/243b2cb6126dc866/design_1_auto_ds_1_stub.vhdl to D:/University/Junior/HLS/VGG_Accelerator/rtl/vgg_accelerator.runs/design_1_auto_ds_0_synth_1/design_1_auto_ds_0_stub.vhdl.
INFO: [IP_Flow 19-4838] Using cached IP synthesis design for IP design_1_auto_ds_0, cache-ID = 243b2cb6126dc866.
INFO: [Common 17-206] Exiting Vivado at Thu Dec 11 21:25:11 2025...
