12/11/25 20:05:54: Running xcd server. This server was built by gradle.
12/11/25 20:05:54: Server was asked to start on port: '55422'
12/11/25 20:05:54: Server is using token UUID: 'b1a785d6-9513-46c4-8914-31e7ad47a7b7'
12/11/25 20:05:54: SESSION_MGR: creating session with session uuid: '6d04a3e9-ade5-4ab9-8d63-1f78fcd2ec76' and name 'default'
12/11/25 20:05:54: Attempting to start server on port '55422'
12/11/25 20:05:54: Running Dispatch Server
12/11/25 20:05:54: Version 2.2.0
12/11/25 20:06:03: Dispatch Server: Accepted socket connection from client
12/11/25 20:06:03: Starting Socket connection
12/11/25 20:06:03: EXCHANGE_TOKEN received, server token: b1a785d6-9513-46c4-8914-31e7ad47a7b7, passed token: b1a785d6-9513-46c4-8914-31e7ad47a7b7
12/11/25 20:06:03: SESSION_MGR: creating session with session uuid: '7913836f-7602-46a4-9799-228c7f8b90aa' and name 'vitis_hls'
12/11/25 20:06:03: KERNEL_SVC: creating session with uuid: '7913836f-7602-46a4-9799-228c7f8b90aa' and name 'vitis_hls'
12/11/25 20:06:03: GUIDANCE_SMGR: creating guidance session with uuid: '7913836f-7602-46a4-9799-228c7f8b90aa' and name 'vitis_hls'
12/11/25 20:08:05: STOP_SERVER received, server token: b1a785d6-9513-46c4-8914-31e7ad47a7b7, passed token: b1a785d6-9513-46c4-8914-31e7ad47a7b7
12/11/25 20:08:05: Socket received request to stop server.
12/11/25 20:08:05: Dispatch Server: do_await_stop
12/11/25 20:08:05: SERVER: destructor for server bound to port 55422
12/11/25 20:08:05: Server exiting with status 0.
12/11/25 20:08:05: Closing log file.
12/11/25 20:08:48: Running xcd server. This server was built by gradle.
12/11/25 20:08:48: Server was asked to start on port: '55527'
12/11/25 20:08:48: Server is using token UUID: '4d036fb2-aa45-49e1-98e9-bb18344d8bce'
12/11/25 20:08:48: SESSION_MGR: creating session with session uuid: '6d04a3e9-ade5-4ab9-8d63-1f78fcd2ec76' and name 'default'
12/11/25 20:08:48: Attempting to start server on port '55527'
12/11/25 20:08:48: Running Dispatch Server
12/11/25 20:08:48: Version 2.2.0
12/11/25 20:08:57: Dispatch Server: Accepted socket connection from client
12/11/25 20:08:57: Starting Socket connection
12/11/25 20:08:57: EXCHANGE_TOKEN received, server token: 4d036fb2-aa45-49e1-98e9-bb18344d8bce, passed token: 4d036fb2-aa45-49e1-98e9-bb18344d8bce
12/11/25 20:08:57: SESSION_MGR: creating session with session uuid: '1424075c-b97e-478d-80f1-0924c5f57307' and name 'vitis_hls'
12/11/25 20:08:57: KERNEL_SVC: creating session with uuid: '1424075c-b97e-478d-80f1-0924c5f57307' and name 'vitis_hls'
12/11/25 20:08:57: GUIDANCE_SMGR: creating guidance session with uuid: '1424075c-b97e-478d-80f1-0924c5f57307' and name 'vitis_hls'
12/11/25 20:09:15: STOP_SERVER received, server token: 4d036fb2-aa45-49e1-98e9-bb18344d8bce, passed token: 4d036fb2-aa45-49e1-98e9-bb18344d8bce
12/11/25 20:09:15: Socket received request to stop server.
12/11/25 20:09:15: Dispatch Server: do_await_stop
12/11/25 20:09:15: SERVER: destructor for server bound to port 55527
12/11/25 20:09:15: Server exiting with status 0.
12/11/25 20:09:15: Closing log file.
